Java HotSpot(TM) 64-Bit Server VM (25.91-b14) for windows-amd64 JRE (1.8.0_91-b14), built on Apr  1 2016 00:58:32 by "java_re" with MS VC++ 10.0 (VS2010)
Memory: 4k page, physical 8266332k(3065000k free), swap 16532664k(8937652k free)
CommandLine flags: -XX:InitialHeapSize=132261312 -XX:MaxHeapSize=209715200 -XX:MaxNewSize=69906432 -XX:MaxTenuringThreshold=6 -XX:OldPLABSize=16 -XX:+PrintGC -XX:+PrintGCTimeStamps -XX:+UseCompressedClassPointers -XX:+UseCompressedOops -XX:+UseConcMarkSweepGC -XX:-UseLargePagesIndividualAllocation -XX:+UseParNewGC 
3.312: [GC (Allocation Failure)  34944K->2495K(126720K), 0.0042193 secs]
3.322: [GC (Allocation Failure)  37439K->2691K(126720K), 0.0085026 secs]
3.335: [GC (Allocation Failure)  37635K->1967K(126720K), 0.0007108 secs]
3.440: [GC (Allocation Failure)  36911K->1993K(126720K), 0.0007411 secs]
3.471: [GC (Allocation Failure)  36937K->1928K(126720K), 0.0007697 secs]
3.539: [GC (Allocation Failure)  36872K->1937K(126720K), 0.0009041 secs]
3.974: [GC (Allocation Failure)  36881K->1976K(126720K), 0.0007987 secs]
4.941: [GC (Allocation Failure)  36920K->1994K(126720K), 0.0008102 secs]
5.921: [GC (Allocation Failure)  36938K->2004K(126720K), 0.0008542 secs]
5.995: [GC (Allocation Failure)  36948K->1980K(126720K), 0.0007680 secs]
6.963: [GC (Allocation Failure)  36924K->1983K(126720K), 0.0008900 secs]
7.938: [GC (Allocation Failure)  36927K->1996K(126720K), 0.0008218 secs]
8.926: [GC (Allocation Failure)  36940K->1963K(126720K), 0.0020087 secs]
9.011: [GC (Allocation Failure)  36907K->1960K(126720K), 0.0007902 secs]
9.971: [GC (Allocation Failure)  36904K->1989K(126720K), 0.0008623 secs]
10.929: [GC (Allocation Failure)  36933K->2000K(126720K), 0.0008482 secs]
11.931: [GC (Allocation Failure)  36944K->1983K(126720K), 0.0016162 secs]
12.014: [GC (Allocation Failure)  36927K->1977K(126720K), 0.0008209 secs]
12.952: [GC (Allocation Failure)  36921K->1986K(126720K), 0.0008755 secs]
13.929: [GC (Allocation Failure)  36930K->2005K(126720K), 0.0008866 secs]
14.910: [GC (Allocation Failure)  36949K->1973K(126720K), 0.0018475 secs]
14.995: [GC (Allocation Failure)  36917K->1976K(126720K), 0.0008836 secs]
15.950: [GC (Allocation Failure)  36920K->2004K(126720K), 0.0008119 secs]
16.923: [GC (Allocation Failure)  36948K->2001K(126720K), 0.0008866 secs]
17.897: [GC (Allocation Failure)  36945K->1972K(126720K), 0.0008282 secs]
17.979: [GC (Allocation Failure)  36916K->1975K(126720K), 0.0007475 secs]
18.950: [GC (Allocation Failure)  36919K->1999K(126720K), 0.0007949 secs]
19.925: [GC (Allocation Failure)  36943K->2010K(126720K), 0.0008777 secs]
20.011: [GC (Allocation Failure)  36954K->1982K(126720K), 0.0007428 secs]
20.976: [GC (Allocation Failure)  36926K->1989K(126720K), 0.0007607 secs]
21.964: [GC (Allocation Failure)  36933K->2019K(126720K), 0.0008303 secs]
22.921: [GC (Allocation Failure)  36963K->1985K(126720K), 0.0007787 secs]
23.003: [GC (Allocation Failure)  36929K->1976K(126720K), 0.0007522 secs]
23.980: [GC (Allocation Failure)  36920K->1993K(126720K), 0.0013495 secs]
24.948: [GC (Allocation Failure)  36937K->1997K(126720K), 0.0016708 secs]
25.919: [GC (Allocation Failure)  36941K->2013K(126720K), 0.0008742 secs]
26.001: [GC (Allocation Failure)  36957K->1980K(126720K), 0.0008593 secs]
26.990: [GC (Allocation Failure)  36924K->2004K(126720K), 0.0008013 secs]
27.952: [GC (Allocation Failure)  36948K->2000K(126720K), 0.0007804 secs]
28.920: [GC (Allocation Failure)  36942K->2002K(126720K), 0.0008294 secs]
28.998: [GC (Allocation Failure)  36946K->2008K(126720K), 0.0007991 secs]
29.987: [GC (Allocation Failure)  36952K->1996K(126720K), 0.0008119 secs]
30.953: [GC (Allocation Failure)  36940K->2005K(126720K), 0.0008969 secs]
31.918: [GC (Allocation Failure)  36949K->2002K(126720K), 0.0008474 secs]
31.999: [GC (Allocation Failure)  36946K->1996K(126720K), 0.0013158 secs]
32.994: [GC (Allocation Failure)  36940K->2019K(126720K), 0.0007753 secs]
33.960: [GC (Allocation Failure)  36963K->1999K(126720K), 0.0008653 secs]
34.920: [GC (Allocation Failure)  36943K->2011K(126720K), 0.0011588 secs]
34.999: [GC (Allocation Failure)  36955K->2007K(126720K), 0.0008183 secs]
35.965: [GC (Allocation Failure)  36951K->2007K(126720K), 0.0008397 secs]
36.940: [GC (Allocation Failure)  36951K->1992K(126720K), 0.0007953 secs]
37.909: [GC (Allocation Failure)  36936K->2018K(126720K), 0.0008580 secs]
37.990: [GC (Allocation Failure)  36962K->1992K(126720K), 0.0008196 secs]
38.967: [GC (Allocation Failure)  36936K->2009K(126720K), 0.0007676 secs]
39.947: [GC (Allocation Failure)  36953K->2002K(126720K), 0.0008960 secs]
40.916: [GC (Allocation Failure)  36946K->2018K(126720K), 0.0009041 secs]
40.991: [GC (Allocation Failure)  36962K->1983K(126720K), 0.0007074 secs]
41.967: [GC (Allocation Failure)  36927K->2010K(126720K), 0.0008307 secs]
42.953: [GC (Allocation Failure)  36954K->2016K(126720K), 0.0008858 secs]
43.915: [GC (Allocation Failure)  36960K->1990K(126720K), 0.0009766 secs]
43.993: [GC (Allocation Failure)  36934K->2005K(126720K), 0.0008038 secs]
44.958: [GC (Allocation Failure)  36949K->2014K(126720K), 0.0007330 secs]
45.938: [GC (Allocation Failure)  36958K->2005K(126720K), 0.0007693 secs]
46.908: [GC (Allocation Failure)  36949K->2004K(126720K), 0.0008192 secs]
46.986: [GC (Allocation Failure)  36948K->2009K(126720K), 0.0009634 secs]
47.960: [GC (Allocation Failure)  36953K->2009K(126720K), 0.0008273 secs]
48.948: [GC (Allocation Failure)  36953K->2023K(126720K), 0.0008102 secs]
49.910: [GC (Allocation Failure)  36967K->1975K(126720K), 0.0010432 secs]
49.988: [GC (Allocation Failure)  36919K->1998K(126720K), 0.0007266 secs]
50.955: [GC (Allocation Failure)  36942K->2011K(126720K), 0.0008205 secs]
51.927: [GC (Allocation Failure)  36955K->2005K(126720K), 0.0010172 secs]
52.901: [GC (Allocation Failure)  36949K->1978K(126720K), 0.0007654 secs]
52.981: [GC (Allocation Failure)  36922K->1985K(126720K), 0.0007898 secs]
53.960: [GC (Allocation Failure)  36929K->2005K(126720K), 0.0007458 secs]
54.929: [GC (Allocation Failure)  36949K->2016K(126720K), 0.0008077 secs]
55.898: [GC (Allocation Failure)  36960K->1965K(126720K), 0.0007164 secs]
55.977: [GC (Allocation Failure)  36909K->1977K(126720K), 0.0007381 secs]
56.976: [GC (Allocation Failure)  36921K->1993K(126720K), 0.0010893 secs]
57.928: [GC (Allocation Failure)  36937K->1999K(126720K), 0.0009993 secs]
58.896: [GC (Allocation Failure)  36943K->1976K(126720K), 0.0007433 secs]
58.978: [GC (Allocation Failure)  36920K->1980K(126720K), 0.0008346 secs]
59.962: [GC (Allocation Failure)  36924K->1992K(126720K), 0.0011349 secs]
60.925: [GC (Allocation Failure)  36936K->1999K(126720K), 0.0008004 secs]
61.008: [GC (Allocation Failure)  36943K->1987K(126720K), 0.0007697 secs]
61.978: [GC (Allocation Failure)  36931K->1991K(126720K), 0.0007949 secs]
62.954: [GC (Allocation Failure)  36935K->2007K(126720K), 0.0009681 secs]
63.937: [GC (Allocation Failure)  36951K->2003K(126720K), 0.0020318 secs]
64.030: [GC (Allocation Failure)  36947K->1973K(126720K), 0.0007394 secs]
64.974: [GC (Allocation Failure)  36917K->1993K(126720K), 0.0007279 secs]
65.946: [GC (Allocation Failure)  36937K->2004K(126720K), 0.0007770 secs]
66.917: [GC (Allocation Failure)  36948K->2019K(126720K), 0.0007309 secs]
66.996: [GC (Allocation Failure)  36963K->2001K(126720K), 0.0009024 secs]
67.989: [GC (Allocation Failure)  36945K->2009K(126720K), 0.0007799 secs]
68.952: [GC (Allocation Failure)  36953K->2002K(126720K), 0.0011204 secs]
69.916: [GC (Allocation Failure)  36946K->2019K(126720K), 0.0016030 secs]
69.994: [GC (Allocation Failure)  36963K->2004K(126720K), 0.0008183 secs]
70.968: [GC (Allocation Failure)  36948K->2020K(126720K), 0.0008538 secs]
71.940: [GC (Allocation Failure)  36964K->2017K(126720K), 0.0008576 secs]
72.917: [GC (Allocation Failure)  36961K->2033K(126720K), 0.0007898 secs]
72.997: [GC (Allocation Failure)  36977K->2004K(126720K), 0.0009148 secs]
73.967: [GC (Allocation Failure)  36948K->2011K(126720K), 0.0008337 secs]
74.963: [GC (Allocation Failure)  36955K->2028K(126720K), 0.0007629 secs]
75.941: [GC (Allocation Failure)  36972K->1993K(126720K), 0.0007445 secs]
76.021: [GC (Allocation Failure)  36937K->2012K(126720K), 0.0009404 secs]
76.963: [GC (Allocation Failure)  36956K->2013K(126720K), 0.0008277 secs]
77.942: [GC (Allocation Failure)  36957K->2029K(126720K), 0.0008367 secs]
78.923: [GC (Allocation Failure)  36973K->2010K(126720K), 0.0012190 secs]
79.003: [GC (Allocation Failure)  36954K->2012K(126720K), 0.0006869 secs]
79.966: [GC (Allocation Failure)  36956K->2025K(126720K), 0.0009805 secs]
