# G1 GC收集器日志分析: -XX:+PrintGCDetails -XX:+PrintGCTimeStamps -XX:+PrintGCDateStamps -XX:+UseG1GC -Xmx50m -Xloggc:./GC_G1.log
Java HotSpot(TM) 64-Bit Server VM (25.91-b14) for windows-amd64 JRE (1.8.0_91-b14), built on Apr  1 2016 00:58:32 by "java_re" with MS VC++ 10.0 (VS2010)
Memory: 4k page, physical 8266332k(3458332k free), swap 16532664k(9495268k free)
CommandLine flags: -XX:-BytecodeVerificationLocal -XX:-BytecodeVerificationRemote -XX:InitialHeapSize=52428800 -XX:+ManagementServer -XX:MaxHeapSize=52428800 -XX:+PrintGC -XX:+PrintGCDateStamps -XX:+PrintGCDetails -XX:+PrintGCTimeStamps -XX:TieredStopAtLevel=1 -XX:+UseCompressedClassPointers -XX:+UseCompressedOops -XX:+UseG1GC -XX:-UseLargePagesIndividualAllocation

# 年轻代G1 GC: 下面的缩进表示日志的子任务
2021-04-15T21:12:09.426+0800: 2.494: [GC pause (G1 Evacuation Pause) (young), 0.0052693 secs]
   # 并发任务解释
   [Parallel Time: 4.1 ms, GC Workers: 4]
      # GC统计
      [GC Worker Start (ms): Min: 2493.6, Avg: 2493.6, Max: 2493.6, Diff: 0.0]
      # GC扫描对象统计
      [Ext Root Scanning (ms): Min: 0.0, Avg: 0.7, Max: 1.1, Diff: 1.1, Sum: 2.7]
      # Update Remembered Sets(指保存到堆中的区域跟踪引用 -> 保存到Update Buffers更新缓存中)
      [Update RS (ms): Min: 0.0, Avg: 0.0, Max: 0.0, Diff: 0.0, Sum: 0.0]
      # Update Buffers数量统计
         [Processed Buffers: Min: 0, Avg: 0.0, Max: 0, Diff: 0, Sum: 0]
      # Remembered Sets扫描统计
      [Scan RS (ms): Min: 0.0, Avg: 0.0, Max: 0.0, Diff: 0.0, Sum: 0.0]
      # Code Root扫描统计
      [Code Root Scanning (ms): Min: 0.0, Avg: 0.1, Max: 0.2, Diff: 0.2, Sum: 0.3]
      # 拷贝存活对象统计
      [Object Copy (ms): Min: 0.0, Avg: 2.2, Max: 3.1, Diff: 3.1, Sum: 8.6]
      # 中断统计
      [Termination (ms): Min: 0.0, Avg: 0.2, Max: 0.2, Diff: 0.2, Sum: 0.6]
         # 尝试中断统计
         [Termination Attempts: Min: 1, Avg: 1.3, Max: 2, Diff: 1, Sum: 5]
      # GC线程其他工作统计
      [GC Worker Other (ms): Min: 0.0, Avg: 1.0, Max: 4.0, Diff: 3.9, Sum: 4.1]
      # GC线程总工作统计
      [GC Worker Total (ms): Min: 4.0, Avg: 4.1, Max: 4.1, Diff: 0.1, Sum: 16.3]
      # GC线程结束时间
      [GC Worker End (ms): Min: 2497.6, Avg: 2497.7, Max: 2497.7, Diff: 0.1]
   # 串行任务, 修复Code Root耗时统计
   [Code Root Fixup: 0.1 ms]
   # 串行任务, 清除Code Root耗时统计
   [Code Root Purge: 0.0 ms]
   # 清除Card Table中的Dirty Card耗时统计
   [Clear CT: 0.0 ms]
   # 其他任务
   [Other: 1.0 ms]
      # Collection Set选择区域耗时统计
      [Choose CSet: 0.0 ms]
      # 对象引用处理耗时统计
      [Ref Proc: 0.8 ms]
      # 引用队列ReferenceQueue耗时统计
      [Ref Enq: 0.0 ms]
      [Redirty Cards: 0.0 ms]
      # 处理超大对象耗时统计
      [Humongous Register: 0.0 ms]
      [Humongous Reclaim: 0.0 ms]
      # 释放Collection Set耗时统计
      [Free CSet: 0.0 ms]
      # 各区域内存变化统计
   [Eden: 14.0M(14.0M)->0.0B(18.0M) Survivors: 0.0B->2048.0K Heap: 14.0M(50.0M)->2555.5K(50.0M)]
 # 用户、系统、实际耗时
 [Times: user=0.00 sys=0.00, real=0.01 secs]

# 最重要, 体现了G1 GC的过程
# 并发回收日志: 1、初始标记(stop the world)
2021-04-15T21:12:11.327+0800: 4.394: [GC pause (Metadata GC Threshold) (young) (initial-mark), 0.0047654 secs]
   [Parallel Time: 4.3 ms, GC Workers: 4]
      [GC Worker Start (ms): Min: 4394.3, Avg: 4394.3, Max: 4394.3, Diff: 0.0]
      [Ext Root Scanning (ms): Min: 0.9, Avg: 1.0, Max: 1.1, Diff: 0.2, Sum: 4.1]
      [Update RS (ms): Min: 0.6, Avg: 0.7, Max: 0.8, Diff: 0.2, Sum: 2.7]
         [Processed Buffers: Min: 2, Avg: 3.8, Max: 7, Diff: 5, Sum: 15]
      [Scan RS (ms): Min: 0.0, Avg: 0.0, Max: 0.0, Diff: 0.0, Sum: 0.0]
      [Code Root Scanning (ms): Min: 0.0, Avg: 0.0, Max: 0.1, Diff: 0.1, Sum: 0.1]
      [Object Copy (ms): Min: 2.4, Avg: 2.5, Max: 2.5, Diff: 0.1, Sum: 9.9]
      [Termination (ms): Min: 0.0, Avg: 0.0, Max: 0.0, Diff: 0.0, Sum: 0.0]
         [Termination Attempts: Min: 1, Avg: 1.0, Max: 1, Diff: 0, Sum: 4]
      [GC Worker Other (ms): Min: 0.0, Avg: 0.0, Max: 0.0, Diff: 0.0, Sum: 0.0]
      [GC Worker Total (ms): Min: 4.2, Avg: 4.2, Max: 4.2, Diff: 0.0, Sum: 16.8]
      [GC Worker End (ms): Min: 4398.5, Avg: 4398.5, Max: 4398.5, Diff: 0.0]
   [Code Root Fixup: 0.0 ms]
   [Code Root Purge: 0.0 ms]
   [Clear CT: 0.1 ms]
   [Other: 0.4 ms]
      [Choose CSet: 0.0 ms]
      [Ref Proc: 0.2 ms]
      [Ref Enq: 0.0 ms]
      [Redirty Cards: 0.1 ms]
      [Humongous Register: 0.0 ms]
      [Humongous Reclaim: 0.0 ms]
      [Free CSet: 0.0 ms]
   [Eden: 5120.0K(26.0M)->0.0B(26.0M) Survivors: 4096.0K->4096.0K Heap: 14.9M(50.0M)->11.3M(50.0M)]
 [Times: user=0.06 sys=0.00, real=0.01 secs]
# 开始扫描初始标记阶段Survivor区的Root Region
2021-04-15T21:12:11.332+0800: 4.399: [GC concurrent-root-region-scan-start]
2021-04-15T21:12:11.338+0800: 4.405: [GC concurrent-root-region-scan-end, 0.0055232 secs]
# 2、并发标记
2021-04-15T21:12:11.338+0800: 4.405: [GC concurrent-mark-start]
2021-04-15T21:12:11.352+0800: 4.419: [GC concurrent-mark-end, 0.0143048 secs]
# 3、最终标记(stop the world)
2021-04-15T21:12:11.355+0800: 4.422: [GC remark 2021-04-15T21:12:11.355+0800: 4.422: [Finalize Marking, 0.0001519 secs] 2021-04-15T21:12:11.355+0800: 4.422: [GC ref-proc, 0.0006391 secs] 2021-04-15T21:12:11.356+0800: 4.423: [Unloading, 0.0037653 secs], 0.0048311 secs]
 [Times: user=0.00 sys=0.00, real=0.00 secs]
# 4、筛选回收(stop the world)
2021-04-15T21:12:11.360+0800: 4.427: [GC cleanup 12M->12M(50M), 0.0005645 secs]
 [Times: user=0.00 sys=0.02, real=0.00 secs] 
2021-04-15T21:12:11.886+0800: 4.953: [GC pause (G1 Evacuation Pause) (young), 0.0069717 secs]
   [Parallel Time: 5.4 ms, GC Workers: 4]
      [GC Worker Start (ms): Min: 4953.2, Avg: 4953.2, Max: 4953.2, Diff: 0.0]
      [Ext Root Scanning (ms): Min: 0.3, Avg: 0.6, Max: 0.9, Diff: 0.6, Sum: 2.3]
      [Update RS (ms): Min: 0.5, Avg: 0.6, Max: 0.9, Diff: 0.4, Sum: 2.4]
         [Processed Buffers: Min: 1, Avg: 3.0, Max: 7, Diff: 6, Sum: 12]
      [Scan RS (ms): Min: 0.0, Avg: 0.0, Max: 0.0, Diff: 0.0, Sum: 0.0]
      [Code Root Scanning (ms): Min: 0.0, Avg: 0.1, Max: 0.2, Diff: 0.2, Sum: 0.4]
      [Object Copy (ms): Min: 3.9, Avg: 4.1, Max: 4.3, Diff: 0.4, Sum: 16.3]
      [Termination (ms): Min: 0.0, Avg: 0.0, Max: 0.0, Diff: 0.0, Sum: 0.0]
         [Termination Attempts: Min: 1, Avg: 1.3, Max: 2, Diff: 1, Sum: 5]
      [GC Worker Other (ms): Min: 0.0, Avg: 0.0, Max: 0.0, Diff: 0.0, Sum: 0.0]
      [GC Worker Total (ms): Min: 5.4, Avg: 5.4, Max: 5.4, Diff: 0.0, Sum: 21.5]
      [GC Worker End (ms): Min: 4958.6, Avg: 4958.6, Max: 4958.6, Diff: 0.0]
   [Code Root Fixup: 0.1 ms]
   [Code Root Purge: 0.1 ms]
   [Clear CT: 0.1 ms]
   [Other: 1.3 ms]
      [Choose CSet: 0.0 ms]
      [Ref Proc: 1.1 ms]
      [Ref Enq: 0.0 ms]
      [Redirty Cards: 0.1 ms]
      [Humongous Register: 0.0 ms]
      [Humongous Reclaim: 0.0 ms]
      [Free CSet: 0.0 ms]
   [Eden: 26.0M(26.0M)->0.0B(1024.0K) Survivors: 4096.0K->4096.0K Heap: 37.3M(50.0M)->12.6M(50.0M)]
 [Times: user=0.02 sys=0.00, real=0.01 secs] 
2021-04-15T21:12:11.910+0800: 4.977: [GC pause (G1 Evacuation Pause) (mixed), 0.0061171 secs]
   [Parallel Time: 5.5 ms, GC Workers: 4]
      [GC Worker Start (ms): Min: 4976.7, Avg: 4976.7, Max: 4976.7, Diff: 0.0]
      [Ext Root Scanning (ms): Min: 0.2, Avg: 0.5, Max: 1.1, Diff: 0.8, Sum: 1.8]
      [Update RS (ms): Min: 0.1, Avg: 0.7, Max: 0.9, Diff: 0.8, Sum: 2.6]
         [Processed Buffers: Min: 2, Avg: 3.8, Max: 6, Diff: 4, Sum: 15]
      [Scan RS (ms): Min: 0.0, Avg: 0.1, Max: 0.3, Diff: 0.3, Sum: 0.5]
      [Code Root Scanning (ms): Min: 0.0, Avg: 0.1, Max: 0.4, Diff: 0.4, Sum: 0.5]
      [Object Copy (ms): Min: 4.0, Avg: 4.1, Max: 4.2, Diff: 0.2, Sum: 16.4]
      [Termination (ms): Min: 0.0, Avg: 0.0, Max: 0.0, Diff: 0.0, Sum: 0.0]
         [Termination Attempts: Min: 1, Avg: 1.0, Max: 1, Diff: 0, Sum: 4]
      [GC Worker Other (ms): Min: 0.0, Avg: 0.0, Max: 0.0, Diff: 0.0, Sum: 0.0]
      [GC Worker Total (ms): Min: 5.5, Avg: 5.5, Max: 5.5, Diff: 0.0, Sum: 21.9]
      [GC Worker End (ms): Min: 4982.2, Avg: 4982.2, Max: 4982.2, Diff: 0.0]
   [Code Root Fixup: 0.1 ms]
   [Code Root Purge: 0.0 ms]
   [Clear CT: 0.1 ms]
   [Other: 0.4 ms]
      [Choose CSet: 0.0 ms]
      [Ref Proc: 0.3 ms]
      [Ref Enq: 0.0 ms]
      [Redirty Cards: 0.0 ms]
      [Humongous Register: 0.0 ms]
      [Humongous Reclaim: 0.0 ms]
      [Free CSet: 0.0 ms]
   [Eden: 1024.0K(1024.0K)->0.0B(29.0M) Survivors: 4096.0K->1024.0K Heap: 13.6M(50.0M)->12.2M(50.0M)]
 [Times: user=0.00 sys=0.00, real=0.01 secs] 
2021-04-15T21:12:12.624+0800: 5.691: [GC pause (G1 Evacuation Pause) (young), 0.0052864 secs]
   [Parallel Time: 3.2 ms, GC Workers: 4]
      [GC Worker Start (ms): Min: 5691.4, Avg: 5691.4, Max: 5691.4, Diff: 0.0]
      [Ext Root Scanning (ms): Min: 0.3, Avg: 0.3, Max: 0.4, Diff: 0.1, Sum: 1.3]
      [Update RS (ms): Min: 1.1, Avg: 1.2, Max: 1.3, Diff: 0.2, Sum: 4.7]
         [Processed Buffers: Min: 3, Avg: 4.0, Max: 5, Diff: 2, Sum: 16]
      [Scan RS (ms): Min: 0.0, Avg: 0.0, Max: 0.0, Diff: 0.0, Sum: 0.0]
      [Code Root Scanning (ms): Min: 0.0, Avg: 0.0, Max: 0.0, Diff: 0.0, Sum: 0.0]
      [Object Copy (ms): Min: 1.4, Avg: 1.6, Max: 1.7, Diff: 0.3, Sum: 6.4]
      [Termination (ms): Min: 0.0, Avg: 0.0, Max: 0.0, Diff: 0.0, Sum: 0.0]
         [Termination Attempts: Min: 1, Avg: 1.0, Max: 1, Diff: 0, Sum: 4]
      [GC Worker Other (ms): Min: 0.0, Avg: 0.0, Max: 0.0, Diff: 0.0, Sum: 0.0]
      [GC Worker Total (ms): Min: 3.1, Avg: 3.1, Max: 3.1, Diff: 0.0, Sum: 12.5]
      [GC Worker End (ms): Min: 5694.5, Avg: 5694.5, Max: 5694.5, Diff: 0.0]
   [Code Root Fixup: 0.0 ms]
   [Code Root Purge: 0.0 ms]
   [Clear CT: 0.1 ms]
   [Other: 2.0 ms]
      [Choose CSet: 0.0 ms]
      [Ref Proc: 1.8 ms]
      [Ref Enq: 0.0 ms]
      [Redirty Cards: 0.1 ms]
      [Humongous Register: 0.0 ms]
      [Humongous Reclaim: 0.0 ms]
      [Free CSet: 0.0 ms]
   [Eden: 29.0M(29.0M)->0.0B(25.0M) Survivors: 1024.0K->4096.0K Heap: 41.2M(50.0M)->14.4M(50.0M)]
 [Times: user=0.06 sys=0.00, real=0.01 secs] 
2021-04-15T21:12:12.917+0800: 5.984: [GC pause (G1 Evacuation Pause) (young), 0.0043772 secs]
   [Parallel Time: 3.5 ms, GC Workers: 4]
      [GC Worker Start (ms): Min: 5984.1, Avg: 5984.4, Max: 5985.2, Diff: 1.1]
      [Ext Root Scanning (ms): Min: 0.0, Avg: 0.4, Max: 0.6, Diff: 0.6, Sum: 1.6]
      [Update RS (ms): Min: 0.0, Avg: 0.3, Max: 0.7, Diff: 0.7, Sum: 1.4]
         [Processed Buffers: Min: 0, Avg: 2.8, Max: 6, Diff: 6, Sum: 11]
      [Scan RS (ms): Min: 0.0, Avg: 0.0, Max: 0.0, Diff: 0.0, Sum: 0.0]
      [Code Root Scanning (ms): Min: 0.0, Avg: 0.0, Max: 0.0, Diff: 0.0, Sum: 0.1]
      [Object Copy (ms): Min: 2.1, Avg: 2.4, Max: 2.5, Diff: 0.4, Sum: 9.4]
      [Termination (ms): Min: 0.0, Avg: 0.0, Max: 0.0, Diff: 0.0, Sum: 0.0]
         [Termination Attempts: Min: 1, Avg: 1.0, Max: 1, Diff: 0, Sum: 4]
      [GC Worker Other (ms): Min: 0.0, Avg: 0.0, Max: 0.0, Diff: 0.0, Sum: 0.1]
      [GC Worker Total (ms): Min: 2.4, Avg: 3.2, Max: 3.4, Diff: 1.1, Sum: 12.6]
      [GC Worker End (ms): Min: 5987.5, Avg: 5987.5, Max: 5987.5, Diff: 0.0]
   [Code Root Fixup: 0.0 ms]
   [Code Root Purge: 0.0 ms]
   [Clear CT: 0.1 ms]
   [Other: 0.8 ms]
      [Choose CSet: 0.0 ms]
      [Ref Proc: 0.6 ms]
      [Ref Enq: 0.0 ms]
      [Redirty Cards: 0.0 ms]
      [Humongous Register: 0.0 ms]
      [Humongous Reclaim: 0.0 ms]
      [Free CSet: 0.0 ms]
   [Eden: 25.0M(25.0M)->0.0B(25.0M) Survivors: 4096.0K->4096.0K Heap: 39.4M(50.0M)->14.7M(50.0M)]
 [Times: user=0.00 sys=0.00, real=0.00 secs] 
2021-04-15T21:12:13.242+0800: 6.309: [GC pause (G1 Evacuation Pause) (young), 0.0057178 secs]
   [Parallel Time: 4.5 ms, GC Workers: 4]
      [GC Worker Start (ms): Min: 6309.5, Avg: 6309.6, Max: 6309.6, Diff: 0.1]
      [Ext Root Scanning (ms): Min: 0.5, Avg: 0.5, Max: 0.6, Diff: 0.2, Sum: 2.1]
      [Update RS (ms): Min: 0.2, Avg: 0.4, Max: 0.6, Diff: 0.3, Sum: 1.7]
         [Processed Buffers: Min: 1, Avg: 2.5, Max: 5, Diff: 4, Sum: 10]
      [Scan RS (ms): Min: 0.0, Avg: 0.0, Max: 0.0, Diff: 0.0, Sum: 0.0]
      [Code Root Scanning (ms): Min: 0.0, Avg: 0.0, Max: 0.0, Diff: 0.0, Sum: 0.1]
      [Object Copy (ms): Min: 3.2, Avg: 3.4, Max: 3.5, Diff: 0.2, Sum: 13.4]
      [Termination (ms): Min: 0.0, Avg: 0.0, Max: 0.0, Diff: 0.0, Sum: 0.0]
         [Termination Attempts: Min: 1, Avg: 1.0, Max: 1, Diff: 0, Sum: 4]
      [GC Worker Other (ms): Min: 0.0, Avg: 0.0, Max: 0.0, Diff: 0.0, Sum: 0.1]
      [GC Worker Total (ms): Min: 4.3, Avg: 4.3, Max: 4.4, Diff: 0.1, Sum: 17.4]
      [GC Worker End (ms): Min: 6313.9, Avg: 6313.9, Max: 6313.9, Diff: 0.0]
   [Code Root Fixup: 0.0 ms]
   [Code Root Purge: 0.0 ms]
   [Clear CT: 0.1 ms]
   [Other: 1.1 ms]
      [Choose CSet: 0.0 ms]
      [Ref Proc: 0.8 ms]
      [Ref Enq: 0.0 ms]
      [Redirty Cards: 0.1 ms]
      [Humongous Register: 0.0 ms]
      [Humongous Reclaim: 0.0 ms]
      [Free CSet: 0.0 ms]
   [Eden: 25.0M(25.0M)->0.0B(24.0M) Survivors: 4096.0K->4096.0K Heap: 39.7M(50.0M)->15.9M(50.0M)]
 [Times: user=0.00 sys=0.00, real=0.01 secs] 
2021-04-15T21:12:13.465+0800: 6.532: [GC pause (G1 Evacuation Pause) (young), 0.0063023 secs]
   [Parallel Time: 5.0 ms, GC Workers: 4]
      [GC Worker Start (ms): Min: 6531.9, Avg: 6532.0, Max: 6532.3, Diff: 0.4]
      [Ext Root Scanning (ms): Min: 0.1, Avg: 0.4, Max: 0.6, Diff: 0.5, Sum: 1.5]
      [Update RS (ms): Min: 1.4, Avg: 1.5, Max: 1.6, Diff: 0.2, Sum: 6.0]
         [Processed Buffers: Min: 4, Avg: 4.3, Max: 5, Diff: 1, Sum: 17]
      [Scan RS (ms): Min: 0.0, Avg: 0.0, Max: 0.0, Diff: 0.0, Sum: 0.0]
      [Code Root Scanning (ms): Min: 0.0, Avg: 0.0, Max: 0.1, Diff: 0.1, Sum: 0.1]
      [Object Copy (ms): Min: 2.9, Avg: 3.0, Max: 3.0, Diff: 0.1, Sum: 11.9]
      [Termination (ms): Min: 0.0, Avg: 0.0, Max: 0.0, Diff: 0.0, Sum: 0.0]
         [Termination Attempts: Min: 1, Avg: 1.0, Max: 1, Diff: 0, Sum: 4]
      [GC Worker Other (ms): Min: 0.0, Avg: 0.0, Max: 0.0, Diff: 0.0, Sum: 0.1]
      [GC Worker Total (ms): Min: 4.6, Avg: 4.9, Max: 5.0, Diff: 0.4, Sum: 19.5]
      [GC Worker End (ms): Min: 6536.9, Avg: 6536.9, Max: 6536.9, Diff: 0.0]
   [Code Root Fixup: 0.1 ms]
   [Code Root Purge: 0.0 ms]
   [Clear CT: 0.1 ms]
   [Other: 1.1 ms]
      [Choose CSet: 0.0 ms]
      [Ref Proc: 0.9 ms]
      [Ref Enq: 0.0 ms]
      [Redirty Cards: 0.1 ms]
      [Humongous Register: 0.0 ms]
      [Humongous Reclaim: 0.0 ms]
      [Free CSet: 0.0 ms]
   [Eden: 24.0M(24.0M)->0.0B(23.0M) Survivors: 4096.0K->4096.0K Heap: 39.9M(50.0M)->17.7M(50.0M)]
 [Times: user=0.02 sys=0.00, real=0.01 secs] 
2021-04-15T21:12:13.677+0800: 6.744: [GC pause (G1 Evacuation Pause) (young), 0.0065843 secs]
   [Parallel Time: 5.3 ms, GC Workers: 4]
      [GC Worker Start (ms): Min: 6743.7, Avg: 6743.8, Max: 6743.8, Diff: 0.0]
      [Ext Root Scanning (ms): Min: 0.3, Avg: 0.4, Max: 0.7, Diff: 0.4, Sum: 1.6]
      [Update RS (ms): Min: 0.4, Avg: 0.5, Max: 0.6, Diff: 0.2, Sum: 2.0]
         [Processed Buffers: Min: 1, Avg: 2.8, Max: 5, Diff: 4, Sum: 11]
      [Scan RS (ms): Min: 0.0, Avg: 0.0, Max: 0.0, Diff: 0.0, Sum: 0.0]
      [Code Root Scanning (ms): Min: 0.0, Avg: 0.0, Max: 0.1, Diff: 0.1, Sum: 0.1]
      [Object Copy (ms): Min: 4.2, Avg: 4.3, Max: 4.4, Diff: 0.1, Sum: 17.3]
      [Termination (ms): Min: 0.0, Avg: 0.0, Max: 0.0, Diff: 0.0, Sum: 0.0]
         [Termination Attempts: Min: 1, Avg: 1.8, Max: 3, Diff: 2, Sum: 7]
      [GC Worker Other (ms): Min: 0.0, Avg: 0.0, Max: 0.0, Diff: 0.0, Sum: 0.0]
      [GC Worker Total (ms): Min: 5.3, Avg: 5.3, Max: 5.3, Diff: 0.0, Sum: 21.1]
      [GC Worker End (ms): Min: 6749.0, Avg: 6749.0, Max: 6749.0, Diff: 0.0]
   [Code Root Fixup: 0.0 ms]
   [Code Root Purge: 0.0 ms]
   [Clear CT: 0.1 ms]
   [Other: 1.1 ms]
      [Choose CSet: 0.0 ms]
      [Ref Proc: 1.0 ms]
      [Ref Enq: 0.0 ms]
      [Redirty Cards: 0.1 ms]
      [Humongous Register: 0.0 ms]
      [Humongous Reclaim: 0.0 ms]
      [Free CSet: 0.0 ms]
   [Eden: 23.0M(23.0M)->0.0B(21.0M) Survivors: 4096.0K->4096.0K Heap: 40.7M(50.0M)->19.9M(50.0M)]
 [Times: user=0.00 sys=0.00, real=0.01 secs] 
2021-04-15T21:12:13.947+0800: 7.014: [GC pause (G1 Evacuation Pause) (young), 0.0072358 secs]
   [Parallel Time: 6.3 ms, GC Workers: 4]
      [GC Worker Start (ms): Min: 7013.8, Avg: 7013.8, Max: 7013.8, Diff: 0.0]
      [Ext Root Scanning (ms): Min: 0.3, Avg: 0.5, Max: 0.7, Diff: 0.4, Sum: 2.0]
      [Update RS (ms): Min: 1.1, Avg: 1.3, Max: 1.5, Diff: 0.4, Sum: 5.2]
         [Processed Buffers: Min: 3, Avg: 4.3, Max: 6, Diff: 3, Sum: 17]
      [Scan RS (ms): Min: 0.0, Avg: 0.0, Max: 0.0, Diff: 0.0, Sum: 0.0]
      [Code Root Scanning (ms): Min: 0.0, Avg: 0.0, Max: 0.1, Diff: 0.1, Sum: 0.1]
      [Object Copy (ms): Min: 4.3, Avg: 4.4, Max: 4.5, Diff: 0.3, Sum: 17.7]
      [Termination (ms): Min: 0.0, Avg: 0.0, Max: 0.0, Diff: 0.0, Sum: 0.0]
         [Termination Attempts: Min: 1, Avg: 1.0, Max: 1, Diff: 0, Sum: 4]
      [GC Worker Other (ms): Min: 0.0, Avg: 0.0, Max: 0.0, Diff: 0.0, Sum: 0.0]
      [GC Worker Total (ms): Min: 6.3, Avg: 6.3, Max: 6.3, Diff: 0.0, Sum: 25.1]
      [GC Worker End (ms): Min: 7020.1, Avg: 7020.1, Max: 7020.1, Diff: 0.0]
   [Code Root Fixup: 0.0 ms]
   [Code Root Purge: 0.0 ms]
   [Clear CT: 0.1 ms]
   [Other: 0.8 ms]
      [Choose CSet: 0.0 ms]
      [Ref Proc: 0.7 ms]
      [Ref Enq: 0.0 ms]
      [Redirty Cards: 0.0 ms]
      [Humongous Register: 0.0 ms]
      [Humongous Reclaim: 0.0 ms]
      [Free CSet: 0.0 ms]
   [Eden: 21.0M(21.0M)->0.0B(17.0M) Survivors: 4096.0K->4096.0K Heap: 40.9M(50.0M)->23.4M(50.0M)]
 [Times: user=0.00 sys=0.00, real=0.01 secs] 
2021-04-15T21:12:14.169+0800: 7.236: [GC pause (G1 Evacuation Pause) (young), 0.0070639 secs]
   [Parallel Time: 6.2 ms, GC Workers: 4]
      [GC Worker Start (ms): Min: 7235.6, Avg: 7235.6, Max: 7235.6, Diff: 0.0]
      [Ext Root Scanning (ms): Min: 0.3, Avg: 0.4, Max: 0.6, Diff: 0.3, Sum: 1.7]
      [Update RS (ms): Min: 2.2, Avg: 2.2, Max: 2.2, Diff: 0.1, Sum: 8.8]
         [Processed Buffers: Min: 5, Avg: 6.0, Max: 7, Diff: 2, Sum: 24]
      [Scan RS (ms): Min: 0.0, Avg: 0.0, Max: 0.0, Diff: 0.0, Sum: 0.0]
      [Code Root Scanning (ms): Min: 0.0, Avg: 0.0, Max: 0.1, Diff: 0.1, Sum: 0.2]
      [Object Copy (ms): Min: 3.3, Avg: 3.5, Max: 3.6, Diff: 0.3, Sum: 13.9]
      [Termination (ms): Min: 0.0, Avg: 0.0, Max: 0.0, Diff: 0.0, Sum: 0.0]
         [Termination Attempts: Min: 1, Avg: 1.0, Max: 1, Diff: 0, Sum: 4]
      [GC Worker Other (ms): Min: 0.0, Avg: 0.0, Max: 0.0, Diff: 0.0, Sum: 0.0]
      [GC Worker Total (ms): Min: 6.1, Avg: 6.2, Max: 6.2, Diff: 0.0, Sum: 24.6]
      [GC Worker End (ms): Min: 7241.8, Avg: 7241.8, Max: 7241.8, Diff: 0.0]
   [Code Root Fixup: 0.1 ms]
   [Code Root Purge: 0.0 ms]
   [Clear CT: 0.1 ms]
   [Other: 0.7 ms]
      [Choose CSet: 0.0 ms]
      [Ref Proc: 0.6 ms]
      [Ref Enq: 0.0 ms]
      [Redirty Cards: 0.0 ms]
      [Humongous Register: 0.0 ms]
      [Humongous Reclaim: 0.0 ms]
      [Free CSet: 0.0 ms]
   [Eden: 17.0M(17.0M)->0.0B(16.0M) Survivors: 4096.0K->3072.0K Heap: 40.4M(50.0M)->25.4M(50.0M)]
 [Times: user=0.06 sys=0.00, real=0.01 secs] 
2021-04-15T21:12:14.366+0800: 7.432: [GC pause (G1 Evacuation Pause) (young) (initial-mark), 0.0059546 secs]
   [Parallel Time: 5.1 ms, GC Workers: 4]
      [GC Worker Start (ms): Min: 7432.5, Avg: 7432.5, Max: 7432.5, Diff: 0.0]
      [Ext Root Scanning (ms): Min: 0.6, Avg: 0.7, Max: 0.8, Diff: 0.1, Sum: 2.8]
      [Update RS (ms): Min: 1.7, Avg: 1.8, Max: 2.1, Diff: 0.4, Sum: 7.4]
         [Processed Buffers: Min: 3, Avg: 5.3, Max: 8, Diff: 5, Sum: 21]
      [Scan RS (ms): Min: 0.0, Avg: 0.0, Max: 0.0, Diff: 0.0, Sum: 0.1]
      [Code Root Scanning (ms): Min: 0.0, Avg: 0.0, Max: 0.1, Diff: 0.1, Sum: 0.2]
      [Object Copy (ms): Min: 2.2, Avg: 2.4, Max: 2.6, Diff: 0.4, Sum: 9.8]
      [Termination (ms): Min: 0.0, Avg: 0.0, Max: 0.0, Diff: 0.0, Sum: 0.0]
         [Termination Attempts: Min: 1, Avg: 2.8, Max: 4, Diff: 3, Sum: 11]
      [GC Worker Other (ms): Min: 0.0, Avg: 0.0, Max: 0.0, Diff: 0.0, Sum: 0.1]
      [GC Worker Total (ms): Min: 5.0, Avg: 5.1, Max: 5.1, Diff: 0.0, Sum: 20.2]
      [GC Worker End (ms): Min: 7437.6, Avg: 7437.6, Max: 7437.6, Diff: 0.0]
   [Code Root Fixup: 0.1 ms]
   [Code Root Purge: 0.0 ms]
   [Clear CT: 0.1 ms]
   [Other: 0.7 ms]
      [Choose CSet: 0.0 ms]
      [Ref Proc: 0.5 ms]
      [Ref Enq: 0.0 ms]
      [Redirty Cards: 0.1 ms]
      [Humongous Register: 0.0 ms]
      [Humongous Reclaim: 0.0 ms]
      [Free CSet: 0.0 ms]
   [Eden: 16.0M(16.0M)->0.0B(15.0M) Survivors: 3072.0K->3072.0K Heap: 41.4M(50.0M)->26.4M(50.0M)]
 [Times: user=0.00 sys=0.00, real=0.01 secs] 
2021-04-15T21:12:14.372+0800: 7.439: [GC concurrent-root-region-scan-start]
2021-04-15T21:12:14.378+0800: 7.445: [GC concurrent-root-region-scan-end, 0.0064862 secs]
2021-04-15T21:12:14.378+0800: 7.445: [GC concurrent-mark-start]
2021-04-15T21:12:14.417+0800: 7.484: [GC concurrent-mark-end, 0.0393719 secs]
2021-04-15T21:12:14.418+0800: 7.485: [GC remark 2021-04-15T21:12:14.418+0800: 7.485: [Finalize Marking, 0.0001327 secs] 2021-04-15T21:12:14.418+0800: 7.485: [GC ref-proc, 0.0004271 secs] 2021-04-15T21:12:14.418+0800: 7.485: [Unloading, 0.0040678 secs], 0.0049109 secs]
 [Times: user=0.00 sys=0.00, real=0.00 secs] 
2021-04-15T21:12:14.423+0800: 7.490: [GC cleanup 32M->32M(50M), 0.0003243 secs]
 [Times: user=0.00 sys=0.00, real=0.00 secs] 
2021-04-15T21:12:14.502+0800: 7.570: [GC pause (G1 Evacuation Pause) (young), 0.0053466 secs]
   [Parallel Time: 4.6 ms, GC Workers: 4]
      [GC Worker Start (ms): Min: 7569.6, Avg: 7569.6, Max: 7569.6, Diff: 0.0]
      [Ext Root Scanning (ms): Min: 0.4, Avg: 0.5, Max: 0.7, Diff: 0.3, Sum: 1.9]
      [Update RS (ms): Min: 0.8, Avg: 0.9, Max: 1.1, Diff: 0.3, Sum: 3.7]
         [Processed Buffers: Min: 3, Avg: 3.5, Max: 4, Diff: 1, Sum: 14]
      [Scan RS (ms): Min: 0.0, Avg: 0.0, Max: 0.0, Diff: 0.0, Sum: 0.0]
      [Code Root Scanning (ms): Min: 0.0, Avg: 0.0, Max: 0.1, Diff: 0.1, Sum: 0.1]
      [Object Copy (ms): Min: 3.0, Avg: 3.0, Max: 3.1, Diff: 0.2, Sum: 12.2]
      [Termination (ms): Min: 0.0, Avg: 0.0, Max: 0.0, Diff: 0.0, Sum: 0.0]
         [Termination Attempts: Min: 1, Avg: 1.0, Max: 1, Diff: 0, Sum: 4]
      [GC Worker Other (ms): Min: 0.0, Avg: 0.0, Max: 0.0, Diff: 0.0, Sum: 0.1]
      [GC Worker Total (ms): Min: 4.5, Avg: 4.5, Max: 4.5, Diff: 0.0, Sum: 18.1]
      [GC Worker End (ms): Min: 7574.1, Avg: 7574.1, Max: 7574.1, Diff: 0.0]
   [Code Root Fixup: 0.2 ms]
   [Code Root Purge: 0.0 ms]
   [Clear CT: 0.1 ms]
   [Other: 0.5 ms]
      [Choose CSet: 0.0 ms]
      [Ref Proc: 0.4 ms]
      [Ref Enq: 0.0 ms]
      [Redirty Cards: 0.1 ms]
      [Humongous Register: 0.0 ms]
      [Humongous Reclaim: 0.0 ms]
      [Free CSet: 0.0 ms]
   [Eden: 15.0M(15.0M)->0.0B(1024.0K) Survivors: 3072.0K->3072.0K Heap: 41.4M(50.0M)->27.8M(50.0M)]
 [Times: user=0.00 sys=0.00, real=0.01 secs] 
2021-04-15T21:12:14.519+0800: 7.585: [GC pause (G1 Evacuation Pause) (mixed), 0.0053427 secs]
   [Parallel Time: 5.0 ms, GC Workers: 4]
      [GC Worker Start (ms): Min: 7585.4, Avg: 7585.4, Max: 7585.4, Diff: 0.0]
      [Ext Root Scanning (ms): Min: 0.3, Avg: 0.4, Max: 0.7, Diff: 0.4, Sum: 1.7]
      [Update RS (ms): Min: 1.5, Avg: 1.8, Max: 2.1, Diff: 0.6, Sum: 7.1]
         [Processed Buffers: Min: 4, Avg: 4.8, Max: 7, Diff: 3, Sum: 19]
      [Scan RS (ms): Min: 0.2, Avg: 0.3, Max: 0.4, Diff: 0.2, Sum: 1.4]
      [Code Root Scanning (ms): Min: 0.0, Avg: 0.0, Max: 0.1, Diff: 0.1, Sum: 0.1]
      [Object Copy (ms): Min: 2.3, Avg: 2.3, Max: 2.4, Diff: 0.1, Sum: 9.4]
      [Termination (ms): Min: 0.0, Avg: 0.0, Max: 0.0, Diff: 0.0, Sum: 0.0]
         [Termination Attempts: Min: 1, Avg: 1.0, Max: 1, Diff: 0, Sum: 4]
      [GC Worker Other (ms): Min: 0.0, Avg: 0.0, Max: 0.0, Diff: 0.0, Sum: 0.0]
      [GC Worker Total (ms): Min: 4.9, Avg: 4.9, Max: 4.9, Diff: 0.0, Sum: 19.7]
      [GC Worker End (ms): Min: 7590.4, Avg: 7590.4, Max: 7590.4, Diff: 0.0]
   [Code Root Fixup: 0.0 ms]
   [Code Root Purge: 0.0 ms]
   [Clear CT: 0.1 ms]
   [Other: 0.2 ms]
      [Choose CSet: 0.0 ms]
      [Ref Proc: 0.1 ms]
      [Ref Enq: 0.0 ms]
      [Redirty Cards: 0.0 ms]
      [Humongous Register: 0.0 ms]
      [Humongous Reclaim: 0.0 ms]
      [Free CSet: 0.0 ms]
   [Eden: 1024.0K(1024.0K)->0.0B(1024.0K) Survivors: 3072.0K->1024.0K Heap: 28.8M(50.0M)->23.6M(50.0M)]
 [Times: user=0.00 sys=0.00, real=0.00 secs] 
2021-04-15T21:12:14.533+0800: 7.600: [GC pause (G1 Evacuation Pause) (mixed), 0.0073207 secs]
   [Parallel Time: 7.0 ms, GC Workers: 4]
      [GC Worker Start (ms): Min: 7599.6, Avg: 7599.6, Max: 7599.6, Diff: 0.0]
      [Ext Root Scanning (ms): Min: 0.3, Avg: 0.4, Max: 0.6, Diff: 0.3, Sum: 1.6]
      [Update RS (ms): Min: 2.3, Avg: 2.4, Max: 2.6, Diff: 0.2, Sum: 9.6]
         [Processed Buffers: Min: 5, Avg: 6.5, Max: 8, Diff: 3, Sum: 26]
      [Scan RS (ms): Min: 0.8, Avg: 1.0, Max: 1.2, Diff: 0.4, Sum: 3.8]
      [Code Root Scanning (ms): Min: 0.0, Avg: 0.0, Max: 0.0, Diff: 0.0, Sum: 0.1]
      [Object Copy (ms): Min: 2.8, Avg: 3.0, Max: 3.1, Diff: 0.3, Sum: 12.0]
      [Termination (ms): Min: 0.0, Avg: 0.1, Max: 0.1, Diff: 0.1, Sum: 0.4]
         [Termination Attempts: Min: 1, Avg: 1.0, Max: 1, Diff: 0, Sum: 4]
      [GC Worker Other (ms): Min: 0.0, Avg: 0.0, Max: 0.0, Diff: 0.0, Sum: 0.0]
      [GC Worker Total (ms): Min: 6.8, Avg: 6.9, Max: 6.9, Diff: 0.1, Sum: 27.6]
      [GC Worker End (ms): Min: 7606.4, Avg: 7606.5, Max: 7606.5, Diff: 0.1]
   [Code Root Fixup: 0.0 ms]
   [Code Root Purge: 0.0 ms]
   [Clear CT: 0.1 ms]
   [Other: 0.3 ms]
      [Choose CSet: 0.0 ms]
      [Ref Proc: 0.1 ms]
      [Ref Enq: 0.0 ms]
      [Redirty Cards: 0.0 ms]
      [Humongous Register: 0.0 ms]
      [Humongous Reclaim: 0.0 ms]
      [Free CSet: 0.0 ms]
   [Eden: 1024.0K(1024.0K)->0.0B(1024.0K) Survivors: 1024.0K->1024.0K Heap: 24.6M(50.0M)->22.0M(50.0M)]
 [Times: user=0.06 sys=0.00, real=0.01 secs] 
2021-04-15T21:12:14.549+0800: 7.616: [GC pause (G1 Evacuation Pause) (mixed), 0.0112456 secs]
   [Parallel Time: 10.8 ms, GC Workers: 4]
      [GC Worker Start (ms): Min: 7615.8, Avg: 7616.5, Max: 7618.5, Diff: 2.7]
      [Ext Root Scanning (ms): Min: 0.0, Avg: 0.4, Max: 0.8, Diff: 0.8, Sum: 1.6]
      [Update RS (ms): Min: 0.8, Avg: 3.6, Max: 7.8, Diff: 7.0, Sum: 14.2]
         [Processed Buffers: Min: 2, Avg: 5.8, Max: 9, Diff: 7, Sum: 23]
      [Scan RS (ms): Min: 0.0, Avg: 1.5, Max: 2.1, Diff: 2.1, Sum: 6.1]
      [Code Root Scanning (ms): Min: 0.0, Avg: 0.1, Max: 0.2, Diff: 0.2, Sum: 0.2]
      [Object Copy (ms): Min: 2.5, Avg: 4.5, Max: 5.3, Diff: 2.8, Sum: 18.1]
      [Termination (ms): Min: 0.0, Avg: 0.0, Max: 0.0, Diff: 0.0, Sum: 0.0]
         [Termination Attempts: Min: 1, Avg: 1.0, Max: 1, Diff: 0, Sum: 4]
      [GC Worker Other (ms): Min: 0.0, Avg: 0.0, Max: 0.0, Diff: 0.0, Sum: 0.0]
      [GC Worker Total (ms): Min: 8.1, Avg: 10.1, Max: 10.8, Diff: 2.7, Sum: 40.3]
      [GC Worker End (ms): Min: 7626.5, Avg: 7626.5, Max: 7626.5, Diff: 0.0]
   [Code Root Fixup: 0.1 ms]
   [Code Root Purge: 0.0 ms]
   [Clear CT: 0.1 ms]
   [Other: 0.3 ms]
      [Choose CSet: 0.0 ms]
      [Ref Proc: 0.1 ms]
      [Ref Enq: 0.0 ms]
      [Redirty Cards: 0.0 ms]
      [Humongous Register: 0.0 ms]
      [Humongous Reclaim: 0.0 ms]
      [Free CSet: 0.1 ms]
   [Eden: 1024.0K(1024.0K)->0.0B(1024.0K) Survivors: 1024.0K->1024.0K Heap: 23.0M(50.0M)->21.1M(50.0M)]
 [Times: user=0.00 sys=0.00, real=0.01 secs] 
2021-04-15T21:12:14.571+0800: 7.638: [GC pause (G1 Evacuation Pause) (mixed), 0.0073869 secs]
   [Parallel Time: 6.9 ms, GC Workers: 4]
      [GC Worker Start (ms): Min: 7638.2, Avg: 7638.2, Max: 7638.2, Diff: 0.0]
      [Ext Root Scanning (ms): Min: 0.3, Avg: 0.4, Max: 0.8, Diff: 0.5, Sum: 1.7]
      [Update RS (ms): Min: 2.6, Avg: 2.8, Max: 2.9, Diff: 0.3, Sum: 11.2]
         [Processed Buffers: Min: 4, Avg: 6.3, Max: 9, Diff: 5, Sum: 25]
      [Scan RS (ms): Min: 1.4, Avg: 1.8, Max: 2.0, Diff: 0.6, Sum: 7.2]
      [Code Root Scanning (ms): Min: 0.0, Avg: 0.1, Max: 0.5, Diff: 0.5, Sum: 0.5]
      [Object Copy (ms): Min: 1.6, Avg: 1.7, Max: 1.8, Diff: 0.2, Sum: 6.7]
      [Termination (ms): Min: 0.0, Avg: 0.0, Max: 0.0, Diff: 0.0, Sum: 0.0]
         [Termination Attempts: Min: 1, Avg: 1.3, Max: 2, Diff: 1, Sum: 5]
      [GC Worker Other (ms): Min: 0.0, Avg: 0.0, Max: 0.0, Diff: 0.0, Sum: 0.1]
      [GC Worker Total (ms): Min: 6.8, Avg: 6.9, Max: 6.9, Diff: 0.0, Sum: 27.4]
      [GC Worker End (ms): Min: 7645.0, Avg: 7645.0, Max: 7645.0, Diff: 0.0]
   [Code Root Fixup: 0.1 ms]
   [Code Root Purge: 0.0 ms]
   [Clear CT: 0.1 ms]
   [Other: 0.3 ms]
      [Choose CSet: 0.0 ms]
      [Ref Proc: 0.1 ms]
      [Ref Enq: 0.0 ms]
      [Redirty Cards: 0.0 ms]
      [Humongous Register: 0.0 ms]
      [Humongous Reclaim: 0.0 ms]
      [Free CSet: 0.1 ms]
   [Eden: 1024.0K(1024.0K)->0.0B(22.0M) Survivors: 1024.0K->1024.0K Heap: 22.1M(50.0M)->21.3M(50.0M)]
 [Times: user=0.00 sys=0.00, real=0.01 secs] 
2021-04-15T21:12:14.832+0800: 7.899: [GC pause (G1 Evacuation Pause) (young), 0.0061700 secs]
   [Parallel Time: 5.4 ms, GC Workers: 4]
      [GC Worker Start (ms): Min: 7899.5, Avg: 7899.5, Max: 7899.5, Diff: 0.0]
      [Ext Root Scanning (ms): Min: 0.3, Avg: 0.6, Max: 1.0, Diff: 0.7, Sum: 2.4]
      [Update RS (ms): Min: 3.4, Avg: 3.7, Max: 3.9, Diff: 0.5, Sum: 14.8]
         [Processed Buffers: Min: 7, Avg: 8.5, Max: 10, Diff: 3, Sum: 34]
      [Scan RS (ms): Min: 0.0, Avg: 0.0, Max: 0.0, Diff: 0.0, Sum: 0.0]
      [Code Root Scanning (ms): Min: 0.0, Avg: 0.0, Max: 0.0, Diff: 0.0, Sum: 0.0]
      [Object Copy (ms): Min: 0.9, Avg: 1.0, Max: 1.1, Diff: 0.2, Sum: 4.2]
      [Termination (ms): Min: 0.0, Avg: 0.0, Max: 0.0, Diff: 0.0, Sum: 0.0]
         [Termination Attempts: Min: 1, Avg: 1.3, Max: 2, Diff: 1, Sum: 5]
      [GC Worker Other (ms): Min: 0.0, Avg: 0.0, Max: 0.0, Diff: 0.0, Sum: 0.0]
      [GC Worker Total (ms): Min: 5.4, Avg: 5.4, Max: 5.4, Diff: 0.0, Sum: 21.4]
      [GC Worker End (ms): Min: 7904.9, Avg: 7904.9, Max: 7904.9, Diff: 0.0]
   [Code Root Fixup: 0.0 ms]
   [Code Root Purge: 0.0 ms]
   [Clear CT: 0.1 ms]
   [Other: 0.7 ms]
      [Choose CSet: 0.0 ms]
      [Ref Proc: 0.6 ms]
      [Ref Enq: 0.0 ms]
      [Redirty Cards: 0.0 ms]
      [Humongous Register: 0.0 ms]
      [Humongous Reclaim: 0.0 ms]
      [Free CSet: 0.0 ms]
   [Eden: 22.0M(22.0M)->0.0B(20.0M) Survivors: 1024.0K->2048.0K Heap: 43.3M(50.0M)->22.9M(50.0M)]
 [Times: user=0.00 sys=0.00, real=0.01 secs] 
2021-04-15T21:12:15.006+0800: 8.073: [GC pause (G1 Evacuation Pause) (young), 0.0041617 secs]
   [Parallel Time: 3.7 ms, GC Workers: 4]
      [GC Worker Start (ms): Min: 8073.0, Avg: 8073.0, Max: 8073.0, Diff: 0.1]
      [Ext Root Scanning (ms): Min: 0.4, Avg: 0.6, Max: 1.2, Diff: 0.8, Sum: 2.6]
      [Update RS (ms): Min: 0.5, Avg: 0.9, Max: 1.3, Diff: 0.7, Sum: 3.6]
         [Processed Buffers: Min: 1, Avg: 3.3, Max: 6, Diff: 5, Sum: 13]
      [Scan RS (ms): Min: 0.0, Avg: 0.0, Max: 0.0, Diff: 0.0, Sum: 0.0]
      [Code Root Scanning (ms): Min: 0.0, Avg: 0.0, Max: 0.1, Diff: 0.1, Sum: 0.1]
      [Object Copy (ms): Min: 1.9, Avg: 1.9, Max: 2.1, Diff: 0.2, Sum: 7.8]
      [Termination (ms): Min: 0.0, Avg: 0.0, Max: 0.0, Diff: 0.0, Sum: 0.0]
         [Termination Attempts: Min: 1, Avg: 1.0, Max: 1, Diff: 0, Sum: 4]
      [GC Worker Other (ms): Min: 0.0, Avg: 0.0, Max: 0.0, Diff: 0.0, Sum: 0.0]
      [GC Worker Total (ms): Min: 3.5, Avg: 3.5, Max: 3.6, Diff: 0.1, Sum: 14.2]
      [GC Worker End (ms): Min: 8076.6, Avg: 8076.6, Max: 8076.6, Diff: 0.0]
   [Code Root Fixup: 0.0 ms]
   [Code Root Purge: 0.0 ms]
   [Clear CT: 0.1 ms]
   [Other: 0.4 ms]
      [Choose CSet: 0.0 ms]
      [Ref Proc: 0.2 ms]
      [Ref Enq: 0.0 ms]
      [Redirty Cards: 0.0 ms]
      [Humongous Register: 0.0 ms]
      [Humongous Reclaim: 0.0 ms]
      [Free CSet: 0.0 ms]
   [Eden: 20.0M(20.0M)->0.0B(18.0M) Survivors: 2048.0K->3072.0K Heap: 42.9M(50.0M)->23.9M(50.0M)]
 [Times: user=0.00 sys=0.00, real=0.00 secs] 
2021-04-15T21:12:15.165+0800: 8.232: [GC pause (G1 Evacuation Pause) (young), 0.0057668 secs]
   [Parallel Time: 4.8 ms, GC Workers: 4]
      [GC Worker Start (ms): Min: 8232.3, Avg: 8232.4, Max: 8232.4, Diff: 0.1]
      [Ext Root Scanning (ms): Min: 0.4, Avg: 0.6, Max: 0.9, Diff: 0.5, Sum: 2.5]
      [Update RS (ms): Min: 0.8, Avg: 1.1, Max: 1.4, Diff: 0.6, Sum: 4.4]
         [Processed Buffers: Min: 2, Avg: 3.3, Max: 6, Diff: 4, Sum: 13]
      [Scan RS (ms): Min: 0.0, Avg: 0.0, Max: 0.0, Diff: 0.0, Sum: 0.0]
      [Code Root Scanning (ms): Min: 0.0, Avg: 0.0, Max: 0.1, Diff: 0.1, Sum: 0.2]
      [Object Copy (ms): Min: 2.8, Avg: 2.9, Max: 3.0, Diff: 0.2, Sum: 11.7]
      [Termination (ms): Min: 0.0, Avg: 0.0, Max: 0.0, Diff: 0.0, Sum: 0.0]
         [Termination Attempts: Min: 1, Avg: 2.0, Max: 3, Diff: 2, Sum: 8]
      [GC Worker Other (ms): Min: 0.0, Avg: 0.0, Max: 0.0, Diff: 0.0, Sum: 0.0]
      [GC Worker Total (ms): Min: 4.7, Avg: 4.7, Max: 4.7, Diff: 0.1, Sum: 18.8]
      [GC Worker End (ms): Min: 8237.1, Avg: 8237.1, Max: 8237.1, Diff: 0.0]
   [Code Root Fixup: 0.1 ms]
   [Code Root Purge: 0.0 ms]
   [Clear CT: 0.2 ms]
   [Other: 0.8 ms]
      [Choose CSet: 0.0 ms]
      [Ref Proc: 0.6 ms]
      [Ref Enq: 0.0 ms]
      [Redirty Cards: 0.1 ms]
      [Humongous Register: 0.0 ms]
      [Humongous Reclaim: 0.0 ms]
      [Free CSet: 0.1 ms]
   [Eden: 18.0M(18.0M)->0.0B(17.0M) Survivors: 3072.0K->3072.0K Heap: 41.9M(50.0M)->24.9M(50.0M)]
 [Times: user=0.00 sys=0.00, real=0.01 secs] 
2021-04-15T21:12:15.309+0800: 8.376: [GC pause (G1 Evacuation Pause) (young), 0.0077167 secs]
   [Parallel Time: 6.7 ms, GC Workers: 4]
      [GC Worker Start (ms): Min: 8375.7, Avg: 8375.8, Max: 8375.8, Diff: 0.1]
      [Ext Root Scanning (ms): Min: 0.5, Avg: 0.9, Max: 1.6, Diff: 1.1, Sum: 3.6]
      [Update RS (ms): Min: 1.1, Avg: 1.7, Max: 2.0, Diff: 0.9, Sum: 7.0]
         [Processed Buffers: Min: 2, Avg: 4.8, Max: 7, Diff: 5, Sum: 19]
      [Scan RS (ms): Min: 0.0, Avg: 0.0, Max: 0.0, Diff: 0.0, Sum: 0.0]
      [Code Root Scanning (ms): Min: 0.0, Avg: 0.0, Max: 0.1, Diff: 0.1, Sum: 0.2]
      [Object Copy (ms): Min: 3.6, Avg: 3.9, Max: 4.1, Diff: 0.4, Sum: 15.5]
      [Termination (ms): Min: 0.0, Avg: 0.0, Max: 0.0, Diff: 0.0, Sum: 0.0]
         [Termination Attempts: Min: 1, Avg: 1.0, Max: 1, Diff: 0, Sum: 4]
      [GC Worker Other (ms): Min: 0.0, Avg: 0.0, Max: 0.0, Diff: 0.0, Sum: 0.0]
      [GC Worker Total (ms): Min: 6.6, Avg: 6.6, Max: 6.6, Diff: 0.1, Sum: 26.3]
      [GC Worker End (ms): Min: 8382.3, Avg: 8382.3, Max: 8382.3, Diff: 0.0]
   [Code Root Fixup: 0.1 ms]
   [Code Root Purge: 0.0 ms]
   [Clear CT: 0.2 ms]
   [Other: 0.7 ms]
      [Choose CSet: 0.0 ms]
      [Ref Proc: 0.5 ms]
      [Ref Enq: 0.0 ms]
      [Redirty Cards: 0.1 ms]
      [Humongous Register: 0.0 ms]
      [Humongous Reclaim: 0.0 ms]
      [Free CSet: 0.0 ms]
   [Eden: 17.0M(17.0M)->0.0B(15.0M) Survivors: 3072.0K->3072.0K Heap: 41.9M(50.0M)->26.7M(50.0M)]
 [Times: user=0.06 sys=0.00, real=0.01 secs] 
2021-04-15T21:12:15.460+0800: 8.527: [GC pause (G1 Evacuation Pause) (young) (initial-mark), 0.0079646 secs]
   [Parallel Time: 6.8 ms, GC Workers: 4]
      [GC Worker Start (ms): Min: 8527.0, Avg: 8527.1, Max: 8527.1, Diff: 0.1]
      [Ext Root Scanning (ms): Min: 0.7, Avg: 1.0, Max: 1.1, Diff: 0.4, Sum: 3.8]
      [Update RS (ms): Min: 2.2, Avg: 2.3, Max: 2.4, Diff: 0.2, Sum: 9.2]
         [Processed Buffers: Min: 4, Avg: 5.0, Max: 6, Diff: 2, Sum: 20]
      [Scan RS (ms): Min: 0.0, Avg: 0.0, Max: 0.0, Diff: 0.0, Sum: 0.0]
      [Code Root Scanning (ms): Min: 0.0, Avg: 0.0, Max: 0.1, Diff: 0.1, Sum: 0.1]
      [Object Copy (ms): Min: 3.1, Avg: 3.3, Max: 3.5, Diff: 0.4, Sum: 13.3]
      [Termination (ms): Min: 0.0, Avg: 0.0, Max: 0.0, Diff: 0.0, Sum: 0.0]
         [Termination Attempts: Min: 1, Avg: 1.0, Max: 1, Diff: 0, Sum: 4]
      [GC Worker Other (ms): Min: 0.0, Avg: 0.0, Max: 0.0, Diff: 0.0, Sum: 0.0]
      [GC Worker Total (ms): Min: 6.6, Avg: 6.6, Max: 6.7, Diff: 0.1, Sum: 26.5]
      [GC Worker End (ms): Min: 8533.7, Avg: 8533.7, Max: 8533.7, Diff: 0.0]
   [Code Root Fixup: 0.1 ms]
   [Code Root Purge: 0.0 ms]
   [Clear CT: 0.2 ms]
   [Other: 0.9 ms]
      [Choose CSet: 0.0 ms]
      [Ref Proc: 0.6 ms]
      [Ref Enq: 0.0 ms]
      [Redirty Cards: 0.2 ms]
      [Humongous Register: 0.0 ms]
      [Humongous Reclaim: 0.0 ms]
      [Free CSet: 0.0 ms]
   [Eden: 15.0M(15.0M)->0.0B(13.0M) Survivors: 3072.0K->3072.0K Heap: 41.7M(50.0M)->28.5M(50.0M)]
 [Times: user=0.00 sys=0.00, real=0.01 secs] 
2021-04-15T21:12:15.468+0800: 8.535: [GC concurrent-root-region-scan-start]
2021-04-15T21:12:15.471+0800: 8.538: [GC concurrent-root-region-scan-end, 0.0027358 secs]
2021-04-15T21:12:15.471+0800: 8.538: [GC concurrent-mark-start]
2021-04-15T21:12:15.524+0800: 8.591: [GC concurrent-mark-end, 0.0530312 secs]
2021-04-15T21:12:15.524+0800: 8.591: [GC remark 2021-04-15T21:12:15.524+0800: 8.591: [Finalize Marking, 0.0001911 secs] 2021-04-15T21:12:15.524+0800: 8.591: [GC ref-proc, 0.0004288 secs] 2021-04-15T21:12:15.525+0800: 8.592: [Unloading, 0.0051789 secs], 0.0060685 secs]
 [Times: user=0.00 sys=0.00, real=0.01 secs] 
2021-04-15T21:12:15.530+0800: 8.597: [GC cleanup 33M->33M(50M), 0.0003174 secs]
 [Times: user=0.00 sys=0.00, real=0.00 secs] 
2021-04-15T21:12:15.649+0800: 8.717: [GC pause (G1 Evacuation Pause) (young), 0.0065519 secs]
   [Parallel Time: 5.8 ms, GC Workers: 4]
      [GC Worker Start (ms): Min: 8716.6, Avg: 8716.6, Max: 8716.6, Diff: 0.0]
      [Ext Root Scanning (ms): Min: 0.4, Avg: 0.6, Max: 0.8, Diff: 0.4, Sum: 2.5]
      [Update RS (ms): Min: 2.6, Avg: 2.9, Max: 3.2, Diff: 0.6, Sum: 11.5]
         [Processed Buffers: Min: 5, Avg: 6.0, Max: 9, Diff: 4, Sum: 24]
      [Scan RS (ms): Min: 0.0, Avg: 0.0, Max: 0.0, Diff: 0.0, Sum: 0.0]
      [Code Root Scanning (ms): Min: 0.0, Avg: 0.0, Max: 0.1, Diff: 0.1, Sum: 0.1]
      [Object Copy (ms): Min: 2.2, Avg: 2.3, Max: 2.3, Diff: 0.2, Sum: 9.0]
      [Termination (ms): Min: 0.0, Avg: 0.0, Max: 0.0, Diff: 0.0, Sum: 0.0]
         [Termination Attempts: Min: 1, Avg: 1.0, Max: 1, Diff: 0, Sum: 4]
      [GC Worker Other (ms): Min: 0.0, Avg: 0.0, Max: 0.0, Diff: 0.0, Sum: 0.0]
      [GC Worker Total (ms): Min: 5.8, Avg: 5.8, Max: 5.8, Diff: 0.0, Sum: 23.2]
      [GC Worker End (ms): Min: 8722.4, Avg: 8722.4, Max: 8722.4, Diff: 0.0]
   [Code Root Fixup: 0.0 ms]
   [Code Root Purge: 0.0 ms]
   [Clear CT: 0.1 ms]
   [Other: 0.6 ms]
      [Choose CSet: 0.0 ms]
      [Ref Proc: 0.4 ms]
      [Ref Enq: 0.0 ms]
      [Redirty Cards: 0.1 ms]
      [Humongous Register: 0.0 ms]
      [Humongous Reclaim: 0.0 ms]
      [Free CSet: 0.0 ms]
   [Eden: 13.0M(13.0M)->0.0B(1024.0K) Survivors: 3072.0K->2048.0K Heap: 41.5M(50.0M)->29.6M(50.0M)]
 [Times: user=0.00 sys=0.00, real=0.01 secs] 
2021-04-15T21:12:15.672+0800: 8.738: [GC pause (G1 Evacuation Pause) (mixed), 0.0072990 secs]
   [Parallel Time: 6.9 ms, GC Workers: 4]
      [GC Worker Start (ms): Min: 8738.4, Avg: 8738.4, Max: 8738.4, Diff: 0.0]
      [Ext Root Scanning (ms): Min: 0.4, Avg: 0.6, Max: 0.8, Diff: 0.4, Sum: 2.4]
      [Update RS (ms): Min: 1.8, Avg: 1.9, Max: 2.1, Diff: 0.3, Sum: 7.6]
         [Processed Buffers: Min: 3, Avg: 4.5, Max: 6, Diff: 3, Sum: 18]
      [Scan RS (ms): Min: 1.0, Avg: 1.2, Max: 1.3, Diff: 0.3, Sum: 5.0]
      [Code Root Scanning (ms): Min: 0.0, Avg: 0.0, Max: 0.1, Diff: 0.1, Sum: 0.2]
      [Object Copy (ms): Min: 2.9, Avg: 3.0, Max: 3.2, Diff: 0.3, Sum: 12.1]
      [Termination (ms): Min: 0.0, Avg: 0.0, Max: 0.0, Diff: 0.0, Sum: 0.0]
         [Termination Attempts: Min: 1, Avg: 1.0, Max: 1, Diff: 0, Sum: 4]
      [GC Worker Other (ms): Min: 0.0, Avg: 0.0, Max: 0.0, Diff: 0.0, Sum: 0.0]
      [GC Worker Total (ms): Min: 6.8, Avg: 6.8, Max: 6.8, Diff: 0.0, Sum: 27.3]
      [GC Worker End (ms): Min: 8745.2, Avg: 8745.2, Max: 8745.2, Diff: 0.0]
   [Code Root Fixup: 0.1 ms]
   [Code Root Purge: 0.0 ms]
   [Clear CT: 0.1 ms]
   [Other: 0.3 ms]
      [Choose CSet: 0.0 ms]
      [Ref Proc: 0.1 ms]
      [Ref Enq: 0.0 ms]
      [Redirty Cards: 0.0 ms]
      [Humongous Register: 0.0 ms]
      [Humongous Reclaim: 0.0 ms]
      [Free CSet: 0.0 ms]
   [Eden: 1024.0K(1024.0K)->0.0B(1024.0K) Survivors: 2048.0K->1024.0K Heap: 30.6M(50.0M)->27.6M(50.0M)]
 [Times: user=0.06 sys=0.00, real=0.01 secs] 
2021-04-15T21:12:15.694+0800: 8.761: [GC pause (G1 Evacuation Pause) (mixed), 0.0106325 secs]
   [Parallel Time: 10.2 ms, GC Workers: 4]
      [GC Worker Start (ms): Min: 8761.2, Avg: 8761.3, Max: 8761.3, Diff: 0.0]
      [Ext Root Scanning (ms): Min: 0.4, Avg: 0.6, Max: 0.9, Diff: 0.5, Sum: 2.5]
      [Update RS (ms): Min: 3.3, Avg: 3.5, Max: 3.8, Diff: 0.5, Sum: 14.1]
         [Processed Buffers: Min: 6, Avg: 8.8, Max: 12, Diff: 6, Sum: 35]
      [Scan RS (ms): Min: 1.8, Avg: 2.0, Max: 2.2, Diff: 0.4, Sum: 8.2]
      [Code Root Scanning (ms): Min: 0.0, Avg: 0.1, Max: 0.1, Diff: 0.1, Sum: 0.2]
      [Object Copy (ms): Min: 3.8, Avg: 3.9, Max: 4.0, Diff: 0.2, Sum: 15.5]
      [Termination (ms): Min: 0.0, Avg: 0.0, Max: 0.0, Diff: 0.0, Sum: 0.0]
         [Termination Attempts: Min: 1, Avg: 4.8, Max: 10, Diff: 9, Sum: 19]
      [GC Worker Other (ms): Min: 0.0, Avg: 0.0, Max: 0.0, Diff: 0.0, Sum: 0.0]
      [GC Worker Total (ms): Min: 10.1, Avg: 10.1, Max: 10.1, Diff: 0.0, Sum: 40.5]
      [GC Worker End (ms): Min: 8771.4, Avg: 8771.4, Max: 8771.4, Diff: 0.0]
   [Code Root Fixup: 0.1 ms]
   [Code Root Purge: 0.0 ms]
   [Clear CT: 0.1 ms]
   [Other: 0.3 ms]
      [Choose CSet: 0.0 ms]
      [Ref Proc: 0.1 ms]
      [Ref Enq: 0.0 ms]
      [Redirty Cards: 0.1 ms]
      [Humongous Register: 0.0 ms]
      [Humongous Reclaim: 0.0 ms]
      [Free CSet: 0.0 ms]
   [Eden: 1024.0K(1024.0K)->0.0B(1024.0K) Survivors: 1024.0K->1024.0K Heap: 28.6M(50.0M)->26.3M(50.0M)]
 [Times: user=0.06 sys=0.00, real=0.01 secs] 
2021-04-15T21:12:15.712+0800: 8.779: [GC pause (G1 Evacuation Pause) (mixed), 0.0141316 secs]
   [Parallel Time: 13.4 ms, GC Workers: 4]
      [GC Worker Start (ms): Min: 8778.9, Avg: 8778.9, Max: 8778.9, Diff: 0.0]
      [Ext Root Scanning (ms): Min: 0.4, Avg: 0.7, Max: 1.3, Diff: 0.9, Sum: 2.6]
      [Update RS (ms): Min: 3.3, Avg: 3.8, Max: 4.1, Diff: 0.9, Sum: 15.3]
         [Processed Buffers: Min: 5, Avg: 8.5, Max: 12, Diff: 7, Sum: 34]
      [Scan RS (ms): Min: 4.0, Avg: 4.2, Max: 4.3, Diff: 0.3, Sum: 16.7]
      [Code Root Scanning (ms): Min: 0.1, Avg: 0.3, Max: 0.4, Diff: 0.3, Sum: 1.1]
      [Object Copy (ms): Min: 4.3, Avg: 4.4, Max: 4.7, Diff: 0.4, Sum: 17.7]
      [Termination (ms): Min: 0.0, Avg: 0.0, Max: 0.0, Diff: 0.0, Sum: 0.0]
         [Termination Attempts: Min: 1, Avg: 1.5, Max: 2, Diff: 1, Sum: 6]
      [GC Worker Other (ms): Min: 0.0, Avg: 0.0, Max: 0.0, Diff: 0.0, Sum: 0.0]
      [GC Worker Total (ms): Min: 13.4, Avg: 13.4, Max: 13.4, Diff: 0.0, Sum: 53.5]
      [GC Worker End (ms): Min: 8792.3, Avg: 8792.3, Max: 8792.3, Diff: 0.0]
   [Code Root Fixup: 0.2 ms]
   [Code Root Purge: 0.0 ms]
   [Clear CT: 0.1 ms]
   [Other: 0.4 ms]
      [Choose CSet: 0.0 ms]
      [Ref Proc: 0.1 ms]
      [Ref Enq: 0.0 ms]
      [Redirty Cards: 0.1 ms]
      [Humongous Register: 0.0 ms]
      [Humongous Reclaim: 0.0 ms]
      [Free CSet: 0.1 ms]
   [Eden: 1024.0K(1024.0K)->0.0B(18.0M) Survivors: 1024.0K->1024.0K Heap: 27.3M(50.0M)->25.1M(50.0M)]
 [Times: user=0.06 sys=0.00, real=0.01 secs] 
2021-04-15T21:12:15.876+0800: 8.942: [GC pause (G1 Evacuation Pause) (young), 0.0061888 secs]
   [Parallel Time: 5.6 ms, GC Workers: 4]
      [GC Worker Start (ms): Min: 8942.6, Avg: 8942.6, Max: 8942.6, Diff: 0.0]
      [Ext Root Scanning (ms): Min: 0.4, Avg: 0.6, Max: 1.1, Diff: 0.6, Sum: 2.5]
      [Update RS (ms): Min: 3.8, Avg: 3.9, Max: 3.9, Diff: 0.1, Sum: 15.4]
         [Processed Buffers: Min: 7, Avg: 8.5, Max: 11, Diff: 4, Sum: 34]
      [Scan RS (ms): Min: 0.0, Avg: 0.0, Max: 0.1, Diff: 0.1, Sum: 0.1]
      [Code Root Scanning (ms): Min: 0.0, Avg: 0.0, Max: 0.0, Diff: 0.0, Sum: 0.0]
      [Object Copy (ms): Min: 0.6, Avg: 1.0, Max: 1.1, Diff: 0.5, Sum: 3.9]
      [Termination (ms): Min: 0.0, Avg: 0.0, Max: 0.0, Diff: 0.0, Sum: 0.0]
         [Termination Attempts: Min: 1, Avg: 1.0, Max: 1, Diff: 0, Sum: 4]
      [GC Worker Other (ms): Min: 0.0, Avg: 0.0, Max: 0.0, Diff: 0.0, Sum: 0.0]
      [GC Worker Total (ms): Min: 5.5, Avg: 5.5, Max: 5.5, Diff: 0.0, Sum: 22.0]
      [GC Worker End (ms): Min: 8948.1, Avg: 8948.1, Max: 8948.1, Diff: 0.0]
   [Code Root Fixup: 0.0 ms]
   [Code Root Purge: 0.0 ms]
   [Clear CT: 0.1 ms]
   [Other: 0.5 ms]
      [Choose CSet: 0.0 ms]
      [Ref Proc: 0.3 ms]
      [Ref Enq: 0.0 ms]
      [Redirty Cards: 0.1 ms]
      [Humongous Register: 0.0 ms]
      [Humongous Reclaim: 0.0 ms]
      [Free CSet: 0.0 ms]
   [Eden: 18.0M(18.0M)->0.0B(16.0M) Survivors: 1024.0K->2048.0K Heap: 43.1M(50.0M)->26.2M(50.0M)]
 [Times: user=0.06 sys=0.00, real=0.01 secs] 
2021-04-15T21:12:16.016+0800: 9.083: [GC pause (G1 Evacuation Pause) (young) (initial-mark), 0.0037751 secs]
   [Parallel Time: 3.2 ms, GC Workers: 4]
      [GC Worker Start (ms): Min: 9082.8, Avg: 9082.9, Max: 9082.9, Diff: 0.0]
      [Ext Root Scanning (ms): Min: 0.7, Avg: 0.9, Max: 1.0, Diff: 0.4, Sum: 3.5]
      [Update RS (ms): Min: 0.5, Avg: 0.6, Max: 0.7, Diff: 0.2, Sum: 2.4]
         [Processed Buffers: Min: 1, Avg: 2.8, Max: 6, Diff: 5, Sum: 11]
      [Scan RS (ms): Min: 0.0, Avg: 0.0, Max: 0.0, Diff: 0.0, Sum: 0.0]
      [Code Root Scanning (ms): Min: 0.0, Avg: 0.0, Max: 0.0, Diff: 0.0, Sum: 0.0]
      [Object Copy (ms): Min: 1.5, Avg: 1.6, Max: 1.9, Diff: 0.4, Sum: 6.4]
      [Termination (ms): Min: 0.0, Avg: 0.0, Max: 0.0, Diff: 0.0, Sum: 0.0]
         [Termination Attempts: Min: 1, Avg: 1.0, Max: 1, Diff: 0, Sum: 4]
      [GC Worker Other (ms): Min: 0.0, Avg: 0.0, Max: 0.0, Diff: 0.0, Sum: 0.0]
      [GC Worker Total (ms): Min: 3.1, Avg: 3.1, Max: 3.1, Diff: 0.0, Sum: 12.3]
      [GC Worker End (ms): Min: 9086.0, Avg: 9086.0, Max: 9086.0, Diff: 0.0]
   [Code Root Fixup: 0.0 ms]
   [Code Root Purge: 0.0 ms]
   [Clear CT: 0.1 ms]
   [Other: 0.5 ms]
      [Choose CSet: 0.0 ms]
      [Ref Proc: 0.3 ms]
      [Ref Enq: 0.0 ms]
      [Redirty Cards: 0.1 ms]
      [Humongous Register: 0.0 ms]
      [Humongous Reclaim: 0.0 ms]
      [Free CSet: 0.0 ms]
   [Eden: 16.0M(16.0M)->0.0B(14.0M) Survivors: 2048.0K->3072.0K Heap: 42.2M(50.0M)->27.7M(50.0M)]
 [Times: user=0.06 sys=0.00, real=0.00 secs] 
2021-04-15T21:12:16.020+0800: 9.087: [GC concurrent-root-region-scan-start]
2021-04-15T21:12:16.023+0800: 9.090: [GC concurrent-root-region-scan-end, 0.0030716 secs]
2021-04-15T21:12:16.023+0800: 9.090: [GC concurrent-mark-start]
2021-04-15T21:12:16.083+0800: 9.150: [GC concurrent-mark-end, 0.0599829 secs]
2021-04-15T21:12:16.083+0800: 9.150: [GC remark 2021-04-15T21:12:16.083+0800: 9.150: [Finalize Marking, 0.0000943 secs] 2021-04-15T21:12:16.083+0800: 9.150: [GC ref-proc, 0.0005606 secs] 2021-04-15T21:12:16.084+0800: 9.151: [Unloading, 0.0055492 secs], 0.0064687 secs]
 [Times: user=0.00 sys=0.00, real=0.01 secs] 
2021-04-15T21:12:16.090+0800: 9.157: [GC cleanup 30M->30M(50M), 0.0003584 secs]
 [Times: user=0.00 sys=0.00, real=0.00 secs] 
2021-04-15T21:12:16.263+0800: 9.329: [GC pause (G1 Evacuation Pause) (young), 0.0041856 secs]
   [Parallel Time: 2.9 ms, GC Workers: 4]
      [GC Worker Start (ms): Min: 9329.4, Avg: 9329.4, Max: 9329.5, Diff: 0.0]
      [Ext Root Scanning (ms): Min: 0.4, Avg: 0.5, Max: 0.7, Diff: 0.3, Sum: 2.2]
      [Update RS (ms): Min: 0.6, Avg: 0.6, Max: 0.7, Diff: 0.1, Sum: 2.4]
         [Processed Buffers: Min: 1, Avg: 2.3, Max: 4, Diff: 3, Sum: 9]
      [Scan RS (ms): Min: 0.0, Avg: 0.0, Max: 0.0, Diff: 0.0, Sum: 0.0]
      [Code Root Scanning (ms): Min: 0.0, Avg: 0.0, Max: 0.0, Diff: 0.0, Sum: 0.1]
      [Object Copy (ms): Min: 1.5, Avg: 1.7, Max: 1.8, Diff: 0.3, Sum: 6.8]
      [Termination (ms): Min: 0.0, Avg: 0.0, Max: 0.0, Diff: 0.0, Sum: 0.0]
         [Termination Attempts: Min: 1, Avg: 1.5, Max: 2, Diff: 1, Sum: 6]
      [GC Worker Other (ms): Min: 0.0, Avg: 0.0, Max: 0.0, Diff: 0.0, Sum: 0.1]
      [GC Worker Total (ms): Min: 2.8, Avg: 2.9, Max: 2.9, Diff: 0.0, Sum: 11.4]
      [GC Worker End (ms): Min: 9332.3, Avg: 9332.3, Max: 9332.3, Diff: 0.0]
   [Code Root Fixup: 0.0 ms]
   [Code Root Purge: 0.0 ms]
   [Clear CT: 0.3 ms]
   [Other: 1.0 ms]
      [Choose CSet: 0.0 ms]
      [Ref Proc: 0.3 ms]
      [Ref Enq: 0.0 ms]
      [Redirty Cards: 0.6 ms]
      [Humongous Register: 0.0 ms]
      [Humongous Reclaim: 0.0 ms]
      [Free CSet: 0.0 ms]
   [Eden: 14.0M(14.0M)->0.0B(1024.0K) Survivors: 3072.0K->3072.0K Heap: 41.7M(50.0M)->27.8M(50.0M)]
 [Times: user=0.00 sys=0.00, real=0.00 secs] 
2021-04-15T21:12:16.286+0800: 9.353: [GC pause (G1 Evacuation Pause) (mixed), 0.0065323 secs]
   [Parallel Time: 6.2 ms, GC Workers: 4]
      [GC Worker Start (ms): Min: 9352.8, Avg: 9352.9, Max: 9352.9, Diff: 0.1]
      [Ext Root Scanning (ms): Min: 0.3, Avg: 0.5, Max: 1.0, Diff: 0.7, Sum: 2.1]
      [Update RS (ms): Min: 0.4, Avg: 0.6, Max: 0.7, Diff: 0.3, Sum: 2.2]
         [Processed Buffers: Min: 1, Avg: 2.5, Max: 5, Diff: 4, Sum: 10]
      [Scan RS (ms): Min: 0.7, Avg: 0.9, Max: 1.1, Diff: 0.4, Sum: 3.8]
      [Code Root Scanning (ms): Min: 0.0, Avg: 0.0, Max: 0.1, Diff: 0.1, Sum: 0.1]
      [Object Copy (ms): Min: 3.7, Avg: 3.9, Max: 4.2, Diff: 0.5, Sum: 15.7]
      [Termination (ms): Min: 0.0, Avg: 0.0, Max: 0.0, Diff: 0.0, Sum: 0.0]
         [Termination Attempts: Min: 1, Avg: 1.0, Max: 1, Diff: 0, Sum: 4]
      [GC Worker Other (ms): Min: 0.0, Avg: 0.0, Max: 0.0, Diff: 0.0, Sum: 0.0]
      [GC Worker Total (ms): Min: 5.9, Avg: 6.0, Max: 6.0, Diff: 0.1, Sum: 23.9]
      [GC Worker End (ms): Min: 9358.9, Avg: 9358.9, Max: 9358.9, Diff: 0.0]
   [Code Root Fixup: 0.0 ms]
   [Code Root Purge: 0.0 ms]
   [Clear CT: 0.1 ms]
   [Other: 0.3 ms]
      [Choose CSet: 0.0 ms]
      [Ref Proc: 0.1 ms]
      [Ref Enq: 0.0 ms]
      [Redirty Cards: 0.0 ms]
      [Humongous Register: 0.0 ms]
      [Humongous Reclaim: 0.0 ms]
      [Free CSet: 0.0 ms]
   [Eden: 1024.0K(1024.0K)->0.0B(1024.0K) Survivors: 3072.0K->1024.0K Heap: 28.8M(50.0M)->23.9M(50.0M)]
 [Times: user=0.00 sys=0.00, real=0.01 secs] 
2021-04-15T21:12:16.304+0800: 9.371: [GC pause (G1 Evacuation Pause) (mixed), 0.0092028 secs]
   [Parallel Time: 8.9 ms, GC Workers: 4]
      [GC Worker Start (ms): Min: 9371.0, Avg: 9371.1, Max: 9371.1, Diff: 0.0]
      [Ext Root Scanning (ms): Min: 0.4, Avg: 0.5, Max: 0.7, Diff: 0.4, Sum: 1.9]
      [Update RS (ms): Min: 4.2, Avg: 4.3, Max: 4.5, Diff: 0.4, Sum: 17.2]
         [Processed Buffers: Min: 7, Avg: 8.3, Max: 9, Diff: 2, Sum: 33]
      [Scan RS (ms): Min: 0.9, Avg: 1.1, Max: 1.3, Diff: 0.3, Sum: 4.4]
      [Code Root Scanning (ms): Min: 0.0, Avg: 0.0, Max: 0.1, Diff: 0.1, Sum: 0.1]
      [Object Copy (ms): Min: 2.8, Avg: 2.9, Max: 3.0, Diff: 0.2, Sum: 11.6]
      [Termination (ms): Min: 0.0, Avg: 0.0, Max: 0.0, Diff: 0.0, Sum: 0.0]
         [Termination Attempts: Min: 1, Avg: 1.3, Max: 2, Diff: 1, Sum: 5]
      [GC Worker Other (ms): Min: 0.0, Avg: 0.0, Max: 0.0, Diff: 0.0, Sum: 0.0]
      [GC Worker Total (ms): Min: 8.8, Avg: 8.8, Max: 8.8, Diff: 0.0, Sum: 35.3]
      [GC Worker End (ms): Min: 9379.9, Avg: 9379.9, Max: 9379.9, Diff: 0.0]
   [Code Root Fixup: 0.0 ms]
   [Code Root Purge: 0.0 ms]
   [Clear CT: 0.0 ms]
   [Other: 0.2 ms]
      [Choose CSet: 0.0 ms]
      [Ref Proc: 0.1 ms]
      [Ref Enq: 0.0 ms]
      [Redirty Cards: 0.0 ms]
      [Humongous Register: 0.0 ms]
      [Humongous Reclaim: 0.0 ms]
      [Free CSet: 0.0 ms]
   [Eden: 1024.0K(1024.0K)->0.0B(19.0M) Survivors: 1024.0K->1024.0K Heap: 24.9M(50.0M)->23.1M(50.0M)]
 [Times: user=0.00 sys=0.00, real=0.01 secs] 
2021-04-15T21:12:16.580+0800: 9.647: [GC pause (G1 Evacuation Pause) (young), 0.0066590 secs]
   [Parallel Time: 5.5 ms, GC Workers: 4]
      [GC Worker Start (ms): Min: 9646.8, Avg: 9646.8, Max: 9646.8, Diff: 0.1]
      [Ext Root Scanning (ms): Min: 0.4, Avg: 0.6, Max: 0.7, Diff: 0.2, Sum: 2.3]
      [Update RS (ms): Min: 3.7, Avg: 4.0, Max: 4.2, Diff: 0.5, Sum: 15.9]
         [Processed Buffers: Min: 7, Avg: 8.0, Max: 9, Diff: 2, Sum: 32]
      [Scan RS (ms): Min: 0.0, Avg: 0.0, Max: 0.0, Diff: 0.0, Sum: 0.0]
      [Code Root Scanning (ms): Min: 0.0, Avg: 0.0, Max: 0.0, Diff: 0.0, Sum: 0.0]
      [Object Copy (ms): Min: 0.5, Avg: 0.7, Max: 1.0, Diff: 0.5, Sum: 2.9]
      [Termination (ms): Min: 0.0, Avg: 0.0, Max: 0.0, Diff: 0.0, Sum: 0.0]
         [Termination Attempts: Min: 1, Avg: 1.0, Max: 1, Diff: 0, Sum: 4]
      [GC Worker Other (ms): Min: 0.0, Avg: 0.0, Max: 0.0, Diff: 0.0, Sum: 0.0]
      [GC Worker Total (ms): Min: 5.3, Avg: 5.3, Max: 5.3, Diff: 0.1, Sum: 21.2]
      [GC Worker End (ms): Min: 9652.1, Avg: 9652.1, Max: 9652.1, Diff: 0.0]
   [Code Root Fixup: 0.0 ms]
   [Code Root Purge: 0.0 ms]
   [Clear CT: 0.2 ms]
   [Other: 1.0 ms]
      [Choose CSet: 0.0 ms]
      [Ref Proc: 0.5 ms]
      [Ref Enq: 0.0 ms]
      [Redirty Cards: 0.4 ms]
      [Humongous Register: 0.0 ms]
      [Humongous Reclaim: 0.0 ms]
      [Free CSet: 0.0 ms]
   [Eden: 19.0M(19.0M)->0.0B(18.0M) Survivors: 1024.0K->2048.0K Heap: 42.1M(50.0M)->23.8M(50.0M)]
 [Times: user=0.00 sys=0.00, real=0.01 secs] 
2021-04-15T21:12:16.789+0800: 9.856: [GC pause (G1 Evacuation Pause) (young) (initial-mark), 0.0045180 secs]
   [Parallel Time: 3.9 ms, GC Workers: 4]
      [GC Worker Start (ms): Min: 9856.4, Avg: 9856.4, Max: 9856.4, Diff: 0.1]
      [Ext Root Scanning (ms): Min: 1.1, Avg: 1.2, Max: 1.3, Diff: 0.1, Sum: 4.8]
      [Update RS (ms): Min: 0.7, Avg: 1.0, Max: 1.2, Diff: 0.6, Sum: 4.2]
         [Processed Buffers: Min: 2, Avg: 3.0, Max: 5, Diff: 3, Sum: 12]
      [Scan RS (ms): Min: 0.0, Avg: 0.0, Max: 0.0, Diff: 0.0, Sum: 0.0]
      [Code Root Scanning (ms): Min: 0.0, Avg: 0.0, Max: 0.1, Diff: 0.1, Sum: 0.1]
      [Object Copy (ms): Min: 1.3, Avg: 1.5, Max: 1.9, Diff: 0.5, Sum: 5.9]
      [Termination (ms): Min: 0.0, Avg: 0.0, Max: 0.0, Diff: 0.0, Sum: 0.0]
         [Termination Attempts: Min: 1, Avg: 1.0, Max: 1, Diff: 0, Sum: 4]
      [GC Worker Other (ms): Min: 0.0, Avg: 0.0, Max: 0.0, Diff: 0.0, Sum: 0.0]
      [GC Worker Total (ms): Min: 3.7, Avg: 3.7, Max: 3.8, Diff: 0.1, Sum: 15.0]
      [GC Worker End (ms): Min: 9860.1, Avg: 9860.1, Max: 9860.1, Diff: 0.0]
   [Code Root Fixup: 0.0 ms]
   [Code Root Purge: 0.0 ms]
   [Clear CT: 0.1 ms]
   [Other: 0.5 ms]
      [Choose CSet: 0.0 ms]
      [Ref Proc: 0.3 ms]
      [Ref Enq: 0.0 ms]
      [Redirty Cards: 0.1 ms]
      [Humongous Register: 0.0 ms]
      [Humongous Reclaim: 0.0 ms]
      [Free CSet: 0.0 ms]
   [Eden: 18.0M(18.0M)->0.0B(16.0M) Survivors: 2048.0K->3072.0K Heap: 41.8M(50.0M)->24.9M(50.0M)]
 [Times: user=0.00 sys=0.00, real=0.00 secs] 
2021-04-15T21:12:16.794+0800: 9.861: [GC concurrent-root-region-scan-start]
2021-04-15T21:12:16.798+0800: 9.865: [GC concurrent-root-region-scan-end, 0.0044130 secs]
2021-04-15T21:12:16.798+0800: 9.865: [GC concurrent-mark-start]
2021-04-15T21:12:16.869+0800: 9.936: [GC concurrent-mark-end, 0.0705732 secs]
2021-04-15T21:12:16.869+0800: 9.936: [GC remark 2021-04-15T21:12:16.869+0800: 9.936: [Finalize Marking, 0.0001779 secs] 2021-04-15T21:12:16.869+0800: 9.936: [GC ref-proc, 0.0005641 secs] 2021-04-15T21:12:16.870+0800: 9.937: [Unloading, 0.0058564 secs], 0.0068838 secs]
 [Times: user=0.00 sys=0.00, real=0.01 secs] 
2021-04-15T21:12:16.876+0800: 9.943: [GC cleanup 31M->31M(50M), 0.0004015 secs]
 [Times: user=0.00 sys=0.00, real=0.00 secs] 
2021-04-15T21:12:16.984+0800: 10.050: [GC pause (G1 Evacuation Pause) (young), 0.0045986 secs]
   [Parallel Time: 4.0 ms, GC Workers: 4]
      [GC Worker Start (ms): Min: 10050.4, Avg: 10050.4, Max: 10050.4, Diff: 0.0]
      [Ext Root Scanning (ms): Min: 0.5, Avg: 0.6, Max: 0.8, Diff: 0.3, Sum: 2.6]
      [Update RS (ms): Min: 1.0, Avg: 1.2, Max: 1.5, Diff: 0.5, Sum: 4.9]
         [Processed Buffers: Min: 2, Avg: 3.5, Max: 7, Diff: 5, Sum: 14]
      [Scan RS (ms): Min: 0.0, Avg: 0.0, Max: 0.0, Diff: 0.0, Sum: 0.0]
      [Code Root Scanning (ms): Min: 0.0, Avg: 0.0, Max: 0.1, Diff: 0.1, Sum: 0.1]
      [Object Copy (ms): Min: 1.8, Avg: 2.0, Max: 2.2, Diff: 0.4, Sum: 8.1]
      [Termination (ms): Min: 0.0, Avg: 0.0, Max: 0.0, Diff: 0.0, Sum: 0.0]
         [Termination Attempts: Min: 1, Avg: 1.3, Max: 2, Diff: 1, Sum: 5]
      [GC Worker Other (ms): Min: 0.0, Avg: 0.0, Max: 0.0, Diff: 0.0, Sum: 0.0]
      [GC Worker Total (ms): Min: 3.9, Avg: 3.9, Max: 4.0, Diff: 0.0, Sum: 15.8]
      [GC Worker End (ms): Min: 10054.4, Avg: 10054.4, Max: 10054.4, Diff: 0.0]
   [Code Root Fixup: 0.1 ms]
   [Code Root Purge: 0.0 ms]
   [Clear CT: 0.1 ms]
   [Other: 0.5 ms]
      [Choose CSet: 0.0 ms]
      [Ref Proc: 0.3 ms]
      [Ref Enq: 0.0 ms]
      [Redirty Cards: 0.1 ms]
      [Humongous Register: 0.0 ms]
      [Humongous Reclaim: 0.0 ms]
      [Free CSet: 0.0 ms]
   [Eden: 16.0M(16.0M)->0.0B(1024.0K) Survivors: 3072.0K->3072.0K Heap: 40.9M(50.0M)->25.4M(50.0M)]
 [Times: user=0.06 sys=0.00, real=0.00 secs] 
2021-04-15T21:12:17.000+0800: 10.067: [GC pause (G1 Evacuation Pause) (mixed), 0.0047121 secs]
   [Parallel Time: 4.4 ms, GC Workers: 4]
      [GC Worker Start (ms): Min: 10067.4, Avg: 10067.4, Max: 10067.4, Diff: 0.1]
      [Ext Root Scanning (ms): Min: 0.4, Avg: 0.6, Max: 0.9, Diff: 0.5, Sum: 2.4]
      [Update RS (ms): Min: 1.0, Avg: 1.1, Max: 1.3, Diff: 0.3, Sum: 4.5]
         [Processed Buffers: Min: 2, Avg: 3.3, Max: 7, Diff: 5, Sum: 13]
      [Scan RS (ms): Min: 0.1, Avg: 0.3, Max: 0.4, Diff: 0.3, Sum: 1.0]
      [Code Root Scanning (ms): Min: 0.0, Avg: 0.0, Max: 0.1, Diff: 0.1, Sum: 0.1]
      [Object Copy (ms): Min: 2.0, Avg: 2.2, Max: 2.3, Diff: 0.2, Sum: 8.6]
      [Termination (ms): Min: 0.0, Avg: 0.0, Max: 0.0, Diff: 0.0, Sum: 0.0]
         [Termination Attempts: Min: 1, Avg: 1.3, Max: 2, Diff: 1, Sum: 5]
      [GC Worker Other (ms): Min: 0.0, Avg: 0.0, Max: 0.0, Diff: 0.0, Sum: 0.0]
      [GC Worker Total (ms): Min: 4.1, Avg: 4.2, Max: 4.2, Diff: 0.1, Sum: 16.7]
      [GC Worker End (ms): Min: 10071.6, Avg: 10071.6, Max: 10071.6, Diff: 0.0]
   [Code Root Fixup: 0.0 ms]
   [Code Root Purge: 0.0 ms]
   [Clear CT: 0.0 ms]
   [Other: 0.3 ms]
      [Choose CSet: 0.0 ms]
      [Ref Proc: 0.2 ms]
      [Ref Enq: 0.0 ms]
      [Redirty Cards: 0.0 ms]
      [Humongous Register: 0.0 ms]
      [Humongous Reclaim: 0.0 ms]
      [Free CSet: 0.0 ms]
   [Eden: 1024.0K(1024.0K)->0.0B(19.0M) Survivors: 3072.0K->1024.0K Heap: 26.4M(50.0M)->24.1M(50.0M)]
 [Times: user=0.06 sys=0.00, real=0.01 secs] 
2021-04-15T21:12:17.252+0800: 10.319: [GC pause (G1 Evacuation Pause) (young), 0.0071125 secs]
   [Parallel Time: 6.0 ms, GC Workers: 4]
      [GC Worker Start (ms): Min: 10318.7, Avg: 10318.8, Max: 10318.8, Diff: 0.1]
      [Ext Root Scanning (ms): Min: 0.5, Avg: 0.7, Max: 1.0, Diff: 0.5, Sum: 2.6]
      [Update RS (ms): Min: 2.9, Avg: 3.2, Max: 3.7, Diff: 0.7, Sum: 12.9]
         [Processed Buffers: Min: 5, Avg: 6.3, Max: 8, Diff: 3, Sum: 25]
      [Scan RS (ms): Min: 0.0, Avg: 0.0, Max: 0.0, Diff: 0.0, Sum: 0.0]
      [Code Root Scanning (ms): Min: 0.0, Avg: 0.0, Max: 0.0, Diff: 0.0, Sum: 0.0]
      [Object Copy (ms): Min: 1.7, Avg: 2.0, Max: 2.3, Diff: 0.7, Sum: 8.0]
      [Termination (ms): Min: 0.0, Avg: 0.0, Max: 0.0, Diff: 0.0, Sum: 0.0]
         [Termination Attempts: Min: 1, Avg: 1.5, Max: 2, Diff: 1, Sum: 6]
      [GC Worker Other (ms): Min: 0.0, Avg: 0.0, Max: 0.0, Diff: 0.0, Sum: 0.0]
      [GC Worker Total (ms): Min: 5.9, Avg: 5.9, Max: 5.9, Diff: 0.1, Sum: 23.6]
      [GC Worker End (ms): Min: 10324.7, Avg: 10324.7, Max: 10324.7, Diff: 0.0]
   [Code Root Fixup: 0.0 ms]
   [Code Root Purge: 0.0 ms]
   [Clear CT: 0.3 ms]
   [Other: 0.7 ms]
      [Choose CSet: 0.0 ms]
      [Ref Proc: 0.5 ms]
      [Ref Enq: 0.0 ms]
      [Redirty Cards: 0.1 ms]
      [Humongous Register: 0.0 ms]
      [Humongous Reclaim: 0.0 ms]
      [Free CSet: 0.0 ms]
   [Eden: 19.0M(19.0M)->0.0B(15.0M) Survivors: 1024.0K->3072.0K Heap: 43.1M(50.0M)->25.4M(50.0M)]
 [Times: user=0.00 sys=0.00, real=0.01 secs] 
2021-04-15T21:12:17.749+0800: 10.816: [GC pause (G1 Evacuation Pause) (young) (initial-mark), 0.0051887 secs]
   [Parallel Time: 4.1 ms, GC Workers: 4]
      [GC Worker Start (ms): Min: 10816.4, Avg: 10816.4, Max: 10816.4, Diff: 0.0]
      [Ext Root Scanning (ms): Min: 1.0, Avg: 1.1, Max: 1.2, Diff: 0.2, Sum: 4.4]
      [Update RS (ms): Min: 0.6, Avg: 0.8, Max: 1.1, Diff: 0.4, Sum: 3.2]
         [Processed Buffers: Min: 1, Avg: 2.8, Max: 4, Diff: 3, Sum: 11]
      [Scan RS (ms): Min: 0.0, Avg: 0.0, Max: 0.0, Diff: 0.0, Sum: 0.0]
      [Code Root Scanning (ms): Min: 0.0, Avg: 0.0, Max: 0.0, Diff: 0.0, Sum: 0.1]
      [Object Copy (ms): Min: 1.8, Avg: 2.0, Max: 2.2, Diff: 0.4, Sum: 8.0]
      [Termination (ms): Min: 0.0, Avg: 0.0, Max: 0.0, Diff: 0.0, Sum: 0.0]
         [Termination Attempts: Min: 1, Avg: 1.0, Max: 1, Diff: 0, Sum: 4]
      [GC Worker Other (ms): Min: 0.0, Avg: 0.0, Max: 0.0, Diff: 0.0, Sum: 0.1]
      [GC Worker Total (ms): Min: 3.9, Avg: 3.9, Max: 4.0, Diff: 0.0, Sum: 15.7]
      [GC Worker End (ms): Min: 10820.4, Avg: 10820.4, Max: 10820.4, Diff: 0.0]
   [Code Root Fixup: 0.0 ms]
   [Code Root Purge: 0.0 ms]
   [Clear CT: 0.4 ms]
   [Other: 0.6 ms]
      [Choose CSet: 0.0 ms]
      [Ref Proc: 0.5 ms]
      [Ref Enq: 0.0 ms]
      [Redirty Cards: 0.1 ms]
      [Humongous Register: 0.0 ms]
      [Humongous Reclaim: 0.0 ms]
      [Free CSet: 0.0 ms]
   [Eden: 15.0M(15.0M)->0.0B(14.0M) Survivors: 3072.0K->3072.0K Heap: 40.4M(50.0M)->27.4M(50.0M)]
 [Times: user=0.06 sys=0.00, real=0.01 secs] 
2021-04-15T21:12:17.755+0800: 10.822: [GC concurrent-root-region-scan-start]
2021-04-15T21:12:17.760+0800: 10.827: [GC concurrent-root-region-scan-end, 0.0053862 secs]
2021-04-15T21:12:17.760+0800: 10.827: [GC concurrent-mark-start]
2021-04-15T21:12:17.825+0800: 10.892: [GC concurrent-mark-end, 0.0652510 secs]
2021-04-15T21:12:17.826+0800: 10.893: [GC remark 2021-04-15T21:12:17.826+0800: 10.893: [Finalize Marking, 0.0001489 secs] 2021-04-15T21:12:17.826+0800: 10.893: [GC ref-proc, 0.0007202 secs] 2021-04-15T21:12:17.827+0800: 10.894: [Unloading, 0.0064998 secs], 0.0076817 secs]
 [Times: user=0.06 sys=0.00, real=0.01 secs] 
2021-04-15T21:12:17.834+0800: 10.900: [GC cleanup 33M->33M(50M), 0.0003110 secs]
 [Times: user=0.00 sys=0.00, real=0.00 secs] 
2021-04-15T21:12:18.095+0800: 11.163: [GC pause (G1 Evacuation Pause) (young), 0.0066347 secs]
   [Parallel Time: 5.9 ms, GC Workers: 4]
      [GC Worker Start (ms): Min: 11162.6, Avg: 11162.7, Max: 11163.0, Diff: 0.4]
      [Ext Root Scanning (ms): Min: 1.0, Avg: 2.4, Max: 5.8, Diff: 4.7, Sum: 9.6]
      [Update RS (ms): Min: 0.0, Avg: 1.1, Max: 1.6, Diff: 1.6, Sum: 4.3]
         [Processed Buffers: Min: 0, Avg: 5.5, Max: 11, Diff: 11, Sum: 22]
      [Scan RS (ms): Min: 0.0, Avg: 0.0, Max: 0.0, Diff: 0.0, Sum: 0.0]
      [Code Root Scanning (ms): Min: 0.0, Avg: 0.0, Max: 0.0, Diff: 0.0, Sum: 0.0]
      [Object Copy (ms): Min: 0.0, Avg: 2.2, Max: 3.0, Diff: 3.0, Sum: 8.7]
      [Termination (ms): Min: 0.0, Avg: 0.1, Max: 0.1, Diff: 0.1, Sum: 0.2]
         [Termination Attempts: Min: 1, Avg: 1.3, Max: 2, Diff: 1, Sum: 5]
      [GC Worker Other (ms): Min: 0.0, Avg: 0.0, Max: 0.0, Diff: 0.0, Sum: 0.0]
      [GC Worker Total (ms): Min: 5.4, Avg: 5.7, Max: 5.8, Diff: 0.4, Sum: 22.9]
      [GC Worker End (ms): Min: 11168.5, Avg: 11168.5, Max: 11168.5, Diff: 0.0]
   [Code Root Fixup: 0.0 ms]
   [Code Root Purge: 0.0 ms]
   [Clear CT: 0.1 ms]
   [Other: 0.7 ms]
      [Choose CSet: 0.0 ms]
      [Ref Proc: 0.5 ms]
      [Ref Enq: 0.0 ms]
      [Redirty Cards: 0.1 ms]
      [Humongous Register: 0.0 ms]
      [Humongous Reclaim: 0.0 ms]
      [Free CSet: 0.0 ms]
   [Eden: 14.0M(14.0M)->0.0B(1024.0K) Survivors: 3072.0K->3072.0K Heap: 41.4M(50.0M)->30.0M(50.0M)]
 [Times: user=0.00 sys=0.00, real=0.01 secs] 
2021-04-15T21:12:18.114+0800: 11.181: [GC pause (G1 Evacuation Pause) (mixed), 0.0062289 secs]
   [Parallel Time: 5.8 ms, GC Workers: 4]
      [GC Worker Start (ms): Min: 11180.8, Avg: 11180.8, Max: 11180.8, Diff: 0.0]
      [Ext Root Scanning (ms): Min: 0.7, Avg: 0.9, Max: 1.2, Diff: 0.5, Sum: 3.5]
      [Update RS (ms): Min: 1.8, Avg: 2.0, Max: 2.2, Diff: 0.4, Sum: 8.1]
         [Processed Buffers: Min: 4, Avg: 5.0, Max: 7, Diff: 3, Sum: 20]
      [Scan RS (ms): Min: 0.8, Avg: 0.9, Max: 0.9, Diff: 0.1, Sum: 3.5]
      [Code Root Scanning (ms): Min: 0.0, Avg: 0.0, Max: 0.1, Diff: 0.1, Sum: 0.1]
      [Object Copy (ms): Min: 1.8, Avg: 2.0, Max: 2.1, Diff: 0.3, Sum: 7.9]
      [Termination (ms): Min: 0.0, Avg: 0.0, Max: 0.0, Diff: 0.0, Sum: 0.0]
         [Termination Attempts: Min: 1, Avg: 1.0, Max: 1, Diff: 0, Sum: 4]
      [GC Worker Other (ms): Min: 0.0, Avg: 0.0, Max: 0.0, Diff: 0.0, Sum: 0.0]
      [GC Worker Total (ms): Min: 5.8, Avg: 5.8, Max: 5.8, Diff: 0.0, Sum: 23.1]
      [GC Worker End (ms): Min: 11186.6, Avg: 11186.6, Max: 11186.6, Diff: 0.0]
   [Code Root Fixup: 0.0 ms]
   [Code Root Purge: 0.0 ms]
   [Clear CT: 0.1 ms]
   [Other: 0.3 ms]
      [Choose CSet: 0.0 ms]
      [Ref Proc: 0.2 ms]
      [Ref Enq: 0.0 ms]
      [Redirty Cards: 0.1 ms]
      [Humongous Register: 0.0 ms]
      [Humongous Reclaim: 0.0 ms]
      [Free CSet: 0.0 ms]
   [Eden: 1024.0K(1024.0K)->0.0B(14.0M) Survivors: 3072.0K->1024.0K Heap: 31.0M(50.0M)->29.7M(50.0M)]
 [Times: user=0.00 sys=0.00, real=0.01 secs] 
2021-04-15T21:12:18.394+0800: 11.461: [GC pause (G1 Evacuation Pause) (young), 0.0071573 secs]
   [Parallel Time: 6.3 ms, GC Workers: 4]
      [GC Worker Start (ms): Min: 11461.0, Avg: 11462.6, Max: 11467.1, Diff: 6.1]
      [Ext Root Scanning (ms): Min: 0.0, Avg: 0.7, Max: 1.0, Diff: 1.0, Sum: 2.7]
      [Update RS (ms): Min: 0.0, Avg: 2.8, Max: 3.7, Diff: 3.7, Sum: 11.2]
         [Processed Buffers: Min: 0, Avg: 13.3, Max: 40, Diff: 40, Sum: 53]
      [Scan RS (ms): Min: 0.0, Avg: 0.0, Max: 0.0, Diff: 0.0, Sum: 0.0]
      [Code Root Scanning (ms): Min: 0.0, Avg: 0.0, Max: 0.1, Diff: 0.1, Sum: 0.1]
      [Object Copy (ms): Min: 0.0, Avg: 1.0, Max: 1.4, Diff: 1.4, Sum: 4.2]
      [Termination (ms): Min: 0.0, Avg: 0.1, Max: 0.2, Diff: 0.2, Sum: 0.5]
         [Termination Attempts: Min: 1, Avg: 1.0, Max: 1, Diff: 0, Sum: 4]
      [GC Worker Other (ms): Min: 0.0, Avg: 0.0, Max: 0.0, Diff: 0.0, Sum: 0.0]
      [GC Worker Total (ms): Min: 0.0, Avg: 4.7, Max: 6.2, Diff: 6.2, Sum: 18.7]
      [GC Worker End (ms): Min: 11467.2, Avg: 11467.2, Max: 11467.3, Diff: 0.1]
   [Code Root Fixup: 0.0 ms]
   [Code Root Purge: 0.0 ms]
   [Clear CT: 0.1 ms]
   [Other: 0.8 ms]
      [Choose CSet: 0.0 ms]
      [Ref Proc: 0.6 ms]
      [Ref Enq: 0.0 ms]
      [Redirty Cards: 0.1 ms]
      [Humongous Register: 0.0 ms]
      [Humongous Reclaim: 0.0 ms]
      [Free CSet: 0.0 ms]
   [Eden: 14.0M(14.0M)->0.0B(12.0M) Survivors: 1024.0K->2048.0K Heap: 43.7M(50.0M)->30.7M(50.0M)]
 [Times: user=0.00 sys=0.00, real=0.01 secs] 
2021-04-15T21:12:18.517+0800: 11.584: [GC pause (G1 Evacuation Pause) (young) (initial-mark), 0.0044787 secs]
   [Parallel Time: 4.0 ms, GC Workers: 4]
      [GC Worker Start (ms): Min: 11584.1, Avg: 11584.1, Max: 11584.1, Diff: 0.0]
      [Ext Root Scanning (ms): Min: 1.1, Avg: 1.2, Max: 1.2, Diff: 0.1, Sum: 4.6]
      [Update RS (ms): Min: 0.5, Avg: 0.9, Max: 1.3, Diff: 0.7, Sum: 3.7]
         [Processed Buffers: Min: 2, Avg: 2.8, Max: 5, Diff: 3, Sum: 11]
      [Scan RS (ms): Min: 0.0, Avg: 0.0, Max: 0.0, Diff: 0.0, Sum: 0.0]
      [Code Root Scanning (ms): Min: 0.0, Avg: 0.0, Max: 0.1, Diff: 0.1, Sum: 0.1]
      [Object Copy (ms): Min: 1.3, Avg: 1.7, Max: 2.1, Diff: 0.7, Sum: 6.9]
      [Termination (ms): Min: 0.0, Avg: 0.0, Max: 0.0, Diff: 0.0, Sum: 0.0]
         [Termination Attempts: Min: 1, Avg: 1.0, Max: 1, Diff: 0, Sum: 4]
      [GC Worker Other (ms): Min: 0.0, Avg: 0.0, Max: 0.0, Diff: 0.0, Sum: 0.0]
      [GC Worker Total (ms): Min: 3.8, Avg: 3.9, Max: 3.9, Diff: 0.0, Sum: 15.4]
      [GC Worker End (ms): Min: 11588.0, Avg: 11588.0, Max: 11588.0, Diff: 0.0]
   [Code Root Fixup: 0.0 ms]
   [Code Root Purge: 0.0 ms]
   [Clear CT: 0.1 ms]
   [Other: 0.4 ms]
      [Choose CSet: 0.0 ms]
      [Ref Proc: 0.3 ms]
      [Ref Enq: 0.0 ms]
      [Redirty Cards: 0.1 ms]
      [Humongous Register: 0.0 ms]
      [Humongous Reclaim: 0.0 ms]
      [Free CSet: 0.0 ms]
   [Eden: 12.0M(12.0M)->0.0B(11.0M) Survivors: 2048.0K->2048.0K Heap: 42.7M(50.0M)->31.2M(50.0M)]
 [Times: user=0.06 sys=0.00, real=0.01 secs] 
2021-04-15T21:12:18.522+0800: 11.589: [GC concurrent-root-region-scan-start]
2021-04-15T21:12:18.527+0800: 11.594: [GC concurrent-root-region-scan-end, 0.0052574 secs]
2021-04-15T21:12:18.527+0800: 11.594: [GC concurrent-mark-start]
2021-04-15T21:12:18.613+0800: 11.680: [GC concurrent-mark-end, 0.0858474 secs]
2021-04-15T21:12:18.613+0800: 11.680: [GC remark 2021-04-15T21:12:18.613+0800: 11.680: [Finalize Marking, 0.0001630 secs] 2021-04-15T21:12:18.613+0800: 11.680: [GC ref-proc, 0.0006059 secs] 2021-04-15T21:12:18.614+0800: 11.681: [Unloading, 0.0069500 secs], 0.0079885 secs]
 [Times: user=0.00 sys=0.00, real=0.01 secs] 
2021-04-15T21:12:18.621+0800: 11.688: [GC cleanup 37M->37M(50M), 0.0003371 secs]
 [Times: user=0.00 sys=0.00, real=0.00 secs] 
2021-04-15T21:12:18.677+0800: 11.744: [GC pause (G1 Evacuation Pause) (young), 0.0047296 secs]
   [Parallel Time: 4.3 ms, GC Workers: 4]
      [GC Worker Start (ms): Min: 11744.3, Avg: 11744.3, Max: 11744.3, Diff: 0.0]
      [Ext Root Scanning (ms): Min: 0.6, Avg: 0.7, Max: 1.1, Diff: 0.6, Sum: 2.9]
      [Update RS (ms): Min: 1.2, Avg: 1.3, Max: 1.6, Diff: 0.4, Sum: 5.3]
         [Processed Buffers: Min: 2, Avg: 3.5, Max: 7, Diff: 5, Sum: 14]
      [Scan RS (ms): Min: 0.0, Avg: 0.0, Max: 0.0, Diff: 0.0, Sum: 0.0]
      [Code Root Scanning (ms): Min: 0.0, Avg: 0.0, Max: 0.1, Diff: 0.1, Sum: 0.1]
      [Object Copy (ms): Min: 1.8, Avg: 2.1, Max: 2.3, Diff: 0.5, Sum: 8.4]
      [Termination (ms): Min: 0.0, Avg: 0.0, Max: 0.0, Diff: 0.0, Sum: 0.0]
         [Termination Attempts: Min: 1, Avg: 1.0, Max: 1, Diff: 0, Sum: 4]
      [GC Worker Other (ms): Min: 0.0, Avg: 0.0, Max: 0.0, Diff: 0.0, Sum: 0.0]
      [GC Worker Total (ms): Min: 4.2, Avg: 4.2, Max: 4.2, Diff: 0.0, Sum: 16.8]
      [GC Worker End (ms): Min: 11748.5, Avg: 11748.5, Max: 11748.5, Diff: 0.0]
   [Code Root Fixup: 0.0 ms]
   [Code Root Purge: 0.0 ms]
   [Clear CT: 0.1 ms]
   [Other: 0.3 ms]
      [Choose CSet: 0.0 ms]
      [Ref Proc: 0.2 ms]
      [Ref Enq: 0.0 ms]
      [Redirty Cards: 0.1 ms]
      [Humongous Register: 0.0 ms]
      [Humongous Reclaim: 0.0 ms]
      [Free CSet: 0.0 ms]
   [Eden: 11.0M(11.0M)->0.0B(1024.0K) Survivors: 2048.0K->2048.0K Heap: 42.2M(50.0M)->32.2M(50.0M)]
 [Times: user=0.00 sys=0.00, real=0.00 secs] 
2021-04-15T21:12:18.698+0800: 11.765: [GC pause (G1 Evacuation Pause) (mixed), 0.0063479 secs]
   [Parallel Time: 6.0 ms, GC Workers: 4]
      [GC Worker Start (ms): Min: 11765.2, Avg: 11765.2, Max: 11765.2, Diff: 0.0]
      [Ext Root Scanning (ms): Min: 0.5, Avg: 0.7, Max: 1.1, Diff: 0.6, Sum: 2.9]
      [Update RS (ms): Min: 1.2, Avg: 1.5, Max: 1.7, Diff: 0.4, Sum: 6.0]
         [Processed Buffers: Min: 3, Avg: 4.5, Max: 8, Diff: 5, Sum: 18]
      [Scan RS (ms): Min: 0.6, Avg: 0.7, Max: 0.7, Diff: 0.1, Sum: 2.8]
      [Code Root Scanning (ms): Min: 0.0, Avg: 0.0, Max: 0.1, Diff: 0.1, Sum: 0.1]
      [Object Copy (ms): Min: 2.9, Avg: 3.0, Max: 3.0, Diff: 0.2, Sum: 12.0]
      [Termination (ms): Min: 0.0, Avg: 0.0, Max: 0.0, Diff: 0.0, Sum: 0.0]
         [Termination Attempts: Min: 1, Avg: 1.5, Max: 3, Diff: 2, Sum: 6]
      [GC Worker Other (ms): Min: 0.0, Avg: 0.0, Max: 0.0, Diff: 0.0, Sum: 0.0]
      [GC Worker Total (ms): Min: 5.9, Avg: 5.9, Max: 6.0, Diff: 0.0, Sum: 23.8]
      [GC Worker End (ms): Min: 11771.1, Avg: 11771.1, Max: 11771.1, Diff: 0.0]
   [Code Root Fixup: 0.0 ms]
   [Code Root Purge: 0.0 ms]
   [Clear CT: 0.1 ms]
   [Other: 0.3 ms]
      [Choose CSet: 0.0 ms]
      [Ref Proc: 0.1 ms]
      [Ref Enq: 0.0 ms]
      [Redirty Cards: 0.0 ms]
      [Humongous Register: 0.0 ms]
      [Humongous Reclaim: 0.0 ms]
      [Free CSet: 0.0 ms]
   [Eden: 1024.0K(1024.0K)->0.0B(1024.0K) Survivors: 2048.0K->1024.0K Heap: 33.2M(50.0M)->29.0M(50.0M)]
 [Times: user=0.00 sys=0.00, real=0.01 secs] 
2021-04-15T21:12:18.713+0800: 11.780: [GC pause (G1 Evacuation Pause) (mixed), 0.0091358 secs]
   [Parallel Time: 8.7 ms, GC Workers: 4]
      [GC Worker Start (ms): Min: 11779.7, Avg: 11779.7, Max: 11779.7, Diff: 0.0]
      [Ext Root Scanning (ms): Min: 0.5, Avg: 0.7, Max: 1.0, Diff: 0.5, Sum: 2.7]
      [Update RS (ms): Min: 2.8, Avg: 3.2, Max: 3.5, Diff: 0.6, Sum: 12.8]
         [Processed Buffers: Min: 6, Avg: 7.3, Max: 10, Diff: 4, Sum: 29]
      [Scan RS (ms): Min: 1.3, Avg: 1.5, Max: 1.6, Diff: 0.3, Sum: 6.1]
      [Code Root Scanning (ms): Min: 0.0, Avg: 0.1, Max: 0.1, Diff: 0.1, Sum: 0.3]
      [Object Copy (ms): Min: 3.1, Avg: 3.2, Max: 3.2, Diff: 0.1, Sum: 12.8]
      [Termination (ms): Min: 0.0, Avg: 0.0, Max: 0.0, Diff: 0.0, Sum: 0.0]
         [Termination Attempts: Min: 1, Avg: 3.5, Max: 6, Diff: 5, Sum: 14]
      [GC Worker Other (ms): Min: 0.0, Avg: 0.0, Max: 0.0, Diff: 0.0, Sum: 0.0]
      [GC Worker Total (ms): Min: 8.6, Avg: 8.7, Max: 8.7, Diff: 0.0, Sum: 34.6]
      [GC Worker End (ms): Min: 11788.3, Avg: 11788.3, Max: 11788.3, Diff: 0.0]
   [Code Root Fixup: 0.1 ms]
   [Code Root Purge: 0.0 ms]
   [Clear CT: 0.0 ms]
   [Other: 0.3 ms]
      [Choose CSet: 0.0 ms]
      [Ref Proc: 0.1 ms]
      [Ref Enq: 0.0 ms]
      [Redirty Cards: 0.0 ms]
      [Humongous Register: 0.0 ms]
      [Humongous Reclaim: 0.0 ms]
      [Free CSet: 0.0 ms]
   [Eden: 1024.0K(1024.0K)->0.0B(14.0M) Survivors: 1024.0K->1024.0K Heap: 30.0M(50.0M)->29.6M(50.0M)]
 [Times: user=0.06 sys=0.00, real=0.01 secs] 
2021-04-15T21:12:19.823+0800: 12.889: [GC pause (G1 Evacuation Pause) (young), 0.0080648 secs]
   [Parallel Time: 7.4 ms, GC Workers: 4]
      [GC Worker Start (ms): Min: 12889.5, Avg: 12889.6, Max: 12890.0, Diff: 0.5]
      [Ext Root Scanning (ms): Min: 0.4, Avg: 1.0, Max: 1.5, Diff: 1.0, Sum: 3.8]
      [Update RS (ms): Min: 4.5, Avg: 5.0, Max: 5.3, Diff: 0.9, Sum: 20.0]
         [Processed Buffers: Min: 8, Avg: 9.3, Max: 11, Diff: 3, Sum: 37]
      [Scan RS (ms): Min: 0.0, Avg: 0.0, Max: 0.0, Diff: 0.0, Sum: 0.0]
      [Code Root Scanning (ms): Min: 0.0, Avg: 0.0, Max: 0.1, Diff: 0.1, Sum: 0.1]
      [Object Copy (ms): Min: 1.0, Avg: 1.2, Max: 1.3, Diff: 0.3, Sum: 4.8]
      [Termination (ms): Min: 0.0, Avg: 0.0, Max: 0.0, Diff: 0.0, Sum: 0.0]
         [Termination Attempts: Min: 1, Avg: 1.0, Max: 1, Diff: 0, Sum: 4]
      [GC Worker Other (ms): Min: 0.0, Avg: 0.0, Max: 0.0, Diff: 0.0, Sum: 0.0]
      [GC Worker Total (ms): Min: 6.8, Avg: 7.2, Max: 7.3, Diff: 0.5, Sum: 28.7]
      [GC Worker End (ms): Min: 12896.8, Avg: 12896.8, Max: 12896.8, Diff: 0.0]
   [Code Root Fixup: 0.0 ms]
   [Code Root Purge: 0.0 ms]
   [Clear CT: 0.1 ms]
   [Other: 0.6 ms]
      [Choose CSet: 0.0 ms]
      [Ref Proc: 0.4 ms]
      [Ref Enq: 0.0 ms]
      [Redirty Cards: 0.1 ms]
      [Humongous Register: 0.0 ms]
      [Humongous Reclaim: 0.0 ms]
      [Free CSet: 0.0 ms]
   [Eden: 14.0M(14.0M)->0.0B(12.0M) Survivors: 1024.0K->2048.0K Heap: 43.6M(50.0M)->30.8M(50.0M)]
 [Times: user=0.03 sys=0.00, real=0.01 secs] 
2021-04-15T21:12:20.074+0800: 13.141: [GC pause (G1 Evacuation Pause) (young) (initial-mark), 0.0063445 secs]
   [Parallel Time: 5.1 ms, GC Workers: 4]
      [GC Worker Start (ms): Min: 13140.9, Avg: 13140.9, Max: 13140.9, Diff: 0.0]
      [Ext Root Scanning (ms): Min: 1.9, Avg: 2.0, Max: 2.1, Diff: 0.2, Sum: 8.1]
      [Update RS (ms): Min: 1.1, Avg: 1.3, Max: 1.5, Diff: 0.4, Sum: 5.3]
         [Processed Buffers: Min: 2, Avg: 3.5, Max: 6, Diff: 4, Sum: 14]
      [Scan RS (ms): Min: 0.0, Avg: 0.0, Max: 0.0, Diff: 0.0, Sum: 0.0]
      [Code Root Scanning (ms): Min: 0.0, Avg: 0.0, Max: 0.1, Diff: 0.1, Sum: 0.1]
      [Object Copy (ms): Min: 1.3, Avg: 1.6, Max: 1.8, Diff: 0.5, Sum: 6.4]
      [Termination (ms): Min: 0.0, Avg: 0.0, Max: 0.0, Diff: 0.0, Sum: 0.0]
         [Termination Attempts: Min: 1, Avg: 1.0, Max: 1, Diff: 0, Sum: 4]
      [GC Worker Other (ms): Min: 0.0, Avg: 0.0, Max: 0.0, Diff: 0.0, Sum: 0.1]
      [GC Worker Total (ms): Min: 5.0, Avg: 5.0, Max: 5.0, Diff: 0.0, Sum: 19.9]
      [GC Worker End (ms): Min: 13145.9, Avg: 13145.9, Max: 13145.9, Diff: 0.0]
   [Code Root Fixup: 0.0 ms]
   [Code Root Purge: 0.0 ms]
   [Clear CT: 0.1 ms]
   [Other: 1.0 ms]
      [Choose CSet: 0.0 ms]
      [Ref Proc: 0.9 ms]
      [Ref Enq: 0.0 ms]
      [Redirty Cards: 0.1 ms]
      [Humongous Register: 0.0 ms]
      [Humongous Reclaim: 0.0 ms]
      [Free CSet: 0.0 ms]
   [Eden: 12.0M(12.0M)->0.0B(11.0M) Survivors: 2048.0K->2048.0K Heap: 42.8M(50.0M)->31.8M(50.0M)]
 [Times: user=0.02 sys=0.00, real=0.01 secs] 
2021-04-15T21:12:20.080+0800: 13.147: [GC concurrent-root-region-scan-start]
2021-04-15T21:12:20.086+0800: 13.153: [GC concurrent-root-region-scan-end, 0.0058176 secs]
2021-04-15T21:12:20.086+0800: 13.153: [GC concurrent-mark-start]
2021-04-15T21:12:20.168+0800: 13.235: [GC concurrent-mark-end, 0.0817011 secs]
2021-04-15T21:12:20.168+0800: 13.235: [GC remark 2021-04-15T21:12:20.168+0800: 13.235: [Finalize Marking, 0.0002999 secs] 2021-04-15T21:12:20.169+0800: 13.235: [GC ref-proc, 0.0007228 secs] 2021-04-15T21:12:20.169+0800: 13.236: [Unloading, 0.0083998 secs], 0.0097242 secs]
 [Times: user=0.06 sys=0.00, real=0.01 secs] 
2021-04-15T21:12:20.178+0800: 13.245: [GC cleanup 37M->37M(50M), 0.0003627 secs]
 [Times: user=0.00 sys=0.00, real=0.00 secs] 
2021-04-15T21:12:20.300+0800: 13.367: [GC pause (G1 Evacuation Pause) (young), 0.0050978 secs]
   [Parallel Time: 4.6 ms, GC Workers: 4]
      [GC Worker Start (ms): Min: 13367.2, Avg: 13367.2, Max: 13367.2, Diff: 0.0]
      [Ext Root Scanning (ms): Min: 0.6, Avg: 0.9, Max: 1.1, Diff: 0.4, Sum: 3.5]
      [Update RS (ms): Min: 1.1, Avg: 1.4, Max: 1.7, Diff: 0.5, Sum: 5.6]
         [Processed Buffers: Min: 2, Avg: 8.3, Max: 25, Diff: 23, Sum: 33]
      [Scan RS (ms): Min: 0.0, Avg: 0.0, Max: 0.0, Diff: 0.0, Sum: 0.0]
      [Code Root Scanning (ms): Min: 0.0, Avg: 0.0, Max: 0.1, Diff: 0.1, Sum: 0.1]
      [Object Copy (ms): Min: 1.9, Avg: 2.2, Max: 2.4, Diff: 0.5, Sum: 8.8]
      [Termination (ms): Min: 0.0, Avg: 0.0, Max: 0.0, Diff: 0.0, Sum: 0.0]
         [Termination Attempts: Min: 1, Avg: 1.3, Max: 2, Diff: 1, Sum: 5]
      [GC Worker Other (ms): Min: 0.0, Avg: 0.0, Max: 0.0, Diff: 0.0, Sum: 0.0]
      [GC Worker Total (ms): Min: 4.5, Avg: 4.5, Max: 4.5, Diff: 0.0, Sum: 17.9]
      [GC Worker End (ms): Min: 13371.7, Avg: 13371.7, Max: 13371.7, Diff: 0.0]
   [Code Root Fixup: 0.0 ms]
   [Code Root Purge: 0.0 ms]
   [Clear CT: 0.1 ms]
   [Other: 0.4 ms]
      [Choose CSet: 0.0 ms]
      [Ref Proc: 0.2 ms]
      [Ref Enq: 0.0 ms]
      [Redirty Cards: 0.1 ms]
      [Humongous Register: 0.0 ms]
      [Humongous Reclaim: 0.0 ms]
      [Free CSet: 0.0 ms]
   [Eden: 11.0M(11.0M)->0.0B(1024.0K) Survivors: 2048.0K->2048.0K Heap: 42.8M(50.0M)->32.9M(50.0M)]
 [Times: user=0.00 sys=0.00, real=0.01 secs] 
2021-04-15T21:12:20.315+0800: 13.382: [GC pause (G1 Evacuation Pause) (mixed), 0.0099379 secs]
   [Parallel Time: 9.5 ms, GC Workers: 4]
      [GC Worker Start (ms): Min: 13382.2, Avg: 13382.3, Max: 13382.3, Diff: 0.0]
      [Ext Root Scanning (ms): Min: 0.7, Avg: 0.9, Max: 1.5, Diff: 0.8, Sum: 3.7]
      [Update RS (ms): Min: 1.5, Avg: 1.8, Max: 2.2, Diff: 0.7, Sum: 7.4]
         [Processed Buffers: Min: 2, Avg: 4.3, Max: 7, Diff: 5, Sum: 17]
      [Scan RS (ms): Min: 1.5, Avg: 1.6, Max: 1.8, Diff: 0.3, Sum: 6.5]
      [Code Root Scanning (ms): Min: 0.0, Avg: 0.1, Max: 0.1, Diff: 0.1, Sum: 0.2]
      [Object Copy (ms): Min: 4.7, Avg: 4.9, Max: 5.0, Diff: 0.3, Sum: 19.6]
      [Termination (ms): Min: 0.0, Avg: 0.0, Max: 0.0, Diff: 0.0, Sum: 0.0]
         [Termination Attempts: Min: 1, Avg: 1.3, Max: 2, Diff: 1, Sum: 5]
      [GC Worker Other (ms): Min: 0.0, Avg: 0.0, Max: 0.0, Diff: 0.0, Sum: 0.0]
      [GC Worker Total (ms): Min: 9.4, Avg: 9.4, Max: 9.4, Diff: 0.0, Sum: 37.6]
      [GC Worker End (ms): Min: 13391.6, Avg: 13391.6, Max: 13391.7, Diff: 0.0]
   [Code Root Fixup: 0.1 ms]
   [Code Root Purge: 0.0 ms]
   [Clear CT: 0.1 ms]
   [Other: 0.3 ms]
      [Choose CSet: 0.0 ms]
      [Ref Proc: 0.2 ms]
      [Ref Enq: 0.0 ms]
      [Redirty Cards: 0.0 ms]
      [Humongous Register: 0.0 ms]
      [Humongous Reclaim: 0.0 ms]
      [Free CSet: 0.0 ms]
   [Eden: 1024.0K(1024.0K)->0.0B(1024.0K) Survivors: 2048.0K->1024.0K Heap: 33.9M(50.0M)->31.1M(50.0M)]
 [Times: user=0.00 sys=0.00, real=0.01 secs] 
2021-04-15T21:12:20.333+0800: 13.400: [GC pause (G1 Evacuation Pause) (mixed), 0.0096222 secs]
   [Parallel Time: 9.3 ms, GC Workers: 4]
      [GC Worker Start (ms): Min: 13400.3, Avg: 13400.3, Max: 13400.3, Diff: 0.0]
      [Ext Root Scanning (ms): Min: 0.6, Avg: 0.9, Max: 1.3, Diff: 0.6, Sum: 3.5]
      [Update RS (ms): Min: 6.4, Avg: 6.5, Max: 6.6, Diff: 0.2, Sum: 26.0]
         [Processed Buffers: Min: 9, Avg: 11.8, Max: 14, Diff: 5, Sum: 47]
      [Scan RS (ms): Min: 0.5, Avg: 0.6, Max: 0.8, Diff: 0.3, Sum: 2.6]
      [Code Root Scanning (ms): Min: 0.0, Avg: 0.0, Max: 0.2, Diff: 0.2, Sum: 0.2]
      [Object Copy (ms): Min: 1.0, Avg: 1.1, Max: 1.3, Diff: 0.3, Sum: 4.4]
      [Termination (ms): Min: 0.0, Avg: 0.0, Max: 0.0, Diff: 0.0, Sum: 0.0]
         [Termination Attempts: Min: 1, Avg: 1.0, Max: 1, Diff: 0, Sum: 4]
      [GC Worker Other (ms): Min: 0.0, Avg: 0.0, Max: 0.0, Diff: 0.0, Sum: 0.0]
      [GC Worker Total (ms): Min: 9.2, Avg: 9.2, Max: 9.2, Diff: 0.0, Sum: 36.7]
      [GC Worker End (ms): Min: 13409.4, Avg: 13409.4, Max: 13409.5, Diff: 0.0]
   [Code Root Fixup: 0.0 ms]
   [Code Root Purge: 0.0 ms]
   [Clear CT: 0.1 ms]
   [Other: 0.2 ms]
      [Choose CSet: 0.0 ms]
      [Ref Proc: 0.1 ms]
      [Ref Enq: 0.0 ms]
      [Redirty Cards: 0.0 ms]
      [Humongous Register: 0.0 ms]
      [Humongous Reclaim: 0.0 ms]
      [Free CSet: 0.0 ms]
   [Eden: 1024.0K(1024.0K)->0.0B(11.0M) Survivors: 1024.0K->1024.0K Heap: 32.1M(50.0M)->32.2M(50.0M)]
 [Times: user=0.00 sys=0.00, real=0.01 secs] 
2021-04-15T21:12:20.419+0800: 13.486: [GC pause (G1 Evacuation Pause) (young), 0.0048218 secs]
   [Parallel Time: 4.2 ms, GC Workers: 4]
      [GC Worker Start (ms): Min: 13485.6, Avg: 13485.6, Max: 13485.6, Diff: 0.0]
      [Ext Root Scanning (ms): Min: 0.7, Avg: 0.8, Max: 0.9, Diff: 0.3, Sum: 3.2]
      [Update RS (ms): Min: 2.0, Avg: 2.1, Max: 2.2, Diff: 0.2, Sum: 8.5]
         [Processed Buffers: Min: 3, Avg: 5.0, Max: 8, Diff: 5, Sum: 20]
      [Scan RS (ms): Min: 0.0, Avg: 0.0, Max: 0.0, Diff: 0.0, Sum: 0.0]
      [Code Root Scanning (ms): Min: 0.0, Avg: 0.0, Max: 0.0, Diff: 0.0, Sum: 0.0]
      [Object Copy (ms): Min: 1.0, Avg: 1.1, Max: 1.2, Diff: 0.2, Sum: 4.4]
      [Termination (ms): Min: 0.0, Avg: 0.0, Max: 0.1, Diff: 0.1, Sum: 0.2]
         [Termination Attempts: Min: 1, Avg: 3.3, Max: 7, Diff: 6, Sum: 13]
      [GC Worker Other (ms): Min: 0.0, Avg: 0.0, Max: 0.0, Diff: 0.0, Sum: 0.0]
      [GC Worker Total (ms): Min: 4.1, Avg: 4.1, Max: 4.1, Diff: 0.0, Sum: 16.3]
      [GC Worker End (ms): Min: 13489.7, Avg: 13489.7, Max: 13489.7, Diff: 0.0]
   [Code Root Fixup: 0.0 ms]
   [Code Root Purge: 0.0 ms]
   [Clear CT: 0.1 ms]
   [Other: 0.6 ms]
      [Choose CSet: 0.0 ms]
      [Ref Proc: 0.4 ms]
      [Ref Enq: 0.0 ms]
      [Redirty Cards: 0.1 ms]
      [Humongous Register: 0.0 ms]
      [Humongous Reclaim: 0.0 ms]
      [Free CSet: 0.0 ms]
   [Eden: 11.0M(11.0M)->0.0B(11.0M) Survivors: 1024.0K->1024.0K Heap: 43.2M(50.0M)->32.5M(50.0M)]
 [Times: user=0.01 sys=0.00, real=0.01 secs] 
2021-04-15T21:12:20.475+0800: 13.542: [GC pause (G1 Evacuation Pause) (young) (initial-mark), 0.0037534 secs]
   [Parallel Time: 3.2 ms, GC Workers: 4]
      [GC Worker Start (ms): Min: 13542.1, Avg: 13542.1, Max: 13542.2, Diff: 0.0]
      [Ext Root Scanning (ms): Min: 1.4, Avg: 1.4, Max: 1.5, Diff: 0.1, Sum: 5.6]
      [Update RS (ms): Min: 0.3, Avg: 0.4, Max: 0.6, Diff: 0.3, Sum: 1.6]
         [Processed Buffers: Min: 1, Avg: 2.0, Max: 4, Diff: 3, Sum: 8]
      [Scan RS (ms): Min: 0.0, Avg: 0.0, Max: 0.0, Diff: 0.0, Sum: 0.0]
      [Code Root Scanning (ms): Min: 0.0, Avg: 0.0, Max: 0.0, Diff: 0.0, Sum: 0.1]
      [Object Copy (ms): Min: 1.2, Avg: 1.2, Max: 1.3, Diff: 0.2, Sum: 4.9]
      [Termination (ms): Min: 0.0, Avg: 0.0, Max: 0.0, Diff: 0.0, Sum: 0.0]
         [Termination Attempts: Min: 1, Avg: 2.3, Max: 4, Diff: 3, Sum: 9]
      [GC Worker Other (ms): Min: 0.0, Avg: 0.0, Max: 0.0, Diff: 0.0, Sum: 0.0]
      [GC Worker Total (ms): Min: 3.0, Avg: 3.1, Max: 3.1, Diff: 0.0, Sum: 12.3]
      [GC Worker End (ms): Min: 13545.2, Avg: 13545.2, Max: 13545.2, Diff: 0.0]
   [Code Root Fixup: 0.0 ms]
   [Code Root Purge: 0.0 ms]
   [Clear CT: 0.1 ms]
   [Other: 0.4 ms]
      [Choose CSet: 0.0 ms]
      [Ref Proc: 0.1 ms]
      [Ref Enq: 0.0 ms]
      [Redirty Cards: 0.1 ms]
      [Humongous Register: 0.0 ms]
      [Humongous Reclaim: 0.0 ms]
      [Free CSet: 0.0 ms]
   [Eden: 11.0M(11.0M)->0.0B(9216.0K) Survivors: 1024.0K->2048.0K Heap: 43.5M(50.0M)->33.1M(50.0M)]
 [Times: user=0.00 sys=0.00, real=0.00 secs] 
2021-04-15T21:12:20.479+0800: 13.546: [GC concurrent-root-region-scan-start]
2021-04-15T21:12:20.483+0800: 13.550: [GC concurrent-root-region-scan-end, 0.0038007 secs]
2021-04-15T21:12:20.483+0800: 13.550: [GC concurrent-mark-start]
2021-04-15T21:12:20.519+0800: 13.586: [GC pause (G1 Evacuation Pause) (young), 0.0029431 secs]
   [Parallel Time: 2.6 ms, GC Workers: 4]
      [GC Worker Start (ms): Min: 13586.0, Avg: 13586.0, Max: 13586.1, Diff: 0.0]
      [Ext Root Scanning (ms): Min: 0.7, Avg: 0.8, Max: 1.0, Diff: 0.3, Sum: 3.1]
      [Update RS (ms): Min: 0.0, Avg: 0.4, Max: 0.7, Diff: 0.6, Sum: 1.7]
         [Processed Buffers: Min: 1, Avg: 2.0, Max: 4, Diff: 3, Sum: 8]
      [Scan RS (ms): Min: 0.0, Avg: 0.0, Max: 0.0, Diff: 0.0, Sum: 0.0]
      [Code Root Scanning (ms): Min: 0.0, Avg: 0.0, Max: 0.1, Diff: 0.1, Sum: 0.1]
      [Object Copy (ms): Min: 1.1, Avg: 1.2, Max: 1.3, Diff: 0.2, Sum: 4.9]
      [Termination (ms): Min: 0.0, Avg: 0.0, Max: 0.0, Diff: 0.0, Sum: 0.0]
         [Termination Attempts: Min: 1, Avg: 1.0, Max: 1, Diff: 0, Sum: 4]
      [GC Worker Other (ms): Min: 0.0, Avg: 0.0, Max: 0.0, Diff: 0.0, Sum: 0.0]
      [GC Worker Total (ms): Min: 2.5, Avg: 2.5, Max: 2.5, Diff: 0.0, Sum: 9.9]
      [GC Worker End (ms): Min: 13588.5, Avg: 13588.5, Max: 13588.5, Diff: 0.0]
   [Code Root Fixup: 0.0 ms]
   [Code Root Purge: 0.0 ms]
   [Clear CT: 0.1 ms]
   [Other: 0.3 ms]
      [Choose CSet: 0.0 ms]
      [Ref Proc: 0.1 ms]
      [Ref Enq: 0.0 ms]
      [Redirty Cards: 0.1 ms]
      [Humongous Register: 0.0 ms]
      [Humongous Reclaim: 0.0 ms]
      [Free CSet: 0.0 ms]
   [Eden: 9216.0K(9216.0K)->0.0B(9216.0K) Survivors: 2048.0K->2048.0K Heap: 42.1M(50.0M)->33.1M(50.0M)]
 [Times: user=0.00 sys=0.00, real=0.00 secs] 
2021-04-15T21:12:20.562+0800: 13.629: [GC pause (G1 Evacuation Pause) (young), 0.0030831 secs]
   [Parallel Time: 2.6 ms, GC Workers: 4]
      [GC Worker Start (ms): Min: 13629.5, Avg: 13629.5, Max: 13629.6, Diff: 0.0]
      [Ext Root Scanning (ms): Min: 0.6, Avg: 0.7, Max: 0.9, Diff: 0.3, Sum: 3.0]
      [Update RS (ms): Min: 0.2, Avg: 0.4, Max: 0.6, Diff: 0.4, Sum: 1.6]
         [Processed Buffers: Min: 1, Avg: 2.0, Max: 3, Diff: 2, Sum: 8]
      [Scan RS (ms): Min: 0.0, Avg: 0.0, Max: 0.0, Diff: 0.0, Sum: 0.0]
      [Code Root Scanning (ms): Min: 0.0, Avg: 0.0, Max: 0.1, Diff: 0.1, Sum: 0.2]
      [Object Copy (ms): Min: 1.3, Avg: 1.4, Max: 1.4, Diff: 0.1, Sum: 5.4]
      [Termination (ms): Min: 0.0, Avg: 0.0, Max: 0.0, Diff: 0.0, Sum: 0.0]
         [Termination Attempts: Min: 1, Avg: 1.0, Max: 1, Diff: 0, Sum: 4]
      [GC Worker Other (ms): Min: 0.0, Avg: 0.0, Max: 0.0, Diff: 0.0, Sum: 0.0]
      [GC Worker Total (ms): Min: 2.6, Avg: 2.6, Max: 2.6, Diff: 0.0, Sum: 10.3]
      [GC Worker End (ms): Min: 13632.1, Avg: 13632.1, Max: 13632.1, Diff: 0.0]
   [Code Root Fixup: 0.0 ms]
   [Code Root Purge: 0.0 ms]
   [Clear CT: 0.1 ms]
   [Other: 0.4 ms]
      [Choose CSet: 0.0 ms]
      [Ref Proc: 0.1 ms]
      [Ref Enq: 0.0 ms]
      [Redirty Cards: 0.1 ms]
      [Humongous Register: 0.0 ms]
      [Humongous Reclaim: 0.0 ms]
      [Free CSet: 0.0 ms]
   [Eden: 9216.0K(9216.0K)->0.0B(9216.0K) Survivors: 2048.0K->2048.0K Heap: 42.1M(50.0M)->33.5M(50.0M)]
 [Times: user=0.06 sys=0.00, real=0.00 secs] 
2021-04-15T21:12:20.592+0800: 13.659: [GC concurrent-mark-end, 0.1096832 secs]
2021-04-15T21:12:20.593+0800: 13.660: [GC remark 2021-04-15T21:12:20.593+0800: 13.660: [Finalize Marking, 0.0001280 secs] 2021-04-15T21:12:20.593+0800: 13.660: [GC ref-proc, 0.0006571 secs] 2021-04-15T21:12:20.593+0800: 13.660: [Unloading, 0.0076527 secs], 0.0087654 secs]
 [Times: user=0.06 sys=0.00, real=0.01 secs] 
2021-04-15T21:12:20.602+0800: 13.669: [GC cleanup 39M->39M(50M), 0.0003179 secs]
 [Times: user=0.00 sys=0.00, real=0.00 secs] 
2021-04-15T21:12:20.616+0800: 13.683: [GC pause (G1 Evacuation Pause) (young), 0.0031305 secs]
   [Parallel Time: 2.7 ms, GC Workers: 4]
      [GC Worker Start (ms): Min: 13683.5, Avg: 13683.5, Max: 13683.6, Diff: 0.1]
      [Ext Root Scanning (ms): Min: 0.7, Avg: 0.8, Max: 1.0, Diff: 0.3, Sum: 3.1]
      [Update RS (ms): Min: 0.2, Avg: 0.3, Max: 0.5, Diff: 0.3, Sum: 1.4]
         [Processed Buffers: Min: 1, Avg: 2.0, Max: 5, Diff: 4, Sum: 8]
      [Scan RS (ms): Min: 0.0, Avg: 0.0, Max: 0.0, Diff: 0.0, Sum: 0.0]
      [Code Root Scanning (ms): Min: 0.0, Avg: 0.0, Max: 0.2, Diff: 0.2, Sum: 0.2]
      [Object Copy (ms): Min: 1.3, Avg: 1.5, Max: 1.7, Diff: 0.5, Sum: 6.0]
      [Termination (ms): Min: 0.0, Avg: 0.0, Max: 0.0, Diff: 0.0, Sum: 0.0]
         [Termination Attempts: Min: 1, Avg: 1.0, Max: 1, Diff: 0, Sum: 4]
      [GC Worker Other (ms): Min: 0.0, Avg: 0.0, Max: 0.0, Diff: 0.0, Sum: 0.0]
      [GC Worker Total (ms): Min: 2.6, Avg: 2.7, Max: 2.7, Diff: 0.1, Sum: 10.7]
      [GC Worker End (ms): Min: 13686.2, Avg: 13686.2, Max: 13686.2, Diff: 0.0]
   [Code Root Fixup: 0.1 ms]
   [Code Root Purge: 0.0 ms]
   [Clear CT: 0.1 ms]
   [Other: 0.3 ms]
      [Choose CSet: 0.0 ms]
      [Ref Proc: 0.1 ms]
      [Ref Enq: 0.0 ms]
      [Redirty Cards: 0.1 ms]
      [Humongous Register: 0.0 ms]
      [Humongous Reclaim: 0.0 ms]
      [Free CSet: 0.0 ms]
   [Eden: 9216.0K(9216.0K)->0.0B(1024.0K) Survivors: 2048.0K->2048.0K Heap: 42.5M(50.0M)->33.1M(50.0M)]
 [Times: user=0.00 sys=0.00, real=0.00 secs] 
2021-04-15T21:12:20.629+0800: 13.696: [GC pause (G1 Evacuation Pause) (mixed), 0.0072589 secs]
   [Parallel Time: 6.8 ms, GC Workers: 4]
      [GC Worker Start (ms): Min: 13695.8, Avg: 13695.8, Max: 13695.8, Diff: 0.0]
      [Ext Root Scanning (ms): Min: 0.7, Avg: 1.0, Max: 1.6, Diff: 0.9, Sum: 4.1]
      [Update RS (ms): Min: 0.0, Avg: 0.6, Max: 1.0, Diff: 1.0, Sum: 2.5]
         [Processed Buffers: Min: 2, Avg: 2.0, Max: 2, Diff: 0, Sum: 8]
      [Scan RS (ms): Min: 1.3, Avg: 1.5, Max: 1.7, Diff: 0.4, Sum: 5.9]
      [Code Root Scanning (ms): Min: 0.0, Avg: 0.1, Max: 0.2, Diff: 0.2, Sum: 0.3]
      [Object Copy (ms): Min: 3.4, Avg: 3.5, Max: 3.7, Diff: 0.3, Sum: 14.0]
      [Termination (ms): Min: 0.0, Avg: 0.0, Max: 0.0, Diff: 0.0, Sum: 0.0]
         [Termination Attempts: Min: 1, Avg: 2.0, Max: 5, Diff: 4, Sum: 8]
      [GC Worker Other (ms): Min: 0.0, Avg: 0.0, Max: 0.0, Diff: 0.0, Sum: 0.0]
      [GC Worker Total (ms): Min: 6.7, Avg: 6.7, Max: 6.7, Diff: 0.0, Sum: 26.9]
      [GC Worker End (ms): Min: 13702.5, Avg: 13702.5, Max: 13702.5, Diff: 0.0]
   [Code Root Fixup: 0.1 ms]
   [Code Root Purge: 0.0 ms]
   [Clear CT: 0.1 ms]
   [Other: 0.3 ms]
      [Choose CSet: 0.0 ms]
      [Ref Proc: 0.1 ms]
      [Ref Enq: 0.0 ms]
      [Redirty Cards: 0.0 ms]
      [Humongous Register: 0.0 ms]
      [Humongous Reclaim: 0.0 ms]
      [Free CSet: 0.0 ms]
   [Eden: 1024.0K(1024.0K)->0.0B(13.0M) Survivors: 2048.0K->1024.0K Heap: 34.1M(50.0M)->30.4M(50.0M)]
 [Times: user=0.00 sys=0.00, real=0.01 secs] 
2021-04-15T21:12:20.732+0800: 13.799: [GC pause (G1 Evacuation Pause) (young), 0.0066748 secs]
   [Parallel Time: 6.3 ms, GC Workers: 4]
      [GC Worker Start (ms): Min: 13798.8, Avg: 13798.8, Max: 13798.8, Diff: 0.0]
      [Ext Root Scanning (ms): Min: 0.7, Avg: 0.7, Max: 0.8, Diff: 0.2, Sum: 3.0]
      [Update RS (ms): Min: 4.2, Avg: 4.4, Max: 4.7, Diff: 0.5, Sum: 17.6]
         [Processed Buffers: Min: 7, Avg: 9.0, Max: 11, Diff: 4, Sum: 36]
      [Scan RS (ms): Min: 0.0, Avg: 0.0, Max: 0.0, Diff: 0.0, Sum: 0.0]
      [Code Root Scanning (ms): Min: 0.0, Avg: 0.0, Max: 0.1, Diff: 0.1, Sum: 0.2]
      [Object Copy (ms): Min: 0.8, Avg: 1.0, Max: 1.2, Diff: 0.4, Sum: 4.1]
      [Termination (ms): Min: 0.0, Avg: 0.0, Max: 0.0, Diff: 0.0, Sum: 0.0]
         [Termination Attempts: Min: 1, Avg: 1.0, Max: 1, Diff: 0, Sum: 4]
      [GC Worker Other (ms): Min: 0.0, Avg: 0.0, Max: 0.0, Diff: 0.0, Sum: 0.0]
      [GC Worker Total (ms): Min: 6.2, Avg: 6.2, Max: 6.2, Diff: 0.0, Sum: 24.9]
      [GC Worker End (ms): Min: 13805.1, Avg: 13805.1, Max: 13805.1, Diff: 0.0]
   [Code Root Fixup: 0.0 ms]
   [Code Root Purge: 0.0 ms]
   [Clear CT: 0.0 ms]
   [Other: 0.3 ms]
      [Choose CSet: 0.0 ms]
      [Ref Proc: 0.2 ms]
      [Ref Enq: 0.0 ms]
      [Redirty Cards: 0.1 ms]
      [Humongous Register: 0.0 ms]
      [Humongous Reclaim: 0.0 ms]
      [Free CSet: 0.0 ms]
   [Eden: 13.0M(13.0M)->0.0B(11.0M) Survivors: 1024.0K->2048.0K Heap: 43.4M(50.0M)->30.9M(50.0M)]
 [Times: user=0.06 sys=0.00, real=0.01 secs] 
2021-04-15T21:12:20.795+0800: 13.862: [GC pause (G1 Evacuation Pause) (young) (initial-mark), 0.0034031 secs]
   [Parallel Time: 3.1 ms, GC Workers: 4]
      [GC Worker Start (ms): Min: 13861.9, Avg: 13861.9, Max: 13861.9, Diff: 0.0]
      [Ext Root Scanning (ms): Min: 1.2, Avg: 1.3, Max: 1.3, Diff: 0.1, Sum: 5.0]
      [Update RS (ms): Min: 0.4, Avg: 0.5, Max: 0.6, Diff: 0.2, Sum: 1.9]
         [Processed Buffers: Min: 1, Avg: 2.0, Max: 4, Diff: 3, Sum: 8]
      [Scan RS (ms): Min: 0.0, Avg: 0.0, Max: 0.0, Diff: 0.0, Sum: 0.0]
      [Code Root Scanning (ms): Min: 0.0, Avg: 0.0, Max: 0.1, Diff: 0.1, Sum: 0.1]
      [Object Copy (ms): Min: 1.1, Avg: 1.2, Max: 1.3, Diff: 0.2, Sum: 4.8]
      [Termination (ms): Min: 0.0, Avg: 0.0, Max: 0.0, Diff: 0.0, Sum: 0.0]
         [Termination Attempts: Min: 1, Avg: 1.0, Max: 1, Diff: 0, Sum: 4]
      [GC Worker Other (ms): Min: 0.0, Avg: 0.0, Max: 0.0, Diff: 0.0, Sum: 0.0]
      [GC Worker Total (ms): Min: 3.0, Avg: 3.0, Max: 3.0, Diff: 0.0, Sum: 11.9]
      [GC Worker End (ms): Min: 13864.9, Avg: 13864.9, Max: 13864.9, Diff: 0.0]
   [Code Root Fixup: 0.0 ms]
   [Code Root Purge: 0.0 ms]
   [Clear CT: 0.1 ms]
   [Other: 0.2 ms]
      [Choose CSet: 0.0 ms]
      [Ref Proc: 0.1 ms]
      [Ref Enq: 0.0 ms]
      [Redirty Cards: 0.1 ms]
      [Humongous Register: 0.0 ms]
      [Humongous Reclaim: 0.0 ms]
      [Free CSet: 0.0 ms]
   [Eden: 11.0M(11.0M)->0.0B(11.0M) Survivors: 2048.0K->2048.0K Heap: 41.9M(50.0M)->31.0M(50.0M)]
 [Times: user=0.00 sys=0.00, real=0.00 secs] 
2021-04-15T21:12:20.798+0800: 13.865: [GC concurrent-root-region-scan-start]
2021-04-15T21:12:20.802+0800: 13.869: [GC concurrent-root-region-scan-end, 0.0036817 secs]
2021-04-15T21:12:20.802+0800: 13.869: [GC concurrent-mark-start]
2021-04-15T21:12:20.881+0800: 13.948: [GC pause (G1 Evacuation Pause) (young), 0.0031923 secs]
   [Parallel Time: 2.8 ms, GC Workers: 4]
      [GC Worker Start (ms): Min: 13948.1, Avg: 13948.1, Max: 13948.1, Diff: 0.1]
      [Ext Root Scanning (ms): Min: 0.9, Avg: 0.9, Max: 1.0, Diff: 0.2, Sum: 3.7]
      [Update RS (ms): Min: 0.4, Avg: 0.5, Max: 0.7, Diff: 0.3, Sum: 2.1]
         [Processed Buffers: Min: 1, Avg: 2.3, Max: 5, Diff: 4, Sum: 9]
      [Scan RS (ms): Min: 0.0, Avg: 0.0, Max: 0.0, Diff: 0.0, Sum: 0.0]
      [Code Root Scanning (ms): Min: 0.0, Avg: 0.0, Max: 0.1, Diff: 0.1, Sum: 0.1]
      [Object Copy (ms): Min: 1.2, Avg: 1.3, Max: 1.3, Diff: 0.2, Sum: 5.1]
      [Termination (ms): Min: 0.0, Avg: 0.0, Max: 0.0, Diff: 0.0, Sum: 0.0]
         [Termination Attempts: Min: 1, Avg: 1.0, Max: 1, Diff: 0, Sum: 4]
      [GC Worker Other (ms): Min: 0.0, Avg: 0.0, Max: 0.0, Diff: 0.0, Sum: 0.0]
      [GC Worker Total (ms): Min: 2.7, Avg: 2.8, Max: 2.8, Diff: 0.1, Sum: 11.0]
      [GC Worker End (ms): Min: 13950.8, Avg: 13950.8, Max: 13950.8, Diff: 0.0]
   [Code Root Fixup: 0.0 ms]
   [Code Root Purge: 0.0 ms]
   [Clear CT: 0.0 ms]
   [Other: 0.3 ms]
      [Choose CSet: 0.0 ms]
      [Ref Proc: 0.1 ms]
      [Ref Enq: 0.0 ms]
      [Redirty Cards: 0.0 ms]
      [Humongous Register: 0.0 ms]
      [Humongous Reclaim: 0.0 ms]
      [Free CSet: 0.0 ms]
   [Eden: 11.0M(11.0M)->0.0B(11.0M) Survivors: 2048.0K->2048.0K Heap: 42.0M(50.0M)->30.8M(50.0M)]
 [Times: user=0.00 sys=0.00, real=0.00 secs] 
2021-04-15T21:12:20.921+0800: 13.988: [GC concurrent-mark-end, 0.1187379 secs]
2021-04-15T21:12:20.921+0800: 13.988: [GC remark 2021-04-15T21:12:20.921+0800: 13.988: [Finalize Marking, 0.0001719 secs] 2021-04-15T21:12:20.921+0800: 13.988: [GC ref-proc, 0.0006366 secs] 2021-04-15T21:12:20.922+0800: 13.989: [Unloading, 0.0078635 secs], 0.0089963 secs]
 [Times: user=0.06 sys=0.00, real=0.01 secs] 
2021-04-15T21:12:20.930+0800: 13.997: [GC cleanup 39M->39M(50M), 0.0003639 secs]
 [Times: user=0.00 sys=0.00, real=0.00 secs] 
2021-04-15T21:12:20.947+0800: 14.014: [GC pause (G1 Evacuation Pause) (young), 0.0031932 secs]
   [Parallel Time: 2.8 ms, GC Workers: 4]
      [GC Worker Start (ms): Min: 14013.9, Avg: 14013.9, Max: 14013.9, Diff: 0.0]
      [Ext Root Scanning (ms): Min: 0.7, Avg: 0.8, Max: 0.9, Diff: 0.2, Sum: 3.1]
      [Update RS (ms): Min: 0.4, Avg: 0.5, Max: 0.6, Diff: 0.3, Sum: 2.0]
         [Processed Buffers: Min: 1, Avg: 2.0, Max: 4, Diff: 3, Sum: 8]
      [Scan RS (ms): Min: 0.0, Avg: 0.0, Max: 0.0, Diff: 0.0, Sum: 0.0]
      [Code Root Scanning (ms): Min: 0.0, Avg: 0.0, Max: 0.1, Diff: 0.1, Sum: 0.1]
      [Object Copy (ms): Min: 1.4, Avg: 1.5, Max: 1.6, Diff: 0.2, Sum: 5.8]
      [Termination (ms): Min: 0.0, Avg: 0.0, Max: 0.0, Diff: 0.0, Sum: 0.0]
         [Termination Attempts: Min: 1, Avg: 1.0, Max: 1, Diff: 0, Sum: 4]
      [GC Worker Other (ms): Min: 0.0, Avg: 0.0, Max: 0.0, Diff: 0.0, Sum: 0.0]
      [GC Worker Total (ms): Min: 2.7, Avg: 2.8, Max: 2.8, Diff: 0.0, Sum: 11.0]
      [GC Worker End (ms): Min: 14016.6, Avg: 14016.6, Max: 14016.6, Diff: 0.0]
   [Code Root Fixup: 0.1 ms]
   [Code Root Purge: 0.0 ms]
   [Clear CT: 0.1 ms]
   [Other: 0.3 ms]
      [Choose CSet: 0.0 ms]
      [Ref Proc: 0.1 ms]
      [Ref Enq: 0.0 ms]
      [Redirty Cards: 0.0 ms]
      [Humongous Register: 0.0 ms]
      [Humongous Reclaim: 0.0 ms]
      [Free CSet: 0.0 ms]
   [Eden: 11.0M(11.0M)->0.0B(1024.0K) Survivors: 2048.0K->2048.0K Heap: 41.8M(50.0M)->31.3M(50.0M)]
 [Times: user=0.00 sys=0.00, real=0.00 secs] 
2021-04-15T21:12:20.953+0800: 14.020: [GC pause (G1 Evacuation Pause) (mixed), 0.0052766 secs]
   [Parallel Time: 4.9 ms, GC Workers: 4]
      [GC Worker Start (ms): Min: 14019.9, Avg: 14019.9, Max: 14019.9, Diff: 0.0]
      [Ext Root Scanning (ms): Min: 0.6, Avg: 0.9, Max: 1.4, Diff: 0.7, Sum: 3.5]
      [Update RS (ms): Min: 0.5, Avg: 0.6, Max: 0.7, Diff: 0.2, Sum: 2.5]
         [Processed Buffers: Min: 1, Avg: 2.0, Max: 3, Diff: 2, Sum: 8]
      [Scan RS (ms): Min: 1.2, Avg: 1.3, Max: 1.4, Diff: 0.2, Sum: 5.2]
      [Code Root Scanning (ms): Min: 0.0, Avg: 0.1, Max: 0.3, Diff: 0.3, Sum: 0.3]
      [Object Copy (ms): Min: 1.8, Avg: 1.9, Max: 2.1, Diff: 0.3, Sum: 7.7]
      [Termination (ms): Min: 0.0, Avg: 0.0, Max: 0.0, Diff: 0.0, Sum: 0.0]
         [Termination Attempts: Min: 1, Avg: 1.5, Max: 2, Diff: 1, Sum: 6]
      [GC Worker Other (ms): Min: 0.0, Avg: 0.0, Max: 0.0, Diff: 0.0, Sum: 0.0]
      [GC Worker Total (ms): Min: 4.8, Avg: 4.8, Max: 4.8, Diff: 0.0, Sum: 19.2]
      [GC Worker End (ms): Min: 14024.7, Avg: 14024.7, Max: 14024.7, Diff: 0.0]
   [Code Root Fixup: 0.1 ms]
   [Code Root Purge: 0.0 ms]
   [Clear CT: 0.1 ms]
   [Other: 0.2 ms]
      [Choose CSet: 0.0 ms]
      [Ref Proc: 0.1 ms]
      [Ref Enq: 0.0 ms]
      [Redirty Cards: 0.0 ms]
      [Humongous Register: 0.0 ms]
      [Humongous Reclaim: 0.0 ms]
      [Free CSet: 0.0 ms]
   [Eden: 1024.0K(1024.0K)->0.0B(13.0M) Survivors: 2048.0K->1024.0K Heap: 32.3M(50.0M)->30.7M(50.0M)]
 [Times: user=0.06 sys=0.00, real=0.00 secs] 
2021-04-15T21:12:20.997+0800: 14.064: [GC pause (G1 Evacuation Pause) (young), 0.0047607 secs]
   [Parallel Time: 4.5 ms, GC Workers: 4]
      [GC Worker Start (ms): Min: 14063.9, Avg: 14063.9, Max: 14063.9, Diff: 0.0]
      [Ext Root Scanning (ms): Min: 0.7, Avg: 0.7, Max: 0.8, Diff: 0.2, Sum: 2.9]
      [Update RS (ms): Min: 2.9, Avg: 3.0, Max: 3.1, Diff: 0.2, Sum: 12.0]
         [Processed Buffers: Min: 6, Avg: 6.5, Max: 8, Diff: 2, Sum: 26]
      [Scan RS (ms): Min: 0.0, Avg: 0.0, Max: 0.0, Diff: 0.0, Sum: 0.0]
      [Code Root Scanning (ms): Min: 0.0, Avg: 0.0, Max: 0.1, Diff: 0.1, Sum: 0.1]
      [Object Copy (ms): Min: 0.6, Avg: 0.6, Max: 0.7, Diff: 0.1, Sum: 2.5]
      [Termination (ms): Min: 0.0, Avg: 0.0, Max: 0.0, Diff: 0.0, Sum: 0.0]
         [Termination Attempts: Min: 1, Avg: 1.0, Max: 1, Diff: 0, Sum: 4]
      [GC Worker Other (ms): Min: 0.0, Avg: 0.0, Max: 0.0, Diff: 0.0, Sum: 0.0]
      [GC Worker Total (ms): Min: 4.4, Avg: 4.4, Max: 4.4, Diff: 0.0, Sum: 17.6]
      [GC Worker End (ms): Min: 14068.3, Avg: 14068.3, Max: 14068.3, Diff: 0.0]
   [Code Root Fixup: 0.0 ms]
   [Code Root Purge: 0.0 ms]
   [Clear CT: 0.0 ms]
   [Other: 0.2 ms]
      [Choose CSet: 0.0 ms]
      [Ref Proc: 0.1 ms]
      [Ref Enq: 0.0 ms]
      [Redirty Cards: 0.0 ms]
      [Humongous Register: 0.0 ms]
      [Humongous Reclaim: 0.0 ms]
      [Free CSet: 0.0 ms]
   [Eden: 13.0M(13.0M)->0.0B(13.0M) Survivors: 1024.0K->1024.0K Heap: 43.7M(50.0M)->30.5M(50.0M)]
 [Times: user=0.02 sys=0.00, real=0.01 secs] 
2021-04-15T21:12:21.052+0800: 14.118: [GC pause (G1 Evacuation Pause) (young) (initial-mark), 0.0029909 secs]
   [Parallel Time: 2.6 ms, GC Workers: 4]
      [GC Worker Start (ms): Min: 14118.5, Avg: 14118.5, Max: 14118.5, Diff: 0.0]
      [Ext Root Scanning (ms): Min: 1.2, Avg: 1.2, Max: 1.3, Diff: 0.1, Sum: 4.9]
      [Update RS (ms): Min: 0.3, Avg: 0.4, Max: 0.5, Diff: 0.2, Sum: 1.5]
         [Processed Buffers: Min: 1, Avg: 1.8, Max: 3, Diff: 2, Sum: 7]
      [Scan RS (ms): Min: 0.0, Avg: 0.0, Max: 0.0, Diff: 0.0, Sum: 0.0]
      [Code Root Scanning (ms): Min: 0.0, Avg: 0.0, Max: 0.1, Diff: 0.1, Sum: 0.1]
      [Object Copy (ms): Min: 0.7, Avg: 0.8, Max: 0.9, Diff: 0.2, Sum: 3.4]
      [Termination (ms): Min: 0.0, Avg: 0.0, Max: 0.0, Diff: 0.0, Sum: 0.0]
         [Termination Attempts: Min: 1, Avg: 1.0, Max: 1, Diff: 0, Sum: 4]
      [GC Worker Other (ms): Min: 0.0, Avg: 0.0, Max: 0.0, Diff: 0.0, Sum: 0.0]
      [GC Worker Total (ms): Min: 2.5, Avg: 2.5, Max: 2.5, Diff: 0.0, Sum: 9.9]
      [GC Worker End (ms): Min: 14121.0, Avg: 14121.0, Max: 14121.0, Diff: 0.0]
   [Code Root Fixup: 0.0 ms]
   [Code Root Purge: 0.0 ms]
   [Clear CT: 0.1 ms]
   [Other: 0.3 ms]
      [Choose CSet: 0.0 ms]
      [Ref Proc: 0.1 ms]
      [Ref Enq: 0.0 ms]
      [Redirty Cards: 0.1 ms]
      [Humongous Register: 0.0 ms]
      [Humongous Reclaim: 0.0 ms]
      [Free CSet: 0.0 ms]
   [Eden: 13.0M(13.0M)->0.0B(13.0M) Survivors: 1024.0K->1024.0K Heap: 43.5M(50.0M)->30.8M(50.0M)]
 [Times: user=0.00 sys=0.00, real=0.00 secs] 
2021-04-15T21:12:21.055+0800: 14.122: [GC concurrent-root-region-scan-start]
2021-04-15T21:12:21.058+0800: 14.125: [GC concurrent-root-region-scan-end, 0.0033527 secs]
2021-04-15T21:12:21.058+0800: 14.125: [GC concurrent-mark-start]
2021-04-15T21:12:21.152+0800: 14.219: [GC concurrent-mark-end, 0.0936251 secs]
2021-04-15T21:12:21.152+0800: 14.219: [GC remark 2021-04-15T21:12:21.152+0800: 14.219: [Finalize Marking, 0.0001143 secs] 2021-04-15T21:12:21.152+0800: 14.219: [GC ref-proc, 0.0007595 secs] 2021-04-15T21:12:21.153+0800: 14.220: [Unloading, 0.0079932 secs], 0.0091810 secs]
 [Times: user=0.06 sys=0.00, real=0.01 secs] 
2021-04-15T21:12:21.161+0800: 14.228: [GC cleanup 41M->41M(50M), 0.0003426 secs]
 [Times: user=0.00 sys=0.00, real=0.00 secs] 
2021-04-15T21:12:21.269+0800: 14.337: [GC pause (G1 Evacuation Pause) (young), 0.0029018 secs]
   [Parallel Time: 2.4 ms, GC Workers: 4]
      [GC Worker Start (ms): Min: 14336.6, Avg: 14336.6, Max: 14336.6, Diff: 0.0]
      [Ext Root Scanning (ms): Min: 0.9, Avg: 0.9, Max: 0.9, Diff: 0.1, Sum: 3.5]
      [Update RS (ms): Min: 0.4, Avg: 0.5, Max: 0.8, Diff: 0.5, Sum: 2.0]
         [Processed Buffers: Min: 1, Avg: 9.3, Max: 21, Diff: 20, Sum: 37]
      [Scan RS (ms): Min: 0.0, Avg: 0.0, Max: 0.0, Diff: 0.0, Sum: 0.0]
      [Code Root Scanning (ms): Min: 0.0, Avg: 0.0, Max: 0.1, Diff: 0.1, Sum: 0.1]
      [Object Copy (ms): Min: 0.6, Avg: 0.9, Max: 1.1, Diff: 0.5, Sum: 3.7]
      [Termination (ms): Min: 0.0, Avg: 0.0, Max: 0.0, Diff: 0.0, Sum: 0.0]
         [Termination Attempts: Min: 1, Avg: 1.3, Max: 2, Diff: 1, Sum: 5]
      [GC Worker Other (ms): Min: 0.0, Avg: 0.0, Max: 0.0, Diff: 0.0, Sum: 0.0]
      [GC Worker Total (ms): Min: 2.3, Avg: 2.4, Max: 2.4, Diff: 0.0, Sum: 9.4]
      [GC Worker End (ms): Min: 14338.9, Avg: 14338.9, Max: 14338.9, Diff: 0.0]
   [Code Root Fixup: 0.0 ms]
   [Code Root Purge: 0.0 ms]
   [Clear CT: 0.0 ms]
   [Other: 0.4 ms]
      [Choose CSet: 0.0 ms]
      [Ref Proc: 0.1 ms]
      [Ref Enq: 0.0 ms]
      [Redirty Cards: 0.0 ms]
      [Humongous Register: 0.0 ms]
      [Humongous Reclaim: 0.0 ms]
      [Free CSet: 0.0 ms]
   [Eden: 13.0M(13.0M)->0.0B(1024.0K) Survivors: 1024.0K->2048.0K Heap: 43.8M(50.0M)->31.2M(50.0M)]
 [Times: user=0.00 sys=0.00, real=0.00 secs] 
2021-04-15T21:12:21.284+0800: 14.351: [GC pause (G1 Evacuation Pause) (mixed), 0.0084267 secs]
   [Parallel Time: 7.8 ms, GC Workers: 4]
      [GC Worker Start (ms): Min: 14351.0, Avg: 14351.1, Max: 14351.1, Diff: 0.0]
      [Ext Root Scanning (ms): Min: 0.7, Avg: 1.0, Max: 1.4, Diff: 0.8, Sum: 3.8]
      [Update RS (ms): Min: 0.0, Avg: 0.5, Max: 0.9, Diff: 0.9, Sum: 2.0]
         [Processed Buffers: Min: 1, Avg: 2.3, Max: 5, Diff: 4, Sum: 9]
      [Scan RS (ms): Min: 4.3, Avg: 4.5, Max: 4.6, Diff: 0.3, Sum: 17.9]
      [Code Root Scanning (ms): Min: 0.0, Avg: 0.2, Max: 0.7, Diff: 0.7, Sum: 0.8]
      [Object Copy (ms): Min: 1.0, Avg: 1.6, Max: 1.8, Diff: 0.8, Sum: 6.3]
      [Termination (ms): Min: 0.0, Avg: 0.0, Max: 0.0, Diff: 0.0, Sum: 0.0]
         [Termination Attempts: Min: 1, Avg: 1.0, Max: 1, Diff: 0, Sum: 4]
      [GC Worker Other (ms): Min: 0.0, Avg: 0.0, Max: 0.0, Diff: 0.0, Sum: 0.0]
      [GC Worker Total (ms): Min: 7.7, Avg: 7.7, Max: 7.7, Diff: 0.0, Sum: 30.8]
      [GC Worker End (ms): Min: 14358.8, Avg: 14358.8, Max: 14358.8, Diff: 0.0]
   [Code Root Fixup: 0.2 ms]
   [Code Root Purge: 0.0 ms]
   [Clear CT: 0.0 ms]
   [Other: 0.3 ms]
      [Choose CSet: 0.0 ms]
      [Ref Proc: 0.2 ms]
      [Ref Enq: 0.0 ms]
      [Redirty Cards: 0.0 ms]
      [Humongous Register: 0.0 ms]
      [Humongous Reclaim: 0.0 ms]
      [Free CSet: 0.1 ms]
   [Eden: 1024.0K(1024.0K)->0.0B(13.0M) Survivors: 2048.0K->1024.0K Heap: 32.2M(50.0M)->30.5M(50.0M)]
 [Times: user=0.00 sys=0.00, real=0.01 secs] 
2021-04-15T21:12:21.348+0800: 14.415: [GC pause (G1 Evacuation Pause) (young), 0.0072687 secs]
   [Parallel Time: 6.9 ms, GC Workers: 4]
      [GC Worker Start (ms): Min: 14415.2, Avg: 14415.2, Max: 14415.2, Diff: 0.0]
      [Ext Root Scanning (ms): Min: 0.6, Avg: 0.7, Max: 0.8, Diff: 0.2, Sum: 2.8]
      [Update RS (ms): Min: 5.1, Avg: 5.2, Max: 5.3, Diff: 0.2, Sum: 21.0]
         [Processed Buffers: Min: 10, Avg: 11.8, Max: 14, Diff: 4, Sum: 47]
      [Scan RS (ms): Min: 0.0, Avg: 0.0, Max: 0.0, Diff: 0.0, Sum: 0.0]
      [Code Root Scanning (ms): Min: 0.0, Avg: 0.0, Max: 0.1, Diff: 0.1, Sum: 0.1]
      [Object Copy (ms): Min: 0.8, Avg: 0.9, Max: 1.0, Diff: 0.2, Sum: 3.5]
      [Termination (ms): Min: 0.0, Avg: 0.0, Max: 0.0, Diff: 0.0, Sum: 0.0]
         [Termination Attempts: Min: 1, Avg: 1.3, Max: 2, Diff: 1, Sum: 5]
      [GC Worker Other (ms): Min: 0.0, Avg: 0.0, Max: 0.0, Diff: 0.0, Sum: 0.0]
      [GC Worker Total (ms): Min: 6.8, Avg: 6.9, Max: 6.9, Diff: 0.0, Sum: 27.4]
      [GC Worker End (ms): Min: 14422.1, Avg: 14422.1, Max: 14422.1, Diff: 0.0]
   [Code Root Fixup: 0.0 ms]
   [Code Root Purge: 0.0 ms]
   [Clear CT: 0.1 ms]
   [Other: 0.3 ms]
      [Choose CSet: 0.0 ms]
      [Ref Proc: 0.1 ms]
      [Ref Enq: 0.0 ms]
      [Redirty Cards: 0.1 ms]
      [Humongous Register: 0.0 ms]
      [Humongous Reclaim: 0.0 ms]
      [Free CSet: 0.0 ms]
   [Eden: 13.0M(13.0M)->0.0B(13.0M) Survivors: 1024.0K->1024.0K Heap: 43.5M(50.0M)->30.5M(50.0M)]
 [Times: user=0.00 sys=0.00, real=0.01 secs] 
2021-04-15T21:12:21.400+0800: 14.467: [GC pause (G1 Evacuation Pause) (young) (initial-mark), 0.0032538 secs]
   [Parallel Time: 2.9 ms, GC Workers: 4]
      [GC Worker Start (ms): Min: 14466.7, Avg: 14466.7, Max: 14466.7, Diff: 0.0]
      [Ext Root Scanning (ms): Min: 1.2, Avg: 1.2, Max: 1.3, Diff: 0.1, Sum: 4.9]
      [Update RS (ms): Min: 0.4, Avg: 0.5, Max: 0.6, Diff: 0.2, Sum: 2.0]
         [Processed Buffers: Min: 1, Avg: 2.3, Max: 5, Diff: 4, Sum: 9]
      [Scan RS (ms): Min: 0.0, Avg: 0.0, Max: 0.0, Diff: 0.0, Sum: 0.0]
      [Code Root Scanning (ms): Min: 0.0, Avg: 0.0, Max: 0.1, Diff: 0.1, Sum: 0.1]
      [Object Copy (ms): Min: 0.8, Avg: 1.0, Max: 1.1, Diff: 0.3, Sum: 4.1]
      [Termination (ms): Min: 0.0, Avg: 0.0, Max: 0.0, Diff: 0.0, Sum: 0.0]
         [Termination Attempts: Min: 1, Avg: 1.0, Max: 1, Diff: 0, Sum: 4]
      [GC Worker Other (ms): Min: 0.0, Avg: 0.0, Max: 0.0, Diff: 0.0, Sum: 0.0]
      [GC Worker Total (ms): Min: 2.7, Avg: 2.8, Max: 2.8, Diff: 0.0, Sum: 11.0]
      [GC Worker End (ms): Min: 14469.4, Avg: 14469.4, Max: 14469.4, Diff: 0.0]
   [Code Root Fixup: 0.0 ms]
   [Code Root Purge: 0.0 ms]
   [Clear CT: 0.1 ms]
   [Other: 0.3 ms]
      [Choose CSet: 0.0 ms]
      [Ref Proc: 0.1 ms]
      [Ref Enq: 0.0 ms]
      [Redirty Cards: 0.1 ms]
      [Humongous Register: 0.0 ms]
      [Humongous Reclaim: 0.0 ms]
      [Free CSet: 0.0 ms]
   [Eden: 13.0M(13.0M)->0.0B(11.0M) Survivors: 1024.0K->2048.0K Heap: 43.5M(50.0M)->30.9M(50.0M)]
 [Times: user=0.00 sys=0.00, real=0.00 secs] 
2021-04-15T21:12:21.403+0800: 14.470: [GC concurrent-root-region-scan-start]
2021-04-15T21:12:21.406+0800: 14.473: [GC concurrent-root-region-scan-end, 0.0028659 secs]
2021-04-15T21:12:21.406+0800: 14.473: [GC concurrent-mark-start]
2021-04-15T21:12:21.445+0800: 14.512: [GC pause (G1 Evacuation Pause) (young), 0.0029436 secs]
   [Parallel Time: 2.6 ms, GC Workers: 4]
      [GC Worker Start (ms): Min: 14512.0, Avg: 14512.1, Max: 14512.1, Diff: 0.0]
      [Ext Root Scanning (ms): Min: 0.6, Avg: 0.7, Max: 0.9, Diff: 0.2, Sum: 2.9]
      [Update RS (ms): Min: 0.4, Avg: 0.5, Max: 0.6, Diff: 0.2, Sum: 2.1]
         [Processed Buffers: Min: 1, Avg: 2.0, Max: 4, Diff: 3, Sum: 8]
      [Scan RS (ms): Min: 0.0, Avg: 0.0, Max: 0.0, Diff: 0.0, Sum: 0.0]
      [Code Root Scanning (ms): Min: 0.0, Avg: 0.0, Max: 0.1, Diff: 0.1, Sum: 0.1]
      [Object Copy (ms): Min: 1.1, Avg: 1.3, Max: 1.4, Diff: 0.3, Sum: 5.0]
      [Termination (ms): Min: 0.0, Avg: 0.0, Max: 0.0, Diff: 0.0, Sum: 0.0]
         [Termination Attempts: Min: 1, Avg: 1.0, Max: 1, Diff: 0, Sum: 4]
      [GC Worker Other (ms): Min: 0.0, Avg: 0.0, Max: 0.0, Diff: 0.0, Sum: 0.0]
      [GC Worker Total (ms): Min: 2.5, Avg: 2.6, Max: 2.6, Diff: 0.0, Sum: 10.2]
      [GC Worker End (ms): Min: 14514.6, Avg: 14514.6, Max: 14514.6, Diff: 0.0]
   [Code Root Fixup: 0.0 ms]
   [Code Root Purge: 0.0 ms]
   [Clear CT: 0.0 ms]
   [Other: 0.3 ms]
      [Choose CSet: 0.0 ms]
      [Ref Proc: 0.1 ms]
      [Ref Enq: 0.0 ms]
      [Redirty Cards: 0.0 ms]
      [Humongous Register: 0.0 ms]
      [Humongous Reclaim: 0.0 ms]
      [Free CSet: 0.0 ms]
   [Eden: 11.0M(11.0M)->0.0B(11.0M) Survivors: 2048.0K->2048.0K Heap: 41.9M(50.0M)->31.1M(50.0M)]
 [Times: user=0.00 sys=0.00, real=0.00 secs] 
2021-04-15T21:12:21.486+0800: 14.554: [GC pause (G1 Evacuation Pause) (young), 0.0028672 secs]
   [Parallel Time: 2.4 ms, GC Workers: 4]
      [GC Worker Start (ms): Min: 14553.7, Avg: 14553.7, Max: 14553.7, Diff: 0.0]
      [Ext Root Scanning (ms): Min: 0.6, Avg: 0.7, Max: 0.9, Diff: 0.2, Sum: 2.9]
      [Update RS (ms): Min: 0.4, Avg: 0.5, Max: 0.6, Diff: 0.2, Sum: 2.0]
         [Processed Buffers: Min: 1, Avg: 1.8, Max: 3, Diff: 2, Sum: 7]
      [Scan RS (ms): Min: 0.0, Avg: 0.0, Max: 0.0, Diff: 0.0, Sum: 0.0]
      [Code Root Scanning (ms): Min: 0.0, Avg: 0.0, Max: 0.1, Diff: 0.1, Sum: 0.1]
      [Object Copy (ms): Min: 1.0, Avg: 1.1, Max: 1.2, Diff: 0.2, Sum: 4.4]
      [Termination (ms): Min: 0.0, Avg: 0.0, Max: 0.0, Diff: 0.0, Sum: 0.0]
         [Termination Attempts: Min: 1, Avg: 1.0, Max: 1, Diff: 0, Sum: 4]
      [GC Worker Other (ms): Min: 0.0, Avg: 0.0, Max: 0.0, Diff: 0.0, Sum: 0.0]
      [GC Worker Total (ms): Min: 2.4, Avg: 2.4, Max: 2.4, Diff: 0.0, Sum: 9.5]
      [GC Worker End (ms): Min: 14556.1, Avg: 14556.1, Max: 14556.1, Diff: 0.0]
   [Code Root Fixup: 0.0 ms]
   [Code Root Purge: 0.0 ms]
   [Clear CT: 0.1 ms]
   [Other: 0.3 ms]
      [Choose CSet: 0.0 ms]
      [Ref Proc: 0.2 ms]
      [Ref Enq: 0.0 ms]
      [Redirty Cards: 0.1 ms]
      [Humongous Register: 0.0 ms]
      [Humongous Reclaim: 0.0 ms]
      [Free CSet: 0.0 ms]
   [Eden: 11.0M(11.0M)->0.0B(11.0M) Survivors: 2048.0K->2048.0K Heap: 42.1M(50.0M)->31.2M(50.0M)]
 [Times: user=0.00 sys=0.00, real=0.00 secs] 
2021-04-15T21:12:21.507+0800: 14.573: [GC concurrent-mark-end, 0.1004552 secs]
2021-04-15T21:12:21.507+0800: 14.574: [GC remark 2021-04-15T21:12:21.507+0800: 14.574: [Finalize Marking, 0.0002991 secs] 2021-04-15T21:12:21.507+0800: 14.574: [GC ref-proc, 0.0011324 secs] 2021-04-15T21:12:21.509+0800: 14.575: [Unloading, 0.0083106 secs], 0.0101905 secs]
 [Times: user=0.00 sys=0.00, real=0.01 secs] 
2021-04-15T21:12:21.517+0800: 14.584: [GC cleanup 36M->36M(50M), 0.0003328 secs]
 [Times: user=0.00 sys=0.02, real=0.00 secs] 
2021-04-15T21:12:21.543+0800: 14.609: [GC pause (G1 Evacuation Pause) (young), 0.0030076 secs]
   [Parallel Time: 2.7 ms, GC Workers: 4]
      [GC Worker Start (ms): Min: 14609.4, Avg: 14609.4, Max: 14609.4, Diff: 0.1]
      [Ext Root Scanning (ms): Min: 0.7, Avg: 0.7, Max: 0.9, Diff: 0.2, Sum: 3.0]
      [Update RS (ms): Min: 0.4, Avg: 0.5, Max: 0.6, Diff: 0.2, Sum: 2.2]
         [Processed Buffers: Min: 1, Avg: 2.0, Max: 4, Diff: 3, Sum: 8]
      [Scan RS (ms): Min: 0.0, Avg: 0.0, Max: 0.0, Diff: 0.0, Sum: 0.0]
      [Code Root Scanning (ms): Min: 0.0, Avg: 0.0, Max: 0.1, Diff: 0.1, Sum: 0.1]
      [Object Copy (ms): Min: 1.1, Avg: 1.3, Max: 1.4, Diff: 0.3, Sum: 5.1]
      [Termination (ms): Min: 0.0, Avg: 0.0, Max: 0.0, Diff: 0.0, Sum: 0.0]
         [Termination Attempts: Min: 1, Avg: 1.0, Max: 1, Diff: 0, Sum: 4]
      [GC Worker Other (ms): Min: 0.0, Avg: 0.0, Max: 0.0, Diff: 0.0, Sum: 0.0]
      [GC Worker Total (ms): Min: 2.6, Avg: 2.6, Max: 2.6, Diff: 0.1, Sum: 10.4]
      [GC Worker End (ms): Min: 14612.0, Avg: 14612.0, Max: 14612.0, Diff: 0.0]
   [Code Root Fixup: 0.0 ms]
   [Code Root Purge: 0.0 ms]
   [Clear CT: 0.1 ms]
   [Other: 0.2 ms]
      [Choose CSet: 0.0 ms]
      [Ref Proc: 0.1 ms]
      [Ref Enq: 0.0 ms]
      [Redirty Cards: 0.1 ms]
      [Humongous Register: 0.0 ms]
      [Humongous Reclaim: 0.0 ms]
      [Free CSet: 0.0 ms]
   [Eden: 11.0M(11.0M)->0.0B(11.0M) Survivors: 2048.0K->2048.0K Heap: 42.2M(50.0M)->31.0M(50.0M)]
 [Times: user=0.00 sys=0.00, real=0.00 secs] 
2021-04-15T21:12:21.576+0800: 14.643: [GC pause (G1 Evacuation Pause) (young), 0.0031531 secs]
   [Parallel Time: 2.8 ms, GC Workers: 4]
      [GC Worker Start (ms): Min: 14643.2, Avg: 14643.2, Max: 14643.2, Diff: 0.0]
      [Ext Root Scanning (ms): Min: 0.6, Avg: 0.8, Max: 1.0, Diff: 0.4, Sum: 3.0]
      [Update RS (ms): Min: 0.4, Avg: 0.5, Max: 0.6, Diff: 0.2, Sum: 2.1]
         [Processed Buffers: Min: 1, Avg: 1.8, Max: 4, Diff: 3, Sum: 7]
      [Scan RS (ms): Min: 0.0, Avg: 0.0, Max: 0.0, Diff: 0.0, Sum: 0.0]
      [Code Root Scanning (ms): Min: 0.0, Avg: 0.0, Max: 0.1, Diff: 0.1, Sum: 0.1]
      [Object Copy (ms): Min: 1.3, Avg: 1.4, Max: 1.5, Diff: 0.2, Sum: 5.7]
      [Termination (ms): Min: 0.0, Avg: 0.0, Max: 0.0, Diff: 0.0, Sum: 0.0]
         [Termination Attempts: Min: 1, Avg: 1.0, Max: 1, Diff: 0, Sum: 4]
      [GC Worker Other (ms): Min: 0.0, Avg: 0.0, Max: 0.0, Diff: 0.0, Sum: 0.0]
      [GC Worker Total (ms): Min: 2.7, Avg: 2.7, Max: 2.8, Diff: 0.0, Sum: 11.0]
      [GC Worker End (ms): Min: 14645.9, Avg: 14645.9, Max: 14645.9, Diff: 0.0]
   [Code Root Fixup: 0.0 ms]
   [Code Root Purge: 0.0 ms]
   [Clear CT: 0.1 ms]
   [Other: 0.3 ms]
      [Choose CSet: 0.0 ms]
      [Ref Proc: 0.1 ms]
      [Ref Enq: 0.0 ms]
      [Redirty Cards: 0.1 ms]
      [Humongous Register: 0.0 ms]
      [Humongous Reclaim: 0.0 ms]
      [Free CSet: 0.0 ms]
   [Eden: 11.0M(11.0M)->0.0B(11.0M) Survivors: 2048.0K->2048.0K Heap: 42.0M(50.0M)->31.2M(50.0M)]
 [Times: user=0.00 sys=0.02, real=0.00 secs] 
2021-04-15T21:12:21.619+0800: 14.686: [GC pause (G1 Evacuation Pause) (young) (initial-mark), 0.0041694 secs]
   [Parallel Time: 3.7 ms, GC Workers: 4]
      [GC Worker Start (ms): Min: 14686.5, Avg: 14686.5, Max: 14686.6, Diff: 0.1]
      [Ext Root Scanning (ms): Min: 1.1, Avg: 1.3, Max: 1.4, Diff: 0.2, Sum: 5.0]
      [Update RS (ms): Min: 0.7, Avg: 0.7, Max: 0.8, Diff: 0.1, Sum: 2.9]
         [Processed Buffers: Min: 1, Avg: 2.3, Max: 3, Diff: 2, Sum: 9]
      [Scan RS (ms): Min: 0.0, Avg: 0.0, Max: 0.0, Diff: 0.0, Sum: 0.0]
      [Code Root Scanning (ms): Min: 0.0, Avg: 0.0, Max: 0.1, Diff: 0.1, Sum: 0.1]
      [Object Copy (ms): Min: 1.5, Avg: 1.6, Max: 1.7, Diff: 0.1, Sum: 6.4]
      [Termination (ms): Min: 0.0, Avg: 0.0, Max: 0.0, Diff: 0.0, Sum: 0.0]
         [Termination Attempts: Min: 1, Avg: 1.0, Max: 1, Diff: 0, Sum: 4]
      [GC Worker Other (ms): Min: 0.0, Avg: 0.0, Max: 0.0, Diff: 0.0, Sum: 0.0]
      [GC Worker Total (ms): Min: 3.5, Avg: 3.6, Max: 3.7, Diff: 0.1, Sum: 14.5]
      [GC Worker End (ms): Min: 14690.1, Avg: 14690.1, Max: 14690.1, Diff: 0.0]
   [Code Root Fixup: 0.0 ms]
   [Code Root Purge: 0.0 ms]
   [Clear CT: 0.1 ms]
   [Other: 0.3 ms]
      [Choose CSet: 0.0 ms]
      [Ref Proc: 0.1 ms]
      [Ref Enq: 0.0 ms]
      [Redirty Cards: 0.1 ms]
      [Humongous Register: 0.0 ms]
      [Humongous Reclaim: 0.0 ms]
      [Free CSet: 0.0 ms]
   [Eden: 11.0M(11.0M)->0.0B(11.0M) Survivors: 2048.0K->2048.0K Heap: 42.2M(50.0M)->31.7M(50.0M)]
 [Times: user=0.00 sys=0.00, real=0.01 secs] 
2021-04-15T21:12:21.624+0800: 14.691: [GC concurrent-root-region-scan-start]
2021-04-15T21:12:21.627+0800: 14.694: [GC concurrent-root-region-scan-end, 0.0029043 secs]
2021-04-15T21:12:21.627+0800: 14.694: [GC concurrent-mark-start]
2021-04-15T21:12:21.659+0800: 14.726: [GC pause (G1 Evacuation Pause) (young), 0.0030302 secs]
   [Parallel Time: 2.7 ms, GC Workers: 4]
      [GC Worker Start (ms): Min: 14726.0, Avg: 14726.0, Max: 14726.0, Diff: 0.0]
      [Ext Root Scanning (ms): Min: 0.6, Avg: 0.7, Max: 0.8, Diff: 0.2, Sum: 2.8]
      [Update RS (ms): Min: 0.6, Avg: 0.6, Max: 0.7, Diff: 0.1, Sum: 2.6]
         [Processed Buffers: Min: 1, Avg: 2.5, Max: 7, Diff: 6, Sum: 10]
      [Scan RS (ms): Min: 0.0, Avg: 0.0, Max: 0.0, Diff: 0.0, Sum: 0.0]
      [Code Root Scanning (ms): Min: 0.0, Avg: 0.0, Max: 0.1, Diff: 0.1, Sum: 0.1]
      [Object Copy (ms): Min: 1.1, Avg: 1.2, Max: 1.3, Diff: 0.1, Sum: 4.9]
      [Termination (ms): Min: 0.0, Avg: 0.0, Max: 0.0, Diff: 0.0, Sum: 0.0]
         [Termination Attempts: Min: 1, Avg: 1.0, Max: 1, Diff: 0, Sum: 4]
      [GC Worker Other (ms): Min: 0.0, Avg: 0.0, Max: 0.0, Diff: 0.0, Sum: 0.0]
      [GC Worker Total (ms): Min: 2.6, Avg: 2.6, Max: 2.6, Diff: 0.0, Sum: 10.5]
      [GC Worker End (ms): Min: 14728.7, Avg: 14728.7, Max: 14728.7, Diff: 0.0]
   [Code Root Fixup: 0.0 ms]
   [Code Root Purge: 0.0 ms]
   [Clear CT: 0.1 ms]
   [Other: 0.2 ms]
      [Choose CSet: 0.0 ms]
      [Ref Proc: 0.1 ms]
      [Ref Enq: 0.0 ms]
      [Redirty Cards: 0.1 ms]
      [Humongous Register: 0.0 ms]
      [Humongous Reclaim: 0.0 ms]
      [Free CSet: 0.0 ms]
   [Eden: 11.0M(11.0M)->0.0B(11.0M) Survivors: 2048.0K->2048.0K Heap: 42.7M(50.0M)->31.6M(50.0M)]
 [Times: user=0.00 sys=0.00, real=0.00 secs] 
2021-04-15T21:12:21.696+0800: 14.763: [GC pause (G1 Evacuation Pause) (young), 0.0030225 secs]
   [Parallel Time: 2.7 ms, GC Workers: 4]
      [GC Worker Start (ms): Min: 14763.0, Avg: 14763.0, Max: 14763.0, Diff: 0.0]
      [Ext Root Scanning (ms): Min: 0.6, Avg: 0.7, Max: 1.0, Diff: 0.4, Sum: 3.0]
      [Update RS (ms): Min: 0.4, Avg: 0.5, Max: 0.8, Diff: 0.3, Sum: 2.1]
         [Processed Buffers: Min: 1, Avg: 2.0, Max: 5, Diff: 4, Sum: 8]
      [Scan RS (ms): Min: 0.0, Avg: 0.0, Max: 0.0, Diff: 0.0, Sum: 0.0]
      [Code Root Scanning (ms): Min: 0.0, Avg: 0.0, Max: 0.1, Diff: 0.1, Sum: 0.1]
      [Object Copy (ms): Min: 1.2, Avg: 1.3, Max: 1.4, Diff: 0.2, Sum: 5.2]
      [Termination (ms): Min: 0.0, Avg: 0.0, Max: 0.0, Diff: 0.0, Sum: 0.0]
         [Termination Attempts: Min: 1, Avg: 1.0, Max: 1, Diff: 0, Sum: 4]
      [GC Worker Other (ms): Min: 0.0, Avg: 0.0, Max: 0.0, Diff: 0.0, Sum: 0.1]
      [GC Worker Total (ms): Min: 2.6, Avg: 2.6, Max: 2.6, Diff: 0.0, Sum: 10.5]
      [GC Worker End (ms): Min: 14765.6, Avg: 14765.6, Max: 14765.7, Diff: 0.0]
   [Code Root Fixup: 0.0 ms]
   [Code Root Purge: 0.0 ms]
   [Clear CT: 0.0 ms]
   [Other: 0.3 ms]
      [Choose CSet: 0.0 ms]
      [Ref Proc: 0.1 ms]
      [Ref Enq: 0.0 ms]
      [Redirty Cards: 0.0 ms]
      [Humongous Register: 0.0 ms]
      [Humongous Reclaim: 0.0 ms]
      [Free CSet: 0.0 ms]
   [Eden: 11.0M(11.0M)->0.0B(11.0M) Survivors: 2048.0K->2048.0K Heap: 42.6M(50.0M)->31.5M(50.0M)]
 [Times: user=0.00 sys=0.00, real=0.00 secs] 
2021-04-15T21:12:21.729+0800: 14.796: [GC concurrent-mark-end, 0.1015428 secs]
2021-04-15T21:12:21.729+0800: 14.796: [GC remark 2021-04-15T21:12:21.729+0800: 14.796: [Finalize Marking, 0.0001903 secs] 2021-04-15T21:12:21.729+0800: 14.796: [GC ref-proc, 0.0007983 secs] 2021-04-15T21:12:21.730+0800: 14.797: [Unloading, 0.0078920 secs], 0.0091742 secs]
 [Times: user=0.06 sys=0.00, real=0.01 secs] 
2021-04-15T21:12:21.738+0800: 14.805: [GC cleanup 40M->40M(50M), 0.0002918 secs]
 [Times: user=0.00 sys=0.00, real=0.00 secs] 
2021-04-15T21:12:21.760+0800: 14.827: [GC pause (G1 Evacuation Pause) (young), 0.0033327 secs]
   [Parallel Time: 3.0 ms, GC Workers: 4]
      [GC Worker Start (ms): Min: 14827.3, Avg: 14827.3, Max: 14827.3, Diff: 0.0]
      [Ext Root Scanning (ms): Min: 0.7, Avg: 0.7, Max: 0.9, Diff: 0.2, Sum: 3.0]
      [Update RS (ms): Min: 0.5, Avg: 0.6, Max: 0.7, Diff: 0.2, Sum: 2.3]
         [Processed Buffers: Min: 1, Avg: 2.0, Max: 3, Diff: 2, Sum: 8]
      [Scan RS (ms): Min: 0.0, Avg: 0.0, Max: 0.0, Diff: 0.0, Sum: 0.0]
      [Code Root Scanning (ms): Min: 0.0, Avg: 0.0, Max: 0.1, Diff: 0.1, Sum: 0.1]
      [Object Copy (ms): Min: 1.5, Avg: 1.6, Max: 1.7, Diff: 0.2, Sum: 6.3]
      [Termination (ms): Min: 0.0, Avg: 0.0, Max: 0.0, Diff: 0.0, Sum: 0.0]
         [Termination Attempts: Min: 1, Avg: 1.0, Max: 1, Diff: 0, Sum: 4]
      [GC Worker Other (ms): Min: 0.0, Avg: 0.0, Max: 0.0, Diff: 0.0, Sum: 0.0]
      [GC Worker Total (ms): Min: 2.9, Avg: 2.9, Max: 2.9, Diff: 0.0, Sum: 11.7]
      [GC Worker End (ms): Min: 14830.3, Avg: 14830.3, Max: 14830.3, Diff: 0.0]
   [Code Root Fixup: 0.0 ms]
   [Code Root Purge: 0.0 ms]
   [Clear CT: 0.0 ms]
   [Other: 0.3 ms]
      [Choose CSet: 0.0 ms]
      [Ref Proc: 0.1 ms]
      [Ref Enq: 0.0 ms]
      [Redirty Cards: 0.0 ms]
      [Humongous Register: 0.0 ms]
      [Humongous Reclaim: 0.0 ms]
      [Free CSet: 0.0 ms]
   [Eden: 11.0M(11.0M)->0.0B(10.0M) Survivors: 2048.0K->2048.0K Heap: 42.5M(50.0M)->31.8M(50.0M)]
 [Times: user=0.00 sys=0.00, real=0.00 secs] 
2021-04-15T21:12:21.848+0800: 14.915: [GC pause (G1 Evacuation Pause) (young), 0.0045154 secs]
   [Parallel Time: 4.0 ms, GC Workers: 4]
      [GC Worker Start (ms): Min: 14915.2, Avg: 14915.2, Max: 14915.3, Diff: 0.0]
      [Ext Root Scanning (ms): Min: 0.6, Avg: 0.7, Max: 0.9, Diff: 0.3, Sum: 2.7]
      [Update RS (ms): Min: 0.8, Avg: 1.0, Max: 1.3, Diff: 0.5, Sum: 4.0]
         [Processed Buffers: Min: 2, Avg: 2.5, Max: 3, Diff: 1, Sum: 10]
      [Scan RS (ms): Min: 0.0, Avg: 0.0, Max: 0.0, Diff: 0.0, Sum: 0.0]
      [Code Root Scanning (ms): Min: 0.0, Avg: 0.0, Max: 0.1, Diff: 0.1, Sum: 0.1]
      [Object Copy (ms): Min: 1.8, Avg: 2.2, Max: 2.6, Diff: 0.8, Sum: 9.0]
      [Termination (ms): Min: 0.0, Avg: 0.0, Max: 0.0, Diff: 0.0, Sum: 0.0]
         [Termination Attempts: Min: 1, Avg: 1.0, Max: 1, Diff: 0, Sum: 4]
      [GC Worker Other (ms): Min: 0.0, Avg: 0.0, Max: 0.0, Diff: 0.0, Sum: 0.0]
      [GC Worker Total (ms): Min: 4.0, Avg: 4.0, Max: 4.0, Diff: 0.0, Sum: 15.8]
      [GC Worker End (ms): Min: 14919.2, Avg: 14919.2, Max: 14919.2, Diff: 0.0]
   [Code Root Fixup: 0.1 ms]
   [Code Root Purge: 0.0 ms]
   [Clear CT: 0.1 ms]
   [Other: 0.4 ms]
      [Choose CSet: 0.0 ms]
      [Ref Proc: 0.2 ms]
      [Ref Enq: 0.0 ms]
      [Redirty Cards: 0.0 ms]
      [Humongous Register: 0.0 ms]
      [Humongous Reclaim: 0.0 ms]
      [Free CSet: 0.0 ms]
   [Eden: 10.0M(10.0M)->0.0B(10.0M) Survivors: 2048.0K->2048.0K Heap: 41.8M(50.0M)->32.6M(50.0M)]
 [Times: user=0.00 sys=0.00, real=0.00 secs] 
2021-04-15T21:12:21.896+0800: 14.963: [GC pause (G1 Evacuation Pause) (young) (initial-mark), 0.0052011 secs]
   [Parallel Time: 4.8 ms, GC Workers: 4]
      [GC Worker Start (ms): Min: 14962.8, Avg: 14962.8, Max: 14962.9, Diff: 0.0]
      [Ext Root Scanning (ms): Min: 1.1, Avg: 1.2, Max: 1.3, Diff: 0.2, Sum: 4.9]
      [Update RS (ms): Min: 1.1, Avg: 1.2, Max: 1.2, Diff: 0.1, Sum: 4.7]
         [Processed Buffers: Min: 2, Avg: 3.3, Max: 5, Diff: 3, Sum: 13]
      [Scan RS (ms): Min: 0.0, Avg: 0.0, Max: 0.0, Diff: 0.0, Sum: 0.0]
      [Code Root Scanning (ms): Min: 0.0, Avg: 0.0, Max: 0.1, Diff: 0.1, Sum: 0.1]
      [Object Copy (ms): Min: 2.1, Avg: 2.3, Max: 2.4, Diff: 0.3, Sum: 9.0]
      [Termination (ms): Min: 0.0, Avg: 0.0, Max: 0.0, Diff: 0.0, Sum: 0.0]
         [Termination Attempts: Min: 1, Avg: 1.0, Max: 1, Diff: 0, Sum: 4]
      [GC Worker Other (ms): Min: 0.0, Avg: 0.0, Max: 0.0, Diff: 0.0, Sum: 0.0]
      [GC Worker Total (ms): Min: 4.7, Avg: 4.7, Max: 4.7, Diff: 0.0, Sum: 18.7]
      [GC Worker End (ms): Min: 14967.5, Avg: 14967.5, Max: 14967.5, Diff: 0.0]
   [Code Root Fixup: 0.0 ms]
   [Code Root Purge: 0.0 ms]
   [Clear CT: 0.1 ms]
   [Other: 0.3 ms]
      [Choose CSet: 0.0 ms]
      [Ref Proc: 0.2 ms]
      [Ref Enq: 0.0 ms]
      [Redirty Cards: 0.0 ms]
      [Humongous Register: 0.0 ms]
      [Humongous Reclaim: 0.0 ms]
      [Free CSet: 0.0 ms]
   [Eden: 10.0M(10.0M)->0.0B(9216.0K) Survivors: 2048.0K->2048.0K Heap: 42.6M(50.0M)->33.3M(50.0M)]
 [Times: user=0.00 sys=0.00, real=0.01 secs] 
2021-04-15T21:12:21.901+0800: 14.968: [GC concurrent-root-region-scan-start]
2021-04-15T21:12:21.906+0800: 14.973: [GC concurrent-root-region-scan-end, 0.0043699 secs]
2021-04-15T21:12:21.906+0800: 14.973: [GC concurrent-mark-start]
2021-04-15T21:12:21.931+0800: 14.997: [GC pause (G1 Evacuation Pause) (young), 0.0039194 secs]
   [Parallel Time: 3.6 ms, GC Workers: 4]
      [GC Worker Start (ms): Min: 14997.6, Avg: 14997.6, Max: 14997.6, Diff: 0.0]
      [Ext Root Scanning (ms): Min: 0.6, Avg: 0.7, Max: 0.9, Diff: 0.3, Sum: 2.8]
      [Update RS (ms): Min: 1.2, Avg: 1.3, Max: 1.3, Diff: 0.1, Sum: 5.2]
         [Processed Buffers: Min: 2, Avg: 3.5, Max: 5, Diff: 3, Sum: 14]
      [Scan RS (ms): Min: 0.0, Avg: 0.0, Max: 0.0, Diff: 0.0, Sum: 0.0]
      [Code Root Scanning (ms): Min: 0.0, Avg: 0.0, Max: 0.0, Diff: 0.0, Sum: 0.1]
      [Object Copy (ms): Min: 1.4, Avg: 1.5, Max: 1.6, Diff: 0.1, Sum: 6.1]
      [Termination (ms): Min: 0.0, Avg: 0.0, Max: 0.0, Diff: 0.0, Sum: 0.0]
         [Termination Attempts: Min: 1, Avg: 1.0, Max: 1, Diff: 0, Sum: 4]
      [GC Worker Other (ms): Min: 0.0, Avg: 0.0, Max: 0.0, Diff: 0.0, Sum: 0.0]
      [GC Worker Total (ms): Min: 3.5, Avg: 3.5, Max: 3.6, Diff: 0.0, Sum: 14.2]
      [GC Worker End (ms): Min: 15001.1, Avg: 15001.1, Max: 15001.1, Diff: 0.0]
   [Code Root Fixup: 0.0 ms]
   [Code Root Purge: 0.0 ms]
   [Clear CT: 0.0 ms]
   [Other: 0.3 ms]
      [Choose CSet: 0.0 ms]
      [Ref Proc: 0.1 ms]
      [Ref Enq: 0.0 ms]
      [Redirty Cards: 0.1 ms]
      [Humongous Register: 0.0 ms]
      [Humongous Reclaim: 0.0 ms]
      [Free CSet: 0.0 ms]
   [Eden: 9216.0K(9216.0K)->0.0B(9216.0K) Survivors: 2048.0K->2048.0K Heap: 42.3M(50.0M)->33.3M(50.0M)]
 [Times: user=0.00 sys=0.00, real=0.00 secs] 
2021-04-15T21:12:21.976+0800: 15.043: [GC pause (G1 Evacuation Pause) (young), 0.0036169 secs]
   [Parallel Time: 3.2 ms, GC Workers: 4]
      [GC Worker Start (ms): Min: 15043.0, Avg: 15043.0, Max: 15043.0, Diff: 0.0]
      [Ext Root Scanning (ms): Min: 0.6, Avg: 0.7, Max: 1.0, Diff: 0.4, Sum: 2.8]
      [Update RS (ms): Min: 0.9, Avg: 1.1, Max: 1.4, Diff: 0.4, Sum: 4.5]
         [Processed Buffers: Min: 2, Avg: 3.0, Max: 4, Diff: 2, Sum: 12]
      [Scan RS (ms): Min: 0.0, Avg: 0.0, Max: 0.0, Diff: 0.0, Sum: 0.0]
      [Code Root Scanning (ms): Min: 0.0, Avg: 0.0, Max: 0.0, Diff: 0.0, Sum: 0.1]
      [Object Copy (ms): Min: 1.2, Avg: 1.3, Max: 1.5, Diff: 0.3, Sum: 5.4]
      [Termination (ms): Min: 0.0, Avg: 0.0, Max: 0.0, Diff: 0.0, Sum: 0.0]
         [Termination Attempts: Min: 1, Avg: 1.0, Max: 1, Diff: 0, Sum: 4]
      [GC Worker Other (ms): Min: 0.0, Avg: 0.0, Max: 0.0, Diff: 0.0, Sum: 0.0]
      [GC Worker Total (ms): Min: 3.2, Avg: 3.2, Max: 3.2, Diff: 0.0, Sum: 12.8]
      [GC Worker End (ms): Min: 15046.2, Avg: 15046.2, Max: 15046.2, Diff: 0.0]
   [Code Root Fixup: 0.0 ms]
   [Code Root Purge: 0.0 ms]
   [Clear CT: 0.1 ms]
   [Other: 0.3 ms]
      [Choose CSet: 0.0 ms]
      [Ref Proc: 0.1 ms]
      [Ref Enq: 0.0 ms]
      [Redirty Cards: 0.1 ms]
      [Humongous Register: 0.0 ms]
      [Humongous Reclaim: 0.0 ms]
      [Free CSet: 0.0 ms]
   [Eden: 9216.0K(9216.0K)->0.0B(9216.0K) Survivors: 2048.0K->2048.0K Heap: 42.3M(50.0M)->33.7M(50.0M)]
 [Times: user=0.00 sys=0.00, real=0.00 secs] 
2021-04-15T21:12:22.009+0800: 15.076: [GC concurrent-mark-end, 0.1036770 secs]
2021-04-15T21:12:22.009+0800: 15.077: [GC remark 2021-04-15T21:12:22.009+0800: 15.077: [Finalize Marking, 0.0001459 secs] 2021-04-15T21:12:22.010+0800: 15.077: [GC ref-proc, 0.0007266 secs] 2021-04-15T21:12:22.010+0800: 15.078: [Unloading, 0.0078485 secs], 0.0090219 secs]
 [Times: user=0.06 sys=0.00, real=0.01 secs] 
2021-04-15T21:12:22.019+0800: 15.086: [GC cleanup 42M->42M(50M), 0.0003025 secs]
 [Times: user=0.00 sys=0.00, real=0.00 secs] 
2021-04-15T21:12:22.021+0800: 15.088: [GC pause (G1 Evacuation Pause) (young), 0.0039211 secs]
   [Parallel Time: 3.5 ms, GC Workers: 4]
      [GC Worker Start (ms): Min: 15088.0, Avg: 15088.1, Max: 15088.1, Diff: 0.0]
      [Ext Root Scanning (ms): Min: 0.6, Avg: 0.7, Max: 0.8, Diff: 0.2, Sum: 2.8]
      [Update RS (ms): Min: 0.7, Avg: 1.0, Max: 1.4, Diff: 0.7, Sum: 4.0]
         [Processed Buffers: Min: 1, Avg: 2.8, Max: 4, Diff: 3, Sum: 11]
      [Scan RS (ms): Min: 0.0, Avg: 0.0, Max: 0.0, Diff: 0.0, Sum: 0.0]
      [Code Root Scanning (ms): Min: 0.0, Avg: 0.0, Max: 0.1, Diff: 0.1, Sum: 0.1]
      [Object Copy (ms): Min: 1.3, Avg: 1.7, Max: 2.0, Diff: 0.7, Sum: 6.9]
      [Termination (ms): Min: 0.0, Avg: 0.0, Max: 0.0, Diff: 0.0, Sum: 0.0]
         [Termination Attempts: Min: 1, Avg: 1.0, Max: 1, Diff: 0, Sum: 4]
      [GC Worker Other (ms): Min: 0.0, Avg: 0.0, Max: 0.0, Diff: 0.0, Sum: 0.0]
      [GC Worker Total (ms): Min: 3.5, Avg: 3.5, Max: 3.5, Diff: 0.0, Sum: 13.9]
      [GC Worker End (ms): Min: 15091.5, Avg: 15091.5, Max: 15091.5, Diff: 0.0]
   [Code Root Fixup: 0.0 ms]
   [Code Root Purge: 0.0 ms]
   [Clear CT: 0.1 ms]
   [Other: 0.3 ms]
      [Choose CSet: 0.0 ms]
      [Ref Proc: 0.1 ms]
      [Ref Enq: 0.0 ms]
      [Redirty Cards: 0.1 ms]
      [Humongous Register: 0.0 ms]
      [Humongous Reclaim: 0.0 ms]
      [Free CSet: 0.0 ms]
   [Eden: 9216.0K(9216.0K)->0.0B(10.0M) Survivors: 2048.0K->1024.0K Heap: 42.7M(50.0M)->33.4M(50.0M)]
 [Times: user=0.00 sys=0.00, real=0.00 secs] 
2021-04-15T21:12:22.077+0800: 15.143: [GC pause (G1 Evacuation Pause) (young), 0.0039104 secs]
   [Parallel Time: 3.5 ms, GC Workers: 4]
      [GC Worker Start (ms): Min: 15143.5, Avg: 15143.5, Max: 15143.6, Diff: 0.1]
      [Ext Root Scanning (ms): Min: 0.6, Avg: 0.8, Max: 1.1, Diff: 0.5, Sum: 3.2]
      [Update RS (ms): Min: 1.4, Avg: 1.7, Max: 1.9, Diff: 0.5, Sum: 6.7]
         [Processed Buffers: Min: 3, Avg: 3.3, Max: 4, Diff: 1, Sum: 13]
      [Scan RS (ms): Min: 0.0, Avg: 0.0, Max: 0.0, Diff: 0.0, Sum: 0.0]
      [Code Root Scanning (ms): Min: 0.0, Avg: 0.0, Max: 0.1, Diff: 0.1, Sum: 0.1]
      [Object Copy (ms): Min: 0.8, Avg: 0.9, Max: 1.1, Diff: 0.3, Sum: 3.6]
      [Termination (ms): Min: 0.0, Avg: 0.0, Max: 0.0, Diff: 0.0, Sum: 0.0]
         [Termination Attempts: Min: 1, Avg: 1.0, Max: 1, Diff: 0, Sum: 4]
      [GC Worker Other (ms): Min: 0.0, Avg: 0.0, Max: 0.0, Diff: 0.0, Sum: 0.0]
      [GC Worker Total (ms): Min: 3.4, Avg: 3.4, Max: 3.4, Diff: 0.1, Sum: 13.6]
      [GC Worker End (ms): Min: 15146.9, Avg: 15146.9, Max: 15146.9, Diff: 0.0]
   [Code Root Fixup: 0.0 ms]
   [Code Root Purge: 0.0 ms]
   [Clear CT: 0.1 ms]
   [Other: 0.3 ms]
      [Choose CSet: 0.0 ms]
      [Ref Proc: 0.1 ms]
      [Ref Enq: 0.0 ms]
      [Redirty Cards: 0.1 ms]
      [Humongous Register: 0.0 ms]
      [Humongous Reclaim: 0.0 ms]
      [Free CSet: 0.0 ms]
   [Eden: 10.0M(10.0M)->0.0B(8192.0K) Survivors: 1024.0K->2048.0K Heap: 43.4M(50.0M)->33.8M(50.0M)]
 [Times: user=0.06 sys=0.00, real=0.00 secs] 
2021-04-15T21:12:22.152+0800: 15.219: [GC pause (G1 Evacuation Pause) (young) (initial-mark), 0.0041600 secs]
   [Parallel Time: 3.7 ms, GC Workers: 4]
      [GC Worker Start (ms): Min: 15219.6, Avg: 15219.6, Max: 15219.6, Diff: 0.0]
      [Ext Root Scanning (ms): Min: 1.2, Avg: 1.3, Max: 1.4, Diff: 0.2, Sum: 5.2]
      [Update RS (ms): Min: 0.6, Avg: 0.8, Max: 1.0, Diff: 0.5, Sum: 3.4]
         [Processed Buffers: Min: 1, Avg: 2.5, Max: 5, Diff: 4, Sum: 10]
      [Scan RS (ms): Min: 0.0, Avg: 0.0, Max: 0.0, Diff: 0.0, Sum: 0.0]
      [Code Root Scanning (ms): Min: 0.0, Avg: 0.0, Max: 0.1, Diff: 0.1, Sum: 0.1]
      [Object Copy (ms): Min: 1.2, Avg: 1.3, Max: 1.5, Diff: 0.3, Sum: 5.3]
      [Termination (ms): Min: 0.0, Avg: 0.0, Max: 0.0, Diff: 0.0, Sum: 0.0]
         [Termination Attempts: Min: 1, Avg: 1.0, Max: 1, Diff: 0, Sum: 4]
      [GC Worker Other (ms): Min: 0.0, Avg: 0.0, Max: 0.0, Diff: 0.0, Sum: 0.0]
      [GC Worker Total (ms): Min: 3.5, Avg: 3.5, Max: 3.5, Diff: 0.0, Sum: 13.9]
      [GC Worker End (ms): Min: 15223.1, Avg: 15223.1, Max: 15223.1, Diff: 0.0]
   [Code Root Fixup: 0.0 ms]
   [Code Root Purge: 0.0 ms]
   [Clear CT: 0.1 ms]
   [Other: 0.4 ms]
      [Choose CSet: 0.0 ms]
      [Ref Proc: 0.2 ms]
      [Ref Enq: 0.0 ms]
      [Redirty Cards: 0.1 ms]
      [Humongous Register: 0.0 ms]
      [Humongous Reclaim: 0.0 ms]
      [Free CSet: 0.0 ms]
   [Eden: 8192.0K(8192.0K)->0.0B(8192.0K) Survivors: 2048.0K->2048.0K Heap: 41.8M(50.0M)->33.8M(50.0M)]
 [Times: user=0.00 sys=0.00, real=0.01 secs] 
2021-04-15T21:12:22.157+0800: 15.224: [GC concurrent-root-region-scan-start]
2021-04-15T21:12:22.161+0800: 15.228: [GC concurrent-root-region-scan-end, 0.0045649 secs]
2021-04-15T21:12:22.161+0800: 15.228: [GC concurrent-mark-start]
2021-04-15T21:12:22.215+0800: 15.282: [GC pause (G1 Evacuation Pause) (young), 0.0040213 secs]
   [Parallel Time: 3.5 ms, GC Workers: 4]
      [GC Worker Start (ms): Min: 15282.0, Avg: 15282.0, Max: 15282.0, Diff: 0.0]
      [Ext Root Scanning (ms): Min: 0.6, Avg: 0.7, Max: 0.9, Diff: 0.2, Sum: 3.0]
      [Update RS (ms): Min: 0.8, Avg: 1.0, Max: 1.5, Diff: 0.7, Sum: 4.1]
         [Processed Buffers: Min: 1, Avg: 4.3, Max: 8, Diff: 7, Sum: 17]
      [Scan RS (ms): Min: 0.0, Avg: 0.0, Max: 0.0, Diff: 0.0, Sum: 0.0]
      [Code Root Scanning (ms): Min: 0.0, Avg: 0.0, Max: 0.1, Diff: 0.1, Sum: 0.1]
      [Object Copy (ms): Min: 1.1, Avg: 1.6, Max: 1.9, Diff: 0.8, Sum: 6.6]
      [Termination (ms): Min: 0.0, Avg: 0.0, Max: 0.0, Diff: 0.0, Sum: 0.0]
         [Termination Attempts: Min: 1, Avg: 1.0, Max: 1, Diff: 0, Sum: 4]
      [GC Worker Other (ms): Min: 0.0, Avg: 0.0, Max: 0.0, Diff: 0.0, Sum: 0.1]
      [GC Worker Total (ms): Min: 3.4, Avg: 3.4, Max: 3.5, Diff: 0.0, Sum: 13.7]
      [GC Worker End (ms): Min: 15285.4, Avg: 15285.4, Max: 15285.4, Diff: 0.0]
   [Code Root Fixup: 0.0 ms]
   [Code Root Purge: 0.0 ms]
   [Clear CT: 0.1 ms]
   [Other: 0.4 ms]
      [Choose CSet: 0.0 ms]
      [Ref Proc: 0.2 ms]
      [Ref Enq: 0.0 ms]
      [Redirty Cards: 0.1 ms]
      [Humongous Register: 0.0 ms]
      [Humongous Reclaim: 0.0 ms]
      [Free CSet: 0.0 ms]
   [Eden: 8192.0K(8192.0K)->0.0B(8192.0K) Survivors: 2048.0K->2048.0K Heap: 41.8M(50.0M)->34.6M(50.0M)]
 [Times: user=0.00 sys=0.00, real=0.00 secs] 
2021-04-15T21:12:22.266+0800: 15.333: [GC concurrent-mark-end, 0.1047121 secs]
2021-04-15T21:12:22.266+0800: 15.333: [GC remark 2021-04-15T21:12:22.267+0800: 15.333: [Finalize Marking, 0.0001583 secs] 2021-04-15T21:12:22.267+0800: 15.334: [GC ref-proc, 0.0008196 secs] 2021-04-15T21:12:22.268+0800: 15.334: [Unloading, 0.0080939 secs], 0.0094246 secs]
 [Times: user=0.02 sys=0.00, real=0.01 secs] 
2021-04-15T21:12:22.276+0800: 15.343: [GC cleanup 40M->40M(50M), 0.0003503 secs]
 [Times: user=0.00 sys=0.00, real=0.00 secs] 
2021-04-15T21:12:22.291+0800: 15.358: [GC pause (G1 Evacuation Pause) (young), 0.0048418 secs]
   [Parallel Time: 4.4 ms, GC Workers: 4]
      [GC Worker Start (ms): Min: 15358.3, Avg: 15358.3, Max: 15358.4, Diff: 0.0]
      [Ext Root Scanning (ms): Min: 0.6, Avg: 0.8, Max: 1.0, Diff: 0.4, Sum: 3.0]
      [Update RS (ms): Min: 1.4, Avg: 1.6, Max: 1.8, Diff: 0.4, Sum: 6.3]
         [Processed Buffers: Min: 2, Avg: 9.3, Max: 24, Diff: 22, Sum: 37]
      [Scan RS (ms): Min: 0.0, Avg: 0.0, Max: 0.0, Diff: 0.0, Sum: 0.0]
      [Code Root Scanning (ms): Min: 0.0, Avg: 0.0, Max: 0.1, Diff: 0.1, Sum: 0.1]
      [Object Copy (ms): Min: 1.6, Avg: 2.0, Max: 2.3, Diff: 0.7, Sum: 8.0]
      [Termination (ms): Min: 0.0, Avg: 0.0, Max: 0.0, Diff: 0.0, Sum: 0.0]
         [Termination Attempts: Min: 1, Avg: 3.0, Max: 4, Diff: 3, Sum: 12]
      [GC Worker Other (ms): Min: 0.0, Avg: 0.0, Max: 0.0, Diff: 0.0, Sum: 0.0]
      [GC Worker Total (ms): Min: 4.3, Avg: 4.4, Max: 4.4, Diff: 0.0, Sum: 17.5]
      [GC Worker End (ms): Min: 15362.7, Avg: 15362.7, Max: 15362.7, Diff: 0.0]
   [Code Root Fixup: 0.0 ms]
   [Code Root Purge: 0.0 ms]
   [Clear CT: 0.1 ms]
   [Other: 0.3 ms]
      [Choose CSet: 0.0 ms]
      [Ref Proc: 0.2 ms]
      [Ref Enq: 0.0 ms]
      [Redirty Cards: 0.1 ms]
      [Humongous Register: 0.0 ms]
      [Humongous Reclaim: 0.0 ms]
      [Free CSet: 0.0 ms]
   [Eden: 8192.0K(8192.0K)->0.0B(1024.0K) Survivors: 2048.0K->2048.0K Heap: 42.6M(50.0M)->34.9M(50.0M)]
 [Times: user=0.00 sys=0.00, real=0.01 secs] 
2021-04-15T21:12:22.303+0800: 15.370: [GC pause (G1 Evacuation Pause) (mixed), 0.0058573 secs]
   [Parallel Time: 5.5 ms, GC Workers: 4]
      [GC Worker Start (ms): Min: 15370.0, Avg: 15370.0, Max: 15370.0, Diff: 0.0]
      [Ext Root Scanning (ms): Min: 0.6, Avg: 0.7, Max: 1.0, Diff: 0.4, Sum: 2.9]
      [Update RS (ms): Min: 1.1, Avg: 1.3, Max: 1.4, Diff: 0.4, Sum: 5.1]
         [Processed Buffers: Min: 2, Avg: 3.3, Max: 5, Diff: 3, Sum: 13]
      [Scan RS (ms): Min: 0.5, Avg: 0.5, Max: 0.6, Diff: 0.1, Sum: 2.1]
      [Code Root Scanning (ms): Min: 0.0, Avg: 0.3, Max: 1.0, Diff: 1.0, Sum: 1.0]
      [Object Copy (ms): Min: 1.9, Avg: 2.6, Max: 2.9, Diff: 1.1, Sum: 10.6]
      [Termination (ms): Min: 0.0, Avg: 0.0, Max: 0.0, Diff: 0.0, Sum: 0.0]
         [Termination Attempts: Min: 1, Avg: 1.0, Max: 1, Diff: 0, Sum: 4]
      [GC Worker Other (ms): Min: 0.0, Avg: 0.0, Max: 0.0, Diff: 0.0, Sum: 0.0]
      [GC Worker Total (ms): Min: 5.4, Avg: 5.4, Max: 5.4, Diff: 0.0, Sum: 21.7]
      [GC Worker End (ms): Min: 15375.5, Avg: 15375.5, Max: 15375.5, Diff: 0.0]
   [Code Root Fixup: 0.1 ms]
   [Code Root Purge: 0.0 ms]
   [Clear CT: 0.1 ms]
   [Other: 0.3 ms]
      [Choose CSet: 0.0 ms]
      [Ref Proc: 0.1 ms]
      [Ref Enq: 0.0 ms]
      [Redirty Cards: 0.0 ms]
      [Humongous Register: 0.0 ms]
      [Humongous Reclaim: 0.0 ms]
      [Free CSet: 0.0 ms]
   [Eden: 1024.0K(1024.0K)->0.0B(9216.0K) Survivors: 2048.0K->1024.0K Heap: 35.9M(50.0M)->34.3M(50.0M)]
 [Times: user=0.00 sys=0.00, real=0.01 secs] 
2021-04-15T21:12:22.345+0800: 15.412: [GC pause (G1 Evacuation Pause) (young), 0.0047108 secs]
   [Parallel Time: 4.4 ms, GC Workers: 4]
      [GC Worker Start (ms): Min: 15412.0, Avg: 15412.0, Max: 15412.0, Diff: 0.0]
      [Ext Root Scanning (ms): Min: 0.6, Avg: 0.7, Max: 0.8, Diff: 0.3, Sum: 2.6]
      [Update RS (ms): Min: 2.6, Avg: 2.8, Max: 2.9, Diff: 0.3, Sum: 11.4]
         [Processed Buffers: Min: 4, Avg: 5.5, Max: 7, Diff: 3, Sum: 22]
      [Scan RS (ms): Min: 0.0, Avg: 0.0, Max: 0.0, Diff: 0.0, Sum: 0.0]
      [Code Root Scanning (ms): Min: 0.0, Avg: 0.0, Max: 0.0, Diff: 0.0, Sum: 0.0]
      [Object Copy (ms): Min: 0.8, Avg: 0.8, Max: 0.8, Diff: 0.1, Sum: 3.3]
      [Termination (ms): Min: 0.0, Avg: 0.0, Max: 0.0, Diff: 0.0, Sum: 0.0]
         [Termination Attempts: Min: 1, Avg: 1.0, Max: 1, Diff: 0, Sum: 4]
      [GC Worker Other (ms): Min: 0.0, Avg: 0.0, Max: 0.0, Diff: 0.0, Sum: 0.0]
      [GC Worker Total (ms): Min: 4.3, Avg: 4.3, Max: 4.4, Diff: 0.0, Sum: 17.4]
      [GC Worker End (ms): Min: 15416.4, Avg: 15416.4, Max: 15416.4, Diff: 0.0]
   [Code Root Fixup: 0.0 ms]
   [Code Root Purge: 0.0 ms]
   [Clear CT: 0.1 ms]
   [Other: 0.3 ms]
      [Choose CSet: 0.0 ms]
      [Ref Proc: 0.1 ms]
      [Ref Enq: 0.0 ms]
      [Redirty Cards: 0.0 ms]
      [Humongous Register: 0.0 ms]
      [Humongous Reclaim: 0.0 ms]
      [Free CSet: 0.0 ms]
   [Eden: 9216.0K(9216.0K)->0.0B(9216.0K) Survivors: 1024.0K->1024.0K Heap: 43.3M(50.0M)->34.1M(50.0M)]
 [Times: user=0.06 sys=0.00, real=0.00 secs] 
2021-04-15T21:12:22.372+0800: 15.439: [GC pause (G1 Evacuation Pause) (young) (initial-mark), 0.0036693 secs]
   [Parallel Time: 3.3 ms, GC Workers: 4]
      [GC Worker Start (ms): Min: 15439.6, Avg: 15439.7, Max: 15440.0, Diff: 0.5]
      [Ext Root Scanning (ms): Min: 1.2, Avg: 1.5, Max: 1.8, Diff: 0.6, Sum: 6.1]
      [Update RS (ms): Min: 0.4, Avg: 0.5, Max: 0.7, Diff: 0.2, Sum: 2.2]
         [Processed Buffers: Min: 1, Avg: 2.0, Max: 4, Diff: 3, Sum: 8]
      [Scan RS (ms): Min: 0.0, Avg: 0.0, Max: 0.0, Diff: 0.0, Sum: 0.0]
      [Code Root Scanning (ms): Min: 0.0, Avg: 0.0, Max: 0.0, Diff: 0.0, Sum: 0.0]
      [Object Copy (ms): Min: 0.7, Avg: 1.0, Max: 1.1, Diff: 0.4, Sum: 3.9]
      [Termination (ms): Min: 0.0, Avg: 0.0, Max: 0.0, Diff: 0.0, Sum: 0.0]
         [Termination Attempts: Min: 1, Avg: 1.0, Max: 1, Diff: 0, Sum: 4]
      [GC Worker Other (ms): Min: 0.0, Avg: 0.0, Max: 0.0, Diff: 0.0, Sum: 0.0]
      [GC Worker Total (ms): Min: 2.7, Avg: 3.1, Max: 3.2, Diff: 0.5, Sum: 12.2]
      [GC Worker End (ms): Min: 15442.7, Avg: 15442.7, Max: 15442.7, Diff: 0.0]
   [Code Root Fixup: 0.0 ms]
   [Code Root Purge: 0.0 ms]
   [Clear CT: 0.1 ms]
   [Other: 0.3 ms]
      [Choose CSet: 0.0 ms]
      [Ref Proc: 0.1 ms]
      [Ref Enq: 0.0 ms]
      [Redirty Cards: 0.1 ms]
      [Humongous Register: 0.0 ms]
      [Humongous Reclaim: 0.0 ms]
      [Free CSet: 0.0 ms]
   [Eden: 9216.0K(9216.0K)->0.0B(7168.0K) Survivors: 1024.0K->2048.0K Heap: 43.1M(50.0M)->34.5M(50.0M)]
 [Times: user=0.00 sys=0.00, real=0.00 secs] 
2021-04-15T21:12:22.376+0800: 15.443: [GC concurrent-root-region-scan-start]
2021-04-15T21:12:22.380+0800: 15.447: [GC concurrent-root-region-scan-end, 0.0033071 secs]
2021-04-15T21:12:22.380+0800: 15.447: [GC concurrent-mark-start]
2021-04-15T21:12:22.418+0800: 15.484: [GC pause (G1 Evacuation Pause) (young), 0.0026573 secs]
   [Parallel Time: 2.3 ms, GC Workers: 4]
      [GC Worker Start (ms): Min: 15484.3, Avg: 15484.3, Max: 15484.3, Diff: 0.0]
      [Ext Root Scanning (ms): Min: 0.6, Avg: 0.7, Max: 0.8, Diff: 0.2, Sum: 2.6]
      [Update RS (ms): Min: 0.4, Avg: 0.6, Max: 0.7, Diff: 0.3, Sum: 2.4]
         [Processed Buffers: Min: 1, Avg: 1.8, Max: 3, Diff: 2, Sum: 7]
      [Scan RS (ms): Min: 0.0, Avg: 0.0, Max: 0.0, Diff: 0.0, Sum: 0.0]
      [Code Root Scanning (ms): Min: 0.0, Avg: 0.0, Max: 0.0, Diff: 0.0, Sum: 0.0]
      [Object Copy (ms): Min: 0.9, Avg: 0.9, Max: 1.0, Diff: 0.1, Sum: 3.8]
      [Termination (ms): Min: 0.0, Avg: 0.0, Max: 0.0, Diff: 0.0, Sum: 0.0]
         [Termination Attempts: Min: 1, Avg: 1.0, Max: 1, Diff: 0, Sum: 4]
      [GC Worker Other (ms): Min: 0.0, Avg: 0.0, Max: 0.0, Diff: 0.0, Sum: 0.0]
      [GC Worker Total (ms): Min: 2.2, Avg: 2.2, Max: 2.2, Diff: 0.0, Sum: 8.9]
      [GC Worker End (ms): Min: 15486.5, Avg: 15486.5, Max: 15486.5, Diff: 0.0]
   [Code Root Fixup: 0.0 ms]
   [Code Root Purge: 0.0 ms]
   [Clear CT: 0.1 ms]
   [Other: 0.3 ms]
      [Choose CSet: 0.0 ms]
      [Ref Proc: 0.1 ms]
      [Ref Enq: 0.0 ms]
      [Redirty Cards: 0.1 ms]
      [Humongous Register: 0.0 ms]
      [Humongous Reclaim: 0.0 ms]
      [Free CSet: 0.0 ms]
   [Eden: 7168.0K(7168.0K)->0.0B(7168.0K) Survivors: 2048.0K->2048.0K Heap: 41.5M(50.0M)->34.7M(50.0M)]
 [Times: user=0.00 sys=0.00, real=0.00 secs] 
2021-04-15T21:12:22.454+0800: 15.521: [GC pause (G1 Evacuation Pause) (young), 0.0033732 secs]
   [Parallel Time: 2.7 ms, GC Workers: 4]
      [GC Worker Start (ms): Min: 15521.0, Avg: 15521.0, Max: 15521.0, Diff: 0.0]
      [Ext Root Scanning (ms): Min: 0.6, Avg: 0.7, Max: 0.8, Diff: 0.3, Sum: 2.6]
      [Update RS (ms): Min: 0.6, Avg: 0.7, Max: 0.8, Diff: 0.2, Sum: 2.6]
         [Processed Buffers: Min: 1, Avg: 2.0, Max: 4, Diff: 3, Sum: 8]
      [Scan RS (ms): Min: 0.0, Avg: 0.0, Max: 0.0, Diff: 0.0, Sum: 0.0]
      [Code Root Scanning (ms): Min: 0.0, Avg: 0.0, Max: 0.0, Diff: 0.0, Sum: 0.0]
      [Object Copy (ms): Min: 1.2, Avg: 1.4, Max: 1.5, Diff: 0.2, Sum: 5.5]
      [Termination (ms): Min: 0.0, Avg: 0.0, Max: 0.0, Diff: 0.0, Sum: 0.0]
         [Termination Attempts: Min: 1, Avg: 1.0, Max: 1, Diff: 0, Sum: 4]
      [GC Worker Other (ms): Min: 0.0, Avg: 0.0, Max: 0.0, Diff: 0.0, Sum: 0.0]
      [GC Worker Total (ms): Min: 2.7, Avg: 2.7, Max: 2.7, Diff: 0.0, Sum: 10.8]
      [GC Worker End (ms): Min: 15523.7, Avg: 15523.7, Max: 15523.7, Diff: 0.0]
   [Code Root Fixup: 0.0 ms]
   [Code Root Purge: 0.0 ms]
   [Clear CT: 0.1 ms]
   [Other: 0.5 ms]
      [Choose CSet: 0.0 ms]
      [Ref Proc: 0.1 ms]
      [Ref Enq: 0.0 ms]
      [Redirty Cards: 0.1 ms]
      [Humongous Register: 0.0 ms]
      [Humongous Reclaim: 0.0 ms]
      [Free CSet: 0.1 ms]
   [Eden: 7168.0K(7168.0K)->0.0B(7168.0K) Survivors: 2048.0K->2048.0K Heap: 41.7M(50.0M)->34.5M(50.0M)]
 [Times: user=0.06 sys=0.00, real=0.00 secs] 
2021-04-15T21:12:22.478+0800: 15.545: [GC pause (G1 Evacuation Pause) (young), 0.0027750 secs]
   [Parallel Time: 2.5 ms, GC Workers: 4]
      [GC Worker Start (ms): Min: 15544.9, Avg: 15544.9, Max: 15544.9, Diff: 0.0]
      [Ext Root Scanning (ms): Min: 0.6, Avg: 0.6, Max: 0.8, Diff: 0.3, Sum: 2.6]
      [Update RS (ms): Min: 0.1, Avg: 0.7, Max: 0.8, Diff: 0.7, Sum: 2.6]
         [Processed Buffers: Min: 1, Avg: 2.5, Max: 5, Diff: 4, Sum: 10]
      [Scan RS (ms): Min: 0.0, Avg: 0.0, Max: 0.0, Diff: 0.0, Sum: 0.0]
      [Code Root Scanning (ms): Min: 0.0, Avg: 0.0, Max: 0.0, Diff: 0.0, Sum: 0.0]
      [Object Copy (ms): Min: 0.9, Avg: 1.1, Max: 1.4, Diff: 0.5, Sum: 4.4]
      [Termination (ms): Min: 0.0, Avg: 0.0, Max: 0.0, Diff: 0.0, Sum: 0.0]
         [Termination Attempts: Min: 1, Avg: 1.0, Max: 1, Diff: 0, Sum: 4]
      [GC Worker Other (ms): Min: 0.0, Avg: 0.0, Max: 0.0, Diff: 0.0, Sum: 0.0]
      [GC Worker Total (ms): Min: 2.4, Avg: 2.4, Max: 2.4, Diff: 0.0, Sum: 9.6]
      [GC Worker End (ms): Min: 15547.3, Avg: 15547.3, Max: 15547.3, Diff: 0.0]
   [Code Root Fixup: 0.0 ms]
   [Code Root Purge: 0.0 ms]
   [Clear CT: 0.0 ms]
   [Other: 0.3 ms]
      [Choose CSet: 0.0 ms]
      [Ref Proc: 0.1 ms]
      [Ref Enq: 0.0 ms]
      [Redirty Cards: 0.0 ms]
      [Humongous Register: 0.0 ms]
      [Humongous Reclaim: 0.0 ms]
      [Free CSet: 0.0 ms]
   [Eden: 7168.0K(7168.0K)->0.0B(7168.0K) Survivors: 2048.0K->2048.0K Heap: 41.5M(50.0M)->34.5M(50.0M)]
 [Times: user=0.00 sys=0.00, real=0.00 secs] 
2021-04-15T21:12:22.495+0800: 15.561: [GC concurrent-mark-end, 0.1147468 secs]
2021-04-15T21:12:22.495+0800: 15.562: [GC remark 2021-04-15T21:12:22.495+0800: 15.562: [Finalize Marking, 0.0001549 secs] 2021-04-15T21:12:22.495+0800: 15.562: [GC ref-proc, 0.0008444 secs] 2021-04-15T21:12:22.496+0800: 15.563: [Unloading, 0.0086643 secs], 0.0099789 secs]
 [Times: user=0.06 sys=0.00, real=0.01 secs] 
2021-04-15T21:12:22.505+0800: 15.572: [GC cleanup 38M->38M(50M), 0.0003942 secs]
 [Times: user=0.00 sys=0.00, real=0.00 secs] 
2021-04-15T21:12:22.522+0800: 15.589: [GC pause (G1 Evacuation Pause) (young), 0.0030903 secs]
   [Parallel Time: 2.7 ms, GC Workers: 4]
      [GC Worker Start (ms): Min: 15588.7, Avg: 15588.7, Max: 15588.7, Diff: 0.0]
      [Ext Root Scanning (ms): Min: 0.6, Avg: 0.7, Max: 1.1, Diff: 0.5, Sum: 2.8]
      [Update RS (ms): Min: 0.5, Avg: 0.7, Max: 0.8, Diff: 0.3, Sum: 3.0]
         [Processed Buffers: Min: 1, Avg: 2.0, Max: 3, Diff: 2, Sum: 8]
      [Scan RS (ms): Min: 0.0, Avg: 0.0, Max: 0.0, Diff: 0.0, Sum: 0.0]
      [Code Root Scanning (ms): Min: 0.0, Avg: 0.0, Max: 0.0, Diff: 0.0, Sum: 0.0]
      [Object Copy (ms): Min: 1.0, Avg: 1.1, Max: 1.2, Diff: 0.2, Sum: 4.5]
      [Termination (ms): Min: 0.0, Avg: 0.0, Max: 0.0, Diff: 0.0, Sum: 0.0]
         [Termination Attempts: Min: 1, Avg: 1.3, Max: 2, Diff: 1, Sum: 5]
      [GC Worker Other (ms): Min: 0.0, Avg: 0.0, Max: 0.0, Diff: 0.0, Sum: 0.0]
      [GC Worker Total (ms): Min: 2.6, Avg: 2.6, Max: 2.6, Diff: 0.0, Sum: 10.4]
      [GC Worker End (ms): Min: 15591.3, Avg: 15591.3, Max: 15591.3, Diff: 0.0]
   [Code Root Fixup: 0.0 ms]
   [Code Root Purge: 0.0 ms]
   [Clear CT: 0.1 ms]
   [Other: 0.3 ms]
      [Choose CSet: 0.0 ms]
      [Ref Proc: 0.2 ms]
      [Ref Enq: 0.0 ms]
      [Redirty Cards: 0.1 ms]
      [Humongous Register: 0.0 ms]
      [Humongous Reclaim: 0.0 ms]
      [Free CSet: 0.0 ms]
   [Eden: 7168.0K(7168.0K)->0.0B(1024.0K) Survivors: 2048.0K->2048.0K Heap: 41.5M(50.0M)->35.0M(50.0M)]
 [Times: user=0.00 sys=0.00, real=0.00 secs] 
2021-04-15T21:12:22.534+0800: 15.601: [GC pause (G1 Evacuation Pause) (mixed), 0.0044258 secs]
   [Parallel Time: 4.1 ms, GC Workers: 4]
      [GC Worker Start (ms): Min: 15601.0, Avg: 15601.0, Max: 15601.0, Diff: 0.0]
      [Ext Root Scanning (ms): Min: 0.6, Avg: 0.7, Max: 1.0, Diff: 0.4, Sum: 3.0]
      [Update RS (ms): Min: 0.4, Avg: 0.6, Max: 0.8, Diff: 0.4, Sum: 2.5]
         [Processed Buffers: Min: 1, Avg: 1.8, Max: 4, Diff: 3, Sum: 7]
      [Scan RS (ms): Min: 0.3, Avg: 0.4, Max: 0.5, Diff: 0.2, Sum: 1.6]
      [Code Root Scanning (ms): Min: 0.0, Avg: 0.0, Max: 0.1, Diff: 0.1, Sum: 0.1]
      [Object Copy (ms): Min: 2.1, Avg: 2.2, Max: 2.3, Diff: 0.2, Sum: 8.8]
      [Termination (ms): Min: 0.0, Avg: 0.0, Max: 0.0, Diff: 0.0, Sum: 0.0]
         [Termination Attempts: Min: 1, Avg: 1.3, Max: 2, Diff: 1, Sum: 5]
      [GC Worker Other (ms): Min: 0.0, Avg: 0.0, Max: 0.0, Diff: 0.0, Sum: 0.1]
      [GC Worker Total (ms): Min: 4.0, Avg: 4.0, Max: 4.0, Diff: 0.0, Sum: 16.0]
      [GC Worker End (ms): Min: 15605.0, Avg: 15605.0, Max: 15605.0, Diff: 0.0]
   [Code Root Fixup: 0.0 ms]
   [Code Root Purge: 0.0 ms]
   [Clear CT: 0.1 ms]
   [Other: 0.3 ms]
      [Choose CSet: 0.0 ms]
      [Ref Proc: 0.1 ms]
      [Ref Enq: 0.0 ms]
      [Redirty Cards: 0.1 ms]
      [Humongous Register: 0.0 ms]
      [Humongous Reclaim: 0.0 ms]
      [Free CSet: 0.0 ms]
   [Eden: 1024.0K(1024.0K)->0.0B(9216.0K) Survivors: 2048.0K->1024.0K Heap: 36.0M(50.0M)->34.3M(50.0M)]
 [Times: user=0.00 sys=0.00, real=0.01 secs] 
2021-04-15T21:12:22.603+0800: 15.670: [GC pause (G1 Evacuation Pause) (young), 0.0045346 secs]
   [Parallel Time: 4.2 ms, GC Workers: 4]
      [GC Worker Start (ms): Min: 15669.8, Avg: 15669.8, Max: 15669.9, Diff: 0.0]
      [Ext Root Scanning (ms): Min: 0.6, Avg: 0.7, Max: 0.9, Diff: 0.3, Sum: 2.7]
      [Update RS (ms): Min: 2.1, Avg: 2.4, Max: 2.6, Diff: 0.4, Sum: 9.7]
         [Processed Buffers: Min: 4, Avg: 4.5, Max: 5, Diff: 1, Sum: 18]
      [Scan RS (ms): Min: 0.0, Avg: 0.0, Max: 0.0, Diff: 0.0, Sum: 0.0]
      [Code Root Scanning (ms): Min: 0.0, Avg: 0.0, Max: 0.0, Diff: 0.0, Sum: 0.0]
      [Object Copy (ms): Min: 0.9, Avg: 1.0, Max: 1.1, Diff: 0.2, Sum: 4.0]
      [Termination (ms): Min: 0.0, Avg: 0.0, Max: 0.0, Diff: 0.0, Sum: 0.0]
         [Termination Attempts: Min: 1, Avg: 1.0, Max: 1, Diff: 0, Sum: 4]
      [GC Worker Other (ms): Min: 0.0, Avg: 0.0, Max: 0.0, Diff: 0.0, Sum: 0.0]
      [GC Worker Total (ms): Min: 4.1, Avg: 4.1, Max: 4.1, Diff: 0.0, Sum: 16.5]
      [GC Worker End (ms): Min: 15674.0, Avg: 15674.0, Max: 15674.0, Diff: 0.0]
   [Code Root Fixup: 0.0 ms]
   [Code Root Purge: 0.0 ms]
   [Clear CT: 0.1 ms]
   [Other: 0.3 ms]
      [Choose CSet: 0.0 ms]
      [Ref Proc: 0.1 ms]
      [Ref Enq: 0.0 ms]
      [Redirty Cards: 0.1 ms]
      [Humongous Register: 0.0 ms]
      [Humongous Reclaim: 0.0 ms]
      [Free CSet: 0.0 ms]
   [Eden: 9216.0K(9216.0K)->0.0B(9216.0K) Survivors: 1024.0K->1024.0K Heap: 43.3M(50.0M)->34.6M(50.0M)]
 [Times: user=0.00 sys=0.00, real=0.01 secs] 
2021-04-15T21:12:22.681+0800: 15.748: [GC pause (G1 Evacuation Pause) (young) (initial-mark), 0.0043319 secs]
   [Parallel Time: 3.5 ms, GC Workers: 4]
      [GC Worker Start (ms): Min: 15748.0, Avg: 15748.0, Max: 15748.0, Diff: 0.0]
      [Ext Root Scanning (ms): Min: 1.2, Avg: 1.2, Max: 1.3, Diff: 0.1, Sum: 5.0]
      [Update RS (ms): Min: 0.7, Avg: 0.8, Max: 0.9, Diff: 0.3, Sum: 3.2]
         [Processed Buffers: Min: 1, Avg: 2.3, Max: 4, Diff: 3, Sum: 9]
      [Scan RS (ms): Min: 0.0, Avg: 0.0, Max: 0.0, Diff: 0.0, Sum: 0.0]
      [Code Root Scanning (ms): Min: 0.0, Avg: 0.0, Max: 0.0, Diff: 0.0, Sum: 0.0]
      [Object Copy (ms): Min: 1.2, Avg: 1.3, Max: 1.4, Diff: 0.2, Sum: 5.1]
      [Termination (ms): Min: 0.0, Avg: 0.0, Max: 0.0, Diff: 0.0, Sum: 0.0]
         [Termination Attempts: Min: 1, Avg: 1.0, Max: 1, Diff: 0, Sum: 4]
      [GC Worker Other (ms): Min: 0.0, Avg: 0.0, Max: 0.0, Diff: 0.0, Sum: 0.0]
      [GC Worker Total (ms): Min: 3.3, Avg: 3.3, Max: 3.4, Diff: 0.0, Sum: 13.3]
      [GC Worker End (ms): Min: 15751.3, Avg: 15751.3, Max: 15751.3, Diff: 0.0]
   [Code Root Fixup: 0.0 ms]
   [Code Root Purge: 0.0 ms]
   [Clear CT: 0.3 ms]
   [Other: 0.5 ms]
      [Choose CSet: 0.0 ms]
      [Ref Proc: 0.3 ms]
      [Ref Enq: 0.0 ms]
      [Redirty Cards: 0.1 ms]
      [Humongous Register: 0.0 ms]
      [Humongous Reclaim: 0.0 ms]
      [Free CSet: 0.0 ms]
   [Eden: 9216.0K(9216.0K)->0.0B(7168.0K) Survivors: 1024.0K->2048.0K Heap: 43.6M(50.0M)->35.4M(50.0M)]
 [Times: user=0.00 sys=0.00, real=0.00 secs] 
2021-04-15T21:12:22.685+0800: 15.752: [GC concurrent-root-region-scan-start]
2021-04-15T21:12:22.690+0800: 15.757: [GC concurrent-root-region-scan-end, 0.0044949 secs]
2021-04-15T21:12:22.690+0800: 15.757: [GC concurrent-mark-start]
2021-04-15T21:12:22.773+0800: 15.840: [GC pause (G1 Evacuation Pause) (young), 0.0043311 secs]
   [Parallel Time: 3.7 ms, GC Workers: 4]
      [GC Worker Start (ms): Min: 15840.1, Avg: 15840.2, Max: 15840.2, Diff: 0.0]
      [Ext Root Scanning (ms): Min: 0.9, Avg: 1.0, Max: 1.4, Diff: 0.5, Sum: 4.2]
      [Update RS (ms): Min: 0.6, Avg: 1.0, Max: 1.5, Diff: 0.9, Sum: 3.9]
         [Processed Buffers: Min: 1, Avg: 2.8, Max: 4, Diff: 3, Sum: 11]
      [Scan RS (ms): Min: 0.0, Avg: 0.0, Max: 0.0, Diff: 0.0, Sum: 0.0]
      [Code Root Scanning (ms): Min: 0.0, Avg: 0.0, Max: 0.1, Diff: 0.1, Sum: 0.1]
      [Object Copy (ms): Min: 1.3, Avg: 1.6, Max: 1.8, Diff: 0.5, Sum: 6.4]
      [Termination (ms): Min: 0.0, Avg: 0.0, Max: 0.0, Diff: 0.0, Sum: 0.0]
         [Termination Attempts: Min: 1, Avg: 1.0, Max: 1, Diff: 0, Sum: 4]
      [GC Worker Other (ms): Min: 0.0, Avg: 0.0, Max: 0.0, Diff: 0.0, Sum: 0.0]
      [GC Worker Total (ms): Min: 3.6, Avg: 3.6, Max: 3.7, Diff: 0.0, Sum: 14.6]
      [GC Worker End (ms): Min: 15843.8, Avg: 15843.8, Max: 15843.8, Diff: 0.0]
   [Code Root Fixup: 0.0 ms]
   [Code Root Purge: 0.0 ms]
   [Clear CT: 0.1 ms]
   [Other: 0.5 ms]
      [Choose CSet: 0.0 ms]
      [Ref Proc: 0.3 ms]
      [Ref Enq: 0.0 ms]
      [Redirty Cards: 0.1 ms]
      [Humongous Register: 0.0 ms]
      [Humongous Reclaim: 0.0 ms]
      [Free CSet: 0.0 ms]
   [Eden: 7168.0K(7168.0K)->0.0B(7168.0K) Survivors: 2048.0K->2048.0K Heap: 42.4M(50.0M)->36.0M(50.0M)]
 [Times: user=0.00 sys=0.00, real=0.01 secs] 
2021-04-15T21:12:22.805+0800: 15.872: [GC concurrent-mark-end, 0.1148838 secs]
2021-04-15T21:12:22.805+0800: 15.872: [GC remark 2021-04-15T21:12:22.805+0800: 15.872: [Finalize Marking, 0.0001638 secs] 2021-04-15T21:12:22.805+0800: 15.872: [GC ref-proc, 0.0007846 secs] 2021-04-15T21:12:22.806+0800: 15.873: [Unloading, 0.0083046 secs], 0.0095859 secs]
 [Times: user=0.06 sys=0.00, real=0.01 secs] 
2021-04-15T21:12:22.815+0800: 15.882: [GC cleanup 38M->38M(50M), 0.0003618 secs]
 [Times: user=0.00 sys=0.00, real=0.00 secs] 
2021-04-15T21:12:22.878+0800: 15.945: [GC pause (G1 Evacuation Pause) (young), 0.0043652 secs]
   [Parallel Time: 3.9 ms, GC Workers: 4]
      [GC Worker Start (ms): Min: 15944.8, Avg: 15944.8, Max: 15944.8, Diff: 0.0]
      [Ext Root Scanning (ms): Min: 0.7, Avg: 0.8, Max: 1.2, Diff: 0.5, Sum: 3.2]
      [Update RS (ms): Min: 0.7, Avg: 1.2, Max: 1.6, Diff: 0.9, Sum: 4.8]
         [Processed Buffers: Min: 2, Avg: 3.5, Max: 5, Diff: 3, Sum: 14]
      [Scan RS (ms): Min: 0.0, Avg: 0.0, Max: 0.0, Diff: 0.0, Sum: 0.0]
      [Code Root Scanning (ms): Min: 0.0, Avg: 0.0, Max: 0.1, Diff: 0.1, Sum: 0.1]
      [Object Copy (ms): Min: 1.5, Avg: 1.8, Max: 2.1, Diff: 0.6, Sum: 7.2]
      [Termination (ms): Min: 0.0, Avg: 0.0, Max: 0.0, Diff: 0.0, Sum: 0.0]
         [Termination Attempts: Min: 1, Avg: 1.5, Max: 2, Diff: 1, Sum: 6]
      [GC Worker Other (ms): Min: 0.0, Avg: 0.0, Max: 0.0, Diff: 0.0, Sum: 0.0]
      [GC Worker Total (ms): Min: 3.8, Avg: 3.8, Max: 3.9, Diff: 0.0, Sum: 15.4]
      [GC Worker End (ms): Min: 15948.7, Avg: 15948.7, Max: 15948.7, Diff: 0.0]
   [Code Root Fixup: 0.0 ms]
   [Code Root Purge: 0.0 ms]
   [Clear CT: 0.1 ms]
   [Other: 0.4 ms]
      [Choose CSet: 0.0 ms]
      [Ref Proc: 0.2 ms]
      [Ref Enq: 0.0 ms]
      [Redirty Cards: 0.0 ms]
      [Humongous Register: 0.0 ms]
      [Humongous Reclaim: 0.0 ms]
      [Free CSet: 0.0 ms]
   [Eden: 7168.0K(7168.0K)->0.0B(6144.0K) Survivors: 2048.0K->2048.0K Heap: 43.0M(50.0M)->36.2M(50.0M)]
 [Times: user=0.00 sys=0.00, real=0.00 secs] 
2021-04-15T21:12:22.936+0800: 16.003: [GC pause (G1 Evacuation Pause) (young), 0.0052574 secs]
   [Parallel Time: 4.4 ms, GC Workers: 4]
      [GC Worker Start (ms): Min: 16003.2, Avg: 16003.2, Max: 16003.2, Diff: 0.0]
      [Ext Root Scanning (ms): Min: 0.6, Avg: 0.8, Max: 1.0, Diff: 0.4, Sum: 3.1]
      [Update RS (ms): Min: 1.3, Avg: 1.5, Max: 1.6, Diff: 0.4, Sum: 5.9]
         [Processed Buffers: Min: 2, Avg: 3.5, Max: 7, Diff: 5, Sum: 14]
      [Scan RS (ms): Min: 0.0, Avg: 0.0, Max: 0.0, Diff: 0.0, Sum: 0.0]
      [Code Root Scanning (ms): Min: 0.0, Avg: 0.0, Max: 0.1, Diff: 0.1, Sum: 0.1]
      [Object Copy (ms): Min: 1.8, Avg: 2.0, Max: 2.2, Diff: 0.3, Sum: 8.0]
      [Termination (ms): Min: 0.0, Avg: 0.0, Max: 0.0, Diff: 0.0, Sum: 0.0]
         [Termination Attempts: Min: 1, Avg: 1.0, Max: 1, Diff: 0, Sum: 4]
      [GC Worker Other (ms): Min: 0.0, Avg: 0.0, Max: 0.0, Diff: 0.0, Sum: 0.1]
      [GC Worker Total (ms): Min: 4.3, Avg: 4.3, Max: 4.3, Diff: 0.0, Sum: 17.2]
      [GC Worker End (ms): Min: 16007.5, Avg: 16007.5, Max: 16007.5, Diff: 0.0]
   [Code Root Fixup: 0.1 ms]
   [Code Root Purge: 0.0 ms]
   [Clear CT: 0.2 ms]
   [Other: 0.6 ms]
      [Choose CSet: 0.0 ms]
      [Ref Proc: 0.4 ms]
      [Ref Enq: 0.0 ms]
      [Redirty Cards: 0.1 ms]
      [Humongous Register: 0.0 ms]
      [Humongous Reclaim: 0.0 ms]
      [Free CSet: 0.0 ms]
   [Eden: 6144.0K(6144.0K)->0.0B(7168.0K) Survivors: 2048.0K->1024.0K Heap: 42.2M(50.0M)->36.3M(50.0M)]
 [Times: user=0.05 sys=0.00, real=0.00 secs] 
2021-04-15T21:12:23.002+0800: 16.069: [GC pause (G1 Evacuation Pause) (young) (initial-mark), 0.0051238 secs]
   [Parallel Time: 4.6 ms, GC Workers: 4]
      [GC Worker Start (ms): Min: 16069.0, Avg: 16069.1, Max: 16069.1, Diff: 0.1]
      [Ext Root Scanning (ms): Min: 1.1, Avg: 1.3, Max: 1.4, Diff: 0.3, Sum: 5.1]
      [Update RS (ms): Min: 2.0, Avg: 2.2, Max: 2.3, Diff: 0.3, Sum: 8.6]
         [Processed Buffers: Min: 3, Avg: 4.5, Max: 8, Diff: 5, Sum: 18]
      [Scan RS (ms): Min: 0.0, Avg: 0.0, Max: 0.0, Diff: 0.0, Sum: 0.0]
      [Code Root Scanning (ms): Min: 0.0, Avg: 0.0, Max: 0.0, Diff: 0.0, Sum: 0.0]
      [Object Copy (ms): Min: 0.8, Avg: 0.9, Max: 1.0, Diff: 0.3, Sum: 3.4]
      [Termination (ms): Min: 0.0, Avg: 0.1, Max: 0.1, Diff: 0.1, Sum: 0.3]
         [Termination Attempts: Min: 1, Avg: 1.0, Max: 1, Diff: 0, Sum: 4]
      [GC Worker Other (ms): Min: 0.0, Avg: 0.0, Max: 0.0, Diff: 0.0, Sum: 0.0]
      [GC Worker Total (ms): Min: 4.4, Avg: 4.4, Max: 4.5, Diff: 0.1, Sum: 17.6]
      [GC Worker End (ms): Min: 16073.4, Avg: 16073.5, Max: 16073.5, Diff: 0.1]
   [Code Root Fixup: 0.0 ms]
   [Code Root Purge: 0.0 ms]
   [Clear CT: 0.1 ms]
   [Other: 0.4 ms]
      [Choose CSet: 0.0 ms]
      [Ref Proc: 0.3 ms]
      [Ref Enq: 0.0 ms]
      [Redirty Cards: 0.1 ms]
      [Humongous Register: 0.0 ms]
      [Humongous Reclaim: 0.0 ms]
      [Free CSet: 0.0 ms]
   [Eden: 7168.0K(7168.0K)->0.0B(7168.0K) Survivors: 1024.0K->1024.0K Heap: 43.3M(50.0M)->36.5M(50.0M)]
 [Times: user=0.00 sys=0.00, real=0.00 secs] 
2021-04-15T21:12:23.007+0800: 16.074: [GC concurrent-root-region-scan-start]
2021-04-15T21:12:23.011+0800: 16.078: [GC concurrent-root-region-scan-end, 0.0038148 secs]
2021-04-15T21:12:23.011+0800: 16.078: [GC concurrent-mark-start]
2021-04-15T21:12:23.091+0800: 16.158: [GC pause (G1 Evacuation Pause) (young), 0.0037875 secs]
   [Parallel Time: 3.3 ms, GC Workers: 4]
      [GC Worker Start (ms): Min: 16157.7, Avg: 16157.7, Max: 16157.7, Diff: 0.1]
      [Ext Root Scanning (ms): Min: 0.7, Avg: 0.8, Max: 1.0, Diff: 0.3, Sum: 3.3]
      [Update RS (ms): Min: 1.0, Avg: 1.2, Max: 1.6, Diff: 0.6, Sum: 5.0]
         [Processed Buffers: Min: 3, Avg: 3.5, Max: 4, Diff: 1, Sum: 14]
      [Scan RS (ms): Min: 0.0, Avg: 0.0, Max: 0.0, Diff: 0.0, Sum: 0.0]
      [Code Root Scanning (ms): Min: 0.0, Avg: 0.0, Max: 0.0, Diff: 0.0, Sum: 0.0]
      [Object Copy (ms): Min: 0.7, Avg: 1.2, Max: 1.4, Diff: 0.8, Sum: 4.6]
      [Termination (ms): Min: 0.0, Avg: 0.0, Max: 0.0, Diff: 0.0, Sum: 0.0]
         [Termination Attempts: Min: 1, Avg: 1.3, Max: 2, Diff: 1, Sum: 5]
      [GC Worker Other (ms): Min: 0.0, Avg: 0.0, Max: 0.0, Diff: 0.0, Sum: 0.0]
      [GC Worker Total (ms): Min: 3.2, Avg: 3.2, Max: 3.3, Diff: 0.1, Sum: 13.0]
      [GC Worker End (ms): Min: 16161.0, Avg: 16161.0, Max: 16161.0, Diff: 0.0]
   [Code Root Fixup: 0.0 ms]
   [Code Root Purge: 0.0 ms]
   [Clear CT: 0.0 ms]
   [Other: 0.4 ms]
      [Choose CSet: 0.0 ms]
      [Ref Proc: 0.2 ms]
      [Ref Enq: 0.0 ms]
      [Redirty Cards: 0.1 ms]
      [Humongous Register: 0.0 ms]
      [Humongous Reclaim: 0.0 ms]
      [Free CSet: 0.0 ms]
   [Eden: 7168.0K(7168.0K)->0.0B(6144.0K) Survivors: 1024.0K->1024.0K Heap: 43.5M(50.0M)->37.1M(50.0M)]
 [Times: user=0.00 sys=0.00, real=0.00 secs] 
2021-04-15T21:12:23.130+0800: 16.197: [GC concurrent-mark-end, 0.1192550 secs]
2021-04-15T21:12:23.130+0800: 16.198: [GC remark 2021-04-15T21:12:23.130+0800: 16.198: [Finalize Marking, 0.0002300 secs] 2021-04-15T21:12:23.131+0800: 16.198: [GC ref-proc, 0.0009766 secs] 2021-04-15T21:12:23.132+0800: 16.199: [Unloading, 0.0099166 secs], 0.0114526 secs]
 [Times: user=0.00 sys=0.00, real=0.01 secs] 
2021-04-15T21:12:23.142+0800: 16.209: [GC cleanup 40M->40M(50M), 0.0003268 secs]
 [Times: user=0.00 sys=0.00, real=0.00 secs] 
2021-04-15T21:12:23.163+0800: 16.230: [GC pause (G1 Evacuation Pause) (young), 0.0040691 secs]
   [Parallel Time: 3.7 ms, GC Workers: 4]
      [GC Worker Start (ms): Min: 16230.2, Avg: 16230.2, Max: 16230.2, Diff: 0.0]
      [Ext Root Scanning (ms): Min: 0.6, Avg: 0.7, Max: 0.9, Diff: 0.3, Sum: 2.9]
      [Update RS (ms): Min: 1.5, Avg: 1.7, Max: 1.9, Diff: 0.5, Sum: 6.6]
         [Processed Buffers: Min: 2, Avg: 3.5, Max: 6, Diff: 4, Sum: 14]
      [Scan RS (ms): Min: 0.0, Avg: 0.0, Max: 0.0, Diff: 0.0, Sum: 0.0]
      [Code Root Scanning (ms): Min: 0.0, Avg: 0.0, Max: 0.0, Diff: 0.0, Sum: 0.0]
      [Object Copy (ms): Min: 0.8, Avg: 1.2, Max: 1.4, Diff: 0.6, Sum: 4.9]
      [Termination (ms): Min: 0.0, Avg: 0.0, Max: 0.0, Diff: 0.0, Sum: 0.0]
         [Termination Attempts: Min: 1, Avg: 1.0, Max: 1, Diff: 0, Sum: 4]
      [GC Worker Other (ms): Min: 0.0, Avg: 0.0, Max: 0.0, Diff: 0.0, Sum: 0.0]
      [GC Worker Total (ms): Min: 3.6, Avg: 3.6, Max: 3.6, Diff: 0.0, Sum: 14.5]
      [GC Worker End (ms): Min: 16233.8, Avg: 16233.8, Max: 16233.8, Diff: 0.0]
   [Code Root Fixup: 0.0 ms]
   [Code Root Purge: 0.0 ms]
   [Clear CT: 0.0 ms]
   [Other: 0.3 ms]
      [Choose CSet: 0.0 ms]
      [Ref Proc: 0.1 ms]
      [Ref Enq: 0.0 ms]
      [Redirty Cards: 0.1 ms]
      [Humongous Register: 0.0 ms]
      [Humongous Reclaim: 0.0 ms]
      [Free CSet: 0.0 ms]
   [Eden: 6144.0K(6144.0K)->0.0B(1024.0K) Survivors: 1024.0K->1024.0K Heap: 43.1M(50.0M)->37.5M(50.0M)]
 [Times: user=0.00 sys=0.00, real=0.00 secs] 
2021-04-15T21:12:23.174+0800: 16.241: [GC pause (G1 Evacuation Pause) (mixed), 0.0051968 secs]
   [Parallel Time: 4.9 ms, GC Workers: 4]
      [GC Worker Start (ms): Min: 16241.2, Avg: 16241.2, Max: 16241.2, Diff: 0.0]
      [Ext Root Scanning (ms): Min: 0.6, Avg: 0.7, Max: 1.0, Diff: 0.4, Sum: 2.9]
      [Update RS (ms): Min: 1.2, Avg: 1.3, Max: 1.5, Diff: 0.3, Sum: 5.3]
         [Processed Buffers: Min: 2, Avg: 3.3, Max: 5, Diff: 3, Sum: 13]
      [Scan RS (ms): Min: 0.4, Avg: 0.7, Max: 0.8, Diff: 0.4, Sum: 2.6]
      [Code Root Scanning (ms): Min: 0.0, Avg: 0.0, Max: 0.0, Diff: 0.0, Sum: 0.0]
      [Object Copy (ms): Min: 2.0, Avg: 2.1, Max: 2.2, Diff: 0.2, Sum: 8.4]
      [Termination (ms): Min: 0.0, Avg: 0.0, Max: 0.0, Diff: 0.0, Sum: 0.0]
         [Termination Attempts: Min: 1, Avg: 1.8, Max: 4, Diff: 3, Sum: 7]
      [GC Worker Other (ms): Min: 0.0, Avg: 0.0, Max: 0.0, Diff: 0.0, Sum: 0.0]
      [GC Worker Total (ms): Min: 4.8, Avg: 4.8, Max: 4.8, Diff: 0.0, Sum: 19.3]
      [GC Worker End (ms): Min: 16246.0, Avg: 16246.0, Max: 16246.0, Diff: 0.0]
   [Code Root Fixup: 0.0 ms]
   [Code Root Purge: 0.0 ms]
   [Clear CT: 0.1 ms]
   [Other: 0.2 ms]
      [Choose CSet: 0.0 ms]
      [Ref Proc: 0.1 ms]
      [Ref Enq: 0.0 ms]
      [Redirty Cards: 0.0 ms]
      [Humongous Register: 0.0 ms]
      [Humongous Reclaim: 0.0 ms]
      [Free CSet: 0.0 ms]
   [Eden: 1024.0K(1024.0K)->0.0B(7168.0K) Survivors: 1024.0K->1024.0K Heap: 38.5M(50.0M)->36.5M(50.0M)]
 [Times: user=0.00 sys=0.00, real=0.01 secs] 
2021-04-15T21:12:23.239+0800: 16.306: [GC pause (G1 Evacuation Pause) (young), 0.0051217 secs]
   [Parallel Time: 4.7 ms, GC Workers: 4]
      [GC Worker Start (ms): Min: 16305.8, Avg: 16305.8, Max: 16305.9, Diff: 0.1]
      [Ext Root Scanning (ms): Min: 0.7, Avg: 0.9, Max: 1.0, Diff: 0.2, Sum: 3.4]
      [Update RS (ms): Min: 2.8, Avg: 2.9, Max: 3.3, Diff: 0.6, Sum: 11.7]
         [Processed Buffers: Min: 4, Avg: 11.8, Max: 32, Diff: 28, Sum: 47]
      [Scan RS (ms): Min: 0.0, Avg: 0.0, Max: 0.0, Diff: 0.0, Sum: 0.0]
      [Code Root Scanning (ms): Min: 0.0, Avg: 0.0, Max: 0.0, Diff: 0.0, Sum: 0.0]
      [Object Copy (ms): Min: 0.4, Avg: 0.9, Max: 1.1, Diff: 0.7, Sum: 3.6]
      [Termination (ms): Min: 0.0, Avg: 0.0, Max: 0.0, Diff: 0.0, Sum: 0.0]
         [Termination Attempts: Min: 1, Avg: 1.0, Max: 1, Diff: 0, Sum: 4]
      [GC Worker Other (ms): Min: 0.0, Avg: 0.0, Max: 0.0, Diff: 0.0, Sum: 0.0]
      [GC Worker Total (ms): Min: 4.7, Avg: 4.7, Max: 4.7, Diff: 0.1, Sum: 18.8]
      [GC Worker End (ms): Min: 16310.5, Avg: 16310.5, Max: 16310.5, Diff: 0.0]
   [Code Root Fixup: 0.0 ms]
   [Code Root Purge: 0.0 ms]
   [Clear CT: 0.1 ms]
   [Other: 0.3 ms]
      [Choose CSet: 0.0 ms]
      [Ref Proc: 0.1 ms]
      [Ref Enq: 0.0 ms]
      [Redirty Cards: 0.1 ms]
      [Humongous Register: 0.0 ms]
      [Humongous Reclaim: 0.0 ms]
      [Free CSet: 0.0 ms]
   [Eden: 7168.0K(7168.0K)->0.0B(7168.0K) Survivors: 1024.0K->1024.0K Heap: 43.5M(50.0M)->36.5M(50.0M)]
 [Times: user=0.00 sys=0.00, real=0.00 secs] 
2021-04-15T21:12:23.312+0800: 16.379: [GC pause (G1 Evacuation Pause) (young) (initial-mark), 0.0043319 secs]
   [Parallel Time: 3.9 ms, GC Workers: 4]
      [GC Worker Start (ms): Min: 16378.8, Avg: 16378.8, Max: 16378.8, Diff: 0.0]
      [Ext Root Scanning (ms): Min: 1.3, Avg: 1.4, Max: 1.4, Diff: 0.1, Sum: 5.4]
      [Update RS (ms): Min: 0.9, Avg: 1.2, Max: 1.6, Diff: 0.7, Sum: 4.6]
         [Processed Buffers: Min: 2, Avg: 5.0, Max: 9, Diff: 7, Sum: 20]
      [Scan RS (ms): Min: 0.0, Avg: 0.0, Max: 0.0, Diff: 0.0, Sum: 0.0]
      [Code Root Scanning (ms): Min: 0.0, Avg: 0.0, Max: 0.0, Diff: 0.0, Sum: 0.0]
      [Object Copy (ms): Min: 0.8, Avg: 1.3, Max: 1.5, Diff: 0.8, Sum: 5.1]
      [Termination (ms): Min: 0.0, Avg: 0.0, Max: 0.0, Diff: 0.0, Sum: 0.0]
         [Termination Attempts: Min: 1, Avg: 1.0, Max: 1, Diff: 0, Sum: 4]
      [GC Worker Other (ms): Min: 0.0, Avg: 0.0, Max: 0.0, Diff: 0.0, Sum: 0.0]
      [GC Worker Total (ms): Min: 3.8, Avg: 3.8, Max: 3.8, Diff: 0.0, Sum: 15.2]
      [GC Worker End (ms): Min: 16382.6, Avg: 16382.6, Max: 16382.6, Diff: 0.0]
   [Code Root Fixup: 0.0 ms]
   [Code Root Purge: 0.0 ms]
   [Clear CT: 0.0 ms]
   [Other: 0.4 ms]
      [Choose CSet: 0.0 ms]
      [Ref Proc: 0.2 ms]
      [Ref Enq: 0.0 ms]
      [Redirty Cards: 0.1 ms]
      [Humongous Register: 0.0 ms]
      [Humongous Reclaim: 0.0 ms]
      [Free CSet: 0.0 ms]
   [Eden: 7168.0K(7168.0K)->0.0B(6144.0K) Survivors: 1024.0K->1024.0K Heap: 43.5M(50.0M)->37.3M(50.0M)]
 [Times: user=0.06 sys=0.00, real=0.00 secs] 
2021-04-15T21:12:23.316+0800: 16.383: [GC concurrent-root-region-scan-start]
2021-04-15T21:12:23.319+0800: 16.386: [GC concurrent-root-region-scan-end, 0.0030443 secs]
2021-04-15T21:12:23.319+0800: 16.386: [GC concurrent-mark-start]
2021-04-15T21:12:23.437+0800: 16.504: [GC pause (G1 Evacuation Pause) (young), 0.0042445 secs]
   [Parallel Time: 3.8 ms, GC Workers: 4]
      [GC Worker Start (ms): Min: 16504.1, Avg: 16504.1, Max: 16504.2, Diff: 0.0]
      [Ext Root Scanning (ms): Min: 0.6, Avg: 0.7, Max: 0.9, Diff: 0.3, Sum: 2.8]
      [Update RS (ms): Min: 1.3, Avg: 1.7, Max: 2.0, Diff: 0.7, Sum: 6.6]
         [Processed Buffers: Min: 2, Avg: 4.0, Max: 7, Diff: 5, Sum: 16]
      [Scan RS (ms): Min: 0.0, Avg: 0.0, Max: 0.0, Diff: 0.0, Sum: 0.0]
      [Code Root Scanning (ms): Min: 0.0, Avg: 0.0, Max: 0.0, Diff: 0.0, Sum: 0.0]
      [Object Copy (ms): Min: 1.1, Avg: 1.3, Max: 1.6, Diff: 0.5, Sum: 5.3]
      [Termination (ms): Min: 0.0, Avg: 0.0, Max: 0.0, Diff: 0.0, Sum: 0.0]
         [Termination Attempts: Min: 1, Avg: 1.0, Max: 1, Diff: 0, Sum: 4]
      [GC Worker Other (ms): Min: 0.0, Avg: 0.0, Max: 0.0, Diff: 0.0, Sum: 0.0]
      [GC Worker Total (ms): Min: 3.7, Avg: 3.7, Max: 3.7, Diff: 0.0, Sum: 14.8]
      [GC Worker End (ms): Min: 16507.9, Avg: 16507.9, Max: 16507.9, Diff: 0.0]
   [Code Root Fixup: 0.1 ms]
   [Code Root Purge: 0.0 ms]
   [Clear CT: 0.1 ms]
   [Other: 0.3 ms]
      [Choose CSet: 0.0 ms]
      [Ref Proc: 0.2 ms]
      [Ref Enq: 0.0 ms]
      [Redirty Cards: 0.1 ms]
      [Humongous Register: 0.0 ms]
      [Humongous Reclaim: 0.0 ms]
      [Free CSet: 0.0 ms]
   [Eden: 6144.0K(6144.0K)->0.0B(6144.0K) Survivors: 1024.0K->1024.0K Heap: 43.3M(50.0M)->37.8M(50.0M)]
 [Times: user=0.06 sys=0.00, real=0.00 secs] 
2021-04-15T21:12:23.472+0800: 16.539: [GC concurrent-mark-end, 0.1525555 secs]
2021-04-15T21:12:23.472+0800: 16.539: [GC remark 2021-04-15T21:12:23.472+0800: 16.539: [Finalize Marking, 0.0002295 secs] 2021-04-15T21:12:23.472+0800: 16.539: [GC ref-proc, 0.0008866 secs] 2021-04-15T21:12:23.473+0800: 16.540: [Unloading, 0.0090253 secs], 0.0104960 secs]
 [Times: user=0.00 sys=0.00, real=0.01 secs] 
2021-04-15T21:12:23.483+0800: 16.550: [GC cleanup 40M->40M(50M), 0.0003861 secs]
 [Times: user=0.00 sys=0.00, real=0.00 secs] 
2021-04-15T21:12:23.542+0800: 16.608: [GC pause (G1 Evacuation Pause) (young), 0.0041058 secs]
   [Parallel Time: 3.7 ms, GC Workers: 4]
      [GC Worker Start (ms): Min: 16608.4, Avg: 16608.4, Max: 16608.4, Diff: 0.0]
      [Ext Root Scanning (ms): Min: 0.7, Avg: 0.8, Max: 0.9, Diff: 0.2, Sum: 3.2]
      [Update RS (ms): Min: 1.2, Avg: 1.4, Max: 1.6, Diff: 0.4, Sum: 5.8]
         [Processed Buffers: Min: 2, Avg: 3.8, Max: 8, Diff: 6, Sum: 15]
      [Scan RS (ms): Min: 0.0, Avg: 0.0, Max: 0.0, Diff: 0.0, Sum: 0.0]
      [Code Root Scanning (ms): Min: 0.0, Avg: 0.0, Max: 0.0, Diff: 0.0, Sum: 0.0]
      [Object Copy (ms): Min: 1.1, Avg: 1.4, Max: 1.7, Diff: 0.6, Sum: 5.6]
      [Termination (ms): Min: 0.0, Avg: 0.0, Max: 0.0, Diff: 0.0, Sum: 0.0]
         [Termination Attempts: Min: 1, Avg: 5.0, Max: 9, Diff: 8, Sum: 20]
      [GC Worker Other (ms): Min: 0.0, Avg: 0.0, Max: 0.0, Diff: 0.0, Sum: 0.0]
      [GC Worker Total (ms): Min: 3.7, Avg: 3.7, Max: 3.7, Diff: 0.0, Sum: 14.7]
      [GC Worker End (ms): Min: 16612.1, Avg: 16612.1, Max: 16612.1, Diff: 0.0]
   [Code Root Fixup: 0.0 ms]
   [Code Root Purge: 0.0 ms]
   [Clear CT: 0.0 ms]
   [Other: 0.3 ms]
      [Choose CSet: 0.0 ms]
      [Ref Proc: 0.2 ms]
      [Ref Enq: 0.0 ms]
      [Redirty Cards: 0.1 ms]
      [Humongous Register: 0.0 ms]
      [Humongous Reclaim: 0.0 ms]
      [Free CSet: 0.0 ms]
   [Eden: 6144.0K(6144.0K)->0.0B(1024.0K) Survivors: 1024.0K->1024.0K Heap: 43.8M(50.0M)->38.1M(50.0M)]
 [Times: user=0.00 sys=0.00, real=0.00 secs] 
2021-04-15T21:12:23.571+0800: 16.638: [GC pause (G1 Evacuation Pause) (mixed), 0.0079868 secs]
   [Parallel Time: 7.6 ms, GC Workers: 4]
      [GC Worker Start (ms): Min: 16638.3, Avg: 16638.3, Max: 16638.3, Diff: 0.0]
      [Ext Root Scanning (ms): Min: 0.6, Avg: 0.8, Max: 1.2, Diff: 0.6, Sum: 3.3]
      [Update RS (ms): Min: 2.4, Avg: 2.5, Max: 2.6, Diff: 0.2, Sum: 10.0]
         [Processed Buffers: Min: 1, Avg: 3.5, Max: 6, Diff: 5, Sum: 14]
      [Scan RS (ms): Min: 1.4, Avg: 1.6, Max: 1.7, Diff: 0.3, Sum: 6.3]
      [Code Root Scanning (ms): Min: 0.0, Avg: 0.0, Max: 0.1, Diff: 0.1, Sum: 0.2]
      [Object Copy (ms): Min: 2.5, Avg: 2.6, Max: 2.6, Diff: 0.1, Sum: 10.4]
      [Termination (ms): Min: 0.0, Avg: 0.0, Max: 0.0, Diff: 0.0, Sum: 0.0]
         [Termination Attempts: Min: 1, Avg: 1.0, Max: 1, Diff: 0, Sum: 4]
      [GC Worker Other (ms): Min: 0.0, Avg: 0.0, Max: 0.0, Diff: 0.0, Sum: 0.1]
      [GC Worker Total (ms): Min: 7.5, Avg: 7.5, Max: 7.5, Diff: 0.0, Sum: 30.1]
      [GC Worker End (ms): Min: 16645.8, Avg: 16645.8, Max: 16645.8, Diff: 0.0]
   [Code Root Fixup: 0.1 ms]
   [Code Root Purge: 0.0 ms]
   [Clear CT: 0.1 ms]
   [Other: 0.3 ms]
      [Choose CSet: 0.0 ms]
      [Ref Proc: 0.1 ms]
      [Ref Enq: 0.0 ms]
      [Redirty Cards: 0.0 ms]
      [Humongous Register: 0.0 ms]
      [Humongous Reclaim: 0.0 ms]
      [Free CSet: 0.0 ms]
   [Eden: 1024.0K(1024.0K)->0.0B(6144.0K) Survivors: 1024.0K->1024.0K Heap: 39.1M(50.0M)->37.6M(50.0M)]
 [Times: user=0.02 sys=0.00, real=0.01 secs] 
2021-04-15T21:12:23.654+0800: 16.721: [GC pause (G1 Evacuation Pause) (young), 0.0067255 secs]
   [Parallel Time: 6.3 ms, GC Workers: 4]
      [GC Worker Start (ms): Min: 16720.7, Avg: 16720.7, Max: 16720.8, Diff: 0.0]
      [Ext Root Scanning (ms): Min: 0.6, Avg: 0.8, Max: 0.9, Diff: 0.3, Sum: 3.0]
      [Update RS (ms): Min: 4.3, Avg: 4.6, Max: 4.9, Diff: 0.5, Sum: 18.2]
         [Processed Buffers: Min: 7, Avg: 7.5, Max: 8, Diff: 1, Sum: 30]
      [Scan RS (ms): Min: 0.0, Avg: 0.0, Max: 0.0, Diff: 0.0, Sum: 0.0]
      [Code Root Scanning (ms): Min: 0.0, Avg: 0.0, Max: 0.0, Diff: 0.0, Sum: 0.0]
      [Object Copy (ms): Min: 0.8, Avg: 0.9, Max: 1.0, Diff: 0.2, Sum: 3.7]
      [Termination (ms): Min: 0.0, Avg: 0.0, Max: 0.0, Diff: 0.0, Sum: 0.0]
         [Termination Attempts: Min: 1, Avg: 1.0, Max: 1, Diff: 0, Sum: 4]
      [GC Worker Other (ms): Min: 0.0, Avg: 0.0, Max: 0.0, Diff: 0.0, Sum: 0.0]
      [GC Worker Total (ms): Min: 6.2, Avg: 6.3, Max: 6.3, Diff: 0.0, Sum: 25.0]
      [GC Worker End (ms): Min: 16727.0, Avg: 16727.0, Max: 16727.0, Diff: 0.0]
   [Code Root Fixup: 0.0 ms]
   [Code Root Purge: 0.0 ms]
   [Clear CT: 0.1 ms]
   [Other: 0.3 ms]
      [Choose CSet: 0.0 ms]
      [Ref Proc: 0.2 ms]
      [Ref Enq: 0.0 ms]
      [Redirty Cards: 0.1 ms]
      [Humongous Register: 0.0 ms]
      [Humongous Reclaim: 0.0 ms]
      [Free CSet: 0.0 ms]
   [Eden: 6144.0K(6144.0K)->0.0B(6144.0K) Survivors: 1024.0K->1024.0K Heap: 43.6M(50.0M)->37.8M(50.0M)]
 [Times: user=0.06 sys=0.00, real=0.01 secs] 
2021-04-15T21:12:23.711+0800: 16.778: [GC pause (G1 Evacuation Pause) (young) (initial-mark), 0.0042662 secs]
   [Parallel Time: 3.9 ms, GC Workers: 4]
      [GC Worker Start (ms): Min: 16778.2, Avg: 16778.2, Max: 16778.2, Diff: 0.0]
      [Ext Root Scanning (ms): Min: 1.2, Avg: 1.3, Max: 1.4, Diff: 0.1, Sum: 5.2]
      [Update RS (ms): Min: 0.8, Avg: 1.2, Max: 1.6, Diff: 0.8, Sum: 4.6]
         [Processed Buffers: Min: 2, Avg: 3.0, Max: 5, Diff: 3, Sum: 12]
      [Scan RS (ms): Min: 0.0, Avg: 0.0, Max: 0.0, Diff: 0.0, Sum: 0.0]
      [Code Root Scanning (ms): Min: 0.0, Avg: 0.0, Max: 0.0, Diff: 0.0, Sum: 0.0]
      [Object Copy (ms): Min: 0.8, Avg: 1.3, Max: 1.7, Diff: 0.8, Sum: 5.2]
      [Termination (ms): Min: 0.0, Avg: 0.0, Max: 0.0, Diff: 0.0, Sum: 0.0]
         [Termination Attempts: Min: 1, Avg: 1.0, Max: 1, Diff: 0, Sum: 4]
      [GC Worker Other (ms): Min: 0.0, Avg: 0.0, Max: 0.0, Diff: 0.0, Sum: 0.0]
      [GC Worker Total (ms): Min: 3.8, Avg: 3.8, Max: 3.8, Diff: 0.0, Sum: 15.2]
      [GC Worker End (ms): Min: 16782.0, Avg: 16782.0, Max: 16782.0, Diff: 0.0]
   [Code Root Fixup: 0.0 ms]
   [Code Root Purge: 0.0 ms]
   [Clear CT: 0.1 ms]
   [Other: 0.3 ms]
      [Choose CSet: 0.0 ms]
      [Ref Proc: 0.1 ms]
      [Ref Enq: 0.0 ms]
      [Redirty Cards: 0.1 ms]
      [Humongous Register: 0.0 ms]
      [Humongous Reclaim: 0.0 ms]
      [Free CSet: 0.0 ms]
   [Eden: 6144.0K(6144.0K)->0.0B(5120.0K) Survivors: 1024.0K->1024.0K Heap: 43.8M(50.0M)->38.3M(50.0M)]
 [Times: user=0.00 sys=0.00, real=0.00 secs] 
2021-04-15T21:12:23.715+0800: 16.783: [GC concurrent-root-region-scan-start]
2021-04-15T21:12:23.719+0800: 16.786: [GC concurrent-root-region-scan-end, 0.0031543 secs]
2021-04-15T21:12:23.719+0800: 16.786: [GC concurrent-mark-start]
2021-04-15T21:12:23.760+0800: 16.827: [GC pause (G1 Evacuation Pause) (young), 0.0041702 secs]
   [Parallel Time: 3.7 ms, GC Workers: 4]
      [GC Worker Start (ms): Min: 16826.7, Avg: 16826.7, Max: 16826.8, Diff: 0.0]
      [Ext Root Scanning (ms): Min: 0.6, Avg: 0.7, Max: 1.0, Diff: 0.4, Sum: 3.0]
      [Update RS (ms): Min: 1.5, Avg: 1.8, Max: 2.2, Diff: 0.7, Sum: 7.0]
         [Processed Buffers: Min: 2, Avg: 3.8, Max: 8, Diff: 6, Sum: 15]
      [Scan RS (ms): Min: 0.0, Avg: 0.0, Max: 0.0, Diff: 0.0, Sum: 0.0]
      [Code Root Scanning (ms): Min: 0.0, Avg: 0.0, Max: 0.0, Diff: 0.0, Sum: 0.0]
      [Object Copy (ms): Min: 0.7, Avg: 1.2, Max: 1.4, Diff: 0.7, Sum: 4.6]
      [Termination (ms): Min: 0.0, Avg: 0.0, Max: 0.0, Diff: 0.0, Sum: 0.0]
         [Termination Attempts: Min: 1, Avg: 1.5, Max: 2, Diff: 1, Sum: 6]
      [GC Worker Other (ms): Min: 0.0, Avg: 0.0, Max: 0.0, Diff: 0.0, Sum: 0.0]
      [GC Worker Total (ms): Min: 3.7, Avg: 3.7, Max: 3.7, Diff: 0.0, Sum: 14.7]
      [GC Worker End (ms): Min: 16830.4, Avg: 16830.4, Max: 16830.4, Diff: 0.0]
   [Code Root Fixup: 0.0 ms]
   [Code Root Purge: 0.0 ms]
   [Clear CT: 0.0 ms]
   [Other: 0.4 ms]
      [Choose CSet: 0.0 ms]
      [Ref Proc: 0.2 ms]
      [Ref Enq: 0.0 ms]
      [Redirty Cards: 0.1 ms]
      [Humongous Register: 0.0 ms]
      [Humongous Reclaim: 0.0 ms]
      [Free CSet: 0.0 ms]
   [Eden: 5120.0K(5120.0K)->0.0B(5120.0K) Survivors: 1024.0K->1024.0K Heap: 43.3M(50.0M)->38.7M(50.0M)]
 [Times: user=0.00 sys=0.00, real=0.00 secs] 
2021-04-15T21:12:23.806+0800: 16.873: [GC pause (G1 Evacuation Pause) (young), 0.0042769 secs]
   [Parallel Time: 3.8 ms, GC Workers: 4]
      [GC Worker Start (ms): Min: 16872.9, Avg: 16872.9, Max: 16872.9, Diff: 0.0]
      [Ext Root Scanning (ms): Min: 0.7, Avg: 0.9, Max: 1.4, Diff: 0.7, Sum: 3.5]
      [Update RS (ms): Min: 1.1, Avg: 1.5, Max: 1.9, Diff: 0.9, Sum: 6.0]
         [Processed Buffers: Min: 2, Avg: 3.5, Max: 6, Diff: 4, Sum: 14]
      [Scan RS (ms): Min: 0.0, Avg: 0.0, Max: 0.0, Diff: 0.0, Sum: 0.0]
      [Code Root Scanning (ms): Min: 0.0, Avg: 0.0, Max: 0.0, Diff: 0.0, Sum: 0.0]
      [Object Copy (ms): Min: 1.1, Avg: 1.4, Max: 1.5, Diff: 0.4, Sum: 5.5]
      [Termination (ms): Min: 0.0, Avg: 0.0, Max: 0.0, Diff: 0.0, Sum: 0.0]
         [Termination Attempts: Min: 1, Avg: 2.0, Max: 3, Diff: 2, Sum: 8]
      [GC Worker Other (ms): Min: 0.0, Avg: 0.0, Max: 0.0, Diff: 0.0, Sum: 0.0]
      [GC Worker Total (ms): Min: 3.7, Avg: 3.8, Max: 3.8, Diff: 0.0, Sum: 15.1]
      [GC Worker End (ms): Min: 16876.7, Avg: 16876.7, Max: 16876.7, Diff: 0.0]
   [Code Root Fixup: 0.0 ms]
   [Code Root Purge: 0.0 ms]
   [Clear CT: 0.1 ms]
   [Other: 0.3 ms]
      [Choose CSet: 0.0 ms]
      [Ref Proc: 0.2 ms]
      [Ref Enq: 0.0 ms]
      [Redirty Cards: 0.1 ms]
      [Humongous Register: 0.0 ms]
      [Humongous Reclaim: 0.0 ms]
      [Free CSet: 0.0 ms]
   [Eden: 5120.0K(5120.0K)->0.0B(4096.0K) Survivors: 1024.0K->1024.0K Heap: 43.7M(50.0M)->39.1M(50.0M)]
 [Times: user=0.00 sys=0.00, real=0.00 secs] 
2021-04-15T21:12:23.846+0800: 16.913: [GC concurrent-mark-end, 0.1275827 secs]
2021-04-15T21:12:23.846+0800: 16.914: [GC remark 2021-04-15T21:12:23.847+0800: 16.914: [Finalize Marking, 0.0001950 secs] 2021-04-15T21:12:23.847+0800: 16.914: [GC ref-proc, 0.0009929 secs] 2021-04-15T21:12:23.848+0800: 16.915: [Unloading, 0.0101547 secs], 0.0116996 secs]
 [Times: user=0.00 sys=0.00, real=0.01 secs] 
2021-04-15T21:12:23.859+0800: 16.926: [GC cleanup 42M->42M(50M), 0.0004134 secs]
 [Times: user=0.00 sys=0.00, real=0.00 secs] 
2021-04-15T21:12:23.861+0800: 16.928: [GC pause (G1 Evacuation Pause) (young), 0.0040098 secs]
   [Parallel Time: 3.7 ms, GC Workers: 4]
      [GC Worker Start (ms): Min: 16927.7, Avg: 16927.7, Max: 16927.7, Diff: 0.0]
      [Ext Root Scanning (ms): Min: 0.7, Avg: 0.8, Max: 1.1, Diff: 0.4, Sum: 3.2]
      [Update RS (ms): Min: 1.2, Avg: 1.6, Max: 2.1, Diff: 0.8, Sum: 6.4]
         [Processed Buffers: Min: 2, Avg: 3.8, Max: 6, Diff: 4, Sum: 15]
      [Scan RS (ms): Min: 0.0, Avg: 0.0, Max: 0.0, Diff: 0.0, Sum: 0.0]
      [Code Root Scanning (ms): Min: 0.0, Avg: 0.0, Max: 0.0, Diff: 0.0, Sum: 0.0]
      [Object Copy (ms): Min: 0.8, Avg: 1.2, Max: 1.4, Diff: 0.6, Sum: 4.8]
      [Termination (ms): Min: 0.0, Avg: 0.0, Max: 0.0, Diff: 0.0, Sum: 0.0]
         [Termination Attempts: Min: 1, Avg: 1.0, Max: 1, Diff: 0, Sum: 4]
      [GC Worker Other (ms): Min: 0.0, Avg: 0.0, Max: 0.0, Diff: 0.0, Sum: 0.0]
      [GC Worker Total (ms): Min: 3.6, Avg: 3.6, Max: 3.6, Diff: 0.0, Sum: 14.5]
      [GC Worker End (ms): Min: 16931.3, Avg: 16931.3, Max: 16931.3, Diff: 0.0]
   [Code Root Fixup: 0.0 ms]
   [Code Root Purge: 0.0 ms]
   [Clear CT: 0.1 ms]
   [Other: 0.3 ms]
      [Choose CSet: 0.0 ms]
      [Ref Proc: 0.1 ms]
      [Ref Enq: 0.0 ms]
      [Redirty Cards: 0.1 ms]
      [Humongous Register: 0.0 ms]
      [Humongous Reclaim: 0.0 ms]
      [Free CSet: 0.0 ms]
   [Eden: 4096.0K(4096.0K)->0.0B(1024.0K) Survivors: 1024.0K->1024.0K Heap: 43.1M(50.0M)->39.4M(50.0M)]
 [Times: user=0.00 sys=0.00, real=0.00 secs] 
2021-04-15T21:12:23.870+0800: 16.937: [GC pause (G1 Evacuation Pause) (mixed), 0.0074014 secs]
   [Parallel Time: 7.0 ms, GC Workers: 4]
      [GC Worker Start (ms): Min: 16937.4, Avg: 16937.4, Max: 16937.5, Diff: 0.0]
      [Ext Root Scanning (ms): Min: 0.6, Avg: 0.8, Max: 1.1, Diff: 0.5, Sum: 3.2]
      [Update RS (ms): Min: 1.2, Avg: 1.3, Max: 1.4, Diff: 0.1, Sum: 5.2]
         [Processed Buffers: Min: 2, Avg: 3.5, Max: 7, Diff: 5, Sum: 14]
      [Scan RS (ms): Min: 1.3, Avg: 1.3, Max: 1.4, Diff: 0.2, Sum: 5.3]
      [Code Root Scanning (ms): Min: 0.0, Avg: 0.0, Max: 0.0, Diff: 0.0, Sum: 0.0]
      [Object Copy (ms): Min: 3.4, Avg: 3.5, Max: 3.6, Diff: 0.2, Sum: 14.0]
      [Termination (ms): Min: 0.0, Avg: 0.0, Max: 0.0, Diff: 0.0, Sum: 0.0]
         [Termination Attempts: Min: 1, Avg: 1.0, Max: 1, Diff: 0, Sum: 4]
      [GC Worker Other (ms): Min: 0.0, Avg: 0.0, Max: 0.0, Diff: 0.0, Sum: 0.1]
      [GC Worker Total (ms): Min: 6.9, Avg: 6.9, Max: 7.0, Diff: 0.0, Sum: 27.8]
      [GC Worker End (ms): Min: 16944.4, Avg: 16944.4, Max: 16944.4, Diff: 0.0]
   [Code Root Fixup: 0.0 ms]
   [Code Root Purge: 0.0 ms]
   [Clear CT: 0.1 ms]
   [Other: 0.3 ms]
      [Choose CSet: 0.0 ms]
      [Ref Proc: 0.1 ms]
      [Ref Enq: 0.0 ms]
      [Redirty Cards: 0.0 ms]
      [Humongous Register: 0.0 ms]
      [Humongous Reclaim: 0.0 ms]
      [Free CSet: 0.0 ms]
   [Eden: 1024.0K(1024.0K)->0.0B(5120.0K) Survivors: 1024.0K->1024.0K Heap: 40.4M(50.0M)->38.6M(50.0M)]
 [Times: user=0.06 sys=0.00, real=0.01 secs] 
2021-04-15T21:12:23.922+0800: 16.989: [GC pause (G1 Evacuation Pause) (young), 0.0070054 secs]
   [Parallel Time: 6.6 ms, GC Workers: 4]
      [GC Worker Start (ms): Min: 16989.0, Avg: 16989.0, Max: 16989.0, Diff: 0.0]
      [Ext Root Scanning (ms): Min: 0.7, Avg: 0.9, Max: 1.2, Diff: 0.5, Sum: 3.5]
      [Update RS (ms): Min: 4.7, Avg: 4.8, Max: 4.9, Diff: 0.1, Sum: 19.2]
         [Processed Buffers: Min: 7, Avg: 8.5, Max: 11, Diff: 4, Sum: 34]
      [Scan RS (ms): Min: 0.0, Avg: 0.0, Max: 0.0, Diff: 0.0, Sum: 0.0]
      [Code Root Scanning (ms): Min: 0.0, Avg: 0.0, Max: 0.0, Diff: 0.0, Sum: 0.0]
      [Object Copy (ms): Min: 0.6, Avg: 0.8, Max: 1.0, Diff: 0.4, Sum: 3.4]
      [Termination (ms): Min: 0.0, Avg: 0.0, Max: 0.0, Diff: 0.0, Sum: 0.0]
         [Termination Attempts: Min: 1, Avg: 1.0, Max: 1, Diff: 0, Sum: 4]
      [GC Worker Other (ms): Min: 0.0, Avg: 0.0, Max: 0.0, Diff: 0.0, Sum: 0.0]
      [GC Worker Total (ms): Min: 6.5, Avg: 6.5, Max: 6.5, Diff: 0.0, Sum: 26.1]
      [GC Worker End (ms): Min: 16995.5, Avg: 16995.5, Max: 16995.5, Diff: 0.0]
   [Code Root Fixup: 0.0 ms]
   [Code Root Purge: 0.0 ms]
   [Clear CT: 0.1 ms]
   [Other: 0.3 ms]
      [Choose CSet: 0.0 ms]
      [Ref Proc: 0.2 ms]
      [Ref Enq: 0.0 ms]
      [Redirty Cards: 0.0 ms]
      [Humongous Register: 0.0 ms]
      [Humongous Reclaim: 0.0 ms]
      [Free CSet: 0.0 ms]
   [Eden: 5120.0K(5120.0K)->0.0B(3072.0K) Survivors: 1024.0K->1024.0K Heap: 43.6M(50.0M)->40.6M(50.0M)]
 [Times: user=0.06 sys=0.00, real=0.01 secs] 
2021-04-15T21:12:23.952+0800: 17.019: [GC pause (G1 Evacuation Pause) (young) (initial-mark), 0.0036412 secs]
   [Parallel Time: 3.2 ms, GC Workers: 4]
      [GC Worker Start (ms): Min: 17019.3, Avg: 17019.3, Max: 17019.3, Diff: 0.0]
      [Ext Root Scanning (ms): Min: 1.3, Avg: 1.3, Max: 1.4, Diff: 0.1, Sum: 5.3]
      [Update RS (ms): Min: 1.0, Avg: 1.1, Max: 1.5, Diff: 0.5, Sum: 4.5]
         [Processed Buffers: Min: 2, Avg: 2.8, Max: 4, Diff: 2, Sum: 11]
      [Scan RS (ms): Min: 0.0, Avg: 0.0, Max: 0.0, Diff: 0.0, Sum: 0.0]
      [Code Root Scanning (ms): Min: 0.0, Avg: 0.0, Max: 0.0, Diff: 0.0, Sum: 0.0]
      [Object Copy (ms): Min: 0.2, Avg: 0.6, Max: 0.8, Diff: 0.6, Sum: 2.4]
      [Termination (ms): Min: 0.0, Avg: 0.0, Max: 0.0, Diff: 0.0, Sum: 0.0]
         [Termination Attempts: Min: 1, Avg: 1.0, Max: 1, Diff: 0, Sum: 4]
      [GC Worker Other (ms): Min: 0.0, Avg: 0.0, Max: 0.0, Diff: 0.0, Sum: 0.1]
      [GC Worker Total (ms): Min: 3.1, Avg: 3.1, Max: 3.1, Diff: 0.0, Sum: 12.2]
      [GC Worker End (ms): Min: 17022.3, Avg: 17022.3, Max: 17022.4, Diff: 0.0]
   [Code Root Fixup: 0.0 ms]
   [Code Root Purge: 0.0 ms]
   [Clear CT: 0.1 ms]
   [Other: 0.4 ms]
      [Choose CSet: 0.0 ms]
      [Ref Proc: 0.2 ms]
      [Ref Enq: 0.0 ms]
      [Redirty Cards: 0.1 ms]
      [Humongous Register: 0.0 ms]
      [Humongous Reclaim: 0.0 ms]
      [Free CSet: 0.0 ms]
   [Eden: 3072.0K(3072.0K)->0.0B(3072.0K) Survivors: 1024.0K->1024.0K Heap: 43.6M(50.0M)->40.4M(50.0M)]
 [Times: user=0.06 sys=0.00, real=0.00 secs] 
2021-04-15T21:12:23.956+0800: 17.023: [GC concurrent-root-region-scan-start]
2021-04-15T21:12:23.959+0800: 17.026: [GC concurrent-root-region-scan-end, 0.0031100 secs]
2021-04-15T21:12:23.959+0800: 17.026: [GC concurrent-mark-start]
2021-04-15T21:12:23.977+0800: 17.044: [GC pause (G1 Evacuation Pause) (young), 0.0023543 secs]
   [Parallel Time: 2.0 ms, GC Workers: 4]
      [GC Worker Start (ms): Min: 17043.6, Avg: 17043.6, Max: 17043.7, Diff: 0.0]
      [Ext Root Scanning (ms): Min: 0.6, Avg: 0.7, Max: 0.9, Diff: 0.3, Sum: 2.9]
      [Update RS (ms): Min: 0.4, Avg: 0.7, Max: 0.8, Diff: 0.3, Sum: 2.6]
         [Processed Buffers: Min: 1, Avg: 2.3, Max: 6, Diff: 5, Sum: 9]
      [Scan RS (ms): Min: 0.0, Avg: 0.0, Max: 0.0, Diff: 0.0, Sum: 0.0]
      [Code Root Scanning (ms): Min: 0.0, Avg: 0.0, Max: 0.0, Diff: 0.0, Sum: 0.0]
      [Object Copy (ms): Min: 0.5, Avg: 0.5, Max: 0.6, Diff: 0.0, Sum: 2.2]
      [Termination (ms): Min: 0.0, Avg: 0.0, Max: 0.0, Diff: 0.0, Sum: 0.0]
         [Termination Attempts: Min: 1, Avg: 1.0, Max: 1, Diff: 0, Sum: 4]
      [GC Worker Other (ms): Min: 0.0, Avg: 0.0, Max: 0.0, Diff: 0.0, Sum: 0.0]
      [GC Worker Total (ms): Min: 1.9, Avg: 1.9, Max: 2.0, Diff: 0.0, Sum: 7.8]
      [GC Worker End (ms): Min: 17045.6, Avg: 17045.6, Max: 17045.6, Diff: 0.0]
   [Code Root Fixup: 0.0 ms]
   [Code Root Purge: 0.0 ms]
   [Clear CT: 0.1 ms]
   [Other: 0.3 ms]
      [Choose CSet: 0.0 ms]
      [Ref Proc: 0.1 ms]
      [Ref Enq: 0.0 ms]
      [Redirty Cards: 0.1 ms]
      [Humongous Register: 0.0 ms]
      [Humongous Reclaim: 0.0 ms]
      [Free CSet: 0.0 ms]
   [Eden: 3072.0K(3072.0K)->0.0B(3072.0K) Survivors: 1024.0K->1024.0K Heap: 43.4M(50.0M)->40.5M(50.0M)]
 [Times: user=0.00 sys=0.00, real=0.00 secs] 
2021-04-15T21:12:24.003+0800: 17.070: [GC pause (G1 Evacuation Pause) (young), 0.0027550 secs]
   [Parallel Time: 2.2 ms, GC Workers: 4]
      [GC Worker Start (ms): Min: 17070.2, Avg: 17070.2, Max: 17070.2, Diff: 0.0]
      [Ext Root Scanning (ms): Min: 0.7, Avg: 0.8, Max: 1.0, Diff: 0.3, Sum: 3.3]
      [Update RS (ms): Min: 0.7, Avg: 0.7, Max: 0.8, Diff: 0.1, Sum: 2.9]
         [Processed Buffers: Min: 1, Avg: 2.0, Max: 4, Diff: 3, Sum: 8]
      [Scan RS (ms): Min: 0.0, Avg: 0.0, Max: 0.0, Diff: 0.0, Sum: 0.0]
      [Code Root Scanning (ms): Min: 0.0, Avg: 0.0, Max: 0.0, Diff: 0.0, Sum: 0.0]
      [Object Copy (ms): Min: 0.4, Avg: 0.6, Max: 0.7, Diff: 0.3, Sum: 2.5]
      [Termination (ms): Min: 0.0, Avg: 0.0, Max: 0.0, Diff: 0.0, Sum: 0.0]
         [Termination Attempts: Min: 1, Avg: 1.0, Max: 1, Diff: 0, Sum: 4]
      [GC Worker Other (ms): Min: 0.0, Avg: 0.0, Max: 0.0, Diff: 0.0, Sum: 0.0]
      [GC Worker Total (ms): Min: 2.2, Avg: 2.2, Max: 2.2, Diff: 0.0, Sum: 8.8]
      [GC Worker End (ms): Min: 17072.4, Avg: 17072.4, Max: 17072.4, Diff: 0.0]
   [Code Root Fixup: 0.0 ms]
   [Code Root Purge: 0.0 ms]
   [Clear CT: 0.1 ms]
   [Other: 0.4 ms]
      [Choose CSet: 0.0 ms]
      [Ref Proc: 0.2 ms]
      [Ref Enq: 0.1 ms]
      [Redirty Cards: 0.1 ms]
      [Humongous Register: 0.0 ms]
      [Humongous Reclaim: 0.0 ms]
      [Free CSet: 0.0 ms]
   [Eden: 3072.0K(3072.0K)->0.0B(3072.0K) Survivors: 1024.0K->1024.0K Heap: 43.5M(50.0M)->40.6M(50.0M)]
 [Times: user=0.00 sys=0.00, real=0.00 secs] 
2021-04-15T21:12:24.032+0800: 17.099: [GC pause (G1 Evacuation Pause) (young), 0.0031023 secs]
   [Parallel Time: 2.6 ms, GC Workers: 4]
      [GC Worker Start (ms): Min: 17099.1, Avg: 17099.1, Max: 17099.1, Diff: 0.0]
      [Ext Root Scanning (ms): Min: 0.6, Avg: 0.7, Max: 0.9, Diff: 0.3, Sum: 2.9]
      [Update RS (ms): Min: 0.8, Avg: 0.9, Max: 1.4, Diff: 0.6, Sum: 3.8]
         [Processed Buffers: Min: 1, Avg: 2.0, Max: 4, Diff: 3, Sum: 8]
      [Scan RS (ms): Min: 0.0, Avg: 0.0, Max: 0.0, Diff: 0.0, Sum: 0.0]
      [Code Root Scanning (ms): Min: 0.0, Avg: 0.0, Max: 0.0, Diff: 0.0, Sum: 0.0]
      [Object Copy (ms): Min: 0.5, Avg: 0.9, Max: 1.1, Diff: 0.7, Sum: 3.5]
      [Termination (ms): Min: 0.0, Avg: 0.0, Max: 0.0, Diff: 0.0, Sum: 0.0]
         [Termination Attempts: Min: 1, Avg: 1.0, Max: 1, Diff: 0, Sum: 4]
      [GC Worker Other (ms): Min: 0.0, Avg: 0.0, Max: 0.0, Diff: 0.0, Sum: 0.0]
      [GC Worker Total (ms): Min: 2.5, Avg: 2.6, Max: 2.6, Diff: 0.0, Sum: 10.2]
      [GC Worker End (ms): Min: 17101.7, Avg: 17101.7, Max: 17101.7, Diff: 0.0]
   [Code Root Fixup: 0.0 ms]
   [Code Root Purge: 0.0 ms]
   [Clear CT: 0.1 ms]
   [Other: 0.4 ms]
      [Choose CSet: 0.0 ms]
      [Ref Proc: 0.2 ms]
      [Ref Enq: 0.0 ms]
      [Redirty Cards: 0.1 ms]
      [Humongous Register: 0.0 ms]
      [Humongous Reclaim: 0.0 ms]
      [Free CSet: 0.0 ms]
   [Eden: 3072.0K(3072.0K)->0.0B(3072.0K) Survivors: 1024.0K->1024.0K Heap: 43.6M(50.0M)->40.9M(50.0M)]
 [Times: user=0.06 sys=0.00, real=0.00 secs] 
2021-04-15T21:12:24.058+0800: 17.126: [GC pause (G1 Evacuation Pause) (young), 0.0031987 secs]
   [Parallel Time: 2.7 ms, GC Workers: 4]
      [GC Worker Start (ms): Min: 17125.6, Avg: 17125.6, Max: 17125.6, Diff: 0.0]
      [Ext Root Scanning (ms): Min: 0.6, Avg: 0.7, Max: 1.0, Diff: 0.3, Sum: 3.0]
      [Update RS (ms): Min: 0.7, Avg: 0.9, Max: 1.1, Diff: 0.3, Sum: 3.7]
         [Processed Buffers: Min: 1, Avg: 2.8, Max: 5, Diff: 4, Sum: 11]
      [Scan RS (ms): Min: 0.0, Avg: 0.0, Max: 0.0, Diff: 0.0, Sum: 0.0]
      [Code Root Scanning (ms): Min: 0.0, Avg: 0.0, Max: 0.0, Diff: 0.0, Sum: 0.0]
      [Object Copy (ms): Min: 0.9, Avg: 1.0, Max: 1.1, Diff: 0.2, Sum: 4.0]
      [Termination (ms): Min: 0.0, Avg: 0.0, Max: 0.0, Diff: 0.0, Sum: 0.0]
         [Termination Attempts: Min: 1, Avg: 1.0, Max: 1, Diff: 0, Sum: 4]
      [GC Worker Other (ms): Min: 0.0, Avg: 0.0, Max: 0.0, Diff: 0.0, Sum: 0.0]
      [GC Worker Total (ms): Min: 2.7, Avg: 2.7, Max: 2.7, Diff: 0.0, Sum: 10.8]
      [GC Worker End (ms): Min: 17128.3, Avg: 17128.3, Max: 17128.3, Diff: 0.0]
   [Code Root Fixup: 0.0 ms]
   [Code Root Purge: 0.0 ms]
   [Clear CT: 0.1 ms]
   [Other: 0.4 ms]
      [Choose CSet: 0.0 ms]
      [Ref Proc: 0.3 ms]
      [Ref Enq: 0.0 ms]
      [Redirty Cards: 0.0 ms]
      [Humongous Register: 0.0 ms]
      [Humongous Reclaim: 0.0 ms]
      [Free CSet: 0.0 ms]
   [Eden: 3072.0K(3072.0K)->0.0B(2048.0K) Survivors: 1024.0K->1024.0K Heap: 43.9M(50.0M)->41.0M(50.0M)]
 [Times: user=0.00 sys=0.00, real=0.00 secs] 
2021-04-15T21:12:24.083+0800: 17.150: [GC pause (G1 Evacuation Pause) (young), 0.0036326 secs]
   [Parallel Time: 3.1 ms, GC Workers: 4]
      [GC Worker Start (ms): Min: 17150.0, Avg: 17150.0, Max: 17150.0, Diff: 0.0]
      [Ext Root Scanning (ms): Min: 0.7, Avg: 0.8, Max: 1.0, Diff: 0.3, Sum: 3.2]
      [Update RS (ms): Min: 1.1, Avg: 1.4, Max: 1.6, Diff: 0.5, Sum: 5.4]
         [Processed Buffers: Min: 2, Avg: 3.0, Max: 5, Diff: 3, Sum: 12]
      [Scan RS (ms): Min: 0.0, Avg: 0.0, Max: 0.0, Diff: 0.0, Sum: 0.0]
      [Code Root Scanning (ms): Min: 0.0, Avg: 0.0, Max: 0.0, Diff: 0.0, Sum: 0.0]
      [Object Copy (ms): Min: 0.7, Avg: 0.9, Max: 1.2, Diff: 0.5, Sum: 3.6]
      [Termination (ms): Min: 0.0, Avg: 0.0, Max: 0.0, Diff: 0.0, Sum: 0.0]
         [Termination Attempts: Min: 1, Avg: 1.3, Max: 2, Diff: 1, Sum: 5]
      [GC Worker Other (ms): Min: 0.0, Avg: 0.0, Max: 0.0, Diff: 0.0, Sum: 0.0]
      [GC Worker Total (ms): Min: 3.1, Avg: 3.1, Max: 3.1, Diff: 0.0, Sum: 12.3]
      [GC Worker End (ms): Min: 17153.1, Avg: 17153.1, Max: 17153.1, Diff: 0.0]
   [Code Root Fixup: 0.0 ms]
   [Code Root Purge: 0.0 ms]
   [Clear CT: 0.1 ms]
   [Other: 0.4 ms]
      [Choose CSet: 0.0 ms]
      [Ref Proc: 0.2 ms]
      [Ref Enq: 0.0 ms]
      [Redirty Cards: 0.1 ms]
      [Humongous Register: 0.0 ms]
      [Humongous Reclaim: 0.0 ms]
      [Free CSet: 0.0 ms]
   [Eden: 2048.0K(2048.0K)->0.0B(2048.0K) Survivors: 1024.0K->1024.0K Heap: 43.0M(50.0M)->41.2M(50.0M)]
 [Times: user=0.00 sys=0.00, real=0.00 secs] 
2021-04-15T21:12:24.089+0800: 17.157: [GC concurrent-mark-end, 0.1305459 secs]
2021-04-15T21:12:24.090+0800: 17.157: [GC remark 2021-04-15T21:12:24.090+0800: 17.157: [Finalize Marking, 0.0001997 secs] 2021-04-15T21:12:24.090+0800: 17.157: [GC ref-proc, 0.0017980 secs] 2021-04-15T21:12:24.092+0800: 17.159: [Unloading, 0.0102908 secs], 0.0127654 secs]
 [Times: user=0.06 sys=0.00, real=0.01 secs] 
2021-04-15T21:12:24.103+0800: 17.170: [GC cleanup 41M->41M(50M), 0.0003938 secs]
 [Times: user=0.00 sys=0.00, real=0.00 secs] 
2021-04-15T21:12:24.115+0800: 17.181: [GC pause (G1 Evacuation Pause) (young), 0.0034910 secs]
   [Parallel Time: 3.1 ms, GC Workers: 4]
      [GC Worker Start (ms): Min: 17181.5, Avg: 17181.5, Max: 17181.5, Diff: 0.0]
      [Ext Root Scanning (ms): Min: 0.6, Avg: 0.7, Max: 1.0, Diff: 0.3, Sum: 3.0]
      [Update RS (ms): Min: 1.3, Avg: 1.3, Max: 1.4, Diff: 0.1, Sum: 5.3]
         [Processed Buffers: Min: 2, Avg: 3.3, Max: 6, Diff: 4, Sum: 13]
      [Scan RS (ms): Min: 0.0, Avg: 0.0, Max: 0.0, Diff: 0.0, Sum: 0.0]
      [Code Root Scanning (ms): Min: 0.0, Avg: 0.0, Max: 0.0, Diff: 0.0, Sum: 0.0]
      [Object Copy (ms): Min: 0.8, Avg: 1.0, Max: 1.1, Diff: 0.3, Sum: 4.1]
      [Termination (ms): Min: 0.0, Avg: 0.0, Max: 0.0, Diff: 0.0, Sum: 0.0]
         [Termination Attempts: Min: 1, Avg: 1.0, Max: 1, Diff: 0, Sum: 4]
      [GC Worker Other (ms): Min: 0.0, Avg: 0.0, Max: 0.0, Diff: 0.0, Sum: 0.0]
      [GC Worker Total (ms): Min: 3.1, Avg: 3.1, Max: 3.1, Diff: 0.0, Sum: 12.4]
      [GC Worker End (ms): Min: 17184.6, Avg: 17184.6, Max: 17184.6, Diff: 0.0]
   [Code Root Fixup: 0.0 ms]
   [Code Root Purge: 0.0 ms]
   [Clear CT: 0.0 ms]
   [Other: 0.3 ms]
      [Choose CSet: 0.0 ms]
      [Ref Proc: 0.1 ms]
      [Ref Enq: 0.0 ms]
      [Redirty Cards: 0.1 ms]
      [Humongous Register: 0.0 ms]
      [Humongous Reclaim: 0.0 ms]
      [Free CSet: 0.0 ms]
   [Eden: 2048.0K(2048.0K)->0.0B(1024.0K) Survivors: 1024.0K->1024.0K Heap: 43.2M(50.0M)->41.3M(50.0M)]
 [Times: user=0.00 sys=0.00, real=0.00 secs] 
2021-04-15T21:12:24.122+0800: 17.189: [GC pause (G1 Evacuation Pause) (mixed), 0.0093483 secs]
   [Parallel Time: 8.9 ms, GC Workers: 4]
      [GC Worker Start (ms): Min: 17189.2, Avg: 17189.2, Max: 17189.2, Diff: 0.0]
      [Ext Root Scanning (ms): Min: 0.7, Avg: 0.9, Max: 1.4, Diff: 0.8, Sum: 3.6]
      [Update RS (ms): Min: 0.7, Avg: 0.9, Max: 1.4, Diff: 0.7, Sum: 3.8]
         [Processed Buffers: Min: 1, Avg: 2.8, Max: 5, Diff: 4, Sum: 11]
      [Scan RS (ms): Min: 3.1, Avg: 3.3, Max: 3.5, Diff: 0.4, Sum: 13.3]
      [Code Root Scanning (ms): Min: 0.0, Avg: 0.0, Max: 0.1, Diff: 0.1, Sum: 0.1]
      [Object Copy (ms): Min: 3.5, Avg: 3.6, Max: 3.7, Diff: 0.2, Sum: 14.6]
      [Termination (ms): Min: 0.0, Avg: 0.0, Max: 0.0, Diff: 0.0, Sum: 0.0]
         [Termination Attempts: Min: 1, Avg: 1.0, Max: 1, Diff: 0, Sum: 4]
      [GC Worker Other (ms): Min: 0.0, Avg: 0.0, Max: 0.0, Diff: 0.0, Sum: 0.1]
      [GC Worker Total (ms): Min: 8.8, Avg: 8.8, Max: 8.8, Diff: 0.0, Sum: 35.3]
      [GC Worker End (ms): Min: 17198.0, Avg: 17198.0, Max: 17198.0, Diff: 0.0]
   [Code Root Fixup: 0.1 ms]
   [Code Root Purge: 0.0 ms]
   [Clear CT: 0.1 ms]
   [Other: 0.3 ms]
      [Choose CSet: 0.0 ms]
      [Ref Proc: 0.1 ms]
      [Ref Enq: 0.0 ms]
      [Redirty Cards: 0.0 ms]
      [Humongous Register: 0.0 ms]
      [Humongous Reclaim: 0.0 ms]
      [Free CSet: 0.1 ms]
   [Eden: 1024.0K(1024.0K)->0.0B(1024.0K) Survivors: 1024.0K->1024.0K Heap: 42.3M(50.0M)->38.2M(50.0M)]
 [Times: user=0.06 sys=0.00, real=0.01 secs] 
2021-04-15T21:12:24.138+0800: 17.205: [GC pause (G1 Evacuation Pause) (mixed), 0.0192619 secs]
   [Parallel Time: 18.4 ms, GC Workers: 4]
      [GC Worker Start (ms): Min: 17204.9, Avg: 17204.9, Max: 17204.9, Diff: 0.0]
      [Ext Root Scanning (ms): Min: 0.6, Avg: 0.8, Max: 1.2, Diff: 0.6, Sum: 3.2]
      [Update RS (ms): Min: 6.3, Avg: 6.4, Max: 6.5, Diff: 0.1, Sum: 25.7]
         [Processed Buffers: Min: 10, Avg: 11.8, Max: 13, Diff: 3, Sum: 47]
      [Scan RS (ms): Min: 4.4, Avg: 4.5, Max: 4.7, Diff: 0.3, Sum: 18.0]
      [Code Root Scanning (ms): Min: 0.0, Avg: 0.2, Max: 0.3, Diff: 0.2, Sum: 0.6]
      [Object Copy (ms): Min: 6.1, Avg: 6.5, Max: 6.6, Diff: 0.6, Sum: 25.9]
      [Termination (ms): Min: 0.0, Avg: 0.0, Max: 0.0, Diff: 0.0, Sum: 0.0]
         [Termination Attempts: Min: 1, Avg: 5.8, Max: 9, Diff: 8, Sum: 23]
      [GC Worker Other (ms): Min: 0.0, Avg: 0.0, Max: 0.0, Diff: 0.0, Sum: 0.0]
      [GC Worker Total (ms): Min: 18.4, Avg: 18.4, Max: 18.4, Diff: 0.0, Sum: 73.5]
      [GC Worker End (ms): Min: 17223.3, Avg: 17223.3, Max: 17223.3, Diff: 0.0]
   [Code Root Fixup: 0.2 ms]
   [Code Root Purge: 0.0 ms]
   [Clear CT: 0.1 ms]
   [Other: 0.6 ms]
      [Choose CSet: 0.0 ms]
      [Ref Proc: 0.3 ms]
      [Ref Enq: 0.0 ms]
      [Redirty Cards: 0.1 ms]
      [Humongous Register: 0.0 ms]
      [Humongous Reclaim: 0.0 ms]
      [Free CSet: 0.1 ms]
   [Eden: 1024.0K(1024.0K)->0.0B(1024.0K) Survivors: 1024.0K->1024.0K Heap: 39.2M(50.0M)->38.9M(50.0M)]
 [Times: user=0.06 sys=0.00, real=0.02 secs] 
2021-04-15T21:12:24.167+0800: 17.234: [GC pause (G1 Evacuation Pause) (mixed), 0.0162880 secs]
   [Parallel Time: 15.9 ms, GC Workers: 4]
      [GC Worker Start (ms): Min: 17233.7, Avg: 17233.7, Max: 17233.7, Diff: 0.0]
      [Ext Root Scanning (ms): Min: 0.6, Avg: 0.8, Max: 1.3, Diff: 0.7, Sum: 3.4]
      [Update RS (ms): Min: 10.9, Avg: 11.4, Max: 11.6, Diff: 0.7, Sum: 45.4]
         [Processed Buffers: Min: 18, Avg: 18.8, Max: 19, Diff: 1, Sum: 75]
      [Scan RS (ms): Min: 1.7, Avg: 1.8, Max: 1.9, Diff: 0.3, Sum: 7.2]
      [Code Root Scanning (ms): Min: 0.0, Avg: 0.0, Max: 0.1, Diff: 0.1, Sum: 0.1]
      [Object Copy (ms): Min: 1.6, Avg: 1.8, Max: 2.0, Diff: 0.3, Sum: 7.4]
      [Termination (ms): Min: 0.0, Avg: 0.0, Max: 0.0, Diff: 0.0, Sum: 0.0]
         [Termination Attempts: Min: 1, Avg: 1.3, Max: 2, Diff: 1, Sum: 5]
      [GC Worker Other (ms): Min: 0.0, Avg: 0.0, Max: 0.0, Diff: 0.0, Sum: 0.0]
      [GC Worker Total (ms): Min: 15.9, Avg: 15.9, Max: 15.9, Diff: 0.0, Sum: 63.6]
      [GC Worker End (ms): Min: 17249.6, Avg: 17249.6, Max: 17249.6, Diff: 0.0]
   [Code Root Fixup: 0.0 ms]
   [Code Root Purge: 0.0 ms]
   [Clear CT: 0.1 ms]
   [Other: 0.3 ms]
      [Choose CSet: 0.0 ms]
      [Ref Proc: 0.1 ms]
      [Ref Enq: 0.0 ms]
      [Redirty Cards: 0.0 ms]
      [Humongous Register: 0.0 ms]
      [Humongous Reclaim: 0.0 ms]
      [Free CSet: 0.0 ms]
   [Eden: 1024.0K(1024.0K)->0.0B(3072.0K) Survivors: 1024.0K->1024.0K Heap: 39.9M(50.0M)->40.1M(50.0M)]
 [Times: user=0.06 sys=0.00, real=0.02 secs] 
2021-04-15T21:12:24.209+0800: 17.276: [GC pause (G1 Evacuation Pause) (young), 0.0062268 secs]
   [Parallel Time: 5.8 ms, GC Workers: 4]
      [GC Worker Start (ms): Min: 17276.0, Avg: 17276.0, Max: 17276.0, Diff: 0.0]
      [Ext Root Scanning (ms): Min: 0.7, Avg: 0.8, Max: 1.0, Diff: 0.3, Sum: 3.0]
      [Update RS (ms): Min: 4.1, Avg: 4.4, Max: 4.5, Diff: 0.4, Sum: 17.5]
         [Processed Buffers: Min: 7, Avg: 8.5, Max: 11, Diff: 4, Sum: 34]
      [Scan RS (ms): Min: 0.0, Avg: 0.0, Max: 0.0, Diff: 0.0, Sum: 0.0]
      [Code Root Scanning (ms): Min: 0.0, Avg: 0.0, Max: 0.0, Diff: 0.0, Sum: 0.0]
      [Object Copy (ms): Min: 0.6, Avg: 0.7, Max: 0.7, Diff: 0.1, Sum: 2.6]
      [Termination (ms): Min: 0.0, Avg: 0.0, Max: 0.0, Diff: 0.0, Sum: 0.0]
         [Termination Attempts: Min: 1, Avg: 1.0, Max: 1, Diff: 0, Sum: 4]
      [GC Worker Other (ms): Min: 0.0, Avg: 0.0, Max: 0.0, Diff: 0.0, Sum: 0.0]
      [GC Worker Total (ms): Min: 5.8, Avg: 5.8, Max: 5.8, Diff: 0.0, Sum: 23.2]
      [GC Worker End (ms): Min: 17281.8, Avg: 17281.8, Max: 17281.8, Diff: 0.0]
   [Code Root Fixup: 0.0 ms]
   [Code Root Purge: 0.0 ms]
   [Clear CT: 0.0 ms]
   [Other: 0.3 ms]
      [Choose CSet: 0.0 ms]
      [Ref Proc: 0.2 ms]
      [Ref Enq: 0.0 ms]
      [Redirty Cards: 0.1 ms]
      [Humongous Register: 0.0 ms]
      [Humongous Reclaim: 0.0 ms]
      [Free CSet: 0.0 ms]
   [Eden: 3072.0K(3072.0K)->0.0B(3072.0K) Survivors: 1024.0K->1024.0K Heap: 43.1M(50.0M)->40.4M(50.0M)]
 [Times: user=0.00 sys=0.00, real=0.01 secs] 
2021-04-15T21:12:24.234+0800: 17.301: [GC pause (G1 Evacuation Pause) (young) (initial-mark), 0.0046481 secs]
   [Parallel Time: 4.2 ms, GC Workers: 4]
      [GC Worker Start (ms): Min: 17301.6, Avg: 17301.9, Max: 17303.1, Diff: 1.5]
      [Ext Root Scanning (ms): Min: 0.1, Avg: 1.8, Max: 3.9, Diff: 3.7, Sum: 7.1]
      [Update RS (ms): Min: 0.0, Avg: 1.1, Max: 1.7, Diff: 1.7, Sum: 4.2]
         [Processed Buffers: Min: 0, Avg: 6.5, Max: 22, Diff: 22, Sum: 26]
      [Scan RS (ms): Min: 0.0, Avg: 0.0, Max: 0.0, Diff: 0.0, Sum: 0.0]
      [Code Root Scanning (ms): Min: 0.0, Avg: 0.0, Max: 0.0, Diff: 0.0, Sum: 0.0]
      [Object Copy (ms): Min: 0.2, Avg: 0.9, Max: 1.3, Diff: 1.1, Sum: 3.5]
      [Termination (ms): Min: 0.0, Avg: 0.0, Max: 0.0, Diff: 0.0, Sum: 0.1]
         [Termination Attempts: Min: 1, Avg: 3.0, Max: 5, Diff: 4, Sum: 12]
      [GC Worker Other (ms): Min: 0.0, Avg: 0.0, Max: 0.0, Diff: 0.0, Sum: 0.0]
      [GC Worker Total (ms): Min: 2.6, Avg: 3.7, Max: 4.1, Diff: 1.5, Sum: 15.0]
      [GC Worker End (ms): Min: 17305.7, Avg: 17305.7, Max: 17305.7, Diff: 0.0]
   [Code Root Fixup: 0.0 ms]
   [Code Root Purge: 0.0 ms]
   [Clear CT: 0.0 ms]
   [Other: 0.3 ms]
      [Choose CSet: 0.0 ms]
      [Ref Proc: 0.2 ms]
      [Ref Enq: 0.0 ms]
      [Redirty Cards: 0.1 ms]
      [Humongous Register: 0.0 ms]
      [Humongous Reclaim: 0.0 ms]
      [Free CSet: 0.0 ms]
   [Eden: 3072.0K(3072.0K)->0.0B(3072.0K) Survivors: 1024.0K->1024.0K Heap: 43.4M(50.0M)->40.6M(50.0M)]
 [Times: user=0.05 sys=0.00, real=0.01 secs] 
2021-04-15T21:12:24.239+0800: 17.306: [GC concurrent-root-region-scan-start]
2021-04-15T21:12:24.243+0800: 17.310: [GC concurrent-root-region-scan-end, 0.0039974 secs]
2021-04-15T21:12:24.243+0800: 17.310: [GC concurrent-mark-start]
2021-04-15T21:12:24.280+0800: 17.347: [GC pause (G1 Evacuation Pause) (young), 0.0031326 secs]
   [Parallel Time: 2.8 ms, GC Workers: 4]
      [GC Worker Start (ms): Min: 17347.4, Avg: 17347.5, Max: 17347.5, Diff: 0.0]
      [Ext Root Scanning (ms): Min: 0.6, Avg: 0.7, Max: 0.9, Diff: 0.4, Sum: 2.9]
      [Update RS (ms): Min: 0.8, Avg: 1.1, Max: 1.5, Diff: 0.7, Sum: 4.2]
         [Processed Buffers: Min: 2, Avg: 5.5, Max: 10, Diff: 8, Sum: 22]
      [Scan RS (ms): Min: 0.0, Avg: 0.0, Max: 0.0, Diff: 0.0, Sum: 0.0]
      [Code Root Scanning (ms): Min: 0.0, Avg: 0.0, Max: 0.0, Diff: 0.0, Sum: 0.0]
      [Object Copy (ms): Min: 0.6, Avg: 1.0, Max: 1.3, Diff: 0.7, Sum: 4.0]
      [Termination (ms): Min: 0.0, Avg: 0.0, Max: 0.0, Diff: 0.0, Sum: 0.0]
         [Termination Attempts: Min: 1, Avg: 1.0, Max: 1, Diff: 0, Sum: 4]
      [GC Worker Other (ms): Min: 0.0, Avg: 0.0, Max: 0.0, Diff: 0.0, Sum: 0.1]
      [GC Worker Total (ms): Min: 2.8, Avg: 2.8, Max: 2.8, Diff: 0.0, Sum: 11.1]
      [GC Worker End (ms): Min: 17350.2, Avg: 17350.2, Max: 17350.2, Diff: 0.0]
   [Code Root Fixup: 0.0 ms]
   [Code Root Purge: 0.0 ms]
   [Clear CT: 0.1 ms]
   [Other: 0.2 ms]
      [Choose CSet: 0.0 ms]
      [Ref Proc: 0.1 ms]
      [Ref Enq: 0.0 ms]
      [Redirty Cards: 0.0 ms]
      [Humongous Register: 0.0 ms]
      [Humongous Reclaim: 0.0 ms]
      [Free CSet: 0.0 ms]
   [Eden: 3072.0K(3072.0K)->0.0B(3072.0K) Survivors: 1024.0K->1024.0K Heap: 43.6M(50.0M)->40.8M(50.0M)]
 [Times: user=0.06 sys=0.00, real=0.00 secs] 
2021-04-15T21:12:24.305+0800: 17.371: [GC pause (G1 Evacuation Pause) (young), 0.0036028 secs]
   [Parallel Time: 3.2 ms, GC Workers: 4]
      [GC Worker Start (ms): Min: 17371.3, Avg: 17371.4, Max: 17371.4, Diff: 0.0]
      [Ext Root Scanning (ms): Min: 0.6, Avg: 0.7, Max: 1.0, Diff: 0.3, Sum: 3.0]
      [Update RS (ms): Min: 1.2, Avg: 1.5, Max: 1.7, Diff: 0.5, Sum: 5.9]
         [Processed Buffers: Min: 2, Avg: 3.3, Max: 6, Diff: 4, Sum: 13]
      [Scan RS (ms): Min: 0.0, Avg: 0.0, Max: 0.0, Diff: 0.0, Sum: 0.0]
      [Code Root Scanning (ms): Min: 0.0, Avg: 0.0, Max: 0.0, Diff: 0.0, Sum: 0.0]
      [Object Copy (ms): Min: 0.8, Avg: 0.9, Max: 1.1, Diff: 0.4, Sum: 3.8]
      [Termination (ms): Min: 0.0, Avg: 0.0, Max: 0.0, Diff: 0.0, Sum: 0.0]
         [Termination Attempts: Min: 1, Avg: 1.0, Max: 1, Diff: 0, Sum: 4]
      [GC Worker Other (ms): Min: 0.0, Avg: 0.0, Max: 0.0, Diff: 0.0, Sum: 0.0]
      [GC Worker Total (ms): Min: 3.2, Avg: 3.2, Max: 3.2, Diff: 0.0, Sum: 12.7]
      [GC Worker End (ms): Min: 17374.5, Avg: 17374.5, Max: 17374.5, Diff: 0.0]
   [Code Root Fixup: 0.0 ms]
   [Code Root Purge: 0.0 ms]
   [Clear CT: 0.1 ms]
   [Other: 0.3 ms]
      [Choose CSet: 0.0 ms]
      [Ref Proc: 0.1 ms]
      [Ref Enq: 0.0 ms]
      [Redirty Cards: 0.1 ms]
      [Humongous Register: 0.0 ms]
      [Humongous Reclaim: 0.0 ms]
      [Free CSet: 0.0 ms]
   [Eden: 3072.0K(3072.0K)->0.0B(2048.0K) Survivors: 1024.0K->1024.0K Heap: 43.8M(50.0M)->41.1M(50.0M)]
 [Times: user=0.00 sys=0.00, real=0.00 secs] 
2021-04-15T21:12:24.332+0800: 17.399: [GC pause (G1 Evacuation Pause) (young), 0.0033246 secs]
   [Parallel Time: 3.0 ms, GC Workers: 4]
      [GC Worker Start (ms): Min: 17399.4, Avg: 17399.4, Max: 17399.4, Diff: 0.0]
      [Ext Root Scanning (ms): Min: 0.6, Avg: 0.7, Max: 0.9, Diff: 0.3, Sum: 2.7]
      [Update RS (ms): Min: 1.4, Avg: 1.4, Max: 1.5, Diff: 0.1, Sum: 5.8]
         [Processed Buffers: Min: 2, Avg: 3.3, Max: 6, Diff: 4, Sum: 13]
      [Scan RS (ms): Min: 0.0, Avg: 0.0, Max: 0.0, Diff: 0.0, Sum: 0.0]
      [Code Root Scanning (ms): Min: 0.0, Avg: 0.0, Max: 0.0, Diff: 0.0, Sum: 0.0]
      [Object Copy (ms): Min: 0.6, Avg: 0.8, Max: 0.9, Diff: 0.3, Sum: 3.1]
      [Termination (ms): Min: 0.0, Avg: 0.0, Max: 0.0, Diff: 0.0, Sum: 0.0]
         [Termination Attempts: Min: 1, Avg: 1.0, Max: 1, Diff: 0, Sum: 4]
      [GC Worker Other (ms): Min: 0.0, Avg: 0.0, Max: 0.0, Diff: 0.0, Sum: 0.0]
      [GC Worker Total (ms): Min: 2.9, Avg: 2.9, Max: 2.9, Diff: 0.0, Sum: 11.7]
      [GC Worker End (ms): Min: 17402.3, Avg: 17402.3, Max: 17402.3, Diff: 0.0]
   [Code Root Fixup: 0.0 ms]
   [Code Root Purge: 0.0 ms]
   [Clear CT: 0.0 ms]
   [Other: 0.3 ms]
      [Choose CSet: 0.0 ms]
      [Ref Proc: 0.2 ms]
      [Ref Enq: 0.0 ms]
      [Redirty Cards: 0.0 ms]
      [Humongous Register: 0.0 ms]
      [Humongous Reclaim: 0.0 ms]
      [Free CSet: 0.0 ms]
   [Eden: 2048.0K(2048.0K)->0.0B(2048.0K) Survivors: 1024.0K->1024.0K Heap: 43.1M(50.0M)->41.0M(50.0M)]
 [Times: user=0.00 sys=0.00, real=0.00 secs] 
2021-04-15T21:12:24.366+0800: 17.433: [GC pause (G1 Evacuation Pause) (young), 0.0036629 secs]
   [Parallel Time: 3.4 ms, GC Workers: 4]
      [GC Worker Start (ms): Min: 17433.0, Avg: 17433.0, Max: 17433.0, Diff: 0.0]
      [Ext Root Scanning (ms): Min: 0.6, Avg: 0.8, Max: 1.2, Diff: 0.6, Sum: 3.2]
      [Update RS (ms): Min: 0.8, Avg: 1.2, Max: 1.6, Diff: 0.8, Sum: 4.8]
         [Processed Buffers: Min: 1, Avg: 2.8, Max: 4, Diff: 3, Sum: 11]
      [Scan RS (ms): Min: 0.0, Avg: 0.0, Max: 0.0, Diff: 0.0, Sum: 0.0]
      [Code Root Scanning (ms): Min: 0.0, Avg: 0.0, Max: 0.0, Diff: 0.0, Sum: 0.0]
      [Object Copy (ms): Min: 1.0, Avg: 1.3, Max: 1.5, Diff: 0.5, Sum: 5.1]
      [Termination (ms): Min: 0.0, Avg: 0.0, Max: 0.0, Diff: 0.0, Sum: 0.0]
         [Termination Attempts: Min: 1, Avg: 3.5, Max: 5, Diff: 4, Sum: 14]
      [GC Worker Other (ms): Min: 0.0, Avg: 0.0, Max: 0.0, Diff: 0.0, Sum: 0.1]
      [GC Worker Total (ms): Min: 3.3, Avg: 3.3, Max: 3.3, Diff: 0.0, Sum: 13.3]
      [GC Worker End (ms): Min: 17436.3, Avg: 17436.3, Max: 17436.3, Diff: 0.0]
   [Code Root Fixup: 0.0 ms]
   [Code Root Purge: 0.0 ms]
   [Clear CT: 0.0 ms]
   [Other: 0.2 ms]
      [Choose CSet: 0.0 ms]
      [Ref Proc: 0.1 ms]
      [Ref Enq: 0.0 ms]
      [Redirty Cards: 0.0 ms]
      [Humongous Register: 0.0 ms]
      [Humongous Reclaim: 0.0 ms]
      [Free CSet: 0.0 ms]
   [Eden: 2048.0K(2048.0K)->0.0B(2048.0K) Survivors: 1024.0K->1024.0K Heap: 43.0M(50.0M)->41.4M(50.0M)]
 [Times: user=0.00 sys=0.00, real=0.00 secs] 
2021-04-15T21:12:24.383+0800: 17.450: [GC concurrent-mark-end, 0.1399402 secs]
2021-04-15T21:12:24.384+0800: 17.451: [GC remark 2021-04-15T21:12:24.384+0800: 17.451: [Finalize Marking, 0.0003046 secs] 2021-04-15T21:12:24.384+0800: 17.451: [GC ref-proc, 0.0007326 secs] 2021-04-15T21:12:24.385+0800: 17.452: [Unloading, 0.0104072 secs], 0.0118148 secs]
 [Times: user=0.06 sys=0.00, real=0.01 secs] 
2021-04-15T21:12:24.396+0800: 17.463: [GC cleanup 42M->42M(50M), 0.0005218 secs]
 [Times: user=0.00 sys=0.00, real=0.00 secs] 
2021-04-15T21:12:24.414+0800: 17.481: [GC pause (G1 Evacuation Pause) (young), 0.0039334 secs]
   [Parallel Time: 3.6 ms, GC Workers: 4]
      [GC Worker Start (ms): Min: 17481.4, Avg: 17481.5, Max: 17481.5, Diff: 0.0]
      [Ext Root Scanning (ms): Min: 0.6, Avg: 0.7, Max: 0.9, Diff: 0.3, Sum: 2.9]
      [Update RS (ms): Min: 1.2, Avg: 1.5, Max: 1.8, Diff: 0.6, Sum: 5.9]
         [Processed Buffers: Min: 2, Avg: 3.5, Max: 5, Diff: 3, Sum: 14]
      [Scan RS (ms): Min: 0.0, Avg: 0.0, Max: 0.0, Diff: 0.0, Sum: 0.0]
      [Code Root Scanning (ms): Min: 0.0, Avg: 0.0, Max: 0.0, Diff: 0.0, Sum: 0.0]
      [Object Copy (ms): Min: 0.9, Avg: 1.4, Max: 1.7, Diff: 0.8, Sum: 5.4]
      [Termination (ms): Min: 0.0, Avg: 0.0, Max: 0.0, Diff: 0.0, Sum: 0.0]
         [Termination Attempts: Min: 1, Avg: 2.8, Max: 4, Diff: 3, Sum: 11]
      [GC Worker Other (ms): Min: 0.0, Avg: 0.0, Max: 0.0, Diff: 0.0, Sum: 0.0]
      [GC Worker Total (ms): Min: 3.6, Avg: 3.6, Max: 3.6, Diff: 0.0, Sum: 14.3]
      [GC Worker End (ms): Min: 17485.0, Avg: 17485.0, Max: 17485.0, Diff: 0.0]
   [Code Root Fixup: 0.1 ms]
   [Code Root Purge: 0.0 ms]
   [Clear CT: 0.1 ms]
   [Other: 0.2 ms]
      [Choose CSet: 0.0 ms]
      [Ref Proc: 0.1 ms]
      [Ref Enq: 0.0 ms]
      [Redirty Cards: 0.0 ms]
      [Humongous Register: 0.0 ms]
      [Humongous Reclaim: 0.0 ms]
      [Free CSet: 0.0 ms]
   [Eden: 2048.0K(2048.0K)->0.0B(1024.0K) Survivors: 1024.0K->1024.0K Heap: 43.4M(50.0M)->41.7M(50.0M)]
 [Times: user=0.00 sys=0.00, real=0.00 secs] 
2021-04-15T21:12:24.423+0800: 17.490: [GC pause (G1 Evacuation Pause) (mixed), 0.0097724 secs]
   [Parallel Time: 9.3 ms, GC Workers: 4]
      [GC Worker Start (ms): Min: 17489.7, Avg: 17489.7, Max: 17489.7, Diff: 0.0]
      [Ext Root Scanning (ms): Min: 0.6, Avg: 0.8, Max: 1.3, Diff: 0.7, Sum: 3.3]
      [Update RS (ms): Min: 1.1, Avg: 1.5, Max: 1.7, Diff: 0.6, Sum: 5.8]
         [Processed Buffers: Min: 2, Avg: 3.8, Max: 6, Diff: 4, Sum: 15]
      [Scan RS (ms): Min: 2.8, Avg: 3.0, Max: 3.1, Diff: 0.3, Sum: 11.8]
      [Code Root Scanning (ms): Min: 0.0, Avg: 0.0, Max: 0.1, Diff: 0.0, Sum: 0.1]
      [Object Copy (ms): Min: 3.8, Avg: 3.9, Max: 4.0, Diff: 0.2, Sum: 15.7]
      [Termination (ms): Min: 0.0, Avg: 0.0, Max: 0.0, Diff: 0.0, Sum: 0.0]
         [Termination Attempts: Min: 1, Avg: 1.0, Max: 1, Diff: 0, Sum: 4]
      [GC Worker Other (ms): Min: 0.0, Avg: 0.0, Max: 0.0, Diff: 0.0, Sum: 0.1]
      [GC Worker Total (ms): Min: 9.2, Avg: 9.2, Max: 9.2, Diff: 0.0, Sum: 36.8]
      [GC Worker End (ms): Min: 17498.9, Avg: 17498.9, Max: 17498.9, Diff: 0.0]
   [Code Root Fixup: 0.1 ms]
   [Code Root Purge: 0.0 ms]
   [Clear CT: 0.1 ms]
   [Other: 0.4 ms]
      [Choose CSet: 0.0 ms]
      [Ref Proc: 0.1 ms]
      [Ref Enq: 0.0 ms]
      [Redirty Cards: 0.0 ms]
      [Humongous Register: 0.0 ms]
      [Humongous Reclaim: 0.0 ms]
      [Free CSet: 0.1 ms]
   [Eden: 1024.0K(1024.0K)->0.0B(1024.0K) Survivors: 1024.0K->1024.0K Heap: 42.7M(50.0M)->39.0M(50.0M)]
 [Times: user=0.06 sys=0.00, real=0.01 secs] 
2021-04-15T21:12:24.439+0800: 17.507: [GC pause (G1 Evacuation Pause) (mixed), 0.0222123 secs]
   [Parallel Time: 21.4 ms, GC Workers: 4]
      [GC Worker Start (ms): Min: 17506.6, Avg: 17506.7, Max: 17506.8, Diff: 0.2]
      [Ext Root Scanning (ms): Min: 0.8, Avg: 1.2, Max: 2.2, Diff: 1.4, Sum: 4.8]
      [Update RS (ms): Min: 5.9, Avg: 6.5, Max: 6.9, Diff: 0.9, Sum: 26.0]
         [Processed Buffers: Min: 10, Avg: 11.5, Max: 15, Diff: 5, Sum: 46]
      [Scan RS (ms): Min: 6.2, Avg: 6.4, Max: 6.6, Diff: 0.5, Sum: 25.5]
      [Code Root Scanning (ms): Min: 0.1, Avg: 0.3, Max: 0.4, Diff: 0.2, Sum: 1.1]
      [Object Copy (ms): Min: 6.7, Avg: 6.9, Max: 7.1, Diff: 0.4, Sum: 27.7]
      [Termination (ms): Min: 0.0, Avg: 0.0, Max: 0.0, Diff: 0.0, Sum: 0.0]
         [Termination Attempts: Min: 1, Avg: 9.5, Max: 14, Diff: 13, Sum: 38]
      [GC Worker Other (ms): Min: 0.0, Avg: 0.0, Max: 0.0, Diff: 0.0, Sum: 0.1]
      [GC Worker Total (ms): Min: 21.2, Avg: 21.3, Max: 21.4, Diff: 0.2, Sum: 85.3]
      [GC Worker End (ms): Min: 17528.0, Avg: 17528.0, Max: 17528.0, Diff: 0.0]
   [Code Root Fixup: 0.3 ms]
   [Code Root Purge: 0.0 ms]
   [Clear CT: 0.1 ms]
   [Other: 0.4 ms]
      [Choose CSet: 0.0 ms]
      [Ref Proc: 0.1 ms]
      [Ref Enq: 0.0 ms]
      [Redirty Cards: 0.1 ms]
      [Humongous Register: 0.0 ms]
      [Humongous Reclaim: 0.0 ms]
      [Free CSet: 0.1 ms]
   [Eden: 1024.0K(1024.0K)->0.0B(4096.0K) Survivors: 1024.0K->1024.0K Heap: 40.0M(50.0M)->39.7M(50.0M)]
 [Times: user=0.06 sys=0.00, real=0.02 secs] 
2021-04-15T21:12:24.495+0800: 17.562: [GC pause (G1 Evacuation Pause) (young), 0.0112171 secs]
   [Parallel Time: 10.7 ms, GC Workers: 4]
      [GC Worker Start (ms): Min: 17561.7, Avg: 17561.7, Max: 17561.7, Diff: 0.0]
      [Ext Root Scanning (ms): Min: 0.7, Avg: 0.9, Max: 1.2, Diff: 0.4, Sum: 3.4]
      [Update RS (ms): Min: 8.8, Avg: 8.9, Max: 9.2, Diff: 0.4, Sum: 35.6]
         [Processed Buffers: Min: 14, Avg: 14.5, Max: 15, Diff: 1, Sum: 58]
      [Scan RS (ms): Min: 0.0, Avg: 0.1, Max: 0.1, Diff: 0.1, Sum: 0.2]
      [Code Root Scanning (ms): Min: 0.0, Avg: 0.0, Max: 0.0, Diff: 0.0, Sum: 0.0]
      [Object Copy (ms): Min: 0.8, Avg: 0.9, Max: 1.0, Diff: 0.2, Sum: 3.5]
      [Termination (ms): Min: 0.0, Avg: 0.0, Max: 0.0, Diff: 0.0, Sum: 0.0]
         [Termination Attempts: Min: 1, Avg: 1.3, Max: 2, Diff: 1, Sum: 5]
      [GC Worker Other (ms): Min: 0.0, Avg: 0.0, Max: 0.0, Diff: 0.0, Sum: 0.0]
      [GC Worker Total (ms): Min: 10.7, Avg: 10.7, Max: 10.7, Diff: 0.0, Sum: 42.8]
      [GC Worker End (ms): Min: 17572.4, Avg: 17572.4, Max: 17572.4, Diff: 0.0]
   [Code Root Fixup: 0.0 ms]
   [Code Root Purge: 0.0 ms]
   [Clear CT: 0.0 ms]
   [Other: 0.4 ms]
      [Choose CSet: 0.0 ms]
      [Ref Proc: 0.2 ms]
      [Ref Enq: 0.0 ms]
      [Redirty Cards: 0.1 ms]
      [Humongous Register: 0.0 ms]
      [Humongous Reclaim: 0.0 ms]
      [Free CSet: 0.0 ms]
   [Eden: 4096.0K(4096.0K)->0.0B(4096.0K) Survivors: 1024.0K->1024.0K Heap: 43.7M(50.0M)->39.6M(50.0M)]
 [Times: user=0.06 sys=0.00, real=0.01 secs] 
2021-04-15T21:12:24.540+0800: 17.607: [GC pause (G1 Evacuation Pause) (young) (initial-mark), 0.0041523 secs]
   [Parallel Time: 3.7 ms, GC Workers: 4]
      [GC Worker Start (ms): Min: 17606.8, Avg: 17606.8, Max: 17606.9, Diff: 0.0]
      [Ext Root Scanning (ms): Min: 1.5, Avg: 1.5, Max: 1.6, Diff: 0.1, Sum: 6.1]
      [Update RS (ms): Min: 0.8, Avg: 0.9, Max: 1.1, Diff: 0.3, Sum: 3.6]
         [Processed Buffers: Min: 1, Avg: 2.8, Max: 5, Diff: 4, Sum: 11]
      [Scan RS (ms): Min: 0.0, Avg: 0.0, Max: 0.0, Diff: 0.0, Sum: 0.0]
      [Code Root Scanning (ms): Min: 0.0, Avg: 0.0, Max: 0.0, Diff: 0.0, Sum: 0.0]
      [Object Copy (ms): Min: 1.0, Avg: 1.1, Max: 1.2, Diff: 0.3, Sum: 4.6]
      [Termination (ms): Min: 0.0, Avg: 0.0, Max: 0.0, Diff: 0.0, Sum: 0.0]
         [Termination Attempts: Min: 1, Avg: 5.5, Max: 9, Diff: 8, Sum: 22]
      [GC Worker Other (ms): Min: 0.0, Avg: 0.0, Max: 0.0, Diff: 0.0, Sum: 0.0]
      [GC Worker Total (ms): Min: 3.6, Avg: 3.6, Max: 3.6, Diff: 0.0, Sum: 14.3]
      [GC Worker End (ms): Min: 17610.4, Avg: 17610.4, Max: 17610.4, Diff: 0.0]
   [Code Root Fixup: 0.0 ms]
   [Code Root Purge: 0.0 ms]
   [Clear CT: 0.1 ms]
   [Other: 0.3 ms]
      [Choose CSet: 0.0 ms]
      [Ref Proc: 0.2 ms]
      [Ref Enq: 0.0 ms]
      [Redirty Cards: 0.1 ms]
      [Humongous Register: 0.0 ms]
      [Humongous Reclaim: 0.0 ms]
      [Free CSet: 0.0 ms]
   [Eden: 4096.0K(4096.0K)->0.0B(2048.0K) Survivors: 1024.0K->1024.0K Heap: 43.6M(50.0M)->41.2M(50.0M)]
 [Times: user=0.00 sys=0.00, real=0.00 secs] 
2021-04-15T21:12:24.544+0800: 17.611: [GC concurrent-root-region-scan-start]
2021-04-15T21:12:24.549+0800: 17.616: [GC concurrent-root-region-scan-end, 0.0048435 secs]
2021-04-15T21:12:24.549+0800: 17.616: [GC concurrent-mark-start]
2021-04-15T21:12:24.573+0800: 17.640: [GC pause (G1 Evacuation Pause) (young), 0.0039241 secs]
   [Parallel Time: 3.4 ms, GC Workers: 4]
      [GC Worker Start (ms): Min: 17639.6, Avg: 17639.7, Max: 17640.1, Diff: 0.6]
      [Ext Root Scanning (ms): Min: 0.7, Avg: 1.1, Max: 1.4, Diff: 0.7, Sum: 4.5]
      [Update RS (ms): Min: 0.9, Avg: 1.0, Max: 1.1, Diff: 0.2, Sum: 4.2]
         [Processed Buffers: Min: 2, Avg: 3.3, Max: 6, Diff: 4, Sum: 13]
      [Scan RS (ms): Min: 0.0, Avg: 0.0, Max: 0.0, Diff: 0.0, Sum: 0.0]
      [Code Root Scanning (ms): Min: 0.0, Avg: 0.0, Max: 0.1, Diff: 0.1, Sum: 0.1]
      [Object Copy (ms): Min: 0.9, Avg: 1.0, Max: 1.2, Diff: 0.3, Sum: 4.1]
      [Termination (ms): Min: 0.0, Avg: 0.0, Max: 0.0, Diff: 0.0, Sum: 0.0]
         [Termination Attempts: Min: 1, Avg: 3.5, Max: 6, Diff: 5, Sum: 14]
      [GC Worker Other (ms): Min: 0.0, Avg: 0.0, Max: 0.0, Diff: 0.0, Sum: 0.0]
      [GC Worker Total (ms): Min: 2.8, Avg: 3.2, Max: 3.4, Diff: 0.6, Sum: 12.9]
      [GC Worker End (ms): Min: 17643.0, Avg: 17643.0, Max: 17643.0, Diff: 0.0]
   [Code Root Fixup: 0.0 ms]
   [Code Root Purge: 0.0 ms]
   [Clear CT: 0.1 ms]
   [Other: 0.4 ms]
      [Choose CSet: 0.0 ms]
      [Ref Proc: 0.3 ms]
      [Ref Enq: 0.0 ms]
      [Redirty Cards: 0.1 ms]
      [Humongous Register: 0.0 ms]
      [Humongous Reclaim: 0.0 ms]
      [Free CSet: 0.0 ms]
   [Eden: 2048.0K(2048.0K)->0.0B(2048.0K) Survivors: 1024.0K->1024.0K Heap: 43.2M(50.0M)->41.3M(50.0M)]
 [Times: user=0.00 sys=0.00, real=0.00 secs] 
2021-04-15T21:12:24.598+0800: 17.665: [GC pause (G1 Evacuation Pause) (young), 0.0032209 secs]
   [Parallel Time: 2.9 ms, GC Workers: 4]
      [GC Worker Start (ms): Min: 17665.3, Avg: 17665.3, Max: 17665.3, Diff: 0.0]
      [Ext Root Scanning (ms): Min: 0.7, Avg: 0.8, Max: 1.0, Diff: 0.3, Sum: 3.1]
      [Update RS (ms): Min: 1.1, Avg: 1.3, Max: 1.7, Diff: 0.7, Sum: 5.2]
         [Processed Buffers: Min: 2, Avg: 3.5, Max: 7, Diff: 5, Sum: 14]
      [Scan RS (ms): Min: 0.0, Avg: 0.0, Max: 0.0, Diff: 0.0, Sum: 0.0]
      [Code Root Scanning (ms): Min: 0.0, Avg: 0.0, Max: 0.0, Diff: 0.0, Sum: 0.0]
      [Object Copy (ms): Min: 0.4, Avg: 0.7, Max: 1.0, Diff: 0.6, Sum: 2.9]
      [Termination (ms): Min: 0.0, Avg: 0.0, Max: 0.0, Diff: 0.0, Sum: 0.0]
         [Termination Attempts: Min: 1, Avg: 1.0, Max: 1, Diff: 0, Sum: 4]
      [GC Worker Other (ms): Min: 0.0, Avg: 0.0, Max: 0.0, Diff: 0.0, Sum: 0.0]
      [GC Worker Total (ms): Min: 2.8, Avg: 2.8, Max: 2.9, Diff: 0.0, Sum: 11.4]
      [GC Worker End (ms): Min: 17668.1, Avg: 17668.1, Max: 17668.1, Diff: 0.0]
   [Code Root Fixup: 0.0 ms]
   [Code Root Purge: 0.0 ms]
   [Clear CT: 0.1 ms]
   [Other: 0.2 ms]
      [Choose CSet: 0.0 ms]
      [Ref Proc: 0.1 ms]
      [Ref Enq: 0.0 ms]
      [Redirty Cards: 0.0 ms]
      [Humongous Register: 0.0 ms]
      [Humongous Reclaim: 0.0 ms]
      [Free CSet: 0.0 ms]
   [Eden: 2048.0K(2048.0K)->0.0B(2048.0K) Survivors: 1024.0K->1024.0K Heap: 43.3M(50.0M)->41.3M(50.0M)]
 [Times: user=0.00 sys=0.00, real=0.00 secs] 
2021-04-15T21:12:24.613+0800: 17.681: [GC pause (G1 Evacuation Pause) (young), 0.0027891 secs]
   [Parallel Time: 2.4 ms, GC Workers: 4]
      [GC Worker Start (ms): Min: 17680.6, Avg: 17680.6, Max: 17680.6, Diff: 0.0]
      [Ext Root Scanning (ms): Min: 0.6, Avg: 0.8, Max: 1.0, Diff: 0.4, Sum: 3.0]
      [Update RS (ms): Min: 0.6, Avg: 0.9, Max: 1.1, Diff: 0.4, Sum: 3.6]
         [Processed Buffers: Min: 2, Avg: 2.8, Max: 5, Diff: 3, Sum: 11]
      [Scan RS (ms): Min: 0.0, Avg: 0.0, Max: 0.0, Diff: 0.0, Sum: 0.0]
      [Code Root Scanning (ms): Min: 0.0, Avg: 0.0, Max: 0.0, Diff: 0.0, Sum: 0.0]
      [Object Copy (ms): Min: 0.6, Avg: 0.7, Max: 0.8, Diff: 0.2, Sum: 2.7]
      [Termination (ms): Min: 0.0, Avg: 0.0, Max: 0.0, Diff: 0.0, Sum: 0.0]
         [Termination Attempts: Min: 1, Avg: 1.0, Max: 1, Diff: 0, Sum: 4]
      [GC Worker Other (ms): Min: 0.0, Avg: 0.0, Max: 0.0, Diff: 0.0, Sum: 0.0]
      [GC Worker Total (ms): Min: 2.4, Avg: 2.4, Max: 2.4, Diff: 0.0, Sum: 9.5]
      [GC Worker End (ms): Min: 17683.0, Avg: 17683.0, Max: 17683.0, Diff: 0.0]
   [Code Root Fixup: 0.0 ms]
   [Code Root Purge: 0.0 ms]
   [Clear CT: 0.0 ms]
   [Other: 0.3 ms]
      [Choose CSet: 0.0 ms]
      [Ref Proc: 0.2 ms]
      [Ref Enq: 0.0 ms]
      [Redirty Cards: 0.0 ms]
      [Humongous Register: 0.0 ms]
      [Humongous Reclaim: 0.0 ms]
      [Free CSet: 0.0 ms]
   [Eden: 2048.0K(2048.0K)->0.0B(2048.0K) Survivors: 1024.0K->1024.0K Heap: 43.3M(50.0M)->41.3M(50.0M)]
 [Times: user=0.00 sys=0.00, real=0.00 secs] 
2021-04-15T21:12:24.633+0800: 17.700: [GC pause (G1 Evacuation Pause) (young), 0.0033924 secs]
   [Parallel Time: 2.9 ms, GC Workers: 4]
      [GC Worker Start (ms): Min: 17700.4, Avg: 17700.4, Max: 17700.4, Diff: 0.0]
      [Ext Root Scanning (ms): Min: 0.7, Avg: 0.8, Max: 1.0, Diff: 0.4, Sum: 3.2]
      [Update RS (ms): Min: 0.9, Avg: 1.0, Max: 1.1, Diff: 0.2, Sum: 3.9]
         [Processed Buffers: Min: 2, Avg: 2.8, Max: 4, Diff: 2, Sum: 11]
      [Scan RS (ms): Min: 0.0, Avg: 0.0, Max: 0.0, Diff: 0.0, Sum: 0.0]
      [Code Root Scanning (ms): Min: 0.0, Avg: 0.0, Max: 0.1, Diff: 0.1, Sum: 0.1]
      [Object Copy (ms): Min: 0.9, Avg: 1.0, Max: 1.1, Diff: 0.2, Sum: 4.1]
      [Termination (ms): Min: 0.0, Avg: 0.0, Max: 0.0, Diff: 0.0, Sum: 0.0]
         [Termination Attempts: Min: 1, Avg: 1.0, Max: 1, Diff: 0, Sum: 4]
      [GC Worker Other (ms): Min: 0.0, Avg: 0.0, Max: 0.0, Diff: 0.0, Sum: 0.1]
      [GC Worker Total (ms): Min: 2.8, Avg: 2.9, Max: 2.9, Diff: 0.0, Sum: 11.4]
      [GC Worker End (ms): Min: 17703.2, Avg: 17703.2, Max: 17703.2, Diff: 0.0]
   [Code Root Fixup: 0.1 ms]
   [Code Root Purge: 0.0 ms]
   [Clear CT: 0.0 ms]
   [Other: 0.4 ms]
      [Choose CSet: 0.0 ms]
      [Ref Proc: 0.2 ms]
      [Ref Enq: 0.0 ms]
      [Redirty Cards: 0.1 ms]
      [Humongous Register: 0.0 ms]
      [Humongous Reclaim: 0.0 ms]
      [Free CSet: 0.0 ms]
   [Eden: 2048.0K(2048.0K)->0.0B(2048.0K) Survivors: 1024.0K->1024.0K Heap: 43.3M(50.0M)->41.6M(50.0M)]
 [Times: user=0.00 sys=0.00, real=0.00 secs] 
2021-04-15T21:12:24.652+0800: 17.719: [GC pause (G1 Evacuation Pause) (young), 0.0032653 secs]
   [Parallel Time: 2.9 ms, GC Workers: 4]
      [GC Worker Start (ms): Min: 17719.4, Avg: 17719.4, Max: 17719.5, Diff: 0.0]
      [Ext Root Scanning (ms): Min: 0.6, Avg: 0.7, Max: 1.0, Diff: 0.3, Sum: 3.0]
      [Update RS (ms): Min: 1.0, Avg: 1.0, Max: 1.1, Diff: 0.1, Sum: 4.2]
         [Processed Buffers: Min: 2, Avg: 3.0, Max: 4, Diff: 2, Sum: 12]
      [Scan RS (ms): Min: 0.0, Avg: 0.0, Max: 0.0, Diff: 0.0, Sum: 0.0]
      [Code Root Scanning (ms): Min: 0.0, Avg: 0.0, Max: 0.0, Diff: 0.0, Sum: 0.0]
      [Object Copy (ms): Min: 0.8, Avg: 1.0, Max: 1.1, Diff: 0.3, Sum: 4.0]
      [Termination (ms): Min: 0.0, Avg: 0.0, Max: 0.0, Diff: 0.0, Sum: 0.0]
         [Termination Attempts: Min: 1, Avg: 1.0, Max: 1, Diff: 0, Sum: 4]
      [GC Worker Other (ms): Min: 0.0, Avg: 0.0, Max: 0.0, Diff: 0.0, Sum: 0.0]
      [GC Worker Total (ms): Min: 2.8, Avg: 2.8, Max: 2.8, Diff: 0.0, Sum: 11.3]
      [GC Worker End (ms): Min: 17722.3, Avg: 17722.3, Max: 17722.3, Diff: 0.0]
   [Code Root Fixup: 0.0 ms]
   [Code Root Purge: 0.0 ms]
   [Clear CT: 0.1 ms]
   [Other: 0.3 ms]
      [Choose CSet: 0.0 ms]
      [Ref Proc: 0.1 ms]
      [Ref Enq: 0.0 ms]
      [Redirty Cards: 0.0 ms]
      [Humongous Register: 0.0 ms]
      [Humongous Reclaim: 0.0 ms]
      [Free CSet: 0.0 ms]
   [Eden: 2048.0K(2048.0K)->0.0B(2048.0K) Survivors: 1024.0K->1024.0K Heap: 43.6M(50.0M)->41.8M(50.0M)]
 [Times: user=0.00 sys=0.00, real=0.00 secs] 
2021-04-15T21:12:24.676+0800: 17.743: [GC pause (G1 Evacuation Pause) (young), 0.0033830 secs]
   [Parallel Time: 3.0 ms, GC Workers: 4]
      [GC Worker Start (ms): Min: 17743.2, Avg: 17743.2, Max: 17743.2, Diff: 0.0]
      [Ext Root Scanning (ms): Min: 0.7, Avg: 0.8, Max: 1.0, Diff: 0.3, Sum: 3.2]
      [Update RS (ms): Min: 1.4, Avg: 1.5, Max: 1.9, Diff: 0.5, Sum: 6.2]
         [Processed Buffers: Min: 2, Avg: 3.3, Max: 5, Diff: 3, Sum: 13]
      [Scan RS (ms): Min: 0.0, Avg: 0.0, Max: 0.0, Diff: 0.0, Sum: 0.0]
      [Code Root Scanning (ms): Min: 0.0, Avg: 0.0, Max: 0.0, Diff: 0.0, Sum: 0.0]
      [Object Copy (ms): Min: 0.4, Avg: 0.6, Max: 0.8, Diff: 0.4, Sum: 2.5]
      [Termination (ms): Min: 0.0, Avg: 0.0, Max: 0.0, Diff: 0.0, Sum: 0.0]
         [Termination Attempts: Min: 1, Avg: 1.0, Max: 1, Diff: 0, Sum: 4]
      [GC Worker Other (ms): Min: 0.0, Avg: 0.0, Max: 0.0, Diff: 0.0, Sum: 0.0]
      [GC Worker Total (ms): Min: 3.0, Avg: 3.0, Max: 3.0, Diff: 0.0, Sum: 12.0]
      [GC Worker End (ms): Min: 17746.2, Avg: 17746.2, Max: 17746.2, Diff: 0.0]
   [Code Root Fixup: 0.0 ms]
   [Code Root Purge: 0.0 ms]
   [Clear CT: 0.0 ms]
   [Other: 0.3 ms]
      [Choose CSet: 0.0 ms]
      [Ref Proc: 0.2 ms]
      [Ref Enq: 0.0 ms]
      [Redirty Cards: 0.0 ms]
      [Humongous Register: 0.0 ms]
      [Humongous Reclaim: 0.0 ms]
      [Free CSet: 0.0 ms]
   [Eden: 2048.0K(2048.0K)->0.0B(2048.0K) Survivors: 1024.0K->1024.0K Heap: 43.8M(50.0M)->41.5M(50.0M)]
 [Times: user=0.00 sys=0.00, real=0.00 secs] 
2021-04-15T21:12:24.693+0800: 17.760: [GC concurrent-mark-end, 0.1436078 secs]
2021-04-15T21:12:24.693+0800: 17.760: [GC remark 2021-04-15T21:12:24.693+0800: 17.760: [Finalize Marking, 0.0001673 secs] 2021-04-15T21:12:24.693+0800: 17.760: [GC ref-proc, 0.0009212 secs] 2021-04-15T21:12:24.694+0800: 17.761: [Unloading, 0.0098833 secs], 0.0113374 secs]
 [Times: user=0.00 sys=0.00, real=0.01 secs] 
2021-04-15T21:12:24.704+0800: 17.771: [GC cleanup 43M->43M(50M), 0.0003934 secs]
 [Times: user=0.00 sys=0.00, real=0.00 secs] 
2021-04-15T21:12:24.705+0800: 17.772: [GC pause (G1 Evacuation Pause) (young), 0.0029111 secs]
   [Parallel Time: 2.5 ms, GC Workers: 4]
      [GC Worker Start (ms): Min: 17772.2, Avg: 17772.2, Max: 17772.2, Diff: 0.0]
      [Ext Root Scanning (ms): Min: 0.7, Avg: 0.8, Max: 1.0, Diff: 0.4, Sum: 3.2]
      [Update RS (ms): Min: 0.7, Avg: 0.9, Max: 1.2, Diff: 0.4, Sum: 3.8]
         [Processed Buffers: Min: 1, Avg: 2.3, Max: 5, Diff: 4, Sum: 9]
      [Scan RS (ms): Min: 0.0, Avg: 0.0, Max: 0.0, Diff: 0.0, Sum: 0.0]
      [Code Root Scanning (ms): Min: 0.0, Avg: 0.0, Max: 0.0, Diff: 0.0, Sum: 0.0]
      [Object Copy (ms): Min: 0.6, Avg: 0.7, Max: 0.9, Diff: 0.3, Sum: 3.0]
      [Termination (ms): Min: 0.0, Avg: 0.0, Max: 0.0, Diff: 0.0, Sum: 0.0]
         [Termination Attempts: Min: 1, Avg: 1.0, Max: 1, Diff: 0, Sum: 4]
      [GC Worker Other (ms): Min: 0.0, Avg: 0.0, Max: 0.0, Diff: 0.0, Sum: 0.0]
      [GC Worker Total (ms): Min: 2.5, Avg: 2.5, Max: 2.5, Diff: 0.0, Sum: 10.0]
      [GC Worker End (ms): Min: 17774.7, Avg: 17774.7, Max: 17774.7, Diff: 0.0]
   [Code Root Fixup: 0.0 ms]
   [Code Root Purge: 0.0 ms]
   [Clear CT: 0.1 ms]
   [Other: 0.3 ms]
      [Choose CSet: 0.0 ms]
      [Ref Proc: 0.1 ms]
      [Ref Enq: 0.0 ms]
      [Redirty Cards: 0.1 ms]
      [Humongous Register: 0.0 ms]
      [Humongous Reclaim: 0.0 ms]
      [Free CSet: 0.0 ms]
   [Eden: 2048.0K(2048.0K)->0.0B(1024.0K) Survivors: 1024.0K->1024.0K Heap: 43.5M(50.0M)->41.7M(50.0M)]
 [Times: user=0.00 sys=0.00, real=0.00 secs] 
2021-04-15T21:12:24.723+0800: 17.790: [GC pause (G1 Evacuation Pause) (mixed), 0.0090223 secs]
   [Parallel Time: 8.4 ms, GC Workers: 4]
      [GC Worker Start (ms): Min: 17789.8, Avg: 17789.8, Max: 17790.0, Diff: 0.2]
      [Ext Root Scanning (ms): Min: 0.8, Avg: 1.2, Max: 1.9, Diff: 1.1, Sum: 4.6]
      [Update RS (ms): Min: 0.6, Avg: 0.9, Max: 1.0, Diff: 0.5, Sum: 3.4]
         [Processed Buffers: Min: 1, Avg: 2.3, Max: 4, Diff: 3, Sum: 9]
      [Scan RS (ms): Min: 2.6, Avg: 2.8, Max: 3.0, Diff: 0.4, Sum: 11.2]
      [Code Root Scanning (ms): Min: 0.0, Avg: 0.0, Max: 0.1, Diff: 0.1, Sum: 0.1]
      [Object Copy (ms): Min: 3.3, Avg: 3.4, Max: 3.6, Diff: 0.4, Sum: 13.8]
      [Termination (ms): Min: 0.0, Avg: 0.0, Max: 0.0, Diff: 0.0, Sum: 0.0]
         [Termination Attempts: Min: 1, Avg: 1.3, Max: 2, Diff: 1, Sum: 5]
      [GC Worker Other (ms): Min: 0.0, Avg: 0.0, Max: 0.0, Diff: 0.0, Sum: 0.1]
      [GC Worker Total (ms): Min: 8.2, Avg: 8.3, Max: 8.4, Diff: 0.2, Sum: 33.3]
      [GC Worker End (ms): Min: 17798.2, Avg: 17798.2, Max: 17798.2, Diff: 0.0]
   [Code Root Fixup: 0.1 ms]
   [Code Root Purge: 0.0 ms]
   [Clear CT: 0.1 ms]
   [Other: 0.5 ms]
      [Choose CSet: 0.0 ms]
      [Ref Proc: 0.2 ms]
      [Ref Enq: 0.0 ms]
      [Redirty Cards: 0.1 ms]
      [Humongous Register: 0.0 ms]
      [Humongous Reclaim: 0.0 ms]
      [Free CSet: 0.0 ms]
   [Eden: 1024.0K(1024.0K)->0.0B(1024.0K) Survivors: 1024.0K->1024.0K Heap: 42.7M(50.0M)->39.0M(50.0M)]
 [Times: user=0.00 sys=0.00, real=0.01 secs] 
2021-04-15T21:12:24.745+0800: 17.812: [GC pause (G1 Evacuation Pause) (mixed), 0.0195900 secs]
   [Parallel Time: 18.9 ms, GC Workers: 4]
      [GC Worker Start (ms): Min: 17812.1, Avg: 17812.1, Max: 17812.2, Diff: 0.0]
      [Ext Root Scanning (ms): Min: 0.7, Avg: 0.9, Max: 1.5, Diff: 0.8, Sum: 3.7]
      [Update RS (ms): Min: 5.8, Avg: 6.3, Max: 6.5, Diff: 0.6, Sum: 25.1]
         [Processed Buffers: Min: 9, Avg: 11.3, Max: 14, Diff: 5, Sum: 45]
      [Scan RS (ms): Min: 6.3, Avg: 6.6, Max: 6.7, Diff: 0.4, Sum: 26.4]
      [Code Root Scanning (ms): Min: 0.0, Avg: 0.2, Max: 0.4, Diff: 0.4, Sum: 0.7]
      [Object Copy (ms): Min: 4.6, Avg: 4.9, Max: 5.1, Diff: 0.4, Sum: 19.6]
      [Termination (ms): Min: 0.0, Avg: 0.0, Max: 0.0, Diff: 0.0, Sum: 0.0]
         [Termination Attempts: Min: 1, Avg: 5.8, Max: 8, Diff: 7, Sum: 23]
      [GC Worker Other (ms): Min: 0.0, Avg: 0.0, Max: 0.0, Diff: 0.0, Sum: 0.1]
      [GC Worker Total (ms): Min: 18.9, Avg: 18.9, Max: 18.9, Diff: 0.0, Sum: 75.7]
      [GC Worker End (ms): Min: 17831.0, Avg: 17831.0, Max: 17831.0, Diff: 0.0]
   [Code Root Fixup: 0.2 ms]
   [Code Root Purge: 0.0 ms]
   [Clear CT: 0.1 ms]
   [Other: 0.4 ms]
      [Choose CSet: 0.0 ms]
      [Ref Proc: 0.2 ms]
      [Ref Enq: 0.0 ms]
      [Redirty Cards: 0.1 ms]
      [Humongous Register: 0.0 ms]
      [Humongous Reclaim: 0.0 ms]
      [Free CSet: 0.1 ms]
   [Eden: 1024.0K(1024.0K)->0.0B(3072.0K) Survivors: 1024.0K->1024.0K Heap: 40.0M(50.0M)->40.0M(50.0M)]
 [Times: user=0.06 sys=0.00, real=0.02 secs] 
2021-04-15T21:12:24.804+0800: 17.871: [GC pause (G1 Evacuation Pause) (young), 0.0130317 secs]
   [Parallel Time: 12.6 ms, GC Workers: 4]
      [GC Worker Start (ms): Min: 17871.5, Avg: 17871.5, Max: 17871.5, Diff: 0.0]
      [Ext Root Scanning (ms): Min: 0.6, Avg: 0.7, Max: 1.0, Diff: 0.4, Sum: 2.9]
      [Update RS (ms): Min: 10.9, Avg: 11.0, Max: 11.2, Diff: 0.3, Sum: 44.0]
         [Processed Buffers: Min: 17, Avg: 18.8, Max: 21, Diff: 4, Sum: 75]
      [Scan RS (ms): Min: 0.0, Avg: 0.0, Max: 0.0, Diff: 0.0, Sum: 0.0]
      [Code Root Scanning (ms): Min: 0.0, Avg: 0.0, Max: 0.0, Diff: 0.0, Sum: 0.0]
      [Object Copy (ms): Min: 0.6, Avg: 0.8, Max: 1.0, Diff: 0.3, Sum: 3.1]
      [Termination (ms): Min: 0.0, Avg: 0.0, Max: 0.0, Diff: 0.0, Sum: 0.0]
         [Termination Attempts: Min: 1, Avg: 1.0, Max: 1, Diff: 0, Sum: 4]
      [GC Worker Other (ms): Min: 0.0, Avg: 0.0, Max: 0.0, Diff: 0.0, Sum: 0.1]
      [GC Worker Total (ms): Min: 12.5, Avg: 12.5, Max: 12.5, Diff: 0.0, Sum: 50.1]
      [GC Worker End (ms): Min: 17884.1, Avg: 17884.1, Max: 17884.1, Diff: 0.0]
   [Code Root Fixup: 0.0 ms]
   [Code Root Purge: 0.0 ms]
   [Clear CT: 0.1 ms]
   [Other: 0.4 ms]
      [Choose CSet: 0.0 ms]
      [Ref Proc: 0.2 ms]
      [Ref Enq: 0.0 ms]
      [Redirty Cards: 0.1 ms]
      [Humongous Register: 0.0 ms]
      [Humongous Reclaim: 0.0 ms]
      [Free CSet: 0.0 ms]
   [Eden: 3072.0K(3072.0K)->0.0B(3072.0K) Survivors: 1024.0K->1024.0K Heap: 43.0M(50.0M)->40.2M(50.0M)]
 [Times: user=0.06 sys=0.00, real=0.01 secs] 
2021-04-15T21:12:24.835+0800: 17.903: [GC pause (G1 Evacuation Pause) (young) (initial-mark), 0.0036591 secs]
   [Parallel Time: 3.3 ms, GC Workers: 4]
      [GC Worker Start (ms): Min: 17902.7, Avg: 17902.7, Max: 17902.7, Diff: 0.0]
      [Ext Root Scanning (ms): Min: 1.4, Avg: 1.5, Max: 1.6, Diff: 0.1, Sum: 6.0]
      [Update RS (ms): Min: 0.8, Avg: 0.8, Max: 0.9, Diff: 0.1, Sum: 3.4]
         [Processed Buffers: Min: 1, Avg: 2.5, Max: 4, Diff: 3, Sum: 10]
      [Scan RS (ms): Min: 0.0, Avg: 0.0, Max: 0.0, Diff: 0.0, Sum: 0.0]
      [Code Root Scanning (ms): Min: 0.0, Avg: 0.0, Max: 0.0, Diff: 0.0, Sum: 0.0]
      [Object Copy (ms): Min: 0.7, Avg: 0.8, Max: 0.9, Diff: 0.2, Sum: 3.2]
      [Termination (ms): Min: 0.0, Avg: 0.0, Max: 0.0, Diff: 0.0, Sum: 0.0]
         [Termination Attempts: Min: 1, Avg: 1.0, Max: 1, Diff: 0, Sum: 4]
      [GC Worker Other (ms): Min: 0.0, Avg: 0.0, Max: 0.0, Diff: 0.0, Sum: 0.0]
      [GC Worker Total (ms): Min: 3.1, Avg: 3.2, Max: 3.2, Diff: 0.0, Sum: 12.6]
      [GC Worker End (ms): Min: 17905.9, Avg: 17905.9, Max: 17905.9, Diff: 0.0]
   [Code Root Fixup: 0.0 ms]
   [Code Root Purge: 0.0 ms]
   [Clear CT: 0.0 ms]
   [Other: 0.3 ms]
      [Choose CSet: 0.0 ms]
      [Ref Proc: 0.1 ms]
      [Ref Enq: 0.0 ms]
      [Redirty Cards: 0.1 ms]
      [Humongous Register: 0.0 ms]
      [Humongous Reclaim: 0.0 ms]
      [Free CSet: 0.0 ms]
   [Eden: 3072.0K(3072.0K)->0.0B(3072.0K) Survivors: 1024.0K->1024.0K Heap: 43.2M(50.0M)->40.2M(50.0M)]
 [Times: user=0.00 sys=0.00, real=0.00 secs] 
2021-04-15T21:12:24.839+0800: 17.906: [GC concurrent-root-region-scan-start]
2021-04-15T21:12:24.842+0800: 17.910: [GC concurrent-root-region-scan-end, 0.0030839 secs]
2021-04-15T21:12:24.842+0800: 17.910: [GC concurrent-mark-start]
2021-04-15T21:12:24.869+0800: 17.936: [GC pause (G1 Evacuation Pause) (young), 0.0031415 secs]
   [Parallel Time: 2.8 ms, GC Workers: 4]
      [GC Worker Start (ms): Min: 17935.7, Avg: 17935.7, Max: 17935.7, Diff: 0.0]
      [Ext Root Scanning (ms): Min: 0.6, Avg: 0.8, Max: 1.0, Diff: 0.4, Sum: 3.1]
      [Update RS (ms): Min: 0.7, Avg: 1.0, Max: 1.6, Diff: 0.9, Sum: 4.1]
         [Processed Buffers: Min: 1, Avg: 2.8, Max: 4, Diff: 3, Sum: 11]
      [Scan RS (ms): Min: 0.0, Avg: 0.0, Max: 0.0, Diff: 0.0, Sum: 0.0]
      [Code Root Scanning (ms): Min: 0.0, Avg: 0.0, Max: 0.0, Diff: 0.0, Sum: 0.0]
      [Object Copy (ms): Min: 0.5, Avg: 0.9, Max: 1.1, Diff: 0.6, Sum: 3.6]
      [Termination (ms): Min: 0.0, Avg: 0.0, Max: 0.0, Diff: 0.0, Sum: 0.0]
         [Termination Attempts: Min: 1, Avg: 1.3, Max: 2, Diff: 1, Sum: 5]
      [GC Worker Other (ms): Min: 0.0, Avg: 0.0, Max: 0.0, Diff: 0.0, Sum: 0.0]
      [GC Worker Total (ms): Min: 2.7, Avg: 2.7, Max: 2.7, Diff: 0.0, Sum: 10.9]
      [GC Worker End (ms): Min: 17938.4, Avg: 17938.4, Max: 17938.4, Diff: 0.0]
   [Code Root Fixup: 0.0 ms]
   [Code Root Purge: 0.0 ms]
   [Clear CT: 0.1 ms]
   [Other: 0.3 ms]
      [Choose CSet: 0.0 ms]
      [Ref Proc: 0.1 ms]
      [Ref Enq: 0.0 ms]
      [Redirty Cards: 0.0 ms]
      [Humongous Register: 0.0 ms]
      [Humongous Reclaim: 0.0 ms]
      [Free CSet: 0.0 ms]
   [Eden: 3072.0K(3072.0K)->0.0B(3072.0K) Survivors: 1024.0K->1024.0K Heap: 43.2M(50.0M)->40.6M(50.0M)]
 [Times: user=0.00 sys=0.00, real=0.00 secs] 
2021-04-15T21:12:24.891+0800: 17.958: [GC pause (G1 Evacuation Pause) (young), 0.0035110 secs]
   [Parallel Time: 3.1 ms, GC Workers: 4]
      [GC Worker Start (ms): Min: 17958.1, Avg: 17958.1, Max: 17958.1, Diff: 0.0]
      [Ext Root Scanning (ms): Min: 0.8, Avg: 0.9, Max: 1.3, Diff: 0.5, Sum: 3.7]
      [Update RS (ms): Min: 1.1, Avg: 1.3, Max: 1.4, Diff: 0.3, Sum: 5.1]
         [Processed Buffers: Min: 2, Avg: 2.8, Max: 4, Diff: 2, Sum: 11]
      [Scan RS (ms): Min: 0.0, Avg: 0.0, Max: 0.0, Diff: 0.0, Sum: 0.0]
      [Code Root Scanning (ms): Min: 0.0, Avg: 0.0, Max: 0.0, Diff: 0.0, Sum: 0.0]
      [Object Copy (ms): Min: 0.6, Avg: 0.8, Max: 0.9, Diff: 0.2, Sum: 3.2]
      [Termination (ms): Min: 0.0, Avg: 0.0, Max: 0.0, Diff: 0.0, Sum: 0.0]
         [Termination Attempts: Min: 1, Avg: 1.0, Max: 1, Diff: 0, Sum: 4]
      [GC Worker Other (ms): Min: 0.0, Avg: 0.0, Max: 0.0, Diff: 0.0, Sum: 0.1]
      [GC Worker Total (ms): Min: 3.0, Avg: 3.0, Max: 3.0, Diff: 0.0, Sum: 12.1]
      [GC Worker End (ms): Min: 17961.1, Avg: 17961.1, Max: 17961.1, Diff: 0.0]
   [Code Root Fixup: 0.0 ms]
   [Code Root Purge: 0.0 ms]
   [Clear CT: 0.0 ms]
   [Other: 0.4 ms]
      [Choose CSet: 0.0 ms]
      [Ref Proc: 0.2 ms]
      [Ref Enq: 0.0 ms]
      [Redirty Cards: 0.0 ms]
      [Humongous Register: 0.0 ms]
      [Humongous Reclaim: 0.0 ms]
      [Free CSet: 0.0 ms]
   [Eden: 3072.0K(3072.0K)->0.0B(3072.0K) Survivors: 1024.0K->1024.0K Heap: 43.6M(50.0M)->40.4M(50.0M)]
 [Times: user=0.06 sys=0.00, real=0.00 secs] 
2021-04-15T21:12:24.910+0800: 17.977: [GC pause (G1 Evacuation Pause) (young), 0.0029137 secs]
   [Parallel Time: 2.6 ms, GC Workers: 4]
      [GC Worker Start (ms): Min: 17977.3, Avg: 17977.3, Max: 17977.4, Diff: 0.0]
      [Ext Root Scanning (ms): Min: 0.6, Avg: 0.7, Max: 1.0, Diff: 0.3, Sum: 2.9]
      [Update RS (ms): Min: 0.7, Avg: 1.0, Max: 1.3, Diff: 0.5, Sum: 4.0]
         [Processed Buffers: Min: 2, Avg: 2.8, Max: 4, Diff: 2, Sum: 11]
      [Scan RS (ms): Min: 0.0, Avg: 0.0, Max: 0.0, Diff: 0.0, Sum: 0.0]
      [Code Root Scanning (ms): Min: 0.0, Avg: 0.0, Max: 0.0, Diff: 0.0, Sum: 0.0]
      [Object Copy (ms): Min: 0.6, Avg: 0.8, Max: 0.9, Diff: 0.4, Sum: 3.0]
      [Termination (ms): Min: 0.0, Avg: 0.0, Max: 0.0, Diff: 0.0, Sum: 0.0]
         [Termination Attempts: Min: 1, Avg: 1.0, Max: 1, Diff: 0, Sum: 4]
      [GC Worker Other (ms): Min: 0.0, Avg: 0.0, Max: 0.0, Diff: 0.0, Sum: 0.0]
      [GC Worker Total (ms): Min: 2.5, Avg: 2.5, Max: 2.5, Diff: 0.0, Sum: 10.1]
      [GC Worker End (ms): Min: 17979.9, Avg: 17979.9, Max: 17979.9, Diff: 0.0]
   [Code Root Fixup: 0.0 ms]
   [Code Root Purge: 0.0 ms]
   [Clear CT: 0.1 ms]
   [Other: 0.3 ms]
      [Choose CSet: 0.0 ms]
      [Ref Proc: 0.1 ms]
      [Ref Enq: 0.0 ms]
      [Redirty Cards: 0.0 ms]
      [Humongous Register: 0.0 ms]
      [Humongous Reclaim: 0.0 ms]
      [Free CSet: 0.0 ms]
   [Eden: 3072.0K(3072.0K)->0.0B(3072.0K) Survivors: 1024.0K->1024.0K Heap: 43.4M(50.0M)->40.6M(50.0M)]
 [Times: user=0.00 sys=0.00, real=0.00 secs] 
2021-04-15T21:12:24.942+0800: 18.009: [GC pause (G1 Evacuation Pause) (young), 0.0041233 secs]
   [Parallel Time: 3.7 ms, GC Workers: 4]
      [GC Worker Start (ms): Min: 18008.8, Avg: 18008.8, Max: 18008.8, Diff: 0.0]
      [Ext Root Scanning (ms): Min: 1.2, Avg: 1.4, Max: 1.8, Diff: 0.6, Sum: 5.6]
      [Update RS (ms): Min: 1.0, Avg: 1.1, Max: 1.2, Diff: 0.2, Sum: 4.5]
         [Processed Buffers: Min: 2, Avg: 3.0, Max: 4, Diff: 2, Sum: 12]
      [Scan RS (ms): Min: 0.0, Avg: 0.0, Max: 0.0, Diff: 0.0, Sum: 0.0]
      [Code Root Scanning (ms): Min: 0.0, Avg: 0.0, Max: 0.0, Diff: 0.0, Sum: 0.0]
      [Object Copy (ms): Min: 0.8, Avg: 1.1, Max: 1.2, Diff: 0.4, Sum: 4.3]
      [Termination (ms): Min: 0.0, Avg: 0.0, Max: 0.0, Diff: 0.0, Sum: 0.0]
         [Termination Attempts: Min: 1, Avg: 1.0, Max: 1, Diff: 0, Sum: 4]
      [GC Worker Other (ms): Min: 0.0, Avg: 0.0, Max: 0.0, Diff: 0.0, Sum: 0.0]
      [GC Worker Total (ms): Min: 3.6, Avg: 3.6, Max: 3.6, Diff: 0.0, Sum: 14.5]
      [GC Worker End (ms): Min: 18012.4, Avg: 18012.4, Max: 18012.4, Diff: 0.0]
   [Code Root Fixup: 0.1 ms]
   [Code Root Purge: 0.0 ms]
   [Clear CT: 0.1 ms]
   [Other: 0.3 ms]
      [Choose CSet: 0.0 ms]
      [Ref Proc: 0.2 ms]
      [Ref Enq: 0.0 ms]
      [Redirty Cards: 0.1 ms]
      [Humongous Register: 0.0 ms]
      [Humongous Reclaim: 0.0 ms]
      [Free CSet: 0.0 ms]
   [Eden: 3072.0K(3072.0K)->0.0B(3072.0K) Survivors: 1024.0K->1024.0K Heap: 43.6M(50.0M)->40.9M(50.0M)]
 [Times: user=0.00 sys=0.00, real=0.00 secs] 
2021-04-15T21:12:24.963+0800: 18.030: [GC pause (G1 Evacuation Pause) (young), 0.0034901 secs]
   [Parallel Time: 3.1 ms, GC Workers: 4]
      [GC Worker Start (ms): Min: 18030.2, Avg: 18030.2, Max: 18030.2, Diff: 0.0]
      [Ext Root Scanning (ms): Min: 0.7, Avg: 0.8, Max: 1.2, Diff: 0.5, Sum: 3.3]
      [Update RS (ms): Min: 0.8, Avg: 1.1, Max: 1.4, Diff: 0.6, Sum: 4.4]
         [Processed Buffers: Min: 1, Avg: 3.3, Max: 7, Diff: 6, Sum: 13]
      [Scan RS (ms): Min: 0.0, Avg: 0.0, Max: 0.0, Diff: 0.0, Sum: 0.0]
      [Code Root Scanning (ms): Min: 0.0, Avg: 0.0, Max: 0.0, Diff: 0.0, Sum: 0.0]
      [Object Copy (ms): Min: 0.9, Avg: 1.1, Max: 1.2, Diff: 0.4, Sum: 4.3]
      [Termination (ms): Min: 0.0, Avg: 0.0, Max: 0.0, Diff: 0.0, Sum: 0.0]
         [Termination Attempts: Min: 1, Avg: 1.0, Max: 1, Diff: 0, Sum: 4]
      [GC Worker Other (ms): Min: 0.0, Avg: 0.0, Max: 0.0, Diff: 0.0, Sum: 0.0]
      [GC Worker Total (ms): Min: 3.0, Avg: 3.0, Max: 3.0, Diff: 0.0, Sum: 12.1]
      [GC Worker End (ms): Min: 18033.2, Avg: 18033.2, Max: 18033.2, Diff: 0.0]
   [Code Root Fixup: 0.0 ms]
   [Code Root Purge: 0.0 ms]
   [Clear CT: 0.1 ms]
   [Other: 0.3 ms]
      [Choose CSet: 0.0 ms]
      [Ref Proc: 0.2 ms]
      [Ref Enq: 0.0 ms]
      [Redirty Cards: 0.1 ms]
      [Humongous Register: 0.0 ms]
      [Humongous Reclaim: 0.0 ms]
      [Free CSet: 0.0 ms]
   [Eden: 3072.0K(3072.0K)->0.0B(2048.0K) Survivors: 1024.0K->1024.0K Heap: 43.9M(50.0M)->40.9M(50.0M)]
 [Times: user=0.00 sys=0.00, real=0.00 secs] 
2021-04-15T21:12:24.983+0800: 18.050: [GC pause (G1 Evacuation Pause) (young), 0.0033907 secs]
   [Parallel Time: 3.0 ms, GC Workers: 4]
      [GC Worker Start (ms): Min: 18049.9, Avg: 18050.0, Max: 18050.0, Diff: 0.0]
      [Ext Root Scanning (ms): Min: 0.6, Avg: 0.7, Max: 1.0, Diff: 0.3, Sum: 3.0]
      [Update RS (ms): Min: 1.5, Avg: 1.5, Max: 1.5, Diff: 0.1, Sum: 6.0]
         [Processed Buffers: Min: 2, Avg: 3.5, Max: 7, Diff: 5, Sum: 14]
      [Scan RS (ms): Min: 0.0, Avg: 0.0, Max: 0.0, Diff: 0.0, Sum: 0.0]
      [Code Root Scanning (ms): Min: 0.0, Avg: 0.0, Max: 0.0, Diff: 0.0, Sum: 0.0]
      [Object Copy (ms): Min: 0.6, Avg: 0.7, Max: 0.8, Diff: 0.3, Sum: 2.9]
      [Termination (ms): Min: 0.0, Avg: 0.0, Max: 0.0, Diff: 0.0, Sum: 0.0]
         [Termination Attempts: Min: 1, Avg: 1.0, Max: 1, Diff: 0, Sum: 4]
      [GC Worker Other (ms): Min: 0.0, Avg: 0.0, Max: 0.0, Diff: 0.0, Sum: 0.0]
      [GC Worker Total (ms): Min: 3.0, Avg: 3.0, Max: 3.0, Diff: 0.0, Sum: 11.9]
      [GC Worker End (ms): Min: 18052.9, Avg: 18052.9, Max: 18052.9, Diff: 0.0]
   [Code Root Fixup: 0.0 ms]
   [Code Root Purge: 0.0 ms]
   [Clear CT: 0.1 ms]
   [Other: 0.3 ms]
      [Choose CSet: 0.0 ms]
      [Ref Proc: 0.2 ms]
      [Ref Enq: 0.0 ms]
      [Redirty Cards: 0.0 ms]
      [Humongous Register: 0.0 ms]
      [Humongous Reclaim: 0.0 ms]
      [Free CSet: 0.0 ms]
   [Eden: 2048.0K(2048.0K)->0.0B(2048.0K) Survivors: 1024.0K->1024.0K Heap: 42.9M(50.0M)->41.3M(50.0M)]
 [Times: user=0.01 sys=0.00, real=0.00 secs] 
2021-04-15T21:12:24.987+0800: 18.054: [GC concurrent-mark-end, 0.1447479 secs]
2021-04-15T21:12:24.987+0800: 18.054: [GC remark 2021-04-15T21:12:24.987+0800: 18.055: [Finalize Marking, 0.0001707 secs] 2021-04-15T21:12:24.988+0800: 18.055: [GC ref-proc, 0.0007241 secs] 2021-04-15T21:12:24.988+0800: 18.055: [Unloading, 0.0095586 secs], 0.0107874 secs]
 [Times: user=0.00 sys=0.00, real=0.01 secs] 
2021-04-15T21:12:24.998+0800: 18.066: [GC cleanup 41M->41M(50M), 0.0004100 secs]
 [Times: user=0.00 sys=0.00, real=0.00 secs] 
2021-04-15T21:12:25.009+0800: 18.076: [GC pause (G1 Evacuation Pause) (young), 0.0026970 secs]
   [Parallel Time: 2.4 ms, GC Workers: 4]
      [GC Worker Start (ms): Min: 18076.2, Avg: 18076.3, Max: 18076.3, Diff: 0.0]
      [Ext Root Scanning (ms): Min: 0.6, Avg: 0.8, Max: 1.0, Diff: 0.4, Sum: 3.1]
      [Update RS (ms): Min: 0.5, Avg: 0.7, Max: 0.8, Diff: 0.3, Sum: 2.9]
         [Processed Buffers: Min: 1, Avg: 2.0, Max: 4, Diff: 3, Sum: 8]
      [Scan RS (ms): Min: 0.0, Avg: 0.0, Max: 0.0, Diff: 0.0, Sum: 0.0]
      [Code Root Scanning (ms): Min: 0.0, Avg: 0.0, Max: 0.0, Diff: 0.0, Sum: 0.0]
      [Object Copy (ms): Min: 0.7, Avg: 0.8, Max: 0.9, Diff: 0.2, Sum: 3.2]
      [Termination (ms): Min: 0.0, Avg: 0.0, Max: 0.0, Diff: 0.0, Sum: 0.0]
         [Termination Attempts: Min: 1, Avg: 1.0, Max: 1, Diff: 0, Sum: 4]
      [GC Worker Other (ms): Min: 0.0, Avg: 0.0, Max: 0.0, Diff: 0.0, Sum: 0.1]
      [GC Worker Total (ms): Min: 2.3, Avg: 2.3, Max: 2.3, Diff: 0.0, Sum: 9.3]
      [GC Worker End (ms): Min: 18078.6, Avg: 18078.6, Max: 18078.6, Diff: 0.0]
   [Code Root Fixup: 0.0 ms]
   [Code Root Purge: 0.0 ms]
   [Clear CT: 0.1 ms]
   [Other: 0.2 ms]
      [Choose CSet: 0.0 ms]
      [Ref Proc: 0.1 ms]
      [Ref Enq: 0.0 ms]
      [Redirty Cards: 0.1 ms]
      [Humongous Register: 0.0 ms]
      [Humongous Reclaim: 0.0 ms]
      [Free CSet: 0.0 ms]
   [Eden: 2048.0K(2048.0K)->0.0B(1024.0K) Survivors: 1024.0K->1024.0K Heap: 43.3M(50.0M)->41.3M(50.0M)]
 [Times: user=0.00 sys=0.00, real=0.00 secs] 
2021-04-15T21:12:25.017+0800: 18.084: [GC pause (G1 Evacuation Pause) (mixed), 0.0092407 secs]
   [Parallel Time: 8.8 ms, GC Workers: 4]
      [GC Worker Start (ms): Min: 18083.8, Avg: 18083.8, Max: 18083.8, Diff: 0.0]
      [Ext Root Scanning (ms): Min: 0.6, Avg: 0.9, Max: 1.4, Diff: 0.8, Sum: 3.4]
      [Update RS (ms): Min: 0.5, Avg: 0.8, Max: 1.0, Diff: 0.5, Sum: 3.0]
         [Processed Buffers: Min: 1, Avg: 2.5, Max: 5, Diff: 4, Sum: 10]
      [Scan RS (ms): Min: 2.5, Avg: 2.7, Max: 2.9, Diff: 0.3, Sum: 10.8]
      [Code Root Scanning (ms): Min: 0.0, Avg: 0.0, Max: 0.1, Diff: 0.1, Sum: 0.2]
      [Object Copy (ms): Min: 4.3, Avg: 4.4, Max: 4.4, Diff: 0.2, Sum: 17.5]
      [Termination (ms): Min: 0.0, Avg: 0.0, Max: 0.0, Diff: 0.0, Sum: 0.0]
         [Termination Attempts: Min: 1, Avg: 1.0, Max: 1, Diff: 0, Sum: 4]
      [GC Worker Other (ms): Min: 0.0, Avg: 0.0, Max: 0.0, Diff: 0.0, Sum: 0.0]
      [GC Worker Total (ms): Min: 8.7, Avg: 8.7, Max: 8.7, Diff: 0.0, Sum: 34.9]
      [GC Worker End (ms): Min: 18092.6, Avg: 18092.6, Max: 18092.6, Diff: 0.0]
   [Code Root Fixup: 0.1 ms]
   [Code Root Purge: 0.0 ms]
   [Clear CT: 0.1 ms]
   [Other: 0.3 ms]
      [Choose CSet: 0.0 ms]
      [Ref Proc: 0.1 ms]
      [Ref Enq: 0.0 ms]
      [Redirty Cards: 0.0 ms]
      [Humongous Register: 0.0 ms]
      [Humongous Reclaim: 0.0 ms]
      [Free CSet: 0.1 ms]
   [Eden: 1024.0K(1024.0K)->0.0B(1024.0K) Survivors: 1024.0K->1024.0K Heap: 42.3M(50.0M)->39.2M(50.0M)]
 [Times: user=0.06 sys=0.00, real=0.01 secs] 
2021-04-15T21:12:25.034+0800: 18.100: [GC pause (G1 Evacuation Pause) (mixed), 0.0188954 secs]
   [Parallel Time: 18.1 ms, GC Workers: 4]
      [GC Worker Start (ms): Min: 18100.3, Avg: 18100.3, Max: 18100.3, Diff: 0.0]
      [Ext Root Scanning (ms): Min: 0.6, Avg: 0.9, Max: 1.5, Diff: 0.8, Sum: 3.5]
      [Update RS (ms): Min: 7.0, Avg: 7.5, Max: 7.7, Diff: 0.7, Sum: 29.8]
         [Processed Buffers: Min: 11, Avg: 12.3, Max: 15, Diff: 4, Sum: 49]
      [Scan RS (ms): Min: 5.0, Avg: 5.4, Max: 5.6, Diff: 0.6, Sum: 21.7]
      [Code Root Scanning (ms): Min: 0.0, Avg: 0.3, Max: 0.5, Diff: 0.5, Sum: 1.0]
      [Object Copy (ms): Min: 3.5, Avg: 4.1, Max: 4.3, Diff: 0.8, Sum: 16.2]
      [Termination (ms): Min: 0.0, Avg: 0.0, Max: 0.0, Diff: 0.0, Sum: 0.0]
         [Termination Attempts: Min: 1, Avg: 5.0, Max: 8, Diff: 7, Sum: 20]
      [GC Worker Other (ms): Min: 0.0, Avg: 0.0, Max: 0.0, Diff: 0.0, Sum: 0.1]
      [GC Worker Total (ms): Min: 18.0, Avg: 18.1, Max: 18.1, Diff: 0.0, Sum: 72.3]
      [GC Worker End (ms): Min: 18118.3, Avg: 18118.3, Max: 18118.3, Diff: 0.0]
   [Code Root Fixup: 0.2 ms]
   [Code Root Purge: 0.0 ms]
   [Clear CT: 0.1 ms]
   [Other: 0.5 ms]
      [Choose CSet: 0.0 ms]
      [Ref Proc: 0.3 ms]
      [Ref Enq: 0.0 ms]
      [Redirty Cards: 0.1 ms]
      [Humongous Register: 0.0 ms]
      [Humongous Reclaim: 0.0 ms]
      [Free CSet: 0.1 ms]
   [Eden: 1024.0K(1024.0K)->0.0B(4096.0K) Survivors: 1024.0K->1024.0K Heap: 40.2M(50.0M)->39.1M(50.0M)]
 [Times: user=0.06 sys=0.00, real=0.02 secs] 
2021-04-15T21:12:25.074+0800: 18.141: [GC pause (G1 Evacuation Pause) (young), 0.0133704 secs]
   [Parallel Time: 13.0 ms, GC Workers: 4]
      [GC Worker Start (ms): Min: 18141.2, Avg: 18141.3, Max: 18141.3, Diff: 0.0]
      [Ext Root Scanning (ms): Min: 0.7, Avg: 0.8, Max: 1.0, Diff: 0.3, Sum: 3.2]
      [Update RS (ms): Min: 11.0, Avg: 11.2, Max: 11.6, Diff: 0.6, Sum: 44.9]
         [Processed Buffers: Min: 18, Avg: 18.3, Max: 19, Diff: 1, Sum: 73]
      [Scan RS (ms): Min: 0.0, Avg: 0.0, Max: 0.0, Diff: 0.0, Sum: 0.0]
      [Code Root Scanning (ms): Min: 0.0, Avg: 0.0, Max: 0.0, Diff: 0.0, Sum: 0.0]
      [Object Copy (ms): Min: 0.6, Avg: 0.9, Max: 1.1, Diff: 0.5, Sum: 3.6]
      [Termination (ms): Min: 0.0, Avg: 0.0, Max: 0.0, Diff: 0.0, Sum: 0.0]
         [Termination Attempts: Min: 1, Avg: 1.5, Max: 2, Diff: 1, Sum: 6]
      [GC Worker Other (ms): Min: 0.0, Avg: 0.0, Max: 0.0, Diff: 0.0, Sum: 0.0]
      [GC Worker Total (ms): Min: 12.9, Avg: 13.0, Max: 13.0, Diff: 0.0, Sum: 51.8]
      [GC Worker End (ms): Min: 18154.2, Avg: 18154.2, Max: 18154.2, Diff: 0.0]
   [Code Root Fixup: 0.0 ms]
   [Code Root Purge: 0.0 ms]
   [Clear CT: 0.1 ms]
   [Other: 0.3 ms]
      [Choose CSet: 0.0 ms]
      [Ref Proc: 0.1 ms]
      [Ref Enq: 0.0 ms]
      [Redirty Cards: 0.1 ms]
      [Humongous Register: 0.0 ms]
      [Humongous Reclaim: 0.0 ms]
      [Free CSet: 0.0 ms]
   [Eden: 4096.0K(4096.0K)->0.0B(4096.0K) Survivors: 1024.0K->1024.0K Heap: 43.1M(50.0M)->39.5M(50.0M)]
 [Times: user=0.06 sys=0.00, real=0.01 secs] 
2021-04-15T21:12:25.115+0800: 18.182: [GC pause (G1 Evacuation Pause) (young) (initial-mark), 0.0040597 secs]
   [Parallel Time: 3.7 ms, GC Workers: 4]
      [GC Worker Start (ms): Min: 18182.5, Avg: 18182.5, Max: 18182.5, Diff: 0.0]
      [Ext Root Scanning (ms): Min: 1.4, Avg: 1.5, Max: 1.5, Diff: 0.1, Sum: 5.9]
      [Update RS (ms): Min: 0.6, Avg: 0.9, Max: 1.4, Diff: 0.8, Sum: 3.5]
         [Processed Buffers: Min: 1, Avg: 2.0, Max: 4, Diff: 3, Sum: 8]
      [Scan RS (ms): Min: 0.0, Avg: 0.0, Max: 0.0, Diff: 0.0, Sum: 0.0]
      [Code Root Scanning (ms): Min: 0.0, Avg: 0.0, Max: 0.0, Diff: 0.0, Sum: 0.0]
      [Object Copy (ms): Min: 0.7, Avg: 1.2, Max: 1.5, Diff: 0.8, Sum: 4.8]
      [Termination (ms): Min: 0.0, Avg: 0.0, Max: 0.0, Diff: 0.0, Sum: 0.0]
         [Termination Attempts: Min: 1, Avg: 1.0, Max: 1, Diff: 0, Sum: 4]
      [GC Worker Other (ms): Min: 0.0, Avg: 0.0, Max: 0.0, Diff: 0.0, Sum: 0.0]
      [GC Worker Total (ms): Min: 3.6, Avg: 3.6, Max: 3.6, Diff: 0.0, Sum: 14.3]
      [GC Worker End (ms): Min: 18186.1, Avg: 18186.1, Max: 18186.1, Diff: 0.0]
   [Code Root Fixup: 0.0 ms]
   [Code Root Purge: 0.0 ms]
   [Clear CT: 0.0 ms]
   [Other: 0.3 ms]
      [Choose CSet: 0.0 ms]
      [Ref Proc: 0.2 ms]
      [Ref Enq: 0.0 ms]
      [Redirty Cards: 0.0 ms]
      [Humongous Register: 0.0 ms]
      [Humongous Reclaim: 0.0 ms]
      [Free CSet: 0.0 ms]
   [Eden: 4096.0K(4096.0K)->0.0B(3072.0K) Survivors: 1024.0K->1024.0K Heap: 43.5M(50.0M)->40.3M(50.0M)]
 [Times: user=0.00 sys=0.00, real=0.00 secs] 
2021-04-15T21:12:25.120+0800: 18.187: [GC concurrent-root-region-scan-start]
2021-04-15T21:12:25.123+0800: 18.190: [GC concurrent-root-region-scan-end, 0.0035277 secs]
2021-04-15T21:12:25.123+0800: 18.190: [GC concurrent-mark-start]
2021-04-15T21:12:25.132+0800: 18.199: [GC pause (G1 Evacuation Pause) (young), 0.0033276 secs]
   [Parallel Time: 3.0 ms, GC Workers: 4]
      [GC Worker Start (ms): Min: 18199.3, Avg: 18199.3, Max: 18199.3, Diff: 0.0]
      [Ext Root Scanning (ms): Min: 0.6, Avg: 0.8, Max: 1.0, Diff: 0.4, Sum: 3.0]
      [Update RS (ms): Min: 1.0, Avg: 1.1, Max: 1.3, Diff: 0.3, Sum: 4.5]
         [Processed Buffers: Min: 2, Avg: 3.3, Max: 5, Diff: 3, Sum: 13]
      [Scan RS (ms): Min: 0.0, Avg: 0.0, Max: 0.0, Diff: 0.0, Sum: 0.0]
      [Code Root Scanning (ms): Min: 0.0, Avg: 0.0, Max: 0.0, Diff: 0.0, Sum: 0.0]
      [Object Copy (ms): Min: 1.0, Avg: 1.1, Max: 1.2, Diff: 0.2, Sum: 4.3]
      [Termination (ms): Min: 0.0, Avg: 0.0, Max: 0.0, Diff: 0.0, Sum: 0.0]
         [Termination Attempts: Min: 1, Avg: 1.0, Max: 1, Diff: 0, Sum: 4]
      [GC Worker Other (ms): Min: 0.0, Avg: 0.0, Max: 0.0, Diff: 0.0, Sum: 0.0]
      [GC Worker Total (ms): Min: 3.0, Avg: 3.0, Max: 3.0, Diff: 0.0, Sum: 12.0]
      [GC Worker End (ms): Min: 18202.3, Avg: 18202.3, Max: 18202.3, Diff: 0.0]
   [Code Root Fixup: 0.0 ms]
   [Code Root Purge: 0.0 ms]
   [Clear CT: 0.1 ms]
   [Other: 0.2 ms]
      [Choose CSet: 0.0 ms]
      [Ref Proc: 0.1 ms]
      [Ref Enq: 0.0 ms]
      [Redirty Cards: 0.0 ms]
      [Humongous Register: 0.0 ms]
      [Humongous Reclaim: 0.0 ms]
      [Free CSet: 0.0 ms]
   [Eden: 3072.0K(3072.0K)->0.0B(3072.0K) Survivors: 1024.0K->1024.0K Heap: 43.3M(50.0M)->40.5M(50.0M)]
 [Times: user=0.00 sys=0.00, real=0.00 secs] 
2021-04-15T21:12:25.153+0800: 18.221: [GC pause (G1 Evacuation Pause) (young), 0.0034662 secs]
   [Parallel Time: 3.0 ms, GC Workers: 4]
      [GC Worker Start (ms): Min: 18220.5, Avg: 18220.6, Max: 18220.6, Diff: 0.0]
      [Ext Root Scanning (ms): Min: 0.6, Avg: 0.7, Max: 1.0, Diff: 0.3, Sum: 2.9]
      [Update RS (ms): Min: 0.9, Avg: 1.0, Max: 1.2, Diff: 0.3, Sum: 3.9]
         [Processed Buffers: Min: 2, Avg: 2.5, Max: 3, Diff: 1, Sum: 10]
      [Scan RS (ms): Min: 0.0, Avg: 0.0, Max: 0.0, Diff: 0.0, Sum: 0.0]
      [Code Root Scanning (ms): Min: 0.0, Avg: 0.0, Max: 0.0, Diff: 0.0, Sum: 0.0]
      [Object Copy (ms): Min: 1.1, Avg: 1.2, Max: 1.4, Diff: 0.3, Sum: 4.9]
      [Termination (ms): Min: 0.0, Avg: 0.0, Max: 0.0, Diff: 0.0, Sum: 0.1]
         [Termination Attempts: Min: 1, Avg: 1.3, Max: 2, Diff: 1, Sum: 5]
      [GC Worker Other (ms): Min: 0.0, Avg: 0.0, Max: 0.0, Diff: 0.0, Sum: 0.1]
      [GC Worker Total (ms): Min: 3.0, Avg: 3.0, Max: 3.0, Diff: 0.0, Sum: 11.9]
      [GC Worker End (ms): Min: 18223.5, Avg: 18223.5, Max: 18223.5, Diff: 0.0]
   [Code Root Fixup: 0.0 ms]
   [Code Root Purge: 0.0 ms]
   [Clear CT: 0.1 ms]
   [Other: 0.3 ms]
      [Choose CSet: 0.0 ms]
      [Ref Proc: 0.2 ms]
      [Ref Enq: 0.0 ms]
      [Redirty Cards: 0.1 ms]
      [Humongous Register: 0.0 ms]
      [Humongous Reclaim: 0.0 ms]
      [Free CSet: 0.0 ms]
   [Eden: 3072.0K(3072.0K)->0.0B(3072.0K) Survivors: 1024.0K->1024.0K Heap: 43.5M(50.0M)->40.7M(50.0M)]
 [Times: user=0.00 sys=0.00, real=0.00 secs] 
2021-04-15T21:12:25.168+0800: 18.235: [GC pause (G1 Evacuation Pause) (young), 0.0028514 secs]
   [Parallel Time: 2.5 ms, GC Workers: 4]
      [GC Worker Start (ms): Min: 18235.5, Avg: 18235.5, Max: 18235.5, Diff: 0.0]
      [Ext Root Scanning (ms): Min: 0.7, Avg: 0.8, Max: 1.0, Diff: 0.3, Sum: 3.1]
      [Update RS (ms): Min: 0.8, Avg: 1.0, Max: 1.2, Diff: 0.5, Sum: 4.0]
         [Processed Buffers: Min: 2, Avg: 2.8, Max: 5, Diff: 3, Sum: 11]
      [Scan RS (ms): Min: 0.0, Avg: 0.0, Max: 0.0, Diff: 0.0, Sum: 0.0]
      [Code Root Scanning (ms): Min: 0.0, Avg: 0.0, Max: 0.0, Diff: 0.0, Sum: 0.0]
      [Object Copy (ms): Min: 0.5, Avg: 0.7, Max: 0.9, Diff: 0.4, Sum: 2.7]
      [Termination (ms): Min: 0.0, Avg: 0.0, Max: 0.0, Diff: 0.0, Sum: 0.0]
         [Termination Attempts: Min: 1, Avg: 1.3, Max: 2, Diff: 1, Sum: 5]
      [GC Worker Other (ms): Min: 0.0, Avg: 0.0, Max: 0.0, Diff: 0.0, Sum: 0.0]
      [GC Worker Total (ms): Min: 2.4, Avg: 2.5, Max: 2.5, Diff: 0.0, Sum: 9.8]
      [GC Worker End (ms): Min: 18238.0, Avg: 18238.0, Max: 18238.0, Diff: 0.0]
   [Code Root Fixup: 0.0 ms]
   [Code Root Purge: 0.0 ms]
   [Clear CT: 0.1 ms]
   [Other: 0.3 ms]
      [Choose CSet: 0.0 ms]
      [Ref Proc: 0.2 ms]
      [Ref Enq: 0.0 ms]
      [Redirty Cards: 0.0 ms]
      [Humongous Register: 0.0 ms]
      [Humongous Reclaim: 0.0 ms]
      [Free CSet: 0.0 ms]
   [Eden: 3072.0K(3072.0K)->0.0B(3072.0K) Survivors: 1024.0K->1024.0K Heap: 43.7M(50.0M)->40.5M(50.0M)]
 [Times: user=0.00 sys=0.00, real=0.00 secs] 
2021-04-15T21:12:25.201+0800: 18.269: [GC pause (G1 Evacuation Pause) (young), 0.0026441 secs]
   [Parallel Time: 2.3 ms, GC Workers: 4]
      [GC Worker Start (ms): Min: 18268.6, Avg: 18268.7, Max: 18268.7, Diff: 0.0]
      [Ext Root Scanning (ms): Min: 0.6, Avg: 0.7, Max: 1.0, Diff: 0.3, Sum: 3.0]
      [Update RS (ms): Min: 0.3, Avg: 0.7, Max: 1.2, Diff: 0.8, Sum: 2.9]
         [Processed Buffers: Min: 1, Avg: 2.3, Max: 3, Diff: 2, Sum: 9]
      [Scan RS (ms): Min: 0.0, Avg: 0.0, Max: 0.0, Diff: 0.0, Sum: 0.0]
      [Code Root Scanning (ms): Min: 0.0, Avg: 0.0, Max: 0.0, Diff: 0.0, Sum: 0.0]
      [Object Copy (ms): Min: 0.4, Avg: 0.8, Max: 1.0, Diff: 0.6, Sum: 3.0]
      [Termination (ms): Min: 0.0, Avg: 0.0, Max: 0.0, Diff: 0.0, Sum: 0.0]
         [Termination Attempts: Min: 1, Avg: 1.0, Max: 1, Diff: 0, Sum: 4]
      [GC Worker Other (ms): Min: 0.0, Avg: 0.0, Max: 0.0, Diff: 0.0, Sum: 0.1]
      [GC Worker Total (ms): Min: 2.2, Avg: 2.2, Max: 2.3, Diff: 0.0, Sum: 9.0]
      [GC Worker End (ms): Min: 18270.9, Avg: 18270.9, Max: 18270.9, Diff: 0.0]
   [Code Root Fixup: 0.0 ms]
   [Code Root Purge: 0.0 ms]
   [Clear CT: 0.1 ms]
   [Other: 0.3 ms]
      [Choose CSet: 0.0 ms]
      [Ref Proc: 0.2 ms]
      [Ref Enq: 0.0 ms]
      [Redirty Cards: 0.1 ms]
      [Humongous Register: 0.0 ms]
      [Humongous Reclaim: 0.0 ms]
      [Free CSet: 0.0 ms]
   [Eden: 3072.0K(3072.0K)->0.0B(3072.0K) Survivors: 1024.0K->1024.0K Heap: 43.5M(50.0M)->40.7M(50.0M)]
 [Times: user=0.00 sys=0.00, real=0.00 secs] 
2021-04-15T21:12:25.228+0800: 18.295: [GC pause (G1 Evacuation Pause) (young), 0.0031313 secs]
   [Parallel Time: 2.8 ms, GC Workers: 4]
      [GC Worker Start (ms): Min: 18294.7, Avg: 18294.7, Max: 18294.8, Diff: 0.1]
      [Ext Root Scanning (ms): Min: 0.6, Avg: 0.8, Max: 1.0, Diff: 0.4, Sum: 3.0]
      [Update RS (ms): Min: 0.6, Avg: 0.9, Max: 1.4, Diff: 0.8, Sum: 3.6]
         [Processed Buffers: Min: 1, Avg: 5.8, Max: 18, Diff: 17, Sum: 23]
      [Scan RS (ms): Min: 0.0, Avg: 0.0, Max: 0.0, Diff: 0.0, Sum: 0.0]
      [Code Root Scanning (ms): Min: 0.0, Avg: 0.0, Max: 0.0, Diff: 0.0, Sum: 0.0]
      [Object Copy (ms): Min: 0.7, Avg: 1.0, Max: 1.3, Diff: 0.6, Sum: 4.2]
      [Termination (ms): Min: 0.0, Avg: 0.0, Max: 0.0, Diff: 0.0, Sum: 0.0]
         [Termination Attempts: Min: 1, Avg: 1.0, Max: 1, Diff: 0, Sum: 4]
      [GC Worker Other (ms): Min: 0.0, Avg: 0.0, Max: 0.0, Diff: 0.0, Sum: 0.0]
      [GC Worker Total (ms): Min: 2.7, Avg: 2.7, Max: 2.7, Diff: 0.1, Sum: 10.9]
      [GC Worker End (ms): Min: 18297.4, Avg: 18297.4, Max: 18297.5, Diff: 0.0]
   [Code Root Fixup: 0.0 ms]
   [Code Root Purge: 0.0 ms]
   [Clear CT: 0.0 ms]
   [Other: 0.3 ms]
      [Choose CSet: 0.0 ms]
      [Ref Proc: 0.2 ms]
      [Ref Enq: 0.0 ms]
      [Redirty Cards: 0.1 ms]
      [Humongous Register: 0.0 ms]
      [Humongous Reclaim: 0.0 ms]
      [Free CSet: 0.0 ms]
   [Eden: 3072.0K(3072.0K)->0.0B(2048.0K) Survivors: 1024.0K->1024.0K Heap: 43.7M(50.0M)->41.0M(50.0M)]
 [Times: user=0.00 sys=0.00, real=0.00 secs] 
2021-04-15T21:12:25.253+0800: 18.320: [GC pause (G1 Evacuation Pause) (young), 0.0032060 secs]
   [Parallel Time: 2.8 ms, GC Workers: 4]
      [GC Worker Start (ms): Min: 18319.6, Avg: 18319.6, Max: 18319.6, Diff: 0.0]
      [Ext Root Scanning (ms): Min: 0.6, Avg: 0.7, Max: 1.0, Diff: 0.3, Sum: 3.0]
      [Update RS (ms): Min: 1.0, Avg: 1.2, Max: 1.5, Diff: 0.6, Sum: 5.0]
         [Processed Buffers: Min: 2, Avg: 6.0, Max: 17, Diff: 15, Sum: 24]
      [Scan RS (ms): Min: 0.0, Avg: 0.0, Max: 0.0, Diff: 0.0, Sum: 0.0]
      [Code Root Scanning (ms): Min: 0.0, Avg: 0.0, Max: 0.0, Diff: 0.0, Sum: 0.0]
      [Object Copy (ms): Min: 0.5, Avg: 0.7, Max: 0.8, Diff: 0.3, Sum: 2.9]
      [Termination (ms): Min: 0.0, Avg: 0.0, Max: 0.0, Diff: 0.0, Sum: 0.0]
         [Termination Attempts: Min: 1, Avg: 1.0, Max: 1, Diff: 0, Sum: 4]
      [GC Worker Other (ms): Min: 0.0, Avg: 0.0, Max: 0.0, Diff: 0.0, Sum: 0.1]
      [GC Worker Total (ms): Min: 2.7, Avg: 2.8, Max: 2.8, Diff: 0.0, Sum: 11.0]
      [GC Worker End (ms): Min: 18322.4, Avg: 18322.4, Max: 18322.4, Diff: 0.0]
   [Code Root Fixup: 0.0 ms]
   [Code Root Purge: 0.0 ms]
   [Clear CT: 0.1 ms]
   [Other: 0.3 ms]
      [Choose CSet: 0.0 ms]
      [Ref Proc: 0.2 ms]
      [Ref Enq: 0.0 ms]
      [Redirty Cards: 0.0 ms]
      [Humongous Register: 0.0 ms]
      [Humongous Reclaim: 0.0 ms]
      [Free CSet: 0.0 ms]
   [Eden: 2048.0K(2048.0K)->0.0B(2048.0K) Survivors: 1024.0K->1024.0K Heap: 43.0M(50.0M)->41.0M(50.0M)]
 [Times: user=0.00 sys=0.00, real=0.00 secs] 
2021-04-15T21:12:25.273+0800: 18.340: [GC concurrent-mark-end, 0.1496149 secs]
2021-04-15T21:12:25.273+0800: 18.340: [GC remark 2021-04-15T21:12:25.273+0800: 18.340: [Finalize Marking, 0.0002351 secs] 2021-04-15T21:12:25.273+0800: 18.340: [GC ref-proc, 0.0012476 secs] 2021-04-15T21:12:25.275+0800: 18.342: [Unloading, 0.0091307 secs], 0.0110042 secs]
 [Times: user=0.06 sys=0.00, real=0.01 secs] 
2021-04-15T21:12:25.284+0800: 18.351: [GC cleanup 42M->42M(50M), 0.0003580 secs]
 [Times: user=0.00 sys=0.00, real=0.00 secs] 
2021-04-15T21:12:25.288+0800: 18.355: [GC pause (G1 Evacuation Pause) (young), 0.0031923 secs]
   [Parallel Time: 2.8 ms, GC Workers: 4]
      [GC Worker Start (ms): Min: 18355.2, Avg: 18355.2, Max: 18355.2, Diff: 0.0]
      [Ext Root Scanning (ms): Min: 0.7, Avg: 0.8, Max: 1.0, Diff: 0.4, Sum: 3.2]
      [Update RS (ms): Min: 0.8, Avg: 1.2, Max: 1.7, Diff: 0.8, Sum: 4.6]
         [Processed Buffers: Min: 1, Avg: 3.5, Max: 7, Diff: 6, Sum: 14]
      [Scan RS (ms): Min: 0.0, Avg: 0.0, Max: 0.0, Diff: 0.0, Sum: 0.0]
      [Code Root Scanning (ms): Min: 0.0, Avg: 0.0, Max: 0.0, Diff: 0.0, Sum: 0.0]
      [Object Copy (ms): Min: 0.4, Avg: 0.8, Max: 1.0, Diff: 0.6, Sum: 3.3]
      [Termination (ms): Min: 0.0, Avg: 0.0, Max: 0.0, Diff: 0.0, Sum: 0.0]
         [Termination Attempts: Min: 1, Avg: 1.0, Max: 1, Diff: 0, Sum: 4]
      [GC Worker Other (ms): Min: 0.0, Avg: 0.0, Max: 0.0, Diff: 0.0, Sum: 0.0]
      [GC Worker Total (ms): Min: 2.8, Avg: 2.8, Max: 2.8, Diff: 0.0, Sum: 11.1]
      [GC Worker End (ms): Min: 18358.0, Avg: 18358.0, Max: 18358.0, Diff: 0.0]
   [Code Root Fixup: 0.0 ms]
   [Code Root Purge: 0.0 ms]
   [Clear CT: 0.1 ms]
   [Other: 0.3 ms]
      [Choose CSet: 0.0 ms]
      [Ref Proc: 0.1 ms]
      [Ref Enq: 0.0 ms]
      [Redirty Cards: 0.1 ms]
      [Humongous Register: 0.0 ms]
      [Humongous Reclaim: 0.0 ms]
      [Free CSet: 0.0 ms]
   [Eden: 2048.0K(2048.0K)->0.0B(1024.0K) Survivors: 1024.0K->1024.0K Heap: 43.0M(50.0M)->41.2M(50.0M)]
 [Times: user=0.00 sys=0.00, real=0.00 secs] 
2021-04-15T21:12:25.299+0800: 18.366: [GC pause (G1 Evacuation Pause) (mixed), 0.0123844 secs]
   [Parallel Time: 11.7 ms, GC Workers: 4]
      [GC Worker Start (ms): Min: 18366.4, Avg: 18366.4, Max: 18366.4, Diff: 0.0]
      [Ext Root Scanning (ms): Min: 0.6, Avg: 0.9, Max: 1.5, Diff: 0.9, Sum: 3.4]
      [Update RS (ms): Min: 0.4, Avg: 0.9, Max: 1.3, Diff: 0.9, Sum: 3.7]
         [Processed Buffers: Min: 2, Avg: 2.8, Max: 4, Diff: 2, Sum: 11]
      [Scan RS (ms): Min: 4.5, Avg: 4.7, Max: 4.8, Diff: 0.3, Sum: 18.6]
      [Code Root Scanning (ms): Min: 0.0, Avg: 0.1, Max: 0.2, Diff: 0.2, Sum: 0.5]
      [Object Copy (ms): Min: 5.0, Avg: 5.1, Max: 5.2, Diff: 0.3, Sum: 20.3]
      [Termination (ms): Min: 0.0, Avg: 0.0, Max: 0.0, Diff: 0.0, Sum: 0.0]
         [Termination Attempts: Min: 1, Avg: 4.3, Max: 10, Diff: 9, Sum: 17]
      [GC Worker Other (ms): Min: 0.0, Avg: 0.0, Max: 0.0, Diff: 0.0, Sum: 0.1]
      [GC Worker Total (ms): Min: 11.6, Avg: 11.7, Max: 11.7, Diff: 0.0, Sum: 46.6]
      [GC Worker End (ms): Min: 18378.1, Avg: 18378.1, Max: 18378.1, Diff: 0.0]
   [Code Root Fixup: 0.1 ms]
   [Code Root Purge: 0.0 ms]
   [Clear CT: 0.1 ms]
   [Other: 0.5 ms]
      [Choose CSet: 0.0 ms]
      [Ref Proc: 0.3 ms]
      [Ref Enq: 0.0 ms]
      [Redirty Cards: 0.1 ms]
      [Humongous Register: 0.0 ms]
      [Humongous Reclaim: 0.0 ms]
      [Free CSet: 0.1 ms]
   [Eden: 1024.0K(1024.0K)->0.0B(4096.0K) Survivors: 1024.0K->1024.0K Heap: 42.2M(50.0M)->39.2M(50.0M)]
 [Times: user=0.00 sys=0.00, real=0.01 secs] 
2021-04-15T21:12:25.361+0800: 18.428: [GC pause (G1 Evacuation Pause) (young), 0.0121015 secs]
   [Parallel Time: 11.7 ms, GC Workers: 4]
      [GC Worker Start (ms): Min: 18427.6, Avg: 18427.6, Max: 18427.7, Diff: 0.0]
      [Ext Root Scanning (ms): Min: 0.8, Avg: 0.9, Max: 1.2, Diff: 0.4, Sum: 3.8]
      [Update RS (ms): Min: 9.4, Avg: 9.9, Max: 10.1, Diff: 0.7, Sum: 39.4]
         [Processed Buffers: Min: 15, Avg: 16.5, Max: 18, Diff: 3, Sum: 66]
      [Scan RS (ms): Min: 0.0, Avg: 0.0, Max: 0.0, Diff: 0.0, Sum: 0.0]
      [Code Root Scanning (ms): Min: 0.0, Avg: 0.0, Max: 0.0, Diff: 0.0, Sum: 0.0]
      [Object Copy (ms): Min: 0.7, Avg: 0.9, Max: 1.0, Diff: 0.3, Sum: 3.4]
      [Termination (ms): Min: 0.0, Avg: 0.0, Max: 0.0, Diff: 0.0, Sum: 0.0]
         [Termination Attempts: Min: 1, Avg: 1.0, Max: 1, Diff: 0, Sum: 4]
      [GC Worker Other (ms): Min: 0.0, Avg: 0.0, Max: 0.0, Diff: 0.0, Sum: 0.0]
      [GC Worker Total (ms): Min: 11.7, Avg: 11.7, Max: 11.7, Diff: 0.0, Sum: 46.7]
      [GC Worker End (ms): Min: 18439.3, Avg: 18439.3, Max: 18439.3, Diff: 0.0]
   [Code Root Fixup: 0.0 ms]
   [Code Root Purge: 0.0 ms]
   [Clear CT: 0.0 ms]
   [Other: 0.3 ms]
      [Choose CSet: 0.0 ms]
      [Ref Proc: 0.2 ms]
      [Ref Enq: 0.0 ms]
      [Redirty Cards: 0.0 ms]
      [Humongous Register: 0.0 ms]
      [Humongous Reclaim: 0.0 ms]
      [Free CSet: 0.0 ms]
   [Eden: 4096.0K(4096.0K)->0.0B(3072.0K) Survivors: 1024.0K->1024.0K Heap: 43.2M(50.0M)->40.5M(50.0M)]
 [Times: user=0.05 sys=0.00, real=0.01 secs] 
2021-04-15T21:12:25.393+0800: 18.460: [GC pause (G1 Evacuation Pause) (young) (initial-mark), 0.0038571 secs]
   [Parallel Time: 3.5 ms, GC Workers: 4]
      [GC Worker Start (ms): Min: 18460.4, Avg: 18460.5, Max: 18460.5, Diff: 0.0]
      [Ext Root Scanning (ms): Min: 1.3, Avg: 1.4, Max: 1.5, Diff: 0.2, Sum: 5.6]
      [Update RS (ms): Min: 1.0, Avg: 1.1, Max: 1.2, Diff: 0.2, Sum: 4.5]
         [Processed Buffers: Min: 2, Avg: 3.8, Max: 7, Diff: 5, Sum: 15]
      [Scan RS (ms): Min: 0.0, Avg: 0.0, Max: 0.0, Diff: 0.0, Sum: 0.0]
      [Code Root Scanning (ms): Min: 0.0, Avg: 0.0, Max: 0.0, Diff: 0.0, Sum: 0.0]
      [Object Copy (ms): Min: 0.7, Avg: 0.9, Max: 1.0, Diff: 0.3, Sum: 3.5]
      [Termination (ms): Min: 0.0, Avg: 0.0, Max: 0.0, Diff: 0.0, Sum: 0.0]
         [Termination Attempts: Min: 1, Avg: 1.0, Max: 1, Diff: 0, Sum: 4]
      [GC Worker Other (ms): Min: 0.0, Avg: 0.0, Max: 0.0, Diff: 0.0, Sum: 0.0]
      [GC Worker Total (ms): Min: 3.4, Avg: 3.4, Max: 3.4, Diff: 0.0, Sum: 13.7]
      [GC Worker End (ms): Min: 18463.9, Avg: 18463.9, Max: 18463.9, Diff: 0.0]
   [Code Root Fixup: 0.0 ms]
   [Code Root Purge: 0.0 ms]
   [Clear CT: 0.1 ms]
   [Other: 0.2 ms]
      [Choose CSet: 0.0 ms]
      [Ref Proc: 0.1 ms]
      [Ref Enq: 0.0 ms]
      [Redirty Cards: 0.0 ms]
      [Humongous Register: 0.0 ms]
      [Humongous Reclaim: 0.0 ms]
      [Free CSet: 0.0 ms]
   [Eden: 3072.0K(3072.0K)->0.0B(2048.0K) Survivors: 1024.0K->1024.0K Heap: 43.5M(50.0M)->40.9M(50.0M)]
 [Times: user=0.00 sys=0.00, real=0.00 secs] 
2021-04-15T21:12:25.397+0800: 18.464: [GC concurrent-root-region-scan-start]
2021-04-15T21:12:25.399+0800: 18.466: [GC concurrent-root-region-scan-end, 0.0019558 secs]
2021-04-15T21:12:25.399+0800: 18.466: [GC concurrent-mark-start]
2021-04-15T21:12:25.415+0800: 18.482: [GC pause (G1 Evacuation Pause) (young), 0.0032171 secs]
   [Parallel Time: 2.9 ms, GC Workers: 4]
      [GC Worker Start (ms): Min: 18481.9, Avg: 18481.9, Max: 18481.9, Diff: 0.0]
      [Ext Root Scanning (ms): Min: 0.6, Avg: 0.8, Max: 1.0, Diff: 0.4, Sum: 3.0]
      [Update RS (ms): Min: 1.2, Avg: 1.5, Max: 1.6, Diff: 0.4, Sum: 5.9]
         [Processed Buffers: Min: 2, Avg: 3.5, Max: 6, Diff: 4, Sum: 14]
      [Scan RS (ms): Min: 0.0, Avg: 0.0, Max: 0.0, Diff: 0.0, Sum: 0.0]
      [Code Root Scanning (ms): Min: 0.0, Avg: 0.0, Max: 0.0, Diff: 0.0, Sum: 0.0]
      [Object Copy (ms): Min: 0.5, Avg: 0.6, Max: 0.7, Diff: 0.1, Sum: 2.4]
      [Termination (ms): Min: 0.0, Avg: 0.0, Max: 0.0, Diff: 0.0, Sum: 0.0]
         [Termination Attempts: Min: 1, Avg: 1.0, Max: 1, Diff: 0, Sum: 4]
      [GC Worker Other (ms): Min: 0.0, Avg: 0.0, Max: 0.0, Diff: 0.0, Sum: 0.1]
      [GC Worker Total (ms): Min: 2.8, Avg: 2.8, Max: 2.9, Diff: 0.0, Sum: 11.4]
      [GC Worker End (ms): Min: 18484.7, Avg: 18484.7, Max: 18484.8, Diff: 0.0]
   [Code Root Fixup: 0.0 ms]
   [Code Root Purge: 0.0 ms]
   [Clear CT: 0.1 ms]
   [Other: 0.2 ms]
      [Choose CSet: 0.0 ms]
      [Ref Proc: 0.1 ms]
      [Ref Enq: 0.0 ms]
      [Redirty Cards: 0.0 ms]
      [Humongous Register: 0.0 ms]
      [Humongous Reclaim: 0.0 ms]
      [Free CSet: 0.0 ms]
   [Eden: 2048.0K(2048.0K)->0.0B(2048.0K) Survivors: 1024.0K->1024.0K Heap: 42.9M(50.0M)->40.9M(50.0M)]
 [Times: user=0.00 sys=0.00, real=0.00 secs] 
2021-04-15T21:12:25.437+0800: 18.504: [GC pause (G1 Evacuation Pause) (young), 0.0028442 secs]
   [Parallel Time: 2.4 ms, GC Workers: 4]
      [GC Worker Start (ms): Min: 18503.8, Avg: 18503.8, Max: 18503.8, Diff: 0.0]
      [Ext Root Scanning (ms): Min: 0.6, Avg: 0.7, Max: 1.0, Diff: 0.4, Sum: 2.9]
      [Update RS (ms): Min: 0.8, Avg: 1.0, Max: 1.2, Diff: 0.3, Sum: 3.9]
         [Processed Buffers: Min: 1, Avg: 3.0, Max: 6, Diff: 5, Sum: 12]
      [Scan RS (ms): Min: 0.0, Avg: 0.0, Max: 0.0, Diff: 0.0, Sum: 0.0]
      [Code Root Scanning (ms): Min: 0.0, Avg: 0.0, Max: 0.0, Diff: 0.0, Sum: 0.0]
      [Object Copy (ms): Min: 0.5, Avg: 0.6, Max: 0.8, Diff: 0.3, Sum: 2.5]
      [Termination (ms): Min: 0.0, Avg: 0.1, Max: 0.1, Diff: 0.1, Sum: 0.2]
         [Termination Attempts: Min: 1, Avg: 1.0, Max: 1, Diff: 0, Sum: 4]
      [GC Worker Other (ms): Min: 0.0, Avg: 0.0, Max: 0.0, Diff: 0.0, Sum: 0.0]
      [GC Worker Total (ms): Min: 2.4, Avg: 2.4, Max: 2.4, Diff: 0.0, Sum: 9.6]
      [GC Worker End (ms): Min: 18506.2, Avg: 18506.2, Max: 18506.2, Diff: 0.0]
   [Code Root Fixup: 0.0 ms]
   [Code Root Purge: 0.0 ms]
   [Clear CT: 0.1 ms]
   [Other: 0.3 ms]
      [Choose CSet: 0.0 ms]
      [Ref Proc: 0.2 ms]
      [Ref Enq: 0.0 ms]
      [Redirty Cards: 0.1 ms]
      [Humongous Register: 0.0 ms]
      [Humongous Reclaim: 0.0 ms]
      [Free CSet: 0.0 ms]
   [Eden: 2048.0K(2048.0K)->0.0B(2048.0K) Survivors: 1024.0K->1024.0K Heap: 42.9M(50.0M)->40.9M(50.0M)]
 [Times: user=0.06 sys=0.00, real=0.00 secs] 
2021-04-15T21:12:25.464+0800: 18.531: [GC pause (G1 Evacuation Pause) (young), 0.0030251 secs]
   [Parallel Time: 2.7 ms, GC Workers: 4]
      [GC Worker Start (ms): Min: 18531.2, Avg: 18531.2, Max: 18531.3, Diff: 0.0]
      [Ext Root Scanning (ms): Min: 0.6, Avg: 0.8, Max: 1.0, Diff: 0.4, Sum: 3.1]
      [Update RS (ms): Min: 0.9, Avg: 1.1, Max: 1.4, Diff: 0.5, Sum: 4.5]
         [Processed Buffers: Min: 2, Avg: 3.3, Max: 6, Diff: 4, Sum: 13]
      [Scan RS (ms): Min: 0.0, Avg: 0.0, Max: 0.0, Diff: 0.0, Sum: 0.0]
      [Code Root Scanning (ms): Min: 0.0, Avg: 0.0, Max: 0.0, Diff: 0.0, Sum: 0.0]
      [Object Copy (ms): Min: 0.2, Avg: 0.7, Max: 0.9, Diff: 0.7, Sum: 2.7]
      [Termination (ms): Min: 0.0, Avg: 0.0, Max: 0.0, Diff: 0.0, Sum: 0.0]
         [Termination Attempts: Min: 1, Avg: 1.0, Max: 1, Diff: 0, Sum: 4]
      [GC Worker Other (ms): Min: 0.0, Avg: 0.0, Max: 0.0, Diff: 0.0, Sum: 0.1]
      [GC Worker Total (ms): Min: 2.6, Avg: 2.6, Max: 2.6, Diff: 0.0, Sum: 10.5]
      [GC Worker End (ms): Min: 18533.8, Avg: 18533.8, Max: 18533.8, Diff: 0.0]
   [Code Root Fixup: 0.0 ms]
   [Code Root Purge: 0.0 ms]
   [Clear CT: 0.1 ms]
   [Other: 0.3 ms]
      [Choose CSet: 0.0 ms]
      [Ref Proc: 0.1 ms]
      [Ref Enq: 0.0 ms]
      [Redirty Cards: 0.0 ms]
      [Humongous Register: 0.0 ms]
      [Humongous Reclaim: 0.0 ms]
      [Free CSet: 0.0 ms]
   [Eden: 2048.0K(2048.0K)->0.0B(2048.0K) Survivors: 1024.0K->1024.0K Heap: 42.9M(50.0M)->41.0M(50.0M)]
 [Times: user=0.00 sys=0.00, real=0.00 secs] 
2021-04-15T21:12:25.485+0800: 18.552: [GC pause (G1 Evacuation Pause) (young), 0.0031300 secs]
   [Parallel Time: 2.7 ms, GC Workers: 4]
      [GC Worker Start (ms): Min: 18552.1, Avg: 18552.1, Max: 18552.1, Diff: 0.0]
      [Ext Root Scanning (ms): Min: 0.7, Avg: 0.8, Max: 1.0, Diff: 0.4, Sum: 3.2]
      [Update RS (ms): Min: 1.0, Avg: 1.2, Max: 1.3, Diff: 0.3, Sum: 4.7]
         [Processed Buffers: Min: 2, Avg: 3.0, Max: 4, Diff: 2, Sum: 12]
      [Scan RS (ms): Min: 0.0, Avg: 0.0, Max: 0.0, Diff: 0.0, Sum: 0.0]
      [Code Root Scanning (ms): Min: 0.0, Avg: 0.0, Max: 0.1, Diff: 0.1, Sum: 0.1]
      [Object Copy (ms): Min: 0.6, Avg: 0.7, Max: 0.7, Diff: 0.1, Sum: 2.6]
      [Termination (ms): Min: 0.0, Avg: 0.0, Max: 0.0, Diff: 0.0, Sum: 0.0]
         [Termination Attempts: Min: 1, Avg: 1.0, Max: 1, Diff: 0, Sum: 4]
      [GC Worker Other (ms): Min: 0.0, Avg: 0.0, Max: 0.0, Diff: 0.0, Sum: 0.0]
      [GC Worker Total (ms): Min: 2.7, Avg: 2.7, Max: 2.7, Diff: 0.0, Sum: 10.7]
      [GC Worker End (ms): Min: 18554.8, Avg: 18554.8, Max: 18554.8, Diff: 0.0]
   [Code Root Fixup: 0.0 ms]
   [Code Root Purge: 0.0 ms]
   [Clear CT: 0.1 ms]
   [Other: 0.3 ms]
      [Choose CSet: 0.0 ms]
      [Ref Proc: 0.2 ms]
      [Ref Enq: 0.0 ms]
      [Redirty Cards: 0.1 ms]
      [Humongous Register: 0.0 ms]
      [Humongous Reclaim: 0.0 ms]
      [Free CSet: 0.0 ms]
   [Eden: 2048.0K(2048.0K)->0.0B(2048.0K) Survivors: 1024.0K->1024.0K Heap: 43.0M(50.0M)->40.9M(50.0M)]
 [Times: user=0.06 sys=0.00, real=0.00 secs] 
2021-04-15T21:12:25.505+0800: 18.572: [GC pause (G1 Evacuation Pause) (young), 0.0032111 secs]
   [Parallel Time: 2.8 ms, GC Workers: 4]
      [GC Worker Start (ms): Min: 18571.8, Avg: 18571.8, Max: 18571.8, Diff: 0.0]
      [Ext Root Scanning (ms): Min: 0.6, Avg: 0.8, Max: 1.0, Diff: 0.4, Sum: 3.1]
      [Update RS (ms): Min: 0.9, Avg: 1.3, Max: 1.5, Diff: 0.6, Sum: 5.1]
         [Processed Buffers: Min: 2, Avg: 3.3, Max: 6, Diff: 4, Sum: 13]
      [Scan RS (ms): Min: 0.0, Avg: 0.0, Max: 0.0, Diff: 0.0, Sum: 0.0]
      [Code Root Scanning (ms): Min: 0.0, Avg: 0.0, Max: 0.1, Diff: 0.1, Sum: 0.1]
      [Object Copy (ms): Min: 0.6, Avg: 0.7, Max: 0.8, Diff: 0.2, Sum: 2.8]
      [Termination (ms): Min: 0.0, Avg: 0.0, Max: 0.0, Diff: 0.0, Sum: 0.0]
         [Termination Attempts: Min: 1, Avg: 1.3, Max: 2, Diff: 1, Sum: 5]
      [GC Worker Other (ms): Min: 0.0, Avg: 0.0, Max: 0.0, Diff: 0.0, Sum: 0.1]
      [GC Worker Total (ms): Min: 2.8, Avg: 2.8, Max: 2.8, Diff: 0.0, Sum: 11.2]
      [GC Worker End (ms): Min: 18574.6, Avg: 18574.6, Max: 18574.6, Diff: 0.0]
   [Code Root Fixup: 0.0 ms]
   [Code Root Purge: 0.0 ms]
   [Clear CT: 0.1 ms]
   [Other: 0.3 ms]
      [Choose CSet: 0.0 ms]
      [Ref Proc: 0.1 ms]
      [Ref Enq: 0.0 ms]
      [Redirty Cards: 0.1 ms]
      [Humongous Register: 0.0 ms]
      [Humongous Reclaim: 0.0 ms]
      [Free CSet: 0.0 ms]
   [Eden: 2048.0K(2048.0K)->0.0B(2048.0K) Survivors: 1024.0K->1024.0K Heap: 42.9M(50.0M)->40.9M(50.0M)]
 [Times: user=0.00 sys=0.00, real=0.00 secs] 
2021-04-15T21:12:25.527+0800: 18.594: [GC pause (G1 Evacuation Pause) (young), 0.0033510 secs]
   [Parallel Time: 2.9 ms, GC Workers: 4]
      [GC Worker Start (ms): Min: 18594.0, Avg: 18594.1, Max: 18594.1, Diff: 0.0]
      [Ext Root Scanning (ms): Min: 0.7, Avg: 0.9, Max: 1.2, Diff: 0.5, Sum: 3.6]
      [Update RS (ms): Min: 0.9, Avg: 1.2, Max: 1.5, Diff: 0.6, Sum: 4.7]
         [Processed Buffers: Min: 2, Avg: 3.0, Max: 5, Diff: 3, Sum: 12]
      [Scan RS (ms): Min: 0.0, Avg: 0.0, Max: 0.0, Diff: 0.0, Sum: 0.0]
      [Code Root Scanning (ms): Min: 0.0, Avg: 0.0, Max: 0.1, Diff: 0.1, Sum: 0.1]
      [Object Copy (ms): Min: 0.5, Avg: 0.7, Max: 0.9, Diff: 0.4, Sum: 3.0]
      [Termination (ms): Min: 0.0, Avg: 0.0, Max: 0.0, Diff: 0.0, Sum: 0.0]
         [Termination Attempts: Min: 1, Avg: 1.0, Max: 1, Diff: 0, Sum: 4]
      [GC Worker Other (ms): Min: 0.0, Avg: 0.0, Max: 0.0, Diff: 0.0, Sum: 0.1]
      [GC Worker Total (ms): Min: 2.8, Avg: 2.9, Max: 2.9, Diff: 0.0, Sum: 11.4]
      [GC Worker End (ms): Min: 18596.9, Avg: 18596.9, Max: 18596.9, Diff: 0.0]
   [Code Root Fixup: 0.0 ms]
   [Code Root Purge: 0.0 ms]
   [Clear CT: 0.1 ms]
   [Other: 0.3 ms]
      [Choose CSet: 0.0 ms]
      [Ref Proc: 0.2 ms]
      [Ref Enq: 0.0 ms]
      [Redirty Cards: 0.1 ms]
      [Humongous Register: 0.0 ms]
      [Humongous Reclaim: 0.0 ms]
      [Free CSet: 0.0 ms]
   [Eden: 2048.0K(2048.0K)->0.0B(2048.0K) Survivors: 1024.0K->1024.0K Heap: 42.9M(50.0M)->41.0M(50.0M)]
 [Times: user=0.00 sys=0.00, real=0.00 secs] 
2021-04-15T21:12:25.538+0800: 18.605: [GC concurrent-mark-end, 0.1387519 secs]
2021-04-15T21:12:25.538+0800: 18.605: [GC remark 2021-04-15T21:12:25.538+0800: 18.605: [Finalize Marking, 0.0001276 secs] 2021-04-15T21:12:25.538+0800: 18.605: [GC ref-proc, 0.0007467 secs] 2021-04-15T21:12:25.539+0800: 18.606: [Unloading, 0.0095266 secs], 0.0107746 secs]
 [Times: user=0.02 sys=0.00, real=0.01 secs] 
2021-04-15T21:12:25.549+0800: 18.616: [GC cleanup 41M->41M(50M), 0.0004907 secs]
 [Times: user=0.00 sys=0.00, real=0.00 secs] 
2021-04-15T21:12:25.564+0800: 18.631: [GC pause (G1 Evacuation Pause) (young), 0.0035247 secs]
   [Parallel Time: 3.1 ms, GC Workers: 4]
      [GC Worker Start (ms): Min: 18631.4, Avg: 18631.4, Max: 18631.4, Diff: 0.0]
      [Ext Root Scanning (ms): Min: 0.7, Avg: 0.8, Max: 1.0, Diff: 0.4, Sum: 3.1]
      [Update RS (ms): Min: 1.1, Avg: 1.5, Max: 1.9, Diff: 0.8, Sum: 5.8]
         [Processed Buffers: Min: 2, Avg: 3.3, Max: 6, Diff: 4, Sum: 13]
      [Scan RS (ms): Min: 0.0, Avg: 0.0, Max: 0.0, Diff: 0.0, Sum: 0.0]
      [Code Root Scanning (ms): Min: 0.0, Avg: 0.0, Max: 0.1, Diff: 0.1, Sum: 0.1]
      [Object Copy (ms): Min: 0.5, Avg: 0.8, Max: 1.0, Diff: 0.5, Sum: 3.2]
      [Termination (ms): Min: 0.0, Avg: 0.0, Max: 0.0, Diff: 0.0, Sum: 0.0]
         [Termination Attempts: Min: 1, Avg: 1.0, Max: 1, Diff: 0, Sum: 4]
      [GC Worker Other (ms): Min: 0.0, Avg: 0.0, Max: 0.0, Diff: 0.0, Sum: 0.0]
      [GC Worker Total (ms): Min: 3.1, Avg: 3.1, Max: 3.1, Diff: 0.0, Sum: 12.3]
      [GC Worker End (ms): Min: 18634.4, Avg: 18634.4, Max: 18634.4, Diff: 0.0]
   [Code Root Fixup: 0.0 ms]
   [Code Root Purge: 0.0 ms]
   [Clear CT: 0.1 ms]
   [Other: 0.3 ms]
      [Choose CSet: 0.0 ms]
      [Ref Proc: 0.2 ms]
      [Ref Enq: 0.0 ms]
      [Redirty Cards: 0.1 ms]
      [Humongous Register: 0.0 ms]
      [Humongous Reclaim: 0.0 ms]
      [Free CSet: 0.0 ms]
   [Eden: 2048.0K(2048.0K)->0.0B(1024.0K) Survivors: 1024.0K->1024.0K Heap: 43.0M(50.0M)->41.0M(50.0M)]
 [Times: user=0.00 sys=0.00, real=0.00 secs] 
2021-04-15T21:12:25.577+0800: 18.644: [GC pause (G1 Evacuation Pause) (mixed), 0.0095356 secs]
   [Parallel Time: 9.0 ms, GC Workers: 4]
      [GC Worker Start (ms): Min: 18643.8, Avg: 18643.8, Max: 18643.9, Diff: 0.1]
      [Ext Root Scanning (ms): Min: 0.8, Avg: 1.0, Max: 1.2, Diff: 0.4, Sum: 4.0]
      [Update RS (ms): Min: 1.2, Avg: 1.3, Max: 1.3, Diff: 0.1, Sum: 5.0]
         [Processed Buffers: Min: 2, Avg: 3.0, Max: 5, Diff: 3, Sum: 12]
      [Scan RS (ms): Min: 2.1, Avg: 2.4, Max: 2.5, Diff: 0.4, Sum: 9.4]
      [Code Root Scanning (ms): Min: 0.0, Avg: 0.1, Max: 0.2, Diff: 0.2, Sum: 0.2]
      [Object Copy (ms): Min: 4.1, Avg: 4.2, Max: 4.4, Diff: 0.3, Sum: 16.9]
      [Termination (ms): Min: 0.0, Avg: 0.0, Max: 0.0, Diff: 0.0, Sum: 0.0]
         [Termination Attempts: Min: 1, Avg: 1.3, Max: 2, Diff: 1, Sum: 5]
      [GC Worker Other (ms): Min: 0.0, Avg: 0.0, Max: 0.1, Diff: 0.0, Sum: 0.1]
      [GC Worker Total (ms): Min: 8.9, Avg: 8.9, Max: 9.0, Diff: 0.1, Sum: 35.8]
      [GC Worker End (ms): Min: 18652.7, Avg: 18652.7, Max: 18652.8, Diff: 0.0]
   [Code Root Fixup: 0.1 ms]
   [Code Root Purge: 0.0 ms]
   [Clear CT: 0.1 ms]
   [Other: 0.4 ms]
      [Choose CSet: 0.0 ms]
      [Ref Proc: 0.1 ms]
      [Ref Enq: 0.0 ms]
      [Redirty Cards: 0.1 ms]
      [Humongous Register: 0.0 ms]
      [Humongous Reclaim: 0.0 ms]
      [Free CSet: 0.1 ms]
   [Eden: 1024.0K(1024.0K)->0.0B(1024.0K) Survivors: 1024.0K->1024.0K Heap: 42.0M(50.0M)->39.1M(50.0M)]
 [Times: user=0.06 sys=0.00, real=0.01 secs] 
2021-04-15T21:12:25.599+0800: 18.666: [GC pause (G1 Evacuation Pause) (mixed), 0.0209536 secs]
   [Parallel Time: 20.2 ms, GC Workers: 4]
      [GC Worker Start (ms): Min: 18665.8, Avg: 18665.9, Max: 18665.9, Diff: 0.0]
      [Ext Root Scanning (ms): Min: 0.7, Avg: 0.9, Max: 1.4, Diff: 0.7, Sum: 3.4]
      [Update RS (ms): Min: 6.4, Avg: 6.7, Max: 6.9, Diff: 0.5, Sum: 27.0]
         [Processed Buffers: Min: 11, Avg: 12.3, Max: 14, Diff: 3, Sum: 49]
      [Scan RS (ms): Min: 6.0, Avg: 6.2, Max: 6.3, Diff: 0.2, Sum: 24.7]
      [Code Root Scanning (ms): Min: 0.1, Avg: 0.2, Max: 0.5, Diff: 0.4, Sum: 0.9]
      [Object Copy (ms): Min: 6.1, Avg: 6.2, Max: 6.2, Diff: 0.1, Sum: 24.7]
      [Termination (ms): Min: 0.0, Avg: 0.0, Max: 0.0, Diff: 0.0, Sum: 0.0]
         [Termination Attempts: Min: 1, Avg: 3.8, Max: 8, Diff: 7, Sum: 15]
      [GC Worker Other (ms): Min: 0.0, Avg: 0.0, Max: 0.0, Diff: 0.0, Sum: 0.1]
      [GC Worker Total (ms): Min: 20.2, Avg: 20.2, Max: 20.2, Diff: 0.0, Sum: 80.7]
      [GC Worker End (ms): Min: 18686.0, Avg: 18686.0, Max: 18686.0, Diff: 0.0]
   [Code Root Fixup: 0.2 ms]
   [Code Root Purge: 0.0 ms]
   [Clear CT: 0.1 ms]
   [Other: 0.4 ms]
      [Choose CSet: 0.0 ms]
      [Ref Proc: 0.2 ms]
      [Ref Enq: 0.0 ms]
      [Redirty Cards: 0.1 ms]
      [Humongous Register: 0.0 ms]
      [Humongous Reclaim: 0.0 ms]
      [Free CSet: 0.1 ms]
   [Eden: 1024.0K(1024.0K)->0.0B(1024.0K) Survivors: 1024.0K->1024.0K Heap: 40.1M(50.0M)->39.2M(50.0M)]
 [Times: user=0.06 sys=0.00, real=0.02 secs] 
2021-04-15T21:12:25.632+0800: 18.699: [GC pause (G1 Evacuation Pause) (mixed), 0.0235093 secs]
   [Parallel Time: 23.0 ms, GC Workers: 4]
      [GC Worker Start (ms): Min: 18699.1, Avg: 18699.1, Max: 18699.1, Diff: 0.0]
      [Ext Root Scanning (ms): Min: 0.6, Avg: 0.8, Max: 1.2, Diff: 0.6, Sum: 3.3]
      [Update RS (ms): Min: 14.2, Avg: 14.4, Max: 14.5, Diff: 0.4, Sum: 57.7]
         [Processed Buffers: Min: 20, Avg: 22.8, Max: 26, Diff: 6, Sum: 91]
      [Scan RS (ms): Min: 4.3, Avg: 4.4, Max: 4.4, Diff: 0.1, Sum: 17.6]
      [Code Root Scanning (ms): Min: 0.0, Avg: 0.1, Max: 0.3, Diff: 0.3, Sum: 0.4]
      [Object Copy (ms): Min: 3.1, Avg: 3.2, Max: 3.4, Diff: 0.4, Sum: 12.9]
      [Termination (ms): Min: 0.0, Avg: 0.0, Max: 0.0, Diff: 0.0, Sum: 0.0]
         [Termination Attempts: Min: 1, Avg: 4.5, Max: 10, Diff: 9, Sum: 18]
      [GC Worker Other (ms): Min: 0.0, Avg: 0.0, Max: 0.0, Diff: 0.0, Sum: 0.1]
      [GC Worker Total (ms): Min: 23.0, Avg: 23.0, Max: 23.0, Diff: 0.0, Sum: 91.9]
      [GC Worker End (ms): Min: 18722.0, Avg: 18722.0, Max: 18722.0, Diff: 0.0]
   [Code Root Fixup: 0.1 ms]
   [Code Root Purge: 0.0 ms]
   [Clear CT: 0.1 ms]
   [Other: 0.3 ms]
      [Choose CSet: 0.0 ms]
      [Ref Proc: 0.1 ms]
      [Ref Enq: 0.0 ms]
      [Redirty Cards: 0.1 ms]
      [Humongous Register: 0.0 ms]
      [Humongous Reclaim: 0.0 ms]
      [Free CSet: 0.0 ms]
   [Eden: 1024.0K(1024.0K)->0.0B(4096.0K) Survivors: 1024.0K->1024.0K Heap: 40.2M(50.0M)->39.2M(50.0M)]
 [Times: user=0.06 sys=0.00, real=0.02 secs] 
2021-04-15T21:12:25.703+0800: 18.770: [GC pause (G1 Evacuation Pause) (young), 0.0110652 secs]
   [Parallel Time: 10.6 ms, GC Workers: 4]
      [GC Worker Start (ms): Min: 18769.7, Avg: 18769.7, Max: 18769.7, Diff: 0.0]
      [Ext Root Scanning (ms): Min: 0.7, Avg: 0.8, Max: 1.1, Diff: 0.4, Sum: 3.2]
      [Update RS (ms): Min: 8.9, Avg: 9.1, Max: 9.2, Diff: 0.3, Sum: 36.3]
         [Processed Buffers: Min: 13, Avg: 15.0, Max: 19, Diff: 6, Sum: 60]
      [Scan RS (ms): Min: 0.0, Avg: 0.0, Max: 0.0, Diff: 0.0, Sum: 0.0]
      [Code Root Scanning (ms): Min: 0.0, Avg: 0.0, Max: 0.1, Diff: 0.1, Sum: 0.1]
      [Object Copy (ms): Min: 0.6, Avg: 0.7, Max: 0.8, Diff: 0.2, Sum: 2.8]
      [Termination (ms): Min: 0.0, Avg: 0.0, Max: 0.0, Diff: 0.0, Sum: 0.0]
         [Termination Attempts: Min: 1, Avg: 1.0, Max: 1, Diff: 0, Sum: 4]
      [GC Worker Other (ms): Min: 0.0, Avg: 0.0, Max: 0.0, Diff: 0.0, Sum: 0.0]
      [GC Worker Total (ms): Min: 10.6, Avg: 10.6, Max: 10.6, Diff: 0.0, Sum: 42.4]
      [GC Worker End (ms): Min: 18780.3, Avg: 18780.3, Max: 18780.3, Diff: 0.0]
   [Code Root Fixup: 0.0 ms]
   [Code Root Purge: 0.0 ms]
   [Clear CT: 0.1 ms]
   [Other: 0.3 ms]
      [Choose CSet: 0.0 ms]
      [Ref Proc: 0.2 ms]
      [Ref Enq: 0.0 ms]
      [Redirty Cards: 0.0 ms]
      [Humongous Register: 0.0 ms]
      [Humongous Reclaim: 0.0 ms]
      [Free CSet: 0.0 ms]
   [Eden: 4096.0K(4096.0K)->0.0B(2048.0K) Survivors: 1024.0K->1024.0K Heap: 43.2M(50.0M)->41.3M(50.0M)]
 [Times: user=0.06 sys=0.00, real=0.01 secs] 
2021-04-15T21:12:25.734+0800: 18.802: [GC pause (G1 Evacuation Pause) (young) (initial-mark), 0.0039804 secs]
   [Parallel Time: 3.6 ms, GC Workers: 4]
      [GC Worker Start (ms): Min: 18801.7, Avg: 18801.7, Max: 18801.7, Diff: 0.0]
      [Ext Root Scanning (ms): Min: 1.4, Avg: 1.5, Max: 1.6, Diff: 0.2, Sum: 6.1]
      [Update RS (ms): Min: 1.2, Avg: 1.3, Max: 1.4, Diff: 0.2, Sum: 5.1]
         [Processed Buffers: Min: 2, Avg: 3.5, Max: 6, Diff: 4, Sum: 14]
      [Scan RS (ms): Min: 0.0, Avg: 0.0, Max: 0.0, Diff: 0.0, Sum: 0.0]
      [Code Root Scanning (ms): Min: 0.0, Avg: 0.0, Max: 0.1, Diff: 0.1, Sum: 0.1]
      [Object Copy (ms): Min: 0.5, Avg: 0.7, Max: 0.8, Diff: 0.2, Sum: 2.7]
      [Termination (ms): Min: 0.0, Avg: 0.0, Max: 0.0, Diff: 0.0, Sum: 0.0]
         [Termination Attempts: Min: 1, Avg: 1.3, Max: 2, Diff: 1, Sum: 5]
      [GC Worker Other (ms): Min: 0.0, Avg: 0.0, Max: 0.0, Diff: 0.0, Sum: 0.0]
      [GC Worker Total (ms): Min: 3.5, Avg: 3.5, Max: 3.5, Diff: 0.0, Sum: 14.0]
      [GC Worker End (ms): Min: 18805.2, Avg: 18805.2, Max: 18805.2, Diff: 0.0]
   [Code Root Fixup: 0.0 ms]
   [Code Root Purge: 0.0 ms]
   [Clear CT: 0.1 ms]
   [Other: 0.3 ms]
      [Choose CSet: 0.0 ms]
      [Ref Proc: 0.1 ms]
      [Ref Enq: 0.0 ms]
      [Redirty Cards: 0.1 ms]
      [Humongous Register: 0.0 ms]
      [Humongous Reclaim: 0.0 ms]
      [Free CSet: 0.0 ms]
   [Eden: 2048.0K(2048.0K)->0.0B(1024.0K) Survivors: 1024.0K->1024.0K Heap: 43.3M(50.0M)->41.8M(50.0M)]
 [Times: user=0.02 sys=0.00, real=0.01 secs] 
2021-04-15T21:12:25.739+0800: 18.806: [GC concurrent-root-region-scan-start]
2021-04-15T21:12:25.741+0800: 18.809: [GC concurrent-root-region-scan-end, 0.0027763 secs]
2021-04-15T21:12:25.741+0800: 18.809: [GC concurrent-mark-start]
2021-04-15T21:12:25.752+0800: 18.819: [GC pause (G1 Evacuation Pause) (young), 0.0029116 secs]
   [Parallel Time: 2.6 ms, GC Workers: 4]
      [GC Worker Start (ms): Min: 18819.2, Avg: 18819.2, Max: 18819.2, Diff: 0.0]
      [Ext Root Scanning (ms): Min: 0.7, Avg: 0.9, Max: 1.1, Diff: 0.4, Sum: 3.5]
      [Update RS (ms): Min: 1.0, Avg: 1.1, Max: 1.1, Diff: 0.1, Sum: 4.4]
         [Processed Buffers: Min: 2, Avg: 3.0, Max: 6, Diff: 4, Sum: 12]
      [Scan RS (ms): Min: 0.0, Avg: 0.0, Max: 0.0, Diff: 0.0, Sum: 0.0]
      [Code Root Scanning (ms): Min: 0.0, Avg: 0.0, Max: 0.1, Diff: 0.1, Sum: 0.1]
      [Object Copy (ms): Min: 0.4, Avg: 0.5, Max: 0.6, Diff: 0.2, Sum: 2.1]
      [Termination (ms): Min: 0.0, Avg: 0.0, Max: 0.0, Diff: 0.0, Sum: 0.0]
         [Termination Attempts: Min: 1, Avg: 1.3, Max: 2, Diff: 1, Sum: 5]
      [GC Worker Other (ms): Min: 0.0, Avg: 0.0, Max: 0.0, Diff: 0.0, Sum: 0.0]
      [GC Worker Total (ms): Min: 2.5, Avg: 2.5, Max: 2.5, Diff: 0.0, Sum: 10.1]
      [GC Worker End (ms): Min: 18821.7, Avg: 18821.7, Max: 18821.7, Diff: 0.0]
   [Code Root Fixup: 0.0 ms]
   [Code Root Purge: 0.0 ms]
   [Clear CT: 0.1 ms]
   [Other: 0.3 ms]
      [Choose CSet: 0.0 ms]
      [Ref Proc: 0.1 ms]
      [Ref Enq: 0.0 ms]
      [Redirty Cards: 0.0 ms]
      [Humongous Register: 0.0 ms]
      [Humongous Reclaim: 0.0 ms]
      [Free CSet: 0.0 ms]
   [Eden: 1024.0K(1024.0K)->0.0B(1024.0K) Survivors: 1024.0K->1024.0K Heap: 42.8M(50.0M)->41.8M(50.0M)]
 [Times: user=0.00 sys=0.00, real=0.00 secs] 
2021-04-15T21:12:25.768+0800: 18.835: [GC pause (G1 Evacuation Pause) (young), 0.0024836 secs]
   [Parallel Time: 2.2 ms, GC Workers: 4]
      [GC Worker Start (ms): Min: 18835.5, Avg: 18835.5, Max: 18835.5, Diff: 0.0]
      [Ext Root Scanning (ms): Min: 0.6, Avg: 0.8, Max: 1.0, Diff: 0.4, Sum: 3.1]
      [Update RS (ms): Min: 0.7, Avg: 0.8, Max: 1.0, Diff: 0.2, Sum: 3.2]
         [Processed Buffers: Min: 1, Avg: 3.0, Max: 5, Diff: 4, Sum: 12]
      [Scan RS (ms): Min: 0.0, Avg: 0.0, Max: 0.0, Diff: 0.0, Sum: 0.0]
      [Code Root Scanning (ms): Min: 0.0, Avg: 0.0, Max: 0.1, Diff: 0.1, Sum: 0.1]
      [Object Copy (ms): Min: 0.4, Avg: 0.6, Max: 0.7, Diff: 0.3, Sum: 2.3]
      [Termination (ms): Min: 0.0, Avg: 0.0, Max: 0.0, Diff: 0.0, Sum: 0.0]
         [Termination Attempts: Min: 1, Avg: 1.0, Max: 1, Diff: 0, Sum: 4]
      [GC Worker Other (ms): Min: 0.0, Avg: 0.0, Max: 0.0, Diff: 0.0, Sum: 0.0]
      [GC Worker Total (ms): Min: 2.2, Avg: 2.2, Max: 2.2, Diff: 0.0, Sum: 8.7]
      [GC Worker End (ms): Min: 18837.7, Avg: 18837.7, Max: 18837.7, Diff: 0.0]
   [Code Root Fixup: 0.0 ms]
   [Code Root Purge: 0.0 ms]
   [Clear CT: 0.0 ms]
   [Other: 0.2 ms]
      [Choose CSet: 0.0 ms]
      [Ref Proc: 0.1 ms]
      [Ref Enq: 0.0 ms]
      [Redirty Cards: 0.0 ms]
      [Humongous Register: 0.0 ms]
      [Humongous Reclaim: 0.0 ms]
      [Free CSet: 0.0 ms]
   [Eden: 1024.0K(1024.0K)->0.0B(1024.0K) Survivors: 1024.0K->1024.0K Heap: 42.8M(50.0M)->41.8M(50.0M)]
 [Times: user=0.00 sys=0.00, real=0.00 secs] 
2021-04-15T21:12:25.783+0800: 18.851: [GC pause (G1 Evacuation Pause) (young), 0.0027597 secs]
   [Parallel Time: 2.4 ms, GC Workers: 4]
      [GC Worker Start (ms): Min: 18850.5, Avg: 18850.5, Max: 18850.6, Diff: 0.0]
      [Ext Root Scanning (ms): Min: 0.7, Avg: 0.8, Max: 1.1, Diff: 0.4, Sum: 3.3]
      [Update RS (ms): Min: 0.9, Avg: 1.1, Max: 1.2, Diff: 0.3, Sum: 4.2]
         [Processed Buffers: Min: 2, Avg: 2.5, Max: 3, Diff: 1, Sum: 10]
      [Scan RS (ms): Min: 0.0, Avg: 0.0, Max: 0.0, Diff: 0.0, Sum: 0.0]
      [Code Root Scanning (ms): Min: 0.0, Avg: 0.0, Max: 0.0, Diff: 0.0, Sum: 0.0]
      [Object Copy (ms): Min: 0.4, Avg: 0.5, Max: 0.6, Diff: 0.1, Sum: 2.0]
      [Termination (ms): Min: 0.0, Avg: 0.0, Max: 0.0, Diff: 0.0, Sum: 0.0]
         [Termination Attempts: Min: 1, Avg: 1.0, Max: 1, Diff: 0, Sum: 4]
      [GC Worker Other (ms): Min: 0.0, Avg: 0.0, Max: 0.0, Diff: 0.0, Sum: 0.0]
      [GC Worker Total (ms): Min: 2.4, Avg: 2.4, Max: 2.4, Diff: 0.0, Sum: 9.6]
      [GC Worker End (ms): Min: 18853.0, Avg: 18853.0, Max: 18853.0, Diff: 0.0]
   [Code Root Fixup: 0.0 ms]
   [Code Root Purge: 0.0 ms]
   [Clear CT: 0.1 ms]
   [Other: 0.2 ms]
      [Choose CSet: 0.0 ms]
      [Ref Proc: 0.1 ms]
      [Ref Enq: 0.0 ms]
      [Redirty Cards: 0.1 ms]
      [Humongous Register: 0.0 ms]
      [Humongous Reclaim: 0.0 ms]
      [Free CSet: 0.0 ms]
   [Eden: 1024.0K(1024.0K)->0.0B(1024.0K) Survivors: 1024.0K->1024.0K Heap: 42.8M(50.0M)->41.9M(50.0M)]
 [Times: user=0.00 sys=0.00, real=0.00 secs] 
2021-04-15T21:12:25.801+0800: 18.868: [GC pause (G1 Evacuation Pause) (young), 0.0022140 secs]
   [Parallel Time: 1.9 ms, GC Workers: 4]
      [GC Worker Start (ms): Min: 18868.0, Avg: 18868.0, Max: 18868.0, Diff: 0.0]
      [Ext Root Scanning (ms): Min: 0.7, Avg: 0.8, Max: 1.1, Diff: 0.4, Sum: 3.3]
      [Update RS (ms): Min: 0.4, Avg: 0.5, Max: 0.6, Diff: 0.2, Sum: 2.1]
         [Processed Buffers: Min: 1, Avg: 2.0, Max: 4, Diff: 3, Sum: 8]
      [Scan RS (ms): Min: 0.0, Avg: 0.0, Max: 0.0, Diff: 0.0, Sum: 0.0]
      [Code Root Scanning (ms): Min: 0.0, Avg: 0.0, Max: 0.0, Diff: 0.0, Sum: 0.0]
      [Object Copy (ms): Min: 0.4, Avg: 0.5, Max: 0.6, Diff: 0.2, Sum: 2.0]
      [Termination (ms): Min: 0.0, Avg: 0.0, Max: 0.0, Diff: 0.0, Sum: 0.0]
         [Termination Attempts: Min: 1, Avg: 1.0, Max: 1, Diff: 0, Sum: 4]
      [GC Worker Other (ms): Min: 0.0, Avg: 0.0, Max: 0.0, Diff: 0.0, Sum: 0.1]
      [GC Worker Total (ms): Min: 1.9, Avg: 1.9, Max: 1.9, Diff: 0.0, Sum: 7.5]
      [GC Worker End (ms): Min: 18869.9, Avg: 18869.9, Max: 18869.9, Diff: 0.0]
   [Code Root Fixup: 0.0 ms]
   [Code Root Purge: 0.0 ms]
   [Clear CT: 0.1 ms]
   [Other: 0.2 ms]
      [Choose CSet: 0.0 ms]
      [Ref Proc: 0.1 ms]
      [Ref Enq: 0.0 ms]
      [Redirty Cards: 0.1 ms]
      [Humongous Register: 0.0 ms]
      [Humongous Reclaim: 0.0 ms]
      [Free CSet: 0.0 ms]
   [Eden: 1024.0K(1024.0K)->0.0B(1024.0K) Survivors: 1024.0K->1024.0K Heap: 42.9M(50.0M)->42.0M(50.0M)]
 [Times: user=0.00 sys=0.00, real=0.00 secs] 
2021-04-15T21:12:25.813+0800: 18.880: [GC pause (G1 Evacuation Pause) (young), 0.0022310 secs]
   [Parallel Time: 1.9 ms, GC Workers: 4]
      [GC Worker Start (ms): Min: 18879.8, Avg: 18879.8, Max: 18879.8, Diff: 0.0]
      [Ext Root Scanning (ms): Min: 0.6, Avg: 0.8, Max: 1.1, Diff: 0.4, Sum: 3.1]
      [Update RS (ms): Min: 0.5, Avg: 0.5, Max: 0.6, Diff: 0.1, Sum: 2.1]
         [Processed Buffers: Min: 1, Avg: 2.0, Max: 5, Diff: 4, Sum: 8]
      [Scan RS (ms): Min: 0.0, Avg: 0.0, Max: 0.0, Diff: 0.0, Sum: 0.0]
      [Code Root Scanning (ms): Min: 0.0, Avg: 0.0, Max: 0.1, Diff: 0.1, Sum: 0.1]
      [Object Copy (ms): Min: 0.3, Avg: 0.5, Max: 0.6, Diff: 0.3, Sum: 2.1]
      [Termination (ms): Min: 0.0, Avg: 0.0, Max: 0.0, Diff: 0.0, Sum: 0.0]
         [Termination Attempts: Min: 1, Avg: 1.0, Max: 1, Diff: 0, Sum: 4]
      [GC Worker Other (ms): Min: 0.0, Avg: 0.0, Max: 0.0, Diff: 0.0, Sum: 0.1]
      [GC Worker Total (ms): Min: 1.9, Avg: 1.9, Max: 1.9, Diff: 0.0, Sum: 7.5]
      [GC Worker End (ms): Min: 18881.7, Avg: 18881.7, Max: 18881.7, Diff: 0.0]
   [Code Root Fixup: 0.0 ms]
   [Code Root Purge: 0.0 ms]
   [Clear CT: 0.1 ms]
   [Other: 0.2 ms]
      [Choose CSet: 0.0 ms]
      [Ref Proc: 0.1 ms]
      [Ref Enq: 0.0 ms]
      [Redirty Cards: 0.0 ms]
      [Humongous Register: 0.0 ms]
      [Humongous Reclaim: 0.0 ms]
      [Free CSet: 0.0 ms]
   [Eden: 1024.0K(1024.0K)->0.0B(1024.0K) Survivors: 1024.0K->1024.0K Heap: 43.0M(50.0M)->42.2M(50.0M)]
 [Times: user=0.06 sys=0.00, real=0.00 secs] 
2021-04-15T21:12:25.835+0800: 18.901: [GC pause (G1 Evacuation Pause) (young), 0.0024026 secs]
   [Parallel Time: 2.0 ms, GC Workers: 4]
      [GC Worker Start (ms): Min: 18901.4, Avg: 18901.4, Max: 18901.4, Diff: 0.0]
      [Ext Root Scanning (ms): Min: 0.6, Avg: 0.8, Max: 1.1, Diff: 0.4, Sum: 3.1]
      [Update RS (ms): Min: 0.5, Avg: 0.5, Max: 0.6, Diff: 0.1, Sum: 2.1]
         [Processed Buffers: Min: 1, Avg: 2.3, Max: 6, Diff: 5, Sum: 9]
      [Scan RS (ms): Min: 0.0, Avg: 0.0, Max: 0.0, Diff: 0.0, Sum: 0.0]
      [Code Root Scanning (ms): Min: 0.0, Avg: 0.0, Max: 0.0, Diff: 0.0, Sum: 0.0]
      [Object Copy (ms): Min: 0.3, Avg: 0.5, Max: 0.6, Diff: 0.3, Sum: 2.2]
      [Termination (ms): Min: 0.0, Avg: 0.0, Max: 0.0, Diff: 0.0, Sum: 0.0]
         [Termination Attempts: Min: 1, Avg: 1.0, Max: 1, Diff: 0, Sum: 4]
      [GC Worker Other (ms): Min: 0.0, Avg: 0.0, Max: 0.0, Diff: 0.0, Sum: 0.1]
      [GC Worker Total (ms): Min: 1.9, Avg: 1.9, Max: 1.9, Diff: 0.0, Sum: 7.5]
      [GC Worker End (ms): Min: 18903.3, Avg: 18903.3, Max: 18903.3, Diff: 0.0]
   [Code Root Fixup: 0.0 ms]
   [Code Root Purge: 0.0 ms]
   [Clear CT: 0.1 ms]
   [Other: 0.3 ms]
      [Choose CSet: 0.0 ms]
      [Ref Proc: 0.2 ms]
      [Ref Enq: 0.0 ms]
      [Redirty Cards: 0.1 ms]
      [Humongous Register: 0.0 ms]
      [Humongous Reclaim: 0.0 ms]
      [Free CSet: 0.0 ms]
   [Eden: 1024.0K(1024.0K)->0.0B(1024.0K) Survivors: 1024.0K->1024.0K Heap: 43.2M(50.0M)->42.0M(50.0M)]
 [Times: user=0.00 sys=0.00, real=0.00 secs] 
2021-04-15T21:12:25.854+0800: 18.921: [GC pause (G1 Evacuation Pause) (young), 0.0030037 secs]
   [Parallel Time: 2.3 ms, GC Workers: 4]
      [GC Worker Start (ms): Min: 18921.2, Avg: 18921.2, Max: 18921.2, Diff: 0.0]
      [Ext Root Scanning (ms): Min: 0.7, Avg: 0.8, Max: 1.1, Diff: 0.4, Sum: 3.4]
      [Update RS (ms): Min: 0.4, Avg: 0.5, Max: 0.6, Diff: 0.1, Sum: 2.2]
         [Processed Buffers: Min: 1, Avg: 2.3, Max: 6, Diff: 5, Sum: 9]
      [Scan RS (ms): Min: 0.0, Avg: 0.0, Max: 0.0, Diff: 0.0, Sum: 0.0]
      [Code Root Scanning (ms): Min: 0.0, Avg: 0.0, Max: 0.0, Diff: 0.0, Sum: 0.1]
      [Object Copy (ms): Min: 0.6, Avg: 0.7, Max: 0.8, Diff: 0.2, Sum: 2.9]
      [Termination (ms): Min: 0.0, Avg: 0.1, Max: 0.1, Diff: 0.1, Sum: 0.3]
         [Termination Attempts: Min: 1, Avg: 1.0, Max: 1, Diff: 0, Sum: 4]
      [GC Worker Other (ms): Min: 0.0, Avg: 0.0, Max: 0.0, Diff: 0.0, Sum: 0.1]
      [GC Worker Total (ms): Min: 2.2, Avg: 2.2, Max: 2.3, Diff: 0.1, Sum: 8.9]
      [GC Worker End (ms): Min: 18923.4, Avg: 18923.4, Max: 18923.5, Diff: 0.1]
   [Code Root Fixup: 0.0 ms]
   [Code Root Purge: 0.0 ms]
   [Clear CT: 0.1 ms]
   [Other: 0.5 ms]
      [Choose CSet: 0.0 ms]
      [Ref Proc: 0.3 ms]
      [Ref Enq: 0.0 ms]
      [Redirty Cards: 0.1 ms]
      [Humongous Register: 0.0 ms]
      [Humongous Reclaim: 0.0 ms]
      [Free CSet: 0.0 ms]
   [Eden: 1024.0K(1024.0K)->0.0B(1024.0K) Survivors: 1024.0K->1024.0K Heap: 43.0M(50.0M)->42.1M(50.0M)]
 [Times: user=0.00 sys=0.00, real=0.00 secs] 
2021-04-15T21:12:25.871+0800: 18.938: [GC pause (G1 Evacuation Pause) (young), 0.0022874 secs]
   [Parallel Time: 1.9 ms, GC Workers: 4]
      [GC Worker Start (ms): Min: 18937.5, Avg: 18937.6, Max: 18937.6, Diff: 0.0]
      [Ext Root Scanning (ms): Min: 0.7, Avg: 0.8, Max: 1.1, Diff: 0.4, Sum: 3.2]
      [Update RS (ms): Min: 0.3, Avg: 0.5, Max: 0.6, Diff: 0.3, Sum: 1.9]
         [Processed Buffers: Min: 1, Avg: 1.5, Max: 3, Diff: 2, Sum: 6]
      [Scan RS (ms): Min: 0.0, Avg: 0.0, Max: 0.0, Diff: 0.0, Sum: 0.0]
      [Code Root Scanning (ms): Min: 0.0, Avg: 0.0, Max: 0.0, Diff: 0.0, Sum: 0.0]
      [Object Copy (ms): Min: 0.3, Avg: 0.6, Max: 0.9, Diff: 0.6, Sum: 2.3]
      [Termination (ms): Min: 0.0, Avg: 0.0, Max: 0.0, Diff: 0.0, Sum: 0.0]
         [Termination Attempts: Min: 1, Avg: 1.0, Max: 1, Diff: 0, Sum: 4]
      [GC Worker Other (ms): Min: 0.0, Avg: 0.0, Max: 0.0, Diff: 0.0, Sum: 0.0]
      [GC Worker Total (ms): Min: 1.8, Avg: 1.9, Max: 1.9, Diff: 0.0, Sum: 7.4]
      [GC Worker End (ms): Min: 18939.4, Avg: 18939.4, Max: 18939.4, Diff: 0.0]
   [Code Root Fixup: 0.0 ms]
   [Code Root Purge: 0.0 ms]
   [Clear CT: 0.1 ms]
   [Other: 0.3 ms]
      [Choose CSet: 0.0 ms]
      [Ref Proc: 0.2 ms]
      [Ref Enq: 0.0 ms]
      [Redirty Cards: 0.1 ms]
      [Humongous Register: 0.0 ms]
      [Humongous Reclaim: 0.0 ms]
      [Free CSet: 0.0 ms]
   [Eden: 1024.0K(1024.0K)->0.0B(1024.0K) Survivors: 1024.0K->1024.0K Heap: 43.1M(50.0M)->42.2M(50.0M)]
 [Times: user=0.00 sys=0.00, real=0.00 secs] 
2021-04-15T21:12:25.881+0800: 18.948: [GC pause (G1 Evacuation Pause) (young), 0.0022042 secs]
   [Parallel Time: 1.9 ms, GC Workers: 4]
      [GC Worker Start (ms): Min: 18948.2, Avg: 18948.2, Max: 18948.2, Diff: 0.0]
      [Ext Root Scanning (ms): Min: 0.7, Avg: 0.8, Max: 1.0, Diff: 0.4, Sum: 3.1]
      [Update RS (ms): Min: 0.4, Avg: 0.5, Max: 0.6, Diff: 0.3, Sum: 1.9]
         [Processed Buffers: Min: 1, Avg: 2.0, Max: 5, Diff: 4, Sum: 8]
      [Scan RS (ms): Min: 0.0, Avg: 0.0, Max: 0.0, Diff: 0.0, Sum: 0.0]
      [Code Root Scanning (ms): Min: 0.0, Avg: 0.0, Max: 0.0, Diff: 0.0, Sum: 0.0]
      [Object Copy (ms): Min: 0.2, Avg: 0.6, Max: 0.8, Diff: 0.6, Sum: 2.3]
      [Termination (ms): Min: 0.0, Avg: 0.0, Max: 0.0, Diff: 0.0, Sum: 0.0]
         [Termination Attempts: Min: 1, Avg: 1.8, Max: 3, Diff: 2, Sum: 7]
      [GC Worker Other (ms): Min: 0.0, Avg: 0.0, Max: 0.0, Diff: 0.0, Sum: 0.0]
      [GC Worker Total (ms): Min: 1.8, Avg: 1.8, Max: 1.8, Diff: 0.0, Sum: 7.4]
      [GC Worker End (ms): Min: 18950.0, Avg: 18950.0, Max: 18950.0, Diff: 0.0]
   [Code Root Fixup: 0.0 ms]
   [Code Root Purge: 0.0 ms]
   [Clear CT: 0.1 ms]
   [Other: 0.2 ms]
      [Choose CSet: 0.0 ms]
      [Ref Proc: 0.1 ms]
      [Ref Enq: 0.0 ms]
      [Redirty Cards: 0.1 ms]
      [Humongous Register: 0.0 ms]
      [Humongous Reclaim: 0.0 ms]
      [Free CSet: 0.0 ms]
   [Eden: 1024.0K(1024.0K)->0.0B(1024.0K) Survivors: 1024.0K->1024.0K Heap: 43.2M(50.0M)->42.2M(50.0M)]
 [Times: user=0.00 sys=0.00, real=0.00 secs] 
2021-04-15T21:12:25.892+0800: 18.959: [GC pause (G1 Evacuation Pause) (young), 0.0022677 secs]
   [Parallel Time: 2.0 ms, GC Workers: 4]
      [GC Worker Start (ms): Min: 18959.5, Avg: 18959.5, Max: 18959.6, Diff: 0.1]
      [Ext Root Scanning (ms): Min: 0.7, Avg: 0.8, Max: 1.1, Diff: 0.4, Sum: 3.3]
      [Update RS (ms): Min: 0.2, Avg: 0.4, Max: 0.6, Diff: 0.3, Sum: 1.8]
         [Processed Buffers: Min: 1, Avg: 1.5, Max: 3, Diff: 2, Sum: 6]
      [Scan RS (ms): Min: 0.0, Avg: 0.0, Max: 0.0, Diff: 0.0, Sum: 0.0]
      [Code Root Scanning (ms): Min: 0.0, Avg: 0.0, Max: 0.0, Diff: 0.0, Sum: 0.0]
      [Object Copy (ms): Min: 0.5, Avg: 0.6, Max: 0.6, Diff: 0.1, Sum: 2.2]
      [Termination (ms): Min: 0.0, Avg: 0.0, Max: 0.0, Diff: 0.0, Sum: 0.0]
         [Termination Attempts: Min: 1, Avg: 1.0, Max: 1, Diff: 0, Sum: 4]
      [GC Worker Other (ms): Min: 0.0, Avg: 0.0, Max: 0.0, Diff: 0.0, Sum: 0.1]
      [GC Worker Total (ms): Min: 1.8, Avg: 1.8, Max: 1.9, Diff: 0.1, Sum: 7.4]
      [GC Worker End (ms): Min: 18961.4, Avg: 18961.4, Max: 18961.4, Diff: 0.0]
   [Code Root Fixup: 0.0 ms]
   [Code Root Purge: 0.0 ms]
   [Clear CT: 0.1 ms]
   [Other: 0.2 ms]
      [Choose CSet: 0.0 ms]
      [Ref Proc: 0.1 ms]
      [Ref Enq: 0.0 ms]
      [Redirty Cards: 0.1 ms]
      [Humongous Register: 0.0 ms]
      [Humongous Reclaim: 0.0 ms]
      [Free CSet: 0.0 ms]
   [Eden: 1024.0K(1024.0K)->0.0B(1024.0K) Survivors: 1024.0K->1024.0K Heap: 43.2M(50.0M)->42.1M(50.0M)]
 [Times: user=0.00 sys=0.00, real=0.00 secs] 
2021-04-15T21:12:25.902+0800: 18.969: [GC pause (G1 Evacuation Pause) (young), 0.0021018 secs]
   [Parallel Time: 1.8 ms, GC Workers: 4]
      [GC Worker Start (ms): Min: 18969.5, Avg: 18969.5, Max: 18969.6, Diff: 0.0]
      [Ext Root Scanning (ms): Min: 0.6, Avg: 0.8, Max: 1.0, Diff: 0.4, Sum: 3.0]
      [Update RS (ms): Min: 0.3, Avg: 0.4, Max: 0.6, Diff: 0.3, Sum: 1.7]
         [Processed Buffers: Min: 1, Avg: 1.5, Max: 3, Diff: 2, Sum: 6]
      [Scan RS (ms): Min: 0.0, Avg: 0.0, Max: 0.0, Diff: 0.0, Sum: 0.0]
      [Code Root Scanning (ms): Min: 0.0, Avg: 0.0, Max: 0.0, Diff: 0.0, Sum: 0.0]
      [Object Copy (ms): Min: 0.4, Avg: 0.5, Max: 0.7, Diff: 0.3, Sum: 2.1]
      [Termination (ms): Min: 0.0, Avg: 0.0, Max: 0.0, Diff: 0.0, Sum: 0.0]
         [Termination Attempts: Min: 1, Avg: 1.0, Max: 1, Diff: 0, Sum: 4]
      [GC Worker Other (ms): Min: 0.0, Avg: 0.0, Max: 0.0, Diff: 0.0, Sum: 0.0]
      [GC Worker Total (ms): Min: 1.7, Avg: 1.7, Max: 1.7, Diff: 0.0, Sum: 6.8]
      [GC Worker End (ms): Min: 18971.3, Avg: 18971.3, Max: 18971.3, Diff: 0.0]
   [Code Root Fixup: 0.0 ms]
   [Code Root Purge: 0.0 ms]
   [Clear CT: 0.1 ms]
   [Other: 0.2 ms]
      [Choose CSet: 0.0 ms]
      [Ref Proc: 0.1 ms]
      [Ref Enq: 0.0 ms]
      [Redirty Cards: 0.0 ms]
      [Humongous Register: 0.0 ms]
      [Humongous Reclaim: 0.0 ms]
      [Free CSet: 0.0 ms]
   [Eden: 1024.0K(1024.0K)->0.0B(1024.0K) Survivors: 1024.0K->1024.0K Heap: 43.1M(50.0M)->42.2M(50.0M)]
 [Times: user=0.00 sys=0.00, real=0.00 secs] 
2021-04-15T21:12:25.912+0800: 18.979: [GC concurrent-mark-end, 0.1701904 secs]
2021-04-15T21:12:25.912+0800: 18.979: [GC remark 2021-04-15T21:12:25.912+0800: 18.979: [Finalize Marking, 0.0001178 secs] 2021-04-15T21:12:25.912+0800: 18.979: [GC ref-proc, 0.0007893 secs] 2021-04-15T21:12:25.913+0800: 18.980: [Unloading, 0.0104435 secs], 0.0117794 secs]
 [Times: user=0.00 sys=0.00, real=0.01 secs] 
2021-04-15T21:12:25.925+0800: 18.992: [GC cleanup 42M->42M(50M), 0.0005052 secs]
 [Times: user=0.00 sys=0.00, real=0.00 secs] 
2021-04-15T21:12:25.929+0800: 18.996: [GC pause (G1 Evacuation Pause) (young), 0.0022187 secs]
   [Parallel Time: 2.0 ms, GC Workers: 4]
      [GC Worker Start (ms): Min: 18995.7, Avg: 18995.7, Max: 18995.7, Diff: 0.0]
      [Ext Root Scanning (ms): Min: 0.7, Avg: 0.9, Max: 1.3, Diff: 0.6, Sum: 3.6]
      [Update RS (ms): Min: 0.4, Avg: 0.5, Max: 0.5, Diff: 0.1, Sum: 1.8]
         [Processed Buffers: Min: 1, Avg: 1.8, Max: 2, Diff: 1, Sum: 7]
      [Scan RS (ms): Min: 0.0, Avg: 0.0, Max: 0.0, Diff: 0.0, Sum: 0.0]
      [Code Root Scanning (ms): Min: 0.0, Avg: 0.0, Max: 0.0, Diff: 0.0, Sum: 0.0]
      [Object Copy (ms): Min: 0.2, Avg: 0.5, Max: 0.7, Diff: 0.5, Sum: 2.0]
      [Termination (ms): Min: 0.0, Avg: 0.0, Max: 0.0, Diff: 0.0, Sum: 0.0]
         [Termination Attempts: Min: 1, Avg: 1.0, Max: 1, Diff: 0, Sum: 4]
      [GC Worker Other (ms): Min: 0.0, Avg: 0.0, Max: 0.0, Diff: 0.0, Sum: 0.1]
      [GC Worker Total (ms): Min: 1.9, Avg: 1.9, Max: 1.9, Diff: 0.0, Sum: 7.6]
      [GC Worker End (ms): Min: 18997.6, Avg: 18997.6, Max: 18997.6, Diff: 0.0]
   [Code Root Fixup: 0.0 ms]
   [Code Root Purge: 0.0 ms]
   [Clear CT: 0.0 ms]
   [Other: 0.2 ms]
      [Choose CSet: 0.0 ms]
      [Ref Proc: 0.1 ms]
      [Ref Enq: 0.0 ms]
      [Redirty Cards: 0.0 ms]
      [Humongous Register: 0.0 ms]
      [Humongous Reclaim: 0.0 ms]
      [Free CSet: 0.0 ms]
   [Eden: 1024.0K(1024.0K)->0.0B(1024.0K) Survivors: 1024.0K->1024.0K Heap: 43.2M(50.0M)->42.3M(50.0M)]
 [Times: user=0.00 sys=0.00, real=0.00 secs] 
2021-04-15T21:12:25.936+0800: 19.004: [GC pause (G1 Evacuation Pause) (mixed), 0.0075200 secs]
   [Parallel Time: 7.1 ms, GC Workers: 4]
      [GC Worker Start (ms): Min: 19003.7, Avg: 19003.7, Max: 19003.7, Diff: 0.0]
      [Ext Root Scanning (ms): Min: 0.6, Avg: 0.8, Max: 1.2, Diff: 0.6, Sum: 3.3]
      [Update RS (ms): Min: 0.0, Avg: 0.3, Max: 0.6, Diff: 0.6, Sum: 1.4]
         [Processed Buffers: Min: 0, Avg: 1.5, Max: 3, Diff: 3, Sum: 6]
      [Scan RS (ms): Min: 3.1, Avg: 3.2, Max: 3.4, Diff: 0.3, Sum: 12.9]
      [Code Root Scanning (ms): Min: 0.0, Avg: 0.1, Max: 0.2, Diff: 0.2, Sum: 0.3]
      [Object Copy (ms): Min: 2.3, Avg: 2.5, Max: 2.7, Diff: 0.5, Sum: 10.2]
      [Termination (ms): Min: 0.0, Avg: 0.0, Max: 0.0, Diff: 0.0, Sum: 0.0]
         [Termination Attempts: Min: 1, Avg: 1.0, Max: 1, Diff: 0, Sum: 4]
      [GC Worker Other (ms): Min: 0.0, Avg: 0.0, Max: 0.0, Diff: 0.0, Sum: 0.0]
      [GC Worker Total (ms): Min: 7.0, Avg: 7.0, Max: 7.0, Diff: 0.0, Sum: 28.1]
      [GC Worker End (ms): Min: 19010.7, Avg: 19010.7, Max: 19010.7, Diff: 0.0]
   [Code Root Fixup: 0.1 ms]
   [Code Root Purge: 0.0 ms]
   [Clear CT: 0.0 ms]
   [Other: 0.3 ms]
      [Choose CSet: 0.0 ms]
      [Ref Proc: 0.1 ms]
      [Ref Enq: 0.0 ms]
      [Redirty Cards: 0.0 ms]
      [Humongous Register: 0.0 ms]
      [Humongous Reclaim: 0.0 ms]
      [Free CSet: 0.0 ms]
   [Eden: 1024.0K(1024.0K)->0.0B(1024.0K) Survivors: 1024.0K->1024.0K Heap: 43.3M(50.0M)->38.6M(50.0M)]
 [Times: user=0.06 sys=0.00, real=0.01 secs] 
2021-04-15T21:12:25.955+0800: 19.022: [GC pause (G1 Evacuation Pause) (mixed), 0.0198622 secs]
   [Parallel Time: 19.1 ms, GC Workers: 4]
      [GC Worker Start (ms): Min: 19021.8, Avg: 19021.8, Max: 19021.8, Diff: 0.0]
      [Ext Root Scanning (ms): Min: 0.6, Avg: 0.8, Max: 1.3, Diff: 0.7, Sum: 3.2]
      [Update RS (ms): Min: 6.2, Avg: 6.6, Max: 6.9, Diff: 0.6, Sum: 26.2]
         [Processed Buffers: Min: 9, Avg: 10.3, Max: 12, Diff: 3, Sum: 41]
      [Scan RS (ms): Min: 5.2, Avg: 5.4, Max: 5.7, Diff: 0.5, Sum: 21.7]
      [Code Root Scanning (ms): Min: 0.0, Avg: 0.2, Max: 0.5, Diff: 0.5, Sum: 0.7]
      [Object Copy (ms): Min: 5.7, Avg: 6.1, Max: 6.3, Diff: 0.6, Sum: 24.3]
      [Termination (ms): Min: 0.0, Avg: 0.0, Max: 0.0, Diff: 0.0, Sum: 0.0]
         [Termination Attempts: Min: 1, Avg: 3.0, Max: 4, Diff: 3, Sum: 12]
      [GC Worker Other (ms): Min: 0.0, Avg: 0.0, Max: 0.0, Diff: 0.0, Sum: 0.0]
      [GC Worker Total (ms): Min: 19.0, Avg: 19.0, Max: 19.0, Diff: 0.0, Sum: 76.1]
      [GC Worker End (ms): Min: 19040.8, Avg: 19040.8, Max: 19040.8, Diff: 0.0]
   [Code Root Fixup: 0.2 ms]
   [Code Root Purge: 0.0 ms]
   [Clear CT: 0.1 ms]
   [Other: 0.5 ms]
      [Choose CSet: 0.0 ms]
      [Ref Proc: 0.3 ms]
      [Ref Enq: 0.0 ms]
      [Redirty Cards: 0.1 ms]
      [Humongous Register: 0.0 ms]
      [Humongous Reclaim: 0.0 ms]
      [Free CSet: 0.1 ms]
   [Eden: 1024.0K(1024.0K)->0.0B(1024.0K) Survivors: 1024.0K->1024.0K Heap: 39.6M(50.0M)->38.6M(50.0M)]
 [Times: user=0.06 sys=0.00, real=0.02 secs] 
2021-04-15T21:12:25.983+0800: 19.050: [GC pause (G1 Evacuation Pause) (mixed), 0.0200695 secs]
   [Parallel Time: 19.7 ms, GC Workers: 4]
      [GC Worker Start (ms): Min: 19049.7, Avg: 19049.8, Max: 19049.8, Diff: 0.0]
      [Ext Root Scanning (ms): Min: 0.6, Avg: 0.8, Max: 1.3, Diff: 0.6, Sum: 3.3]
      [Update RS (ms): Min: 11.9, Avg: 12.1, Max: 12.3, Diff: 0.4, Sum: 48.5]
         [Processed Buffers: Min: 18, Avg: 19.5, Max: 21, Diff: 3, Sum: 78]
      [Scan RS (ms): Min: 4.3, Avg: 4.4, Max: 4.5, Diff: 0.2, Sum: 17.6]
      [Code Root Scanning (ms): Min: 0.0, Avg: 0.1, Max: 0.2, Diff: 0.2, Sum: 0.3]
      [Object Copy (ms): Min: 2.1, Avg: 2.2, Max: 2.3, Diff: 0.3, Sum: 8.8]
      [Termination (ms): Min: 0.0, Avg: 0.0, Max: 0.0, Diff: 0.0, Sum: 0.0]
         [Termination Attempts: Min: 1, Avg: 4.3, Max: 7, Diff: 6, Sum: 17]
      [GC Worker Other (ms): Min: 0.0, Avg: 0.0, Max: 0.0, Diff: 0.0, Sum: 0.1]
      [GC Worker Total (ms): Min: 19.6, Avg: 19.6, Max: 19.6, Diff: 0.0, Sum: 78.5]
      [GC Worker End (ms): Min: 19069.4, Avg: 19069.4, Max: 19069.4, Diff: 0.0]
   [Code Root Fixup: 0.1 ms]
   [Code Root Purge: 0.0 ms]
   [Clear CT: 0.1 ms]
   [Other: 0.2 ms]
      [Choose CSet: 0.0 ms]
      [Ref Proc: 0.1 ms]
      [Ref Enq: 0.0 ms]
      [Redirty Cards: 0.0 ms]
      [Humongous Register: 0.0 ms]
      [Humongous Reclaim: 0.0 ms]
      [Free CSet: 0.0 ms]
   [Eden: 1024.0K(1024.0K)->0.0B(4096.0K) Survivors: 1024.0K->1024.0K Heap: 39.6M(50.0M)->39.4M(50.0M)]
 [Times: user=0.11 sys=0.00, real=0.02 secs] 
2021-04-15T21:12:26.031+0800: 19.098: [GC pause (G1 Evacuation Pause) (young), 0.0092612 secs]
   [Parallel Time: 8.7 ms, GC Workers: 4]
      [GC Worker Start (ms): Min: 19098.0, Avg: 19098.0, Max: 19098.0, Diff: 0.0]
      [Ext Root Scanning (ms): Min: 0.6, Avg: 0.7, Max: 1.0, Diff: 0.4, Sum: 2.9]
      [Update RS (ms): Min: 6.9, Avg: 7.2, Max: 7.4, Diff: 0.5, Sum: 28.6]
         [Processed Buffers: Min: 11, Avg: 11.8, Max: 13, Diff: 2, Sum: 47]
      [Scan RS (ms): Min: 0.0, Avg: 0.0, Max: 0.0, Diff: 0.0, Sum: 0.0]
      [Code Root Scanning (ms): Min: 0.0, Avg: 0.0, Max: 0.0, Diff: 0.0, Sum: 0.0]
      [Object Copy (ms): Min: 0.5, Avg: 0.6, Max: 0.7, Diff: 0.2, Sum: 2.5]
      [Termination (ms): Min: 0.0, Avg: 0.1, Max: 0.1, Diff: 0.1, Sum: 0.3]
         [Termination Attempts: Min: 1, Avg: 1.0, Max: 1, Diff: 0, Sum: 4]
      [GC Worker Other (ms): Min: 0.0, Avg: 0.0, Max: 0.0, Diff: 0.0, Sum: 0.0]
      [GC Worker Total (ms): Min: 8.6, Avg: 8.6, Max: 8.6, Diff: 0.0, Sum: 34.4]
      [GC Worker End (ms): Min: 19106.5, Avg: 19106.6, Max: 19106.6, Diff: 0.0]
   [Code Root Fixup: 0.0 ms]
   [Code Root Purge: 0.0 ms]
   [Clear CT: 0.1 ms]
   [Other: 0.5 ms]
      [Choose CSet: 0.0 ms]
      [Ref Proc: 0.1 ms]
      [Ref Enq: 0.0 ms]
      [Redirty Cards: 0.1 ms]
      [Humongous Register: 0.0 ms]
      [Humongous Reclaim: 0.0 ms]
      [Free CSet: 0.1 ms]
   [Eden: 4096.0K(4096.0K)->0.0B(3072.0K) Survivors: 1024.0K->1024.0K Heap: 43.4M(50.0M)->40.5M(50.0M)]
 [Times: user=0.06 sys=0.00, real=0.01 secs] 
2021-04-15T21:12:26.070+0800: 19.137: [GC pause (G1 Evacuation Pause) (young) (initial-mark), 0.0030285 secs]
   [Parallel Time: 2.7 ms, GC Workers: 4]
      [GC Worker Start (ms): Min: 19136.7, Avg: 19136.7, Max: 19136.7, Diff: 0.0]
      [Ext Root Scanning (ms): Min: 1.5, Avg: 1.6, Max: 1.6, Diff: 0.1, Sum: 6.2]
      [Update RS (ms): Min: 0.2, Avg: 0.3, Max: 0.3, Diff: 0.1, Sum: 1.1]
         [Processed Buffers: Min: 1, Avg: 2.3, Max: 5, Diff: 4, Sum: 9]
      [Scan RS (ms): Min: 0.0, Avg: 0.0, Max: 0.0, Diff: 0.0, Sum: 0.0]
      [Code Root Scanning (ms): Min: 0.0, Avg: 0.0, Max: 0.0, Diff: 0.0, Sum: 0.1]
      [Object Copy (ms): Min: 0.6, Avg: 0.7, Max: 0.8, Diff: 0.3, Sum: 2.8]
      [Termination (ms): Min: 0.0, Avg: 0.0, Max: 0.0, Diff: 0.0, Sum: 0.0]
         [Termination Attempts: Min: 1, Avg: 1.0, Max: 1, Diff: 0, Sum: 4]
      [GC Worker Other (ms): Min: 0.0, Avg: 0.0, Max: 0.0, Diff: 0.0, Sum: 0.0]
      [GC Worker Total (ms): Min: 2.5, Avg: 2.5, Max: 2.6, Diff: 0.0, Sum: 10.2]
      [GC Worker End (ms): Min: 19139.3, Avg: 19139.3, Max: 19139.3, Diff: 0.0]
   [Code Root Fixup: 0.0 ms]
   [Code Root Purge: 0.0 ms]
   [Clear CT: 0.0 ms]
   [Other: 0.3 ms]
      [Choose CSet: 0.0 ms]
      [Ref Proc: 0.1 ms]
      [Ref Enq: 0.0 ms]
      [Redirty Cards: 0.1 ms]
      [Humongous Register: 0.0 ms]
      [Humongous Reclaim: 0.0 ms]
      [Free CSet: 0.0 ms]
   [Eden: 3072.0K(3072.0K)->0.0B(2048.0K) Survivors: 1024.0K->1024.0K Heap: 43.5M(50.0M)->40.7M(50.0M)]
 [Times: user=0.00 sys=0.00, real=0.00 secs] 
2021-04-15T21:12:26.073+0800: 19.140: [GC concurrent-root-region-scan-start]
2021-04-15T21:12:26.076+0800: 19.143: [GC concurrent-root-region-scan-end, 0.0033574 secs]
2021-04-15T21:12:26.076+0800: 19.143: [GC concurrent-mark-start]
2021-04-15T21:12:26.097+0800: 19.164: [GC pause (G1 Evacuation Pause) (young), 0.0021235 secs]
   [Parallel Time: 1.8 ms, GC Workers: 4]
      [GC Worker Start (ms): Min: 19164.3, Avg: 19164.3, Max: 19164.3, Diff: 0.0]
      [Ext Root Scanning (ms): Min: 0.7, Avg: 0.8, Max: 1.1, Diff: 0.4, Sum: 3.3]
      [Update RS (ms): Min: 0.2, Avg: 0.3, Max: 0.4, Diff: 0.1, Sum: 1.1]
         [Processed Buffers: Min: 1, Avg: 2.3, Max: 5, Diff: 4, Sum: 9]
      [Scan RS (ms): Min: 0.0, Avg: 0.0, Max: 0.0, Diff: 0.0, Sum: 0.0]
      [Code Root Scanning (ms): Min: 0.0, Avg: 0.0, Max: 0.0, Diff: 0.0, Sum: 0.0]
      [Object Copy (ms): Min: 0.4, Avg: 0.6, Max: 0.7, Diff: 0.3, Sum: 2.4]
      [Termination (ms): Min: 0.0, Avg: 0.0, Max: 0.0, Diff: 0.0, Sum: 0.0]
         [Termination Attempts: Min: 1, Avg: 1.0, Max: 1, Diff: 0, Sum: 4]
      [GC Worker Other (ms): Min: 0.0, Avg: 0.0, Max: 0.0, Diff: 0.0, Sum: 0.0]
      [GC Worker Total (ms): Min: 1.7, Avg: 1.7, Max: 1.7, Diff: 0.0, Sum: 6.9]
      [GC Worker End (ms): Min: 19166.0, Avg: 19166.1, Max: 19166.1, Diff: 0.0]
   [Code Root Fixup: 0.0 ms]
   [Code Root Purge: 0.0 ms]
   [Clear CT: 0.1 ms]
   [Other: 0.3 ms]
      [Choose CSet: 0.0 ms]
      [Ref Proc: 0.1 ms]
      [Ref Enq: 0.0 ms]
      [Redirty Cards: 0.1 ms]
      [Humongous Register: 0.0 ms]
      [Humongous Reclaim: 0.0 ms]
      [Free CSet: 0.0 ms]
   [Eden: 2048.0K(2048.0K)->0.0B(2048.0K) Survivors: 1024.0K->1024.0K Heap: 42.7M(50.0M)->41.0M(50.0M)]
 [Times: user=0.00 sys=0.00, real=0.00 secs] 
2021-04-15T21:12:26.121+0800: 19.188: [GC pause (G1 Evacuation Pause) (young), 0.0030029 secs]
   [Parallel Time: 2.2 ms, GC Workers: 4]
      [GC Worker Start (ms): Min: 19188.5, Avg: 19188.5, Max: 19188.6, Diff: 0.0]
      [Ext Root Scanning (ms): Min: 0.7, Avg: 0.8, Max: 1.1, Diff: 0.4, Sum: 3.3]
      [Update RS (ms): Min: 0.3, Avg: 0.6, Max: 0.9, Diff: 0.6, Sum: 2.2]
         [Processed Buffers: Min: 1, Avg: 2.0, Max: 4, Diff: 3, Sum: 8]
      [Scan RS (ms): Min: 0.0, Avg: 0.0, Max: 0.0, Diff: 0.0, Sum: 0.0]
      [Code Root Scanning (ms): Min: 0.0, Avg: 0.0, Max: 0.0, Diff: 0.0, Sum: 0.0]
      [Object Copy (ms): Min: 0.4, Avg: 0.7, Max: 0.9, Diff: 0.5, Sum: 2.7]
      [Termination (ms): Min: 0.0, Avg: 0.0, Max: 0.0, Diff: 0.0, Sum: 0.0]
         [Termination Attempts: Min: 1, Avg: 1.0, Max: 1, Diff: 0, Sum: 4]
      [GC Worker Other (ms): Min: 0.0, Avg: 0.0, Max: 0.0, Diff: 0.0, Sum: 0.0]
      [GC Worker Total (ms): Min: 2.1, Avg: 2.1, Max: 2.1, Diff: 0.0, Sum: 8.3]
      [GC Worker End (ms): Min: 19190.6, Avg: 19190.6, Max: 19190.6, Diff: 0.0]
   [Code Root Fixup: 0.1 ms]
   [Code Root Purge: 0.0 ms]
   [Clear CT: 0.2 ms]
   [Other: 0.6 ms]
      [Choose CSet: 0.0 ms]
      [Ref Proc: 0.4 ms]
      [Ref Enq: 0.0 ms]
      [Redirty Cards: 0.1 ms]
      [Humongous Register: 0.0 ms]
      [Humongous Reclaim: 0.0 ms]
      [Free CSet: 0.0 ms]
   [Eden: 2048.0K(2048.0K)->0.0B(2048.0K) Survivors: 1024.0K->1024.0K Heap: 43.0M(50.0M)->41.0M(50.0M)]
 [Times: user=0.00 sys=0.00, real=0.00 secs] 
2021-04-15T21:12:26.146+0800: 19.213: [GC pause (G1 Evacuation Pause) (young), 0.0024090 secs]
   [Parallel Time: 2.1 ms, GC Workers: 4]
      [GC Worker Start (ms): Min: 19213.2, Avg: 19213.2, Max: 19213.2, Diff: 0.0]
      [Ext Root Scanning (ms): Min: 0.8, Avg: 0.9, Max: 1.1, Diff: 0.3, Sum: 3.8]
      [Update RS (ms): Min: 0.3, Avg: 0.4, Max: 0.6, Diff: 0.2, Sum: 1.7]
         [Processed Buffers: Min: 1, Avg: 2.8, Max: 7, Diff: 6, Sum: 11]
      [Scan RS (ms): Min: 0.0, Avg: 0.0, Max: 0.0, Diff: 0.0, Sum: 0.0]
      [Code Root Scanning (ms): Min: 0.0, Avg: 0.0, Max: 0.0, Diff: 0.0, Sum: 0.0]
      [Object Copy (ms): Min: 0.5, Avg: 0.6, Max: 0.8, Diff: 0.2, Sum: 2.5]
      [Termination (ms): Min: 0.0, Avg: 0.0, Max: 0.0, Diff: 0.0, Sum: 0.0]
         [Termination Attempts: Min: 1, Avg: 1.0, Max: 1, Diff: 0, Sum: 4]
      [GC Worker Other (ms): Min: 0.0, Avg: 0.0, Max: 0.0, Diff: 0.0, Sum: 0.0]
      [GC Worker Total (ms): Min: 2.0, Avg: 2.0, Max: 2.1, Diff: 0.0, Sum: 8.2]
      [GC Worker End (ms): Min: 19215.3, Avg: 19215.3, Max: 19215.3, Diff: 0.0]
   [Code Root Fixup: 0.0 ms]
   [Code Root Purge: 0.0 ms]
   [Clear CT: 0.0 ms]
   [Other: 0.3 ms]
      [Choose CSet: 0.0 ms]
      [Ref Proc: 0.1 ms]
      [Ref Enq: 0.0 ms]
      [Redirty Cards: 0.0 ms]
      [Humongous Register: 0.0 ms]
      [Humongous Reclaim: 0.0 ms]
      [Free CSet: 0.0 ms]
   [Eden: 2048.0K(2048.0K)->0.0B(2048.0K) Survivors: 1024.0K->1024.0K Heap: 43.0M(50.0M)->41.0M(50.0M)]
 [Times: user=0.00 sys=0.00, real=0.00 secs] 
2021-04-15T21:12:26.205+0800: 19.272: [GC concurrent-mark-end, 0.1285900 secs]
2021-04-15T21:12:26.205+0800: 19.272: [GC remark 2021-04-15T21:12:26.205+0800: 19.272: [Finalize Marking, 0.0000990 secs] 2021-04-15T21:12:26.205+0800: 19.272: [GC ref-proc, 0.0007753 secs] 2021-04-15T21:12:26.206+0800: 19.273: [Unloading, 0.0099452 secs], 0.0111620 secs]
 [Times: user=0.00 sys=0.00, real=0.01 secs] 
2021-04-15T21:12:26.217+0800: 19.284: [GC cleanup 42M->42M(50M), 0.0004604 secs]
 [Times: user=0.00 sys=0.00, real=0.00 secs] 
