# JDK11 Serial GC收集器日志分析:
[0.104s][info][gc] Using Serial
# 内存概览: 堆内存地址、堆内存总大小、、压缩指针模式
[0.105s][info][gc,heap,coops] Heap address: 0x00000000fe200000, size: 30 MB, Compressed Oops mode: 32-bit
# 年轻代GC, 第1次回收为GC(0)
[1.846s][info][gc,start     ] GC(0) Pause Young (Allocation Failure)
# 年轻代回收前后的内存以及总内存大小
[1.862s][info][gc,heap      ] GC(0) DefNew: 8192K->1024K(9216K)
# 老年代回收前后的内存以及总内存大小
[1.862s][info][gc,heap      ] GC(0) Tenured: 0K->4482K(20480K)
# 元空间回收前后的内存以及总内存大小
[1.862s][info][gc,metaspace ] GC(0) Metaspace: 6131K->6131K(1056768K)
# 整个堆回收前后的内存以及总内存大小
[1.862s][info][gc           ] GC(0) Pause Young (Allocation Failure) 8M->5M(29M) 16.267ms
# 用户、系统、实际耗时
[1.862s][info][gc,cpu       ] GC(0) User=0.00s Sys=0.00s Real=0.02s
[4.813s][info][gc,start     ] GC(1) Pause Young (Allocation Failure)
[4.824s][info][gc,heap      ] GC(1) DefNew: 9216K->1024K(9216K)
[4.824s][info][gc,heap      ] GC(1) Tenured: 4482K->6236K(20480K)
[4.824s][info][gc,metaspace ] GC(1) Metaspace: 11473K->11473K(1060864K)
[4.824s][info][gc           ] GC(1) Pause Young (Allocation Failure) 13M->7M(29M) 11.722ms
[4.824s][info][gc,cpu       ] GC(1) User=0.02s Sys=0.00s Real=0.01s
[5.149s][info][gc,start     ] GC(2) Pause Young (Allocation Failure)
[5.156s][info][gc,heap      ] GC(2) DefNew: 9208K->1024K(9216K)
[5.156s][info][gc,heap      ] GC(2) Tenured: 6236K->7330K(20480K)
[5.156s][info][gc,metaspace ] GC(2) Metaspace: 13413K->13413K(1060864K)
[5.156s][info][gc           ] GC(2) Pause Young (Allocation Failure) 15M->8M(29M) 7.003ms
[5.156s][info][gc,cpu       ] GC(2) User=0.00s Sys=0.00s Real=0.01s
[5.371s][info][gc,start     ] GC(3) Pause Young (Allocation Failure)
[5.376s][info][gc,heap      ] GC(3) DefNew: 9216K->535K(9216K)
[5.376s][info][gc,heap      ] GC(3) Tenured: 7330K->8269K(20480K)
[5.376s][info][gc,metaspace ] GC(3) Metaspace: 15179K->15179K(1062912K)
[5.376s][info][gc           ] GC(3) Pause Young (Allocation Failure) 16M->8M(29M) 5.683ms
[5.376s][info][gc,cpu       ] GC(3) User=0.00s Sys=0.00s Real=0.01s
[5.493s][info][gc,start     ] GC(4) Pause Young (Allocation Failure)
[5.497s][info][gc,heap      ] GC(4) DefNew: 8727K->355K(9216K)
[5.497s][info][gc,heap      ] GC(4) Tenured: 8269K->8768K(20480K)
[5.497s][info][gc,metaspace ] GC(4) Metaspace: 16649K->16649K(1064960K)
[5.497s][info][gc           ] GC(4) Pause Young (Allocation Failure) 16M->8M(29M) 3.961ms
[5.497s][info][gc,cpu       ] GC(4) User=0.00s Sys=0.00s Real=0.00s
[5.592s][info][gc,start     ] GC(5) Pause Young (GCLocker Initiated GC)
[5.594s][info][gc,heap      ] GC(5) DefNew: 8550K->591K(9216K)
[5.594s][info][gc,heap      ] GC(5) Tenured: 8768K->8768K(20480K)
[5.594s][info][gc,metaspace ] GC(5) Metaspace: 17618K->17618K(1064960K)
[5.594s][info][gc           ] GC(5) Pause Young (GCLocker Initiated GC) 16M->9M(29M) 2.581ms
[5.594s][info][gc,cpu       ] GC(5) User=0.00s Sys=0.00s Real=0.00s
[5.680s][info][gc,start     ] GC(6) Pause Young (Allocation Failure)
[5.685s][info][gc,heap      ] GC(6) DefNew: 8783K->500K(9216K)
[5.685s][info][gc,heap      ] GC(6) Tenured: 8768K->9085K(20480K)
[5.685s][info][gc,metaspace ] GC(6) Metaspace: 18337K->18337K(1067008K)
[5.685s][info][gc           ] GC(6) Pause Young (Allocation Failure) 17M->9M(29M) 4.677ms
[5.685s][info][gc,cpu       ] GC(6) User=0.00s Sys=0.00s Real=0.00s
[5.816s][info][gc,start     ] GC(7) Pause Young (Allocation Failure)
[5.820s][info][gc,heap      ] GC(7) DefNew: 8692K->887K(9216K)
[5.820s][info][gc,heap      ] GC(7) Tenured: 9085K->9085K(20480K)
[5.820s][info][gc,metaspace ] GC(7) Metaspace: 19172K->19172K(1067008K)
[5.820s][info][gc           ] GC(7) Pause Young (Allocation Failure) 17M->9M(29M) 3.808ms
[5.820s][info][gc,cpu       ] GC(7) User=0.02s Sys=0.00s Real=0.00s
[5.904s][info][gc,start     ] GC(8) Pause Young (Allocation Failure)
[5.908s][info][gc,heap      ] GC(8) DefNew: 9079K->489K(9216K)
[5.908s][info][gc,heap      ] GC(8) Tenured: 9085K->9568K(20480K)
[5.908s][info][gc,metaspace ] GC(8) Metaspace: 20216K->20216K(1067008K)
[5.908s][info][gc           ] GC(8) Pause Young (Allocation Failure) 17M->9M(29M) 4.172ms
[5.908s][info][gc,cpu       ] GC(8) User=0.00s Sys=0.00s Real=0.00s
[5.945s][info][gc,start     ] GC(9) Pause Young (GCLocker Initiated GC)
[5.948s][info][gc,heap      ] GC(9) DefNew: 3933K->635K(9216K)
[5.948s][info][gc,heap      ] GC(9) Tenured: 9568K->9568K(20480K)
[5.948s][info][gc,metaspace ] GC(9) Metaspace: 20692K->20692K(1069056K)
[5.948s][info][gc           ] GC(9) Pause Young (GCLocker Initiated GC) 13M->9M(29M) 3.023ms
[5.948s][info][gc,cpu       ] GC(9) User=0.00s Sys=0.00s Real=0.00s
[5.972s][info][gc,start     ] GC(10) Pause Full (Metadata GC Threshold)
[5.972s][info][gc,phases,start] GC(10) Phase 1: Mark live objects
[5.985s][info][gc,phases      ] GC(10) Phase 1: Mark live objects 13.669ms
[5.986s][info][gc,phases,start] GC(10) Phase 2: Compute new object addresses
[5.989s][info][gc,phases      ] GC(10) Phase 2: Compute new object addresses 3.694ms
[5.989s][info][gc,phases,start] GC(10) Phase 3: Adjust pointers
[5.996s][info][gc,phases      ] GC(10) Phase 3: Adjust pointers 6.363ms
[5.996s][info][gc,phases,start] GC(10) Phase 4: Move objects
[5.997s][info][gc,phases      ] GC(10) Phase 4: Move objects 0.771ms
[5.997s][info][gc,heap        ] GC(10) DefNew: 2721K->0K(9216K)
[5.997s][info][gc,heap        ] GC(10) Tenured: 9568K->10320K(20480K)
[5.997s][info][gc,metaspace   ] GC(10) Metaspace: 20972K->20972K(1069056K)
[5.997s][info][gc             ] GC(10) Pause Full (Metadata GC Threshold) 12M->10M(29M) 25.443ms
[5.997s][info][gc,cpu         ] GC(10) User=0.03s Sys=0.00s Real=0.02s
[6.082s][info][gc,start       ] GC(11) Pause Young (Allocation Failure)
[6.085s][info][gc,heap        ] GC(11) DefNew: 8192K->295K(9216K)
[6.085s][info][gc,heap        ] GC(11) Tenured: 10320K->10320K(20480K)
[6.085s][info][gc,metaspace   ] GC(11) Metaspace: 22294K->22294K(1069056K)
[6.085s][info][gc             ] GC(11) Pause Young (Allocation Failure) 18M->10M(29M) 3.002ms
[6.085s][info][gc,cpu         ] GC(11) User=0.02s Sys=0.00s Real=0.00s
[6.151s][info][gc,start       ] GC(12) Pause Young (Allocation Failure)
[6.154s][info][gc,heap        ] GC(12) DefNew: 8487K->525K(9216K)
[6.154s][info][gc,heap        ] GC(12) Tenured: 10320K->10320K(20480K)
[6.154s][info][gc,metaspace   ] GC(12) Metaspace: 23518K->23518K(1071104K)
[6.154s][info][gc             ] GC(12) Pause Young (Allocation Failure) 18M->10M(29M) 2.675ms
[6.154s][info][gc,cpu         ] GC(12) User=0.00s Sys=0.00s Real=0.00s
[6.270s][info][gc,start       ] GC(13) Pause Young (Allocation Failure)
[6.276s][info][gc,heap        ] GC(13) DefNew: 8717K->786K(9216K)
[6.276s][info][gc,heap        ] GC(13) Tenured: 10320K->10592K(20480K)
[6.276s][info][gc,metaspace   ] GC(13) Metaspace: 25163K->25163K(1073152K)
[6.276s][info][gc             ] GC(13) Pause Young (Allocation Failure) 18M->11M(29M) 6.346ms
[6.276s][info][gc,cpu         ] GC(13) User=0.02s Sys=0.00s Real=0.01s
[6.471s][info][gc,start       ] GC(14) Pause Young (Allocation Failure)
[6.477s][info][gc,heap        ] GC(14) DefNew: 8978K->807K(9216K)
[6.477s][info][gc,heap        ] GC(14) Tenured: 10592K->11346K(20480K)
[6.477s][info][gc,metaspace   ] GC(14) Metaspace: 25486K->25486K(1073152K)
[6.477s][info][gc             ] GC(14) Pause Young (Allocation Failure) 19M->11M(29M) 5.935ms
[6.477s][info][gc,cpu         ] GC(14) User=0.02s Sys=0.00s Real=0.01s
[6.767s][info][gc,start       ] GC(15) Pause Young (Allocation Failure)
[6.770s][info][gc,heap        ] GC(15) DefNew: 8999K->440K(9216K)
[6.770s][info][gc,heap        ] GC(15) Tenured: 11346K->12135K(20480K)
[6.770s][info][gc,metaspace   ] GC(15) Metaspace: 25556K->25556K(1073152K)
[6.770s][info][gc             ] GC(15) Pause Young (Allocation Failure) 19M->12M(29M) 3.266ms
[6.770s][info][gc,cpu         ] GC(15) User=0.00s Sys=0.00s Real=0.00s
[6.855s][info][gc,start       ] GC(16) Pause Young (Allocation Failure)
[6.857s][info][gc,heap        ] GC(16) DefNew: 8632K->659K(9216K)
[6.857s][info][gc,heap        ] GC(16) Tenured: 12135K->12135K(20480K)
[6.857s][info][gc,metaspace   ] GC(16) Metaspace: 25567K->25567K(1073152K)
[6.857s][info][gc             ] GC(16) Pause Young (Allocation Failure) 20M->12M(29M) 1.910ms
[6.857s][info][gc,cpu         ] GC(16) User=0.00s Sys=0.00s Real=0.00s
[6.918s][info][gc,start       ] GC(17) Pause Young (Allocation Failure)
[6.920s][info][gc,heap        ] GC(17) DefNew: 8851K->525K(9216K)
[6.920s][info][gc,heap        ] GC(17) Tenured: 12135K->12521K(20480K)
[6.920s][info][gc,metaspace   ] GC(17) Metaspace: 25567K->25567K(1073152K)
[6.920s][info][gc             ] GC(17) Pause Young (Allocation Failure) 20M->12M(29M) 2.393ms
[6.920s][info][gc,cpu         ] GC(17) User=0.00s Sys=0.00s Real=0.00s
[6.987s][info][gc,start       ] GC(18) Pause Young (Allocation Failure)
[6.989s][info][gc,heap        ] GC(18) DefNew: 8717K->685K(9216K)
[6.989s][info][gc,heap        ] GC(18) Tenured: 12521K->12708K(20480K)
[6.989s][info][gc,metaspace   ] GC(18) Metaspace: 25572K->25572K(1073152K)
[6.989s][info][gc             ] GC(18) Pause Young (Allocation Failure) 20M->13M(29M) 2.175ms
[6.989s][info][gc,cpu         ] GC(18) User=0.00s Sys=0.00s Real=0.00s
[7.083s][info][gc,start       ] GC(19) Pause Young (Allocation Failure)
[7.086s][info][gc,heap        ] GC(19) DefNew: 8877K->932K(9216K)
[7.086s][info][gc,heap        ] GC(19) Tenured: 12708K->12948K(20480K)
[7.086s][info][gc,metaspace   ] GC(19) Metaspace: 25620K->25620K(1073152K)
[7.086s][info][gc             ] GC(19) Pause Young (Allocation Failure) 21M->13M(29M) 3.161ms
[7.086s][info][gc,cpu         ] GC(19) User=0.02s Sys=0.00s Real=0.00s
[7.183s][info][gc,start       ] GC(20) Pause Young (Allocation Failure)
[7.186s][info][gc,heap        ] GC(20) DefNew: 9124K->503K(9216K)
[7.186s][info][gc,heap        ] GC(20) Tenured: 12948K->13857K(20480K)
[7.187s][info][gc,metaspace   ] GC(20) Metaspace: 26181K->26181K(1073152K)
[7.187s][info][gc             ] GC(20) Pause Young (Allocation Failure) 21M->14M(29M) 3.598ms
[7.187s][info][gc,cpu         ] GC(20) User=0.00s Sys=0.00s Real=0.00s
[7.253s][info][gc,start       ] GC(21) Pause Young (Allocation Failure)
[7.255s][info][gc,heap        ] GC(21) DefNew: 8695K->831K(9216K)
[7.255s][info][gc,heap        ] GC(21) Tenured: 13857K->13857K(20480K)
[7.255s][info][gc,metaspace   ] GC(21) Metaspace: 26647K->26647K(1073152K)
[7.256s][info][gc             ] GC(21) Pause Young (Allocation Failure) 22M->14M(29M) 2.149ms
[7.256s][info][gc,cpu         ] GC(21) User=0.02s Sys=0.00s Real=0.00s
[7.388s][info][gc,start       ] GC(22) Pause Young (Allocation Failure)
[7.391s][info][gc,heap        ] GC(22) DefNew: 9023K->631K(9216K)
[7.391s][info][gc,heap        ] GC(22) Tenured: 13857K->14347K(20480K)
[7.391s][info][gc,metaspace   ] GC(22) Metaspace: 27204K->27204K(1073152K)
[7.391s][info][gc             ] GC(22) Pause Young (Allocation Failure) 22M->14M(29M) 3.527ms
[7.391s][info][gc,cpu         ] GC(22) User=0.00s Sys=0.00s Real=0.00s
[7.474s][info][gc,start       ] GC(23) Pause Young (Allocation Failure)
[7.477s][info][gc,heap        ] GC(23) DefNew: 8823K->729K(9216K)
[7.477s][info][gc,heap        ] GC(23) Tenured: 14347K->14678K(20480K)
[7.477s][info][gc,metaspace   ] GC(23) Metaspace: 27398K->27398K(1075200K)
[7.477s][info][gc             ] GC(23) Pause Young (Allocation Failure) 22M->15M(29M) 3.205ms
[7.477s][info][gc,cpu         ] GC(23) User=0.02s Sys=0.00s Real=0.00s
[7.563s][info][gc,start       ] GC(24) Pause Young (Allocation Failure)
[7.568s][info][gc,heap        ] GC(24) DefNew: 8921K->794K(9216K)
[7.568s][info][gc,heap        ] GC(24) Tenured: 14678K->14971K(20480K)
[7.568s][info][gc,metaspace   ] GC(24) Metaspace: 27864K->27864K(1075200K)
[7.568s][info][gc             ] GC(24) Pause Young (Allocation Failure) 23M->15M(29M) 4.851ms
[7.568s][info][gc,cpu         ] GC(24) User=0.00s Sys=0.00s Real=0.00s
[7.674s][info][gc,start       ] GC(25) Pause Young (Allocation Failure)
[7.679s][info][gc,heap        ] GC(25) DefNew: 8986K->948K(9216K)
[7.679s][info][gc,heap        ] GC(25) Tenured: 14971K->15401K(20480K)
[7.679s][info][gc,metaspace   ] GC(25) Metaspace: 28023K->28023K(1075200K)
[7.679s][info][gc             ] GC(25) Pause Young (Allocation Failure) 23M->15M(29M) 5.187ms
[7.679s][info][gc,cpu         ] GC(25) User=0.02s Sys=0.00s Real=0.01s
[7.767s][info][gc,start       ] GC(26) Pause Young (Allocation Failure)
[7.773s][info][gc,heap        ] GC(26) DefNew: 9140K->514K(9216K)
[7.773s][info][gc,heap        ] GC(26) Tenured: 15401K->16342K(20480K)
[7.773s][info][gc,metaspace   ] GC(26) Metaspace: 28120K->28120K(1075200K)
[7.773s][info][gc             ] GC(26) Pause Young (Allocation Failure) 23M->16M(29M) 5.465ms
[7.773s][info][gc,cpu         ] GC(26) User=0.02s Sys=0.00s Real=0.01s
[7.888s][info][gc,start       ] GC(27) Pause Young (Allocation Failure)
[7.892s][info][gc,heap        ] GC(27) DefNew: 8706K->434K(9216K)
[7.892s][info][gc,heap        ] GC(27) Tenured: 16342K->16854K(20480K)
[7.892s][info][gc,metaspace   ] GC(27) Metaspace: 28468K->28468K(1075200K)
[7.892s][info][gc             ] GC(27) Pause Young (Allocation Failure) 24M->16M(29M) 4.068ms
[7.892s][info][gc,cpu         ] GC(27) User=0.00s Sys=0.00s Real=0.00s
[8.068s][info][gc,start       ] GC(28) Pause Young (Allocation Failure)
[8.071s][info][gc,heap        ] GC(28) DefNew: 8626K->903K(9216K)
[8.071s][info][gc,heap        ] GC(28) Tenured: 16854K->16854K(20480K)
[8.071s][info][gc,metaspace   ] GC(28) Metaspace: 29154K->29154K(1075200K)
[8.071s][info][gc             ] GC(28) Pause Young (Allocation Failure) 24M->17M(29M) 3.375ms
[8.072s][info][gc,cpu         ] GC(28) User=0.02s Sys=0.00s Real=0.00s
[8.209s][info][gc,start       ] GC(29) Pause Young (Allocation Failure)
[8.214s][info][gc,heap        ] GC(29) DefNew: 9095K->932K(9216K)
[8.214s][info][gc,heap        ] GC(29) Tenured: 16854K->17272K(20480K)
[8.214s][info][gc,metaspace   ] GC(29) Metaspace: 29910K->29910K(1077248K)
[8.214s][info][gc             ] GC(29) Pause Young (Allocation Failure) 25M->17M(29M) 4.834ms
[8.214s][info][gc,cpu         ] GC(29) User=0.00s Sys=0.02s Real=0.00s
[8.364s][info][gc,start       ] GC(30) Pause Young (Allocation Failure)
[8.369s][info][gc,heap        ] GC(30) DefNew: 9124K->883K(9216K)
[8.369s][info][gc,heap        ] GC(30) Tenured: 17272K->17744K(20480K)
[8.369s][info][gc,metaspace   ] GC(30) Metaspace: 30366K->30366K(1077248K)
[8.369s][info][gc             ] GC(30) Pause Young (Allocation Failure) 25M->18M(29M) 5.886ms
[8.369s][info][gc,cpu         ] GC(30) User=0.02s Sys=0.00s Real=0.01s
[8.502s][info][gc,start       ] GC(31) Pause Young (Allocation Failure)
[8.507s][info][gc,heap        ] GC(31) DefNew: 9075K->767K(9216K)
[8.507s][info][gc,heap        ] GC(31) Tenured: 17744K->18191K(20480K)
[8.507s][info][gc,metaspace   ] GC(31) Metaspace: 30958K->30958K(1077248K)
[8.507s][info][gc             ] GC(31) Pause Young (Allocation Failure) 26M->18M(29M) 5.690ms
[8.507s][info][gc,cpu         ] GC(31) User=0.02s Sys=0.00s Real=0.00s
[8.686s][info][gc,start       ] GC(32) Pause Young (Allocation Failure)
[8.690s][info][gc,heap        ] GC(32) DefNew: 8959K->474K(9216K)
[8.690s][info][gc,heap        ] GC(32) Tenured: 18191K->18619K(20480K)
[8.690s][info][gc,metaspace   ] GC(32) Metaspace: 30991K->30991K(1077248K)
[8.690s][info][gc             ] GC(32) Pause Young (Allocation Failure) 26M->18M(29M) 4.140ms
[8.690s][info][gc,cpu         ] GC(32) User=0.00s Sys=0.00s Real=0.00s
[8.845s][info][gc,start       ] GC(33) Pause Young (Allocation Failure)
[8.849s][info][gc,heap        ] GC(33) DefNew: 8666K->875K(9216K)
[8.849s][info][gc,heap        ] GC(33) Tenured: 18619K->18619K(20480K)
[8.849s][info][gc,metaspace   ] GC(33) Metaspace: 31596K->31596K(1077248K)
[8.849s][info][gc             ] GC(33) Pause Young (Allocation Failure) 26M->19M(29M) 3.834ms
[8.849s][info][gc,cpu         ] GC(33) User=0.02s Sys=0.00s Real=0.00s
[9.142s][info][gc,start       ] GC(34) Pause Young (Allocation Failure)
[9.147s][info][gc,heap        ] GC(34) DefNew: 9067K->716K(9216K)
[9.147s][info][gc,heap        ] GC(34) Tenured: 18619K->19085K(20480K)
[9.148s][info][gc,metaspace   ] GC(34) Metaspace: 32484K->32484K(1079296K)
[9.148s][info][gc             ] GC(34) Pause Young (Allocation Failure) 27M->19M(29M) 5.830ms
[9.148s][info][gc,cpu         ] GC(34) User=0.02s Sys=0.00s Real=0.01s
[9.301s][info][gc,start       ] GC(35) Pause Young (Allocation Failure)
[9.305s][info][gc,heap        ] GC(35) DefNew: 8908K->743K(9216K)
[9.305s][info][gc,heap        ] GC(35) Tenured: 19085K->19468K(20480K)
[9.305s][info][gc,metaspace   ] GC(35) Metaspace: 32940K->32940K(1079296K)
[9.305s][info][gc             ] GC(35) Pause Young (Allocation Failure) 27M->19M(29M) 4.524ms
[9.305s][info][gc,cpu         ] GC(35) User=0.02s Sys=0.00s Real=0.00s
[9.410s][info][gc,start       ] GC(36) Pause Young (Allocation Failure)
[9.410s][info][gc,start       ] GC(37) Pause Full (Allocation Failure)
[9.410s][info][gc,phases,start] GC(37) Phase 1: Mark live objects
[9.448s][info][gc,phases      ] GC(37) Phase 1: Mark live objects 38.295ms
[9.448s][info][gc,phases,start] GC(37) Phase 2: Compute new object addresses
[9.459s][info][gc,phases      ] GC(37) Phase 2: Compute new object addresses 10.300ms
[9.459s][info][gc,phases,start] GC(37) Phase 3: Adjust pointers
[9.478s][info][gc,phases      ] GC(37) Phase 3: Adjust pointers 19.109ms
[9.478s][info][gc,phases,start] GC(37) Phase 4: Move objects
[9.479s][info][gc,phases      ] GC(37) Phase 4: Move objects 1.541ms
[9.480s][info][gc             ] GC(37) Pause Full (Allocation Failure) 27M->20M(29M) 70.201ms
[9.480s][info][gc,heap        ] GC(36) DefNew: 8935K->67K(9216K)
[9.480s][info][gc,heap        ] GC(36) Tenured: 19468K->20480K(20480K)
[9.480s][info][gc,metaspace   ] GC(36) Metaspace: 33381K->33381K(1079296K)
[9.480s][info][gc             ] GC(36) Pause Young (Allocation Failure) 27M->20M(29M) 70.442ms
[9.480s][info][gc,cpu         ] GC(36) User=0.08s Sys=0.00s Real=0.07s
[9.662s][info][gc,start       ] GC(38) Pause Full (Allocation Failure)
[9.663s][info][gc,phases,start] GC(38) Phase 1: Mark live objects
[9.704s][info][gc,phases      ] GC(38) Phase 1: Mark live objects 41.197ms
[9.704s][info][gc,phases,start] GC(38) Phase 2: Compute new object addresses
[9.714s][info][gc,phases      ] GC(38) Phase 2: Compute new object addresses 10.275ms
[9.714s][info][gc,phases,start] GC(38) Phase 3: Adjust pointers
[9.735s][info][gc,phases      ] GC(38) Phase 3: Adjust pointers 20.704ms
[9.735s][info][gc,phases,start] GC(38) Phase 4: Move objects
[9.737s][info][gc,phases      ] GC(38) Phase 4: Move objects 1.839ms
[9.737s][info][gc,heap        ] GC(38) DefNew: 9215K->633K(9216K)
[9.737s][info][gc,heap        ] GC(38) Tenured: 20480K->20479K(20480K)
[9.737s][info][gc,metaspace   ] GC(38) Metaspace: 33979K->33979K(1079296K)
[9.738s][info][gc             ] GC(38) Pause Full (Allocation Failure) 28M->20M(29M) 75.090ms
[9.738s][info][gc,cpu         ] GC(38) User=0.06s Sys=0.00s Real=0.07s
[9.907s][info][gc,start       ] GC(39) Pause Full (Allocation Failure)
[9.907s][info][gc,phases,start] GC(39) Phase 1: Mark live objects
[9.939s][info][gc,phases      ] GC(39) Phase 1: Mark live objects 32.031ms
[9.939s][info][gc,phases,start] GC(39) Phase 2: Compute new object addresses
[9.948s][info][gc,phases      ] GC(39) Phase 2: Compute new object addresses 8.860ms
[9.948s][info][gc,phases,start] GC(39) Phase 3: Adjust pointers
[9.969s][info][gc,phases      ] GC(39) Phase 3: Adjust pointers 20.425ms
[9.969s][info][gc,phases,start] GC(39) Phase 4: Move objects
[9.979s][info][gc,phases      ] GC(39) Phase 4: Move objects 9.784ms
[9.979s][info][gc,heap        ] GC(39) DefNew: 9216K->390K(9216K)
[9.979s][info][gc,heap        ] GC(39) Tenured: 20479K->20479K(20480K)
[9.979s][info][gc,metaspace   ] GC(39) Metaspace: 34663K->34663K(1081344K)
[9.979s][info][gc             ] GC(39) Pause Full (Allocation Failure) 28M->20M(29M) 72.264ms
[9.979s][info][gc,cpu         ] GC(39) User=0.08s Sys=0.00s Real=0.07s
[10.159s][info][gc,start       ] GC(40) Pause Full (Allocation Failure)
[10.159s][info][gc,phases,start] GC(40) Phase 1: Mark live objects
[10.193s][info][gc,phases      ] GC(40) Phase 1: Mark live objects 34.270ms
[10.193s][info][gc,phases,start] GC(40) Phase 2: Compute new object addresses
[10.203s][info][gc,phases      ] GC(40) Phase 2: Compute new object addresses 10.132ms
[10.204s][info][gc,phases,start] GC(40) Phase 3: Adjust pointers
[10.225s][info][gc,phases      ] GC(40) Phase 3: Adjust pointers 21.439ms
[10.225s][info][gc,phases,start] GC(40) Phase 4: Move objects
[10.226s][info][gc,phases      ] GC(40) Phase 4: Move objects 0.593ms
[10.227s][info][gc,heap        ] GC(40) DefNew: 9214K->763K(9216K)
[10.227s][info][gc,heap        ] GC(40) Tenured: 20479K->20479K(20480K)
[10.227s][info][gc,metaspace   ] GC(40) Metaspace: 35974K->35974K(1081344K)
[10.227s][info][gc             ] GC(40) Pause Full (Allocation Failure) 28M->20M(29M) 67.908ms
[10.227s][info][gc,cpu         ] GC(40) User=0.08s Sys=0.00s Real=0.07s
[10.388s][info][gc,start       ] GC(41) Pause Full (Allocation Failure)
[10.388s][info][gc,phases,start] GC(41) Phase 1: Mark live objects
[10.418s][info][gc,phases      ] GC(41) Phase 1: Mark live objects 30.286ms
[10.419s][info][gc,phases,start] GC(41) Phase 2: Compute new object addresses
[10.430s][info][gc,phases      ] GC(41) Phase 2: Compute new object addresses 11.110ms
[10.430s][info][gc,phases,start] GC(41) Phase 3: Adjust pointers
[10.446s][info][gc,phases      ] GC(41) Phase 3: Adjust pointers 16.693ms
[10.446s][info][gc,phases,start] GC(41) Phase 4: Move objects
[10.447s][info][gc,phases      ] GC(41) Phase 4: Move objects 0.663ms
[10.448s][info][gc,heap        ] GC(41) DefNew: 9215K->1387K(9216K)
[10.448s][info][gc,heap        ] GC(41) Tenured: 20479K->20479K(20480K)
[10.448s][info][gc,metaspace   ] GC(41) Metaspace: 36747K->36747K(1083392K)
[10.448s][info][gc             ] GC(41) Pause Full (Allocation Failure) 28M->21M(29M) 59.723ms
[10.448s][info][gc,cpu         ] GC(41) User=0.06s Sys=0.00s Real=0.06s
[10.618s][info][gc,start       ] GC(42) Pause Full (Allocation Failure)
[10.618s][info][gc,phases,start] GC(42) Phase 1: Mark live objects
[10.658s][info][gc,phases      ] GC(42) Phase 1: Mark live objects 40.079ms
[10.658s][info][gc,phases,start] GC(42) Phase 2: Compute new object addresses
[10.667s][info][gc,phases      ] GC(42) Phase 2: Compute new object addresses 8.849ms
[10.667s][info][gc,phases,start] GC(42) Phase 3: Adjust pointers
[10.686s][info][gc,phases      ] GC(42) Phase 3: Adjust pointers 19.422ms
[10.686s][info][gc,phases,start] GC(42) Phase 4: Move objects
[10.688s][info][gc,phases      ] GC(42) Phase 4: Move objects 1.309ms
[10.688s][info][gc,heap        ] GC(42) DefNew: 9215K->1639K(9216K)
[10.688s][info][gc,heap        ] GC(42) Tenured: 20479K->20479K(20480K)
[10.688s][info][gc,metaspace   ] GC(42) Metaspace: 37215K->37215K(1083392K)
[10.688s][info][gc             ] GC(42) Pause Full (Allocation Failure) 28M->21M(29M) 70.791ms
[10.688s][info][gc,cpu         ] GC(42) User=0.06s Sys=0.00s Real=0.07s
[10.807s][info][gc,start       ] GC(43) Pause Full (Allocation Failure)
[10.807s][info][gc,phases,start] GC(43) Phase 1: Mark live objects
[10.838s][info][gc,phases      ] GC(43) Phase 1: Mark live objects 31.342ms
[10.838s][info][gc,phases,start] GC(43) Phase 2: Compute new object addresses
[10.847s][info][gc,phases      ] GC(43) Phase 2: Compute new object addresses 8.506ms
[10.847s][info][gc,phases,start] GC(43) Phase 3: Adjust pointers
[10.866s][info][gc,phases      ] GC(43) Phase 3: Adjust pointers 19.072ms
[10.866s][info][gc,phases,start] GC(43) Phase 4: Move objects
[10.874s][info][gc,phases      ] GC(43) Phase 4: Move objects 8.259ms
[10.875s][info][gc,heap        ] GC(43) DefNew: 9200K->1783K(9216K)
[10.875s][info][gc,heap        ] GC(43) Tenured: 20479K->20479K(20480K)
[10.875s][info][gc,metaspace   ] GC(43) Metaspace: 37265K->37265K(1083392K)
[10.875s][info][gc             ] GC(43) Pause Full (Allocation Failure) 28M->21M(29M) 68.296ms
[10.875s][info][gc,cpu         ] GC(43) User=0.06s Sys=0.00s Real=0.07s
[10.960s][info][gc,start       ] GC(44) Pause Full (Allocation Failure)
[10.960s][info][gc,phases,start] GC(44) Phase 1: Mark live objects
[10.991s][info][gc,phases      ] GC(44) Phase 1: Mark live objects 31.165ms
[10.991s][info][gc,phases,start] GC(44) Phase 2: Compute new object addresses
[11.000s][info][gc,phases      ] GC(44) Phase 2: Compute new object addresses 8.389ms
[11.000s][info][gc,phases,start] GC(44) Phase 3: Adjust pointers
[11.017s][info][gc,phases      ] GC(44) Phase 3: Adjust pointers 17.113ms
[11.017s][info][gc,phases,start] GC(44) Phase 4: Move objects
[11.018s][info][gc,phases      ] GC(44) Phase 4: Move objects 0.753ms
[11.018s][info][gc,heap        ] GC(44) DefNew: 9215K->2118K(9216K)
[11.018s][info][gc,heap        ] GC(44) Tenured: 20480K->20480K(20480K)
[11.018s][info][gc,metaspace   ] GC(44) Metaspace: 37994K->37994K(1083392K)
[11.019s][info][gc             ] GC(44) Pause Full (Allocation Failure) 28M->22M(29M) 58.540ms
[11.019s][info][gc,cpu         ] GC(44) User=0.05s Sys=0.00s Real=0.06s
[11.143s][info][gc,start       ] GC(45) Pause Full (Allocation Failure)
[11.143s][info][gc,phases,start] GC(45) Phase 1: Mark live objects
[11.175s][info][gc,phases      ] GC(45) Phase 1: Mark live objects 32.337ms
[11.175s][info][gc,phases,start] GC(45) Phase 2: Compute new object addresses
[11.183s][info][gc,phases      ] GC(45) Phase 2: Compute new object addresses 8.137ms
[11.183s][info][gc,phases,start] GC(45) Phase 3: Adjust pointers
[11.201s][info][gc,phases      ] GC(45) Phase 3: Adjust pointers 17.725ms
[11.201s][info][gc,phases,start] GC(45) Phase 4: Move objects
[11.202s][info][gc,phases      ] GC(45) Phase 4: Move objects 1.064ms
[11.203s][info][gc,heap        ] GC(45) DefNew: 9215K->2713K(9216K)
[11.203s][info][gc,heap        ] GC(45) Tenured: 20480K->20480K(20480K)
[11.203s][info][gc,metaspace   ] GC(45) Metaspace: 38873K->38873K(1085440K)
[11.203s][info][gc             ] GC(45) Pause Full (Allocation Failure) 28M->22M(29M) 60.343ms
[11.203s][info][gc,cpu         ] GC(45) User=0.06s Sys=0.00s Real=0.06s
[11.366s][info][gc,start       ] GC(46) Pause Full (Allocation Failure)
[11.366s][info][gc,phases,start] GC(46) Phase 1: Mark live objects
[11.405s][info][gc,phases      ] GC(46) Phase 1: Mark live objects 38.760ms
[11.405s][info][gc,phases,start] GC(46) Phase 2: Compute new object addresses
[11.413s][info][gc,phases      ] GC(46) Phase 2: Compute new object addresses 8.090ms
[11.413s][info][gc,phases,start] GC(46) Phase 3: Adjust pointers
[11.432s][info][gc,phases      ] GC(46) Phase 3: Adjust pointers 18.694ms
[11.432s][info][gc,phases,start] GC(46) Phase 4: Move objects
[11.432s][info][gc,phases      ] GC(46) Phase 4: Move objects 0.476ms
[11.433s][info][gc,heap        ] GC(46) DefNew: 9215K->2962K(9216K)
[11.433s][info][gc,heap        ] GC(46) Tenured: 20480K->20480K(20480K)
[11.433s][info][gc,metaspace   ] GC(46) Metaspace: 39220K->39220K(1085440K)
[11.433s][info][gc             ] GC(46) Pause Full (Allocation Failure) 28M->22M(29M) 67.610ms
[11.433s][info][gc,cpu         ] GC(46) User=0.06s Sys=0.00s Real=0.07s
[11.495s][info][gc,start       ] GC(47) Pause Full (Allocation Failure)
[11.495s][info][gc,phases,start] GC(47) Phase 1: Mark live objects
[11.529s][info][gc,phases      ] GC(47) Phase 1: Mark live objects 33.315ms
[11.529s][info][gc,phases,start] GC(47) Phase 2: Compute new object addresses
[11.536s][info][gc,phases      ] GC(47) Phase 2: Compute new object addresses 7.276ms
[11.536s][info][gc,phases,start] GC(47) Phase 3: Adjust pointers
[11.555s][info][gc,phases      ] GC(47) Phase 3: Adjust pointers 18.743ms
[11.555s][info][gc,phases,start] GC(47) Phase 4: Move objects
[11.563s][info][gc,phases      ] GC(47) Phase 4: Move objects 8.475ms
[11.564s][info][gc,heap        ] GC(47) DefNew: 9211K->2958K(9216K)
[11.564s][info][gc,heap        ] GC(47) Tenured: 20480K->20479K(20480K)
[11.564s][info][gc,metaspace   ] GC(47) Metaspace: 39220K->39220K(1085440K)
[11.564s][info][gc             ] GC(47) Pause Full (Allocation Failure) 28M->22M(29M) 69.234ms
[11.565s][info][gc,cpu         ] GC(47) User=0.06s Sys=0.00s Real=0.07s
[11.630s][info][gc,start       ] GC(48) Pause Full (Allocation Failure)
[11.630s][info][gc,phases,start] GC(48) Phase 1: Mark live objects
[11.666s][info][gc,phases      ] GC(48) Phase 1: Mark live objects 35.767ms
[11.666s][info][gc,phases,start] GC(48) Phase 2: Compute new object addresses
[11.674s][info][gc,phases      ] GC(48) Phase 2: Compute new object addresses 7.505ms
[11.674s][info][gc,phases,start] GC(48) Phase 3: Adjust pointers
[11.691s][info][gc,phases      ] GC(48) Phase 3: Adjust pointers 17.479ms
[11.691s][info][gc,phases,start] GC(48) Phase 4: Move objects
[11.692s][info][gc,phases      ] GC(48) Phase 4: Move objects 0.578ms
[11.692s][info][gc,heap        ] GC(48) DefNew: 9209K->3092K(9216K)
[11.692s][info][gc,heap        ] GC(48) Tenured: 20479K->20479K(20480K)
[11.692s][info][gc,metaspace   ] GC(48) Metaspace: 39414K->39414K(1085440K)
[11.692s][info][gc             ] GC(48) Pause Full (Allocation Failure) 28M->23M(29M) 62.410ms
[11.693s][info][gc,cpu         ] GC(48) User=0.06s Sys=0.00s Real=0.06s
[11.812s][info][gc,start       ] GC(49) Pause Full (Allocation Failure)
[11.812s][info][gc,phases,start] GC(49) Phase 1: Mark live objects
[11.856s][info][gc,phases      ] GC(49) Phase 1: Mark live objects 43.835ms
[11.856s][info][gc,phases,start] GC(49) Phase 2: Compute new object addresses
[11.866s][info][gc,phases      ] GC(49) Phase 2: Compute new object addresses 9.439ms
[11.866s][info][gc,phases,start] GC(49) Phase 3: Adjust pointers
[11.884s][info][gc,phases      ] GC(49) Phase 3: Adjust pointers 18.227ms
[11.884s][info][gc,phases,start] GC(49) Phase 4: Move objects
[11.885s][info][gc,phases      ] GC(49) Phase 4: Move objects 1.322ms
[11.886s][info][gc,heap        ] GC(49) DefNew: 9215K->3299K(9216K)
[11.886s][info][gc,heap        ] GC(49) Tenured: 20479K->20479K(20480K)
[11.886s][info][gc,metaspace   ] GC(49) Metaspace: 39794K->39794K(1085440K)
[11.886s][info][gc             ] GC(49) Pause Full (Allocation Failure) 28M->23M(29M) 74.017ms
[11.886s][info][gc,cpu         ] GC(49) User=0.08s Sys=0.00s Real=0.07s
[11.985s][info][gc,start       ] GC(50) Pause Full (Allocation Failure)
[11.985s][info][gc,phases,start] GC(50) Phase 1: Mark live objects
[12.034s][info][gc,phases      ] GC(50) Phase 1: Mark live objects 48.548ms
[12.034s][info][gc,phases,start] GC(50) Phase 2: Compute new object addresses
[12.043s][info][gc,phases      ] GC(50) Phase 2: Compute new object addresses 8.857ms
[12.043s][info][gc,phases,start] GC(50) Phase 3: Adjust pointers
[12.066s][info][gc,phases      ] GC(50) Phase 3: Adjust pointers 23.339ms
[12.066s][info][gc,phases,start] GC(50) Phase 4: Move objects
[12.068s][info][gc,phases      ] GC(50) Phase 4: Move objects 1.520ms
[12.068s][info][gc,heap        ] GC(50) DefNew: 9216K->3506K(9216K)
[12.068s][info][gc,heap        ] GC(50) Tenured: 20479K->20479K(20480K)
[12.068s][info][gc,metaspace   ] GC(50) Metaspace: 40013K->40013K(1085440K)
[12.069s][info][gc             ] GC(50) Pause Full (Allocation Failure) 28M->23M(29M) 83.691ms
[12.069s][info][gc,cpu         ] GC(50) User=0.09s Sys=0.00s Real=0.08s
[12.184s][info][gc,start       ] GC(51) Pause Full (Allocation Failure)
[12.185s][info][gc,phases,start] GC(51) Phase 1: Mark live objects
[12.232s][info][gc,phases      ] GC(51) Phase 1: Mark live objects 47.052ms
[12.232s][info][gc,phases,start] GC(51) Phase 2: Compute new object addresses
[12.240s][info][gc,phases      ] GC(51) Phase 2: Compute new object addresses 8.453ms
[12.240s][info][gc,phases,start] GC(51) Phase 3: Adjust pointers
[12.261s][info][gc,phases      ] GC(51) Phase 3: Adjust pointers 20.273ms
[12.261s][info][gc,phases,start] GC(51) Phase 4: Move objects
[12.269s][info][gc,phases      ] GC(51) Phase 4: Move objects 8.314ms
[12.270s][info][gc,heap        ] GC(51) DefNew: 9215K->3446K(9216K)
[12.270s][info][gc,heap        ] GC(51) Tenured: 20479K->20479K(20480K)
[12.270s][info][gc,metaspace   ] GC(51) Metaspace: 40240K->40240K(1085440K)
[12.270s][info][gc             ] GC(51) Pause Full (Allocation Failure) 28M->23M(29M) 85.399ms
[12.270s][info][gc,cpu         ] GC(51) User=0.08s Sys=0.00s Real=0.09s
[12.343s][info][gc,start       ] GC(52) Pause Full (Allocation Failure)
[12.343s][info][gc,phases,start] GC(52) Phase 1: Mark live objects
[12.391s][info][gc,phases      ] GC(52) Phase 1: Mark live objects 48.315ms
[12.391s][info][gc,phases,start] GC(52) Phase 2: Compute new object addresses
[12.402s][info][gc,phases      ] GC(52) Phase 2: Compute new object addresses 10.646ms
[12.402s][info][gc,phases,start] GC(52) Phase 3: Adjust pointers
[12.423s][info][gc,phases      ] GC(52) Phase 3: Adjust pointers 21.198ms
[12.423s][info][gc,phases,start] GC(52) Phase 4: Move objects
[12.425s][info][gc,phases      ] GC(52) Phase 4: Move objects 1.562ms
[12.426s][info][gc,heap        ] GC(52) DefNew: 9215K->3698K(9216K)
[12.426s][info][gc,heap        ] GC(52) Tenured: 20479K->20479K(20480K)
[12.426s][info][gc,metaspace   ] GC(52) Metaspace: 40691K->40691K(1085440K)
[12.426s][info][gc             ] GC(52) Pause Full (Allocation Failure) 28M->23M(29M) 83.098ms
[12.426s][info][gc,cpu         ] GC(52) User=0.06s Sys=0.02s Real=0.08s
[12.527s][info][gc,start       ] GC(53) Pause Full (Allocation Failure)
[12.528s][info][gc,phases,start] GC(53) Phase 1: Mark live objects
[12.564s][info][gc,phases      ] GC(53) Phase 1: Mark live objects 36.727ms
[12.564s][info][gc,phases,start] GC(53) Phase 2: Compute new object addresses
[12.573s][info][gc,phases      ] GC(53) Phase 2: Compute new object addresses 8.705ms
[12.573s][info][gc,phases,start] GC(53) Phase 3: Adjust pointers
[12.592s][info][gc,phases      ] GC(53) Phase 3: Adjust pointers 19.051ms
[12.592s][info][gc,phases,start] GC(53) Phase 4: Move objects
[12.594s][info][gc,phases      ] GC(53) Phase 4: Move objects 1.774ms
[12.595s][info][gc,heap        ] GC(53) DefNew: 9215K->3971K(9216K)
[12.595s][info][gc,heap        ] GC(53) Tenured: 20479K->20479K(20480K)
[12.595s][info][gc,metaspace   ] GC(53) Metaspace: 40898K->40898K(1085440K)
[12.595s][info][gc             ] GC(53) Pause Full (Allocation Failure) 28M->23M(29M) 67.541ms
[12.595s][info][gc,cpu         ] GC(53) User=0.06s Sys=0.00s Real=0.07s
[12.693s][info][gc,start       ] GC(54) Pause Full (Allocation Failure)
[12.693s][info][gc,phases,start] GC(54) Phase 1: Mark live objects
[12.731s][info][gc,phases      ] GC(54) Phase 1: Mark live objects 38.014ms
[12.731s][info][gc,phases,start] GC(54) Phase 2: Compute new object addresses
[12.741s][info][gc,phases      ] GC(54) Phase 2: Compute new object addresses 9.314ms
[12.741s][info][gc,phases,start] GC(54) Phase 3: Adjust pointers
[12.761s][info][gc,phases      ] GC(54) Phase 3: Adjust pointers 19.884ms
[12.761s][info][gc,phases,start] GC(54) Phase 4: Move objects
[12.763s][info][gc,phases      ] GC(54) Phase 4: Move objects 1.836ms
[12.763s][info][gc,heap        ] GC(54) DefNew: 9215K->4182K(9216K)
[12.763s][info][gc,heap        ] GC(54) Tenured: 20479K->20479K(20480K)
[12.763s][info][gc,metaspace   ] GC(54) Metaspace: 41020K->41020K(1085440K)
[12.763s][info][gc             ] GC(54) Pause Full (Allocation Failure) 28M->24M(29M) 70.354ms
[12.763s][info][gc,cpu         ] GC(54) User=0.06s Sys=0.00s Real=0.07s
[12.847s][info][gc,start       ] GC(55) Pause Full (Allocation Failure)
[12.847s][info][gc,phases,start] GC(55) Phase 1: Mark live objects
[12.889s][info][gc,phases      ] GC(55) Phase 1: Mark live objects 41.839ms
[12.889s][info][gc,phases,start] GC(55) Phase 2: Compute new object addresses
[12.897s][info][gc,phases      ] GC(55) Phase 2: Compute new object addresses 8.273ms
[12.897s][info][gc,phases,start] GC(55) Phase 3: Adjust pointers
[12.918s][info][gc,phases      ] GC(55) Phase 3: Adjust pointers 20.372ms
[12.918s][info][gc,phases,start] GC(55) Phase 4: Move objects
[12.928s][info][gc,phases      ] GC(55) Phase 4: Move objects 9.948ms
[12.928s][info][gc,heap        ] GC(55) DefNew: 9215K->3023K(9216K)
[12.928s][info][gc,heap        ] GC(55) Tenured: 20479K->20480K(20480K)
[12.928s][info][gc,metaspace   ] GC(55) Metaspace: 41876K->41876K(1087488K)
[12.928s][info][gc             ] GC(55) Pause Full (Allocation Failure) 28M->22M(29M) 81.870ms
[12.928s][info][gc,cpu         ] GC(55) User=0.09s Sys=0.00s Real=0.08s
[13.042s][info][gc,start       ] GC(56) Pause Full (Allocation Failure)
[13.042s][info][gc,phases,start] GC(56) Phase 1: Mark live objects
[13.083s][info][gc,phases      ] GC(56) Phase 1: Mark live objects 40.659ms
[13.083s][info][gc,phases,start] GC(56) Phase 2: Compute new object addresses
[13.092s][info][gc,phases      ] GC(56) Phase 2: Compute new object addresses 8.297ms
[13.092s][info][gc,phases,start] GC(56) Phase 3: Adjust pointers
[13.114s][info][gc,phases      ] GC(56) Phase 3: Adjust pointers 22.121ms
[13.114s][info][gc,phases,start] GC(56) Phase 4: Move objects
[13.116s][info][gc,phases      ] GC(56) Phase 4: Move objects 2.198ms
[13.117s][info][gc,heap        ] GC(56) DefNew: 9215K->3656K(9216K)
[13.117s][info][gc,heap        ] GC(56) Tenured: 20480K->20480K(20480K)
[13.117s][info][gc,metaspace   ] GC(56) Metaspace: 42683K->42683K(1087488K)
[13.117s][info][gc             ] GC(56) Pause Full (Allocation Failure) 28M->23M(29M) 75.155ms
[13.117s][info][gc,cpu         ] GC(56) User=0.08s Sys=0.00s Real=0.08s
[13.153s][info][gc,start       ] GC(57) Pause Full (Allocation Failure)
[13.153s][info][gc,phases,start] GC(57) Phase 1: Mark live objects
[13.190s][info][gc,phases      ] GC(57) Phase 1: Mark live objects 36.304ms
[13.190s][info][gc,phases,start] GC(57) Phase 2: Compute new object addresses
[13.198s][info][gc,phases      ] GC(57) Phase 2: Compute new object addresses 8.026ms
[13.198s][info][gc,phases,start] GC(57) Phase 3: Adjust pointers
[13.220s][info][gc,phases      ] GC(57) Phase 3: Adjust pointers 21.785ms
[13.220s][info][gc,phases,start] GC(57) Phase 4: Move objects
[13.221s][info][gc,phases      ] GC(57) Phase 4: Move objects 1.487ms
[13.222s][info][gc,heap        ] GC(57) DefNew: 9205K->3928K(9216K)
[13.222s][info][gc,heap        ] GC(57) Tenured: 20480K->20480K(20480K)
[13.222s][info][gc,metaspace   ] GC(57) Metaspace: 42921K->42921K(1087488K)
[13.222s][info][gc             ] GC(57) Pause Full (Allocation Failure) 28M->23M(29M) 68.989ms
[13.222s][info][gc,cpu         ] GC(57) User=0.06s Sys=0.00s Real=0.07s
[13.294s][info][gc,start       ] GC(58) Pause Full (Allocation Failure)
[13.295s][info][gc,phases,start] GC(58) Phase 1: Mark live objects
[13.341s][info][gc,phases      ] GC(58) Phase 1: Mark live objects 45.766ms
[13.341s][info][gc,phases,start] GC(58) Phase 2: Compute new object addresses
[13.349s][info][gc,phases      ] GC(58) Phase 2: Compute new object addresses 8.628ms
[13.349s][info][gc,phases,start] GC(58) Phase 3: Adjust pointers
[13.369s][info][gc,phases      ] GC(58) Phase 3: Adjust pointers 19.780ms
[13.369s][info][gc,phases,start] GC(58) Phase 4: Move objects
[13.370s][info][gc,phases      ] GC(58) Phase 4: Move objects 1.270ms
[13.371s][info][gc,heap        ] GC(58) DefNew: 9214K->4210K(9216K)
[13.371s][info][gc,heap        ] GC(58) Tenured: 20480K->20480K(20480K)
[13.371s][info][gc,metaspace   ] GC(58) Metaspace: 43612K->43612K(1089536K)
[13.371s][info][gc             ] GC(58) Pause Full (Allocation Failure) 28M->24M(29M) 77.067ms
[13.371s][info][gc,cpu         ] GC(58) User=0.08s Sys=0.00s Real=0.08s
[13.864s][info][gc,start       ] GC(59) Pause Full (Allocation Failure)
[13.865s][info][gc,phases,start] GC(59) Phase 1: Mark live objects
[13.901s][info][gc,phases      ] GC(59) Phase 1: Mark live objects 36.172ms
[13.901s][info][gc,phases,start] GC(59) Phase 2: Compute new object addresses
[13.908s][info][gc,phases      ] GC(59) Phase 2: Compute new object addresses 7.450ms
[13.909s][info][gc,phases,start] GC(59) Phase 3: Adjust pointers
[13.926s][info][gc,phases      ] GC(59) Phase 3: Adjust pointers 17.936ms
[13.927s][info][gc,phases,start] GC(59) Phase 4: Move objects
[13.935s][info][gc,phases      ] GC(59) Phase 4: Move objects 8.096ms
[13.935s][info][gc,heap        ] GC(59) DefNew: 9215K->4648K(9216K)
[13.935s][info][gc,heap        ] GC(59) Tenured: 20480K->20479K(20480K)
[13.936s][info][gc,metaspace   ] GC(59) Metaspace: 44491K->44491K(1089536K)
[13.936s][info][gc             ] GC(59) Pause Full (Allocation Failure) 28M->24M(29M) 71.124ms
[13.936s][info][gc,cpu         ] GC(59) User=0.08s Sys=0.00s Real=0.07s
[14.140s][info][gc,start       ] GC(60) Pause Full (Allocation Failure)
[14.140s][info][gc,phases,start] GC(60) Phase 1: Mark live objects
[14.178s][info][gc,phases      ] GC(60) Phase 1: Mark live objects 37.637ms
[14.178s][info][gc,phases,start] GC(60) Phase 2: Compute new object addresses
[14.186s][info][gc,phases      ] GC(60) Phase 2: Compute new object addresses 7.427ms
[14.186s][info][gc,phases,start] GC(60) Phase 3: Adjust pointers
[14.203s][info][gc,phases      ] GC(60) Phase 3: Adjust pointers 17.609ms
[14.203s][info][gc,phases,start] GC(60) Phase 4: Move objects
[14.204s][info][gc,phases      ] GC(60) Phase 4: Move objects 0.387ms
[14.204s][info][gc,heap        ] GC(60) DefNew: 9216K->4780K(9216K)
[14.204s][info][gc,heap        ] GC(60) Tenured: 20479K->20479K(20480K)
[14.204s][info][gc,metaspace   ] GC(60) Metaspace: 45520K->45520K(1089536K)
[14.204s][info][gc             ] GC(60) Pause Full (Allocation Failure) 28M->24M(29M) 64.366ms
[14.204s][info][gc,cpu         ] GC(60) User=0.06s Sys=0.00s Real=0.06s
[14.297s][info][gc,start       ] GC(61) Pause Full (Allocation Failure)
[14.298s][info][gc,phases,start] GC(61) Phase 1: Mark live objects
[14.337s][info][gc,phases      ] GC(61) Phase 1: Mark live objects 38.254ms
[14.337s][info][gc,phases,start] GC(61) Phase 2: Compute new object addresses
[14.344s][info][gc,phases      ] GC(61) Phase 2: Compute new object addresses 7.344ms
[14.344s][info][gc,phases,start] GC(61) Phase 3: Adjust pointers
[14.362s][info][gc,phases      ] GC(61) Phase 3: Adjust pointers 18.278ms
[14.362s][info][gc,phases,start] GC(61) Phase 4: Move objects
[14.364s][info][gc,phases      ] GC(61) Phase 4: Move objects 1.641ms
[14.365s][info][gc,heap        ] GC(61) DefNew: 9215K->4999K(9216K)
[14.365s][info][gc,heap        ] GC(61) Tenured: 20479K->20479K(20480K)
[14.365s][info][gc,metaspace   ] GC(61) Metaspace: 46285K->46285K(1091584K)
[14.365s][info][gc             ] GC(61) Pause Full (Allocation Failure) 28M->24M(29M) 67.661ms
[14.365s][info][gc,cpu         ] GC(61) User=0.06s Sys=0.00s Real=0.07s
[14.456s][info][gc,start       ] GC(62) Pause Full (Allocation Failure)
[14.457s][info][gc,phases,start] GC(62) Phase 1: Mark live objects
[14.515s][info][gc,phases      ] GC(62) Phase 1: Mark live objects 58.203ms
[14.515s][info][gc,phases,start] GC(62) Phase 2: Compute new object addresses
[14.528s][info][gc,phases      ] GC(62) Phase 2: Compute new object addresses 12.992ms
[14.528s][info][gc,phases,start] GC(62) Phase 3: Adjust pointers
[14.556s][info][gc,phases      ] GC(62) Phase 3: Adjust pointers 28.315ms
[14.556s][info][gc,phases,start] GC(62) Phase 4: Move objects
[14.558s][info][gc,phases      ] GC(62) Phase 4: Move objects 1.023ms
[14.558s][info][gc,heap        ] GC(62) DefNew: 9215K->5396K(9216K)
[14.558s][info][gc,heap        ] GC(62) Tenured: 20479K->20479K(20480K)
[14.558s][info][gc,metaspace   ] GC(62) Metaspace: 46769K->46769K(1091584K)
[14.558s][info][gc             ] GC(62) Pause Full (Allocation Failure) 28M->25M(29M) 102.554ms
[14.558s][info][gc,cpu         ] GC(62) User=0.11s Sys=0.00s Real=0.10s
[14.639s][info][gc,start       ] GC(63) Pause Full (Allocation Failure)
[14.640s][info][gc,phases,start] GC(63) Phase 1: Mark live objects
[14.682s][info][gc,phases      ] GC(63) Phase 1: Mark live objects 42.140ms
[14.682s][info][gc,phases,start] GC(63) Phase 2: Compute new object addresses
[14.692s][info][gc,phases      ] GC(63) Phase 2: Compute new object addresses 10.549ms
[14.692s][info][gc,phases,start] GC(63) Phase 3: Adjust pointers
[14.714s][info][gc,phases      ] GC(63) Phase 3: Adjust pointers 21.108ms
[14.714s][info][gc,phases,start] GC(63) Phase 4: Move objects
[14.722s][info][gc,phases      ] GC(63) Phase 4: Move objects 8.175ms
[14.722s][info][gc,heap        ] GC(63) DefNew: 9215K->5181K(9216K)
[14.722s][info][gc,heap        ] GC(63) Tenured: 20479K->20479K(20480K)
[14.722s][info][gc,metaspace   ] GC(63) Metaspace: 47387K->47387K(1091584K)
[14.722s][info][gc             ] GC(63) Pause Full (Allocation Failure) 28M->25M(29M) 83.931ms
[14.723s][info][gc,cpu         ] GC(63) User=0.08s Sys=0.00s Real=0.08s
[14.765s][info][gc,start       ] GC(64) Pause Full (Allocation Failure)
[14.766s][info][gc,phases,start] GC(64) Phase 1: Mark live objects
[14.807s][info][gc,phases      ] GC(64) Phase 1: Mark live objects 40.891ms
[14.807s][info][gc,phases,start] GC(64) Phase 2: Compute new object addresses
[14.819s][info][gc,phases      ] GC(64) Phase 2: Compute new object addresses 12.401ms
[14.819s][info][gc,phases,start] GC(64) Phase 3: Adjust pointers
[14.840s][info][gc,phases      ] GC(64) Phase 3: Adjust pointers 21.085ms
[14.840s][info][gc,phases,start] GC(64) Phase 4: Move objects
[14.842s][info][gc,phases      ] GC(64) Phase 4: Move objects 2.168ms
[14.843s][info][gc,heap        ] GC(64) DefNew: 9215K->5530K(9216K)
[14.843s][info][gc,heap        ] GC(64) Tenured: 20479K->20479K(20480K)
[14.843s][info][gc,metaspace   ] GC(64) Metaspace: 47504K->47504K(1091584K)
[14.843s][info][gc             ] GC(64) Pause Full (Allocation Failure) 28M->25M(29M) 78.677ms
[14.843s][info][gc,cpu         ] GC(64) User=0.08s Sys=0.00s Real=0.08s
[14.897s][info][gc,start       ] GC(65) Pause Full (Allocation Failure)
[14.897s][info][gc,phases,start] GC(65) Phase 1: Mark live objects
[14.933s][info][gc,phases      ] GC(65) Phase 1: Mark live objects 35.799ms
[14.933s][info][gc,phases,start] GC(65) Phase 2: Compute new object addresses
[14.942s][info][gc,phases      ] GC(65) Phase 2: Compute new object addresses 8.561ms
[14.942s][info][gc,phases,start] GC(65) Phase 3: Adjust pointers
[14.970s][info][gc,phases      ] GC(65) Phase 3: Adjust pointers 28.639ms
[14.970s][info][gc,phases,start] GC(65) Phase 4: Move objects
[14.973s][info][gc,phases      ] GC(65) Phase 4: Move objects 2.159ms
[14.973s][info][gc,heap        ] GC(65) DefNew: 9216K->5665K(9216K)
[14.973s][info][gc,heap        ] GC(65) Tenured: 20479K->20479K(20480K)
[14.973s][info][gc,metaspace   ] GC(65) Metaspace: 47602K->47602K(1091584K)
[14.973s][info][gc             ] GC(65) Pause Full (Allocation Failure) 28M->25M(29M) 76.725ms
[14.973s][info][gc,cpu         ] GC(65) User=0.06s Sys=0.00s Real=0.08s
[15.030s][info][gc,start       ] GC(66) Pause Full (Allocation Failure)
[15.031s][info][gc,phases,start] GC(66) Phase 1: Mark live objects
[15.065s][info][gc,phases      ] GC(66) Phase 1: Mark live objects 34.339ms
[15.066s][info][gc,phases,start] GC(66) Phase 2: Compute new object addresses
[15.075s][info][gc,phases      ] GC(66) Phase 2: Compute new object addresses 9.492ms
[15.075s][info][gc,phases,start] GC(66) Phase 3: Adjust pointers
[15.097s][info][gc,phases      ] GC(66) Phase 3: Adjust pointers 21.437ms
[15.097s][info][gc,phases,start] GC(66) Phase 4: Move objects
[15.100s][info][gc,phases      ] GC(66) Phase 4: Move objects 2.941ms
[15.101s][info][gc,heap        ] GC(66) DefNew: 9215K->5789K(9216K)
[15.101s][info][gc,heap        ] GC(66) Tenured: 20479K->20479K(20480K)
[15.101s][info][gc,metaspace   ] GC(66) Metaspace: 47710K->47710K(1091584K)
[15.101s][info][gc             ] GC(66) Pause Full (Allocation Failure) 28M->25M(29M) 70.677ms
[15.101s][info][gc,cpu         ] GC(66) User=0.08s Sys=0.00s Real=0.07s
[15.155s][info][gc,start       ] GC(67) Pause Full (Allocation Failure)
[15.155s][info][gc,phases,start] GC(67) Phase 1: Mark live objects
[15.216s][info][gc,phases      ] GC(67) Phase 1: Mark live objects 61.038ms
[15.216s][info][gc,phases,start] GC(67) Phase 2: Compute new object addresses
[15.228s][info][gc,phases      ] GC(67) Phase 2: Compute new object addresses 11.945ms
[15.228s][info][gc,phases,start] GC(67) Phase 3: Adjust pointers
[15.256s][info][gc,phases      ] GC(67) Phase 3: Adjust pointers 27.342ms
[15.256s][info][gc,phases,start] GC(67) Phase 4: Move objects
[15.267s][info][gc,phases      ] GC(67) Phase 4: Move objects 10.753ms
[15.268s][info][gc,heap        ] GC(67) DefNew: 9216K->5573K(9216K)
[15.268s][info][gc,heap        ] GC(67) Tenured: 20479K->20480K(20480K)
[15.268s][info][gc,metaspace   ] GC(67) Metaspace: 47792K->47792K(1091584K)
[15.268s][info][gc             ] GC(67) Pause Full (Allocation Failure) 28M->25M(29M) 113.326ms
[15.268s][info][gc,cpu         ] GC(67) User=0.11s Sys=0.00s Real=0.11s
[15.318s][info][gc,start       ] GC(68) Pause Full (Allocation Failure)
[15.318s][info][gc,phases,start] GC(68) Phase 1: Mark live objects
[15.359s][info][gc,phases      ] GC(68) Phase 1: Mark live objects 40.694ms
[15.359s][info][gc,phases,start] GC(68) Phase 2: Compute new object addresses
[15.367s][info][gc,phases      ] GC(68) Phase 2: Compute new object addresses 7.921ms
[15.367s][info][gc,phases,start] GC(68) Phase 3: Adjust pointers
[15.386s][info][gc,phases      ] GC(68) Phase 3: Adjust pointers 18.653ms
[15.386s][info][gc,phases,start] GC(68) Phase 4: Move objects
[15.388s][info][gc,phases      ] GC(68) Phase 4: Move objects 2.052ms
[15.388s][info][gc,heap        ] GC(68) DefNew: 9215K->5664K(9216K)
[15.388s][info][gc,heap        ] GC(68) Tenured: 20480K->20480K(20480K)
[15.388s][info][gc,metaspace   ] GC(68) Metaspace: 47847K->47847K(1091584K)
[15.388s][info][gc             ] GC(68) Pause Full (Allocation Failure) 28M->25M(29M) 70.900ms
[15.389s][info][gc,cpu         ] GC(68) User=0.08s Sys=0.00s Real=0.07s
[15.440s][info][gc,start       ] GC(69) Pause Full (Allocation Failure)
[15.440s][info][gc,phases,start] GC(69) Phase 1: Mark live objects
[15.475s][info][gc,phases      ] GC(69) Phase 1: Mark live objects 34.821ms
[15.475s][info][gc,phases,start] GC(69) Phase 2: Compute new object addresses
[15.484s][info][gc,phases      ] GC(69) Phase 2: Compute new object addresses 8.588ms
[15.484s][info][gc,phases,start] GC(69) Phase 3: Adjust pointers
[15.503s][info][gc,phases      ] GC(69) Phase 3: Adjust pointers 18.979ms
[15.503s][info][gc,phases,start] GC(69) Phase 4: Move objects
[15.505s][info][gc,phases      ] GC(69) Phase 4: Move objects 1.876ms
[15.505s][info][gc,heap        ] GC(69) DefNew: 9215K->5736K(9216K)
[15.505s][info][gc,heap        ] GC(69) Tenured: 20480K->20480K(20480K)
[15.506s][info][gc,metaspace   ] GC(69) Metaspace: 47880K->47880K(1091584K)
[15.506s][info][gc             ] GC(69) Pause Full (Allocation Failure) 28M->25M(29M) 65.813ms
[15.506s][info][gc,cpu         ] GC(69) User=0.06s Sys=0.00s Real=0.07s
[15.551s][info][gc,start       ] GC(70) Pause Full (Allocation Failure)
[15.552s][info][gc,phases,start] GC(70) Phase 1: Mark live objects
[15.586s][info][gc,phases      ] GC(70) Phase 1: Mark live objects 34.136ms
[15.586s][info][gc,phases,start] GC(70) Phase 2: Compute new object addresses
[15.594s][info][gc,phases      ] GC(70) Phase 2: Compute new object addresses 7.620ms
[15.594s][info][gc,phases,start] GC(70) Phase 3: Adjust pointers
[15.613s][info][gc,phases      ] GC(70) Phase 3: Adjust pointers 19.046ms
[15.613s][info][gc,phases,start] GC(70) Phase 4: Move objects
[15.615s][info][gc,phases      ] GC(70) Phase 4: Move objects 2.161ms
[15.615s][info][gc,heap        ] GC(70) DefNew: 9215K->5905K(9216K)
[15.616s][info][gc,heap        ] GC(70) Tenured: 20480K->20480K(20480K)
[15.616s][info][gc,metaspace   ] GC(70) Metaspace: 48262K->48262K(1093632K)
[15.616s][info][gc             ] GC(70) Pause Full (Allocation Failure) 28M->25M(29M) 64.408ms
[15.616s][info][gc,cpu         ] GC(70) User=0.08s Sys=0.00s Real=0.06s
[16.645s][info][gc,start       ] GC(71) Pause Full (Allocation Failure)
[16.646s][info][gc,phases,start] GC(71) Phase 1: Mark live objects
[16.688s][info][gc,phases      ] GC(71) Phase 1: Mark live objects 42.689ms
[16.688s][info][gc,phases,start] GC(71) Phase 2: Compute new object addresses
[16.699s][info][gc,phases      ] GC(71) Phase 2: Compute new object addresses 10.276ms
[16.699s][info][gc,phases,start] GC(71) Phase 3: Adjust pointers
[16.728s][info][gc,phases      ] GC(71) Phase 3: Adjust pointers 29.356ms
[16.728s][info][gc,phases,start] GC(71) Phase 4: Move objects
[16.740s][info][gc,phases      ] GC(71) Phase 4: Move objects 11.898ms
[16.741s][info][gc,heap        ] GC(71) DefNew: 9216K->5968K(9216K)
[16.741s][info][gc,heap        ] GC(71) Tenured: 20480K->20479K(20480K)
[16.741s][info][gc,metaspace   ] GC(71) Metaspace: 49054K->49054K(1093632K)
[16.741s][info][gc             ] GC(71) Pause Full (Allocation Failure) 29M->25M(29M) 95.776ms
[16.741s][info][gc,cpu         ] GC(71) User=0.11s Sys=0.00s Real=0.10s
[16.912s][info][gc,start       ] GC(72) Pause Full (Allocation Failure)
[16.912s][info][gc,phases,start] GC(72) Phase 1: Mark live objects
[16.953s][info][gc,phases      ] GC(72) Phase 1: Mark live objects 41.119ms
[16.953s][info][gc,phases,start] GC(72) Phase 2: Compute new object addresses
[16.961s][info][gc,phases      ] GC(72) Phase 2: Compute new object addresses 8.153ms
[16.962s][info][gc,phases,start] GC(72) Phase 3: Adjust pointers
[16.981s][info][gc,phases      ] GC(72) Phase 3: Adjust pointers 19.497ms
[16.981s][info][gc,phases,start] GC(72) Phase 4: Move objects
[16.984s][info][gc,phases      ] GC(72) Phase 4: Move objects 2.625ms
[16.984s][info][gc,heap        ] GC(72) DefNew: 9215K->6074K(9216K)
[16.984s][info][gc,heap        ] GC(72) Tenured: 20479K->20479K(20480K)
[16.984s][info][gc,metaspace   ] GC(72) Metaspace: 49364K->49364K(1093632K)
[16.985s][info][gc             ] GC(72) Pause Full (Allocation Failure) 28M->25M(29M) 73.000ms
[16.985s][info][gc,cpu         ] GC(72) User=0.06s Sys=0.00s Real=0.07s
[17.028s][info][gc,start       ] GC(73) Pause Full (Allocation Failure)
[17.029s][info][gc,phases,start] GC(73) Phase 1: Mark live objects
[17.070s][info][gc,phases      ] GC(73) Phase 1: Mark live objects 41.030ms
[17.070s][info][gc,phases,start] GC(73) Phase 2: Compute new object addresses
[17.077s][info][gc,phases      ] GC(73) Phase 2: Compute new object addresses 7.778ms
[17.077s][info][gc,phases,start] GC(73) Phase 3: Adjust pointers
[17.097s][info][gc,phases      ] GC(73) Phase 3: Adjust pointers 19.325ms
[17.097s][info][gc,phases,start] GC(73) Phase 4: Move objects
[17.099s][info][gc,phases      ] GC(73) Phase 4: Move objects 2.374ms
[17.100s][info][gc,heap        ] GC(73) DefNew: 9215K->5826K(9216K)
[17.100s][info][gc,heap        ] GC(73) Tenured: 20479K->20479K(20480K)
[17.100s][info][gc,metaspace   ] GC(73) Metaspace: 49616K->49616K(1093632K)
[17.100s][info][gc             ] GC(73) Pause Full (Allocation Failure) 28M->25M(29M) 72.334ms
[17.100s][info][gc,cpu         ] GC(73) User=0.08s Sys=0.00s Real=0.07s
[17.150s][info][gc,start       ] GC(74) Pause Full (Allocation Failure)
[17.150s][info][gc,phases,start] GC(74) Phase 1: Mark live objects
[17.186s][info][gc,phases      ] GC(74) Phase 1: Mark live objects 35.831ms
[17.186s][info][gc,phases,start] GC(74) Phase 2: Compute new object addresses
[17.194s][info][gc,phases      ] GC(74) Phase 2: Compute new object addresses 7.946ms
[17.194s][info][gc,phases,start] GC(74) Phase 3: Adjust pointers
[17.214s][info][gc,phases      ] GC(74) Phase 3: Adjust pointers 19.612ms
[17.214s][info][gc,phases,start] GC(74) Phase 4: Move objects
[17.216s][info][gc,phases      ] GC(74) Phase 4: Move objects 2.175ms
[17.217s][info][gc,heap        ] GC(74) DefNew: 9215K->5913K(9216K)
[17.217s][info][gc,heap        ] GC(74) Tenured: 20479K->20479K(20480K)
[17.217s][info][gc,metaspace   ] GC(74) Metaspace: 49796K->49796K(1093632K)
[17.217s][info][gc             ] GC(74) Pause Full (Allocation Failure) 28M->25M(29M) 67.237ms
[17.217s][info][gc,cpu         ] GC(74) User=0.06s Sys=0.00s Real=0.07s
[17.394s][info][gc,start       ] GC(75) Pause Full (Allocation Failure)
[17.395s][info][gc,phases,start] GC(75) Phase 1: Mark live objects
[17.430s][info][gc,phases      ] GC(75) Phase 1: Mark live objects 35.563ms
[17.430s][info][gc,phases,start] GC(75) Phase 2: Compute new object addresses
[17.438s][info][gc,phases      ] GC(75) Phase 2: Compute new object addresses 8.209ms
[17.438s][info][gc,phases,start] GC(75) Phase 3: Adjust pointers
[17.459s][info][gc,phases      ] GC(75) Phase 3: Adjust pointers 20.222ms
[17.459s][info][gc,phases,start] GC(75) Phase 4: Move objects
[17.468s][info][gc,phases      ] GC(75) Phase 4: Move objects 9.456ms
[17.469s][info][gc,heap        ] GC(75) DefNew: 9215K->6119K(9216K)
[17.469s][info][gc,heap        ] GC(75) Tenured: 20479K->20479K(20480K)
[17.469s][info][gc,metaspace   ] GC(75) Metaspace: 51196K->51196K(1095680K)
[17.469s][info][gc             ] GC(75) Pause Full (Allocation Failure) 28M->25M(29M) 75.000ms
[17.469s][info][gc,cpu         ] GC(75) User=0.08s Sys=0.00s Real=0.08s
[17.506s][info][gc,start       ] GC(76) Pause Full (Allocation Failure)
[17.507s][info][gc,phases,start] GC(76) Phase 1: Mark live objects
[17.542s][info][gc,phases      ] GC(76) Phase 1: Mark live objects 35.111ms
[17.542s][info][gc,phases,start] GC(76) Phase 2: Compute new object addresses
[17.550s][info][gc,phases      ] GC(76) Phase 2: Compute new object addresses 7.683ms
[17.550s][info][gc,phases,start] GC(76) Phase 3: Adjust pointers
[17.570s][info][gc,phases      ] GC(76) Phase 3: Adjust pointers 20.099ms
[17.570s][info][gc,phases,start] GC(76) Phase 4: Move objects
[17.572s][info][gc,phases      ] GC(76) Phase 4: Move objects 2.077ms
[17.573s][info][gc,heap        ] GC(76) DefNew: 9209K->6051K(9216K)
[17.573s][info][gc,heap        ] GC(76) Tenured: 20479K->20479K(20480K)
[17.573s][info][gc,metaspace   ] GC(76) Metaspace: 51629K->51629K(1095680K)
[17.573s][info][gc             ] GC(76) Pause Full (Allocation Failure) 28M->25M(29M) 66.593ms
[17.573s][info][gc,cpu         ] GC(76) User=0.06s Sys=0.00s Real=0.07s
[17.608s][info][gc,start       ] GC(77) Pause Full (Allocation Failure)
[17.609s][info][gc,phases,start] GC(77) Phase 1: Mark live objects
[17.659s][info][gc,phases      ] GC(77) Phase 1: Mark live objects 50.624ms
[17.659s][info][gc,phases,start] GC(77) Phase 2: Compute new object addresses
[17.670s][info][gc,phases      ] GC(77) Phase 2: Compute new object addresses 10.393ms
[17.670s][info][gc,phases,start] GC(77) Phase 3: Adjust pointers
[17.697s][info][gc,phases      ] GC(77) Phase 3: Adjust pointers 27.511ms
[17.697s][info][gc,phases,start] GC(77) Phase 4: Move objects
[17.698s][info][gc,phases      ] GC(77) Phase 4: Move objects 0.366ms
[17.698s][info][gc,heap        ] GC(77) DefNew: 9207K->6179K(9216K)
[17.698s][info][gc,heap        ] GC(77) Tenured: 20479K->20479K(20480K)
[17.698s][info][gc,metaspace   ] GC(77) Metaspace: 51777K->51777K(1095680K)
[17.699s][info][gc             ] GC(77) Pause Full (Allocation Failure) 28M->26M(29M) 90.664ms
[17.699s][info][gc,cpu         ] GC(77) User=0.09s Sys=0.00s Real=0.09s
[17.723s][info][gc,start       ] GC(78) Pause Full (Allocation Failure)
[17.724s][info][gc,phases,start] GC(78) Phase 1: Mark live objects
[17.763s][info][gc,phases      ] GC(78) Phase 1: Mark live objects 38.923ms
[17.763s][info][gc,phases,start] GC(78) Phase 2: Compute new object addresses
[17.772s][info][gc,phases      ] GC(78) Phase 2: Compute new object addresses 9.022ms
[17.772s][info][gc,phases,start] GC(78) Phase 3: Adjust pointers
[17.798s][info][gc,phases      ] GC(78) Phase 3: Adjust pointers 25.705ms
[17.798s][info][gc,phases,start] GC(78) Phase 4: Move objects
[17.800s][info][gc,phases      ] GC(78) Phase 4: Move objects 2.387ms
[17.801s][info][gc,heap        ] GC(78) DefNew: 9186K->6240K(9216K)
[17.801s][info][gc,heap        ] GC(78) Tenured: 20479K->20479K(20480K)
[17.801s][info][gc,metaspace   ] GC(78) Metaspace: 51789K->51789K(1095680K)
[17.801s][info][gc             ] GC(78) Pause Full (Allocation Failure) 28M->26M(29M) 78.197ms
[17.801s][info][gc,cpu         ] GC(78) User=0.08s Sys=0.00s Real=0.08s
[17.847s][info][gc,start       ] GC(79) Pause Full (Allocation Failure)
[17.847s][info][gc,phases,start] GC(79) Phase 1: Mark live objects
[17.897s][info][gc,phases      ] GC(79) Phase 1: Mark live objects 50.072ms
[17.897s][info][gc,phases,start] GC(79) Phase 2: Compute new object addresses
[17.906s][info][gc,phases      ] GC(79) Phase 2: Compute new object addresses 8.928ms
[17.906s][info][gc,phases,start] GC(79) Phase 3: Adjust pointers
[17.933s][info][gc,phases      ] GC(79) Phase 3: Adjust pointers 26.610ms
[17.933s][info][gc,phases,start] GC(79) Phase 4: Move objects
[17.942s][info][gc,phases      ] GC(79) Phase 4: Move objects 9.083ms
[17.943s][info][gc,heap        ] GC(79) DefNew: 9207K->6182K(9216K)
[17.943s][info][gc,heap        ] GC(79) Tenured: 20479K->20479K(20480K)
[17.943s][info][gc,metaspace   ] GC(79) Metaspace: 52105K->52105K(1095680K)
[17.943s][info][gc             ] GC(79) Pause Full (Allocation Failure) 28M->26M(29M) 96.551ms
[17.943s][info][gc,cpu         ] GC(79) User=0.11s Sys=0.00s Real=0.10s
[17.978s][info][gc,start       ] GC(80) Pause Full (Allocation Failure)
[17.979s][info][gc,phases,start] GC(80) Phase 1: Mark live objects
[18.029s][info][gc,phases      ] GC(80) Phase 1: Mark live objects 50.607ms
[18.029s][info][gc,phases,start] GC(80) Phase 2: Compute new object addresses
[18.040s][info][gc,phases      ] GC(80) Phase 2: Compute new object addresses 10.839ms
[18.040s][info][gc,phases,start] GC(80) Phase 3: Adjust pointers
[18.065s][info][gc,phases      ] GC(80) Phase 3: Adjust pointers 25.312ms
[18.066s][info][gc,phases,start] GC(80) Phase 4: Move objects
[18.069s][info][gc,phases      ] GC(80) Phase 4: Move objects 2.996ms
[18.070s][info][gc,heap        ] GC(80) DefNew: 9203K->6131K(9216K)
[18.070s][info][gc,heap        ] GC(80) Tenured: 20479K->20479K(20480K)
[18.070s][info][gc,metaspace   ] GC(80) Metaspace: 52105K->52105K(1095680K)
[18.070s][info][gc             ] GC(80) Pause Full (Allocation Failure) 28M->25M(29M) 92.155ms
[18.070s][info][gc,cpu         ] GC(80) User=0.09s Sys=0.00s Real=0.09s
[18.088s][info][gc,start       ] GC(81) Pause Full (Allocation Failure)
[18.088s][info][gc,phases,start] GC(81) Phase 1: Mark live objects
[18.130s][info][gc,phases      ] GC(81) Phase 1: Mark live objects 41.861ms
[18.130s][info][gc,phases,start] GC(81) Phase 2: Compute new object addresses
[18.141s][info][gc,phases      ] GC(81) Phase 2: Compute new object addresses 10.689ms
[18.141s][info][gc,phases,start] GC(81) Phase 3: Adjust pointers
[18.167s][info][gc,phases      ] GC(81) Phase 3: Adjust pointers 25.812ms
[18.167s][info][gc,phases,start] GC(81) Phase 4: Move objects
[18.167s][info][gc,phases      ] GC(81) Phase 4: Move objects 0.244ms
[18.168s][info][gc,heap        ] GC(81) DefNew: 9215K->6193K(9216K)
[18.168s][info][gc,heap        ] GC(81) Tenured: 20479K->20479K(20480K)
[18.168s][info][gc,metaspace   ] GC(81) Metaspace: 52129K->52129K(1095680K)
[18.168s][info][gc             ] GC(81) Pause Full (Allocation Failure) 28M->26M(29M) 80.233ms
[18.168s][info][gc,cpu         ] GC(81) User=0.08s Sys=0.00s Real=0.08s
[18.188s][info][gc,start       ] GC(82) Pause Full (Allocation Failure)
[18.189s][info][gc,phases,start] GC(82) Phase 1: Mark live objects
[18.228s][info][gc,phases      ] GC(82) Phase 1: Mark live objects 39.017ms
[18.228s][info][gc,phases,start] GC(82) Phase 2: Compute new object addresses
[18.239s][info][gc,phases      ] GC(82) Phase 2: Compute new object addresses 10.470ms
[18.239s][info][gc,phases,start] GC(82) Phase 3: Adjust pointers
[18.268s][info][gc,phases      ] GC(82) Phase 3: Adjust pointers 28.980ms
[18.268s][info][gc,phases,start] GC(82) Phase 4: Move objects
[18.271s][info][gc,phases      ] GC(82) Phase 4: Move objects 3.128ms
[18.272s][info][gc,heap        ] GC(82) DefNew: 9210K->6034K(9216K)
[18.272s][info][gc,heap        ] GC(82) Tenured: 20479K->20479K(20480K)
[18.272s][info][gc,metaspace   ] GC(82) Metaspace: 52130K->52130K(1095680K)
[18.272s][info][gc             ] GC(82) Pause Full (Allocation Failure) 28M->25M(29M) 83.560ms
[18.272s][info][gc,cpu         ] GC(82) User=0.08s Sys=0.02s Real=0.08s
[18.293s][info][gc,start       ] GC(83) Pause Full (Allocation Failure)
[18.294s][info][gc,phases,start] GC(83) Phase 1: Mark live objects
[18.336s][info][gc,phases      ] GC(83) Phase 1: Mark live objects 42.174ms
[18.336s][info][gc,phases,start] GC(83) Phase 2: Compute new object addresses
[18.345s][info][gc,phases      ] GC(83) Phase 2: Compute new object addresses 8.724ms
[18.345s][info][gc,phases,start] GC(83) Phase 3: Adjust pointers
[18.371s][info][gc,phases      ] GC(83) Phase 3: Adjust pointers 26.100ms
[18.371s][info][gc,phases,start] GC(83) Phase 4: Move objects
[18.384s][info][gc,phases      ] GC(83) Phase 4: Move objects 12.175ms
[18.384s][info][gc,heap        ] GC(83) DefNew: 9198K->5323K(9216K)
[18.385s][info][gc,heap        ] GC(83) Tenured: 20479K->20480K(20480K)
[18.385s][info][gc,metaspace   ] GC(83) Metaspace: 52136K->52136K(1095680K)
[18.385s][info][gc             ] GC(83) Pause Full (Allocation Failure) 28M->25M(29M) 91.255ms
[18.385s][info][gc,cpu         ] GC(83) User=0.09s Sys=0.00s Real=0.09s
[18.407s][info][gc,start       ] GC(84) Pause Full (Allocation Failure)
[18.407s][info][gc,phases,start] GC(84) Phase 1: Mark live objects
[18.448s][info][gc,phases      ] GC(84) Phase 1: Mark live objects 40.428ms
[18.448s][info][gc,phases,start] GC(84) Phase 2: Compute new object addresses
[18.455s][info][gc,phases      ] GC(84) Phase 2: Compute new object addresses 7.476ms
[18.455s][info][gc,phases,start] GC(84) Phase 3: Adjust pointers
[18.475s][info][gc,phases      ] GC(84) Phase 3: Adjust pointers 19.415ms
[18.475s][info][gc,phases,start] GC(84) Phase 4: Move objects
[18.475s][info][gc,phases      ] GC(84) Phase 4: Move objects 0.042ms
[18.476s][info][gc,heap        ] GC(84) DefNew: 9207K->5314K(9216K)
[18.476s][info][gc,heap        ] GC(84) Tenured: 20480K->20480K(20480K)
[18.476s][info][gc,metaspace   ] GC(84) Metaspace: 52140K->52140K(1095680K)
[18.476s][info][gc             ] GC(84) Pause Full (Allocation Failure) 28M->25M(29M) 69.540ms
[18.476s][info][gc,cpu         ] GC(84) User=0.08s Sys=0.00s Real=0.07s
[18.491s][info][gc,start       ] GC(85) Pause Full (Allocation Failure)
[18.491s][info][gc,phases,start] GC(85) Phase 1: Mark live objects
[18.527s][info][gc,phases      ] GC(85) Phase 1: Mark live objects 35.171ms
[18.527s][info][gc,phases,start] GC(85) Phase 2: Compute new object addresses
[18.534s][info][gc,phases      ] GC(85) Phase 2: Compute new object addresses 7.612ms
[18.534s][info][gc,phases,start] GC(85) Phase 3: Adjust pointers
[18.554s][info][gc,phases      ] GC(85) Phase 3: Adjust pointers 19.962ms
[18.554s][info][gc,phases,start] GC(85) Phase 4: Move objects
[18.555s][info][gc,phases      ] GC(85) Phase 4: Move objects 0.361ms
[18.555s][info][gc,heap        ] GC(85) DefNew: 9215K->5394K(9216K)
[18.555s][info][gc,heap        ] GC(85) Tenured: 20480K->20480K(20480K)
[18.555s][info][gc,metaspace   ] GC(85) Metaspace: 52140K->52140K(1095680K)
[18.555s][info][gc             ] GC(85) Pause Full (Allocation Failure) 28M->25M(29M) 64.599ms
[18.555s][info][gc,cpu         ] GC(85) User=0.06s Sys=0.00s Real=0.06s
[18.579s][info][gc,start       ] GC(86) Pause Full (Allocation Failure)
[18.580s][info][gc,phases,start] GC(86) Phase 1: Mark live objects
[18.633s][info][gc,phases      ] GC(86) Phase 1: Mark live objects 52.942ms
[18.633s][info][gc,phases,start] GC(86) Phase 2: Compute new object addresses
[18.642s][info][gc,phases      ] GC(86) Phase 2: Compute new object addresses 8.936ms
[18.642s][info][gc,phases,start] GC(86) Phase 3: Adjust pointers
[18.669s][info][gc,phases      ] GC(86) Phase 3: Adjust pointers 26.798ms
[18.669s][info][gc,phases,start] GC(86) Phase 4: Move objects
[18.669s][info][gc,phases      ] GC(86) Phase 4: Move objects 0.215ms
[18.670s][info][gc,heap        ] GC(86) DefNew: 9215K->5614K(9216K)
[18.670s][info][gc,heap        ] GC(86) Tenured: 20480K->20480K(20480K)
[18.670s][info][gc,metaspace   ] GC(86) Metaspace: 52140K->52140K(1095680K)
[18.670s][info][gc             ] GC(86) Pause Full (Allocation Failure) 28M->25M(29M) 90.794ms
[18.670s][info][gc,cpu         ] GC(86) User=0.09s Sys=0.00s Real=0.09s
[18.683s][info][gc,start       ] GC(87) Pause Full (Allocation Failure)
[18.684s][info][gc,phases,start] GC(87) Phase 1: Mark live objects
[18.726s][info][gc,phases      ] GC(87) Phase 1: Mark live objects 42.495ms
[18.726s][info][gc,phases,start] GC(87) Phase 2: Compute new object addresses
[18.734s][info][gc,phases      ] GC(87) Phase 2: Compute new object addresses 7.823ms
[18.734s][info][gc,phases,start] GC(87) Phase 3: Adjust pointers
[18.757s][info][gc,phases      ] GC(87) Phase 3: Adjust pointers 22.930ms
[18.757s][info][gc,phases,start] GC(87) Phase 4: Move objects
[18.762s][info][gc,phases      ] GC(87) Phase 4: Move objects 4.204ms
[18.762s][info][gc,heap        ] GC(87) DefNew: 9202K->5624K(9216K)
[18.762s][info][gc,heap        ] GC(87) Tenured: 20480K->20479K(20480K)
[18.762s][info][gc,metaspace   ] GC(87) Metaspace: 52140K->52140K(1095680K)
[18.762s][info][gc             ] GC(87) Pause Full (Allocation Failure) 28M->25M(29M) 79.715ms
[18.762s][info][gc,cpu         ] GC(87) User=0.08s Sys=0.00s Real=0.08s
[18.775s][info][gc,start       ] GC(88) Pause Full (Allocation Failure)
[18.776s][info][gc,phases,start] GC(88) Phase 1: Mark live objects
[18.813s][info][gc,phases      ] GC(88) Phase 1: Mark live objects 37.032ms
[18.813s][info][gc,phases,start] GC(88) Phase 2: Compute new object addresses
[18.820s][info][gc,phases      ] GC(88) Phase 2: Compute new object addresses 7.437ms
[18.820s][info][gc,phases,start] GC(88) Phase 3: Adjust pointers
[18.839s][info][gc,phases      ] GC(88) Phase 3: Adjust pointers 18.787ms
[18.839s][info][gc,phases,start] GC(88) Phase 4: Move objects
[18.840s][info][gc,phases      ] GC(88) Phase 4: Move objects 0.401ms
[18.841s][info][gc,heap        ] GC(88) DefNew: 9209K->5776K(9216K)
[18.841s][info][gc,heap        ] GC(88) Tenured: 20479K->20479K(20480K)
[18.841s][info][gc,metaspace   ] GC(88) Metaspace: 52141K->52141K(1095680K)
[18.841s][info][gc             ] GC(88) Pause Full (Allocation Failure) 28M->25M(29M) 65.847ms
[18.841s][info][gc,cpu         ] GC(88) User=0.06s Sys=0.00s Real=0.07s
[18.858s][info][gc,start       ] GC(89) Pause Full (Allocation Failure)
[18.859s][info][gc,phases,start] GC(89) Phase 1: Mark live objects
[18.898s][info][gc,phases      ] GC(89) Phase 1: Mark live objects 38.799ms
[18.898s][info][gc,phases,start] GC(89) Phase 2: Compute new object addresses
[18.906s][info][gc,phases      ] GC(89) Phase 2: Compute new object addresses 7.990ms
[18.906s][info][gc,phases,start] GC(89) Phase 3: Adjust pointers
[18.933s][info][gc,phases      ] GC(89) Phase 3: Adjust pointers 27.354ms
[18.933s][info][gc,phases,start] GC(89) Phase 4: Move objects
[18.934s][info][gc,phases      ] GC(89) Phase 4: Move objects 0.542ms
[18.935s][info][gc,heap        ] GC(89) DefNew: 9215K->5794K(9216K)
[18.935s][info][gc,heap        ] GC(89) Tenured: 20479K->20479K(20480K)
[18.935s][info][gc,metaspace   ] GC(89) Metaspace: 52144K->52144K(1095680K)
[18.935s][info][gc             ] GC(89) Pause Full (Allocation Failure) 28M->25M(29M) 76.596ms
[18.935s][info][gc,cpu         ] GC(89) User=0.08s Sys=0.00s Real=0.08s
[18.944s][info][gc,start       ] GC(90) Pause Full (Allocation Failure)
[18.945s][info][gc,phases,start] GC(90) Phase 1: Mark live objects
[18.981s][info][gc,phases      ] GC(90) Phase 1: Mark live objects 36.543ms
[18.982s][info][gc,phases,start] GC(90) Phase 2: Compute new object addresses
[18.989s][info][gc,phases      ] GC(90) Phase 2: Compute new object addresses 7.676ms
[18.989s][info][gc,phases,start] GC(90) Phase 3: Adjust pointers
[19.009s][info][gc,phases      ] GC(90) Phase 3: Adjust pointers 19.564ms
[19.009s][info][gc,phases,start] GC(90) Phase 4: Move objects
[19.009s][info][gc,phases      ] GC(90) Phase 4: Move objects 0.114ms
[19.010s][info][gc,heap        ] GC(90) DefNew: 9215K->5854K(9216K)
[19.010s][info][gc,heap        ] GC(90) Tenured: 20479K->20479K(20480K)
[19.010s][info][gc,metaspace   ] GC(90) Metaspace: 52144K->52144K(1095680K)
[19.010s][info][gc             ] GC(90) Pause Full (Allocation Failure) 28M->25M(29M) 65.542ms
[19.010s][info][gc,cpu         ] GC(90) User=0.06s Sys=0.00s Real=0.07s
[19.035s][info][gc,start       ] GC(91) Pause Full (Allocation Failure)
[19.036s][info][gc,phases,start] GC(91) Phase 1: Mark live objects
[19.071s][info][gc,phases      ] GC(91) Phase 1: Mark live objects 34.958ms
[19.071s][info][gc,phases,start] GC(91) Phase 2: Compute new object addresses
[19.079s][info][gc,phases      ] GC(91) Phase 2: Compute new object addresses 7.783ms
[19.079s][info][gc,phases,start] GC(91) Phase 3: Adjust pointers
[19.099s][info][gc,phases      ] GC(91) Phase 3: Adjust pointers 20.235ms
[19.099s][info][gc,phases,start] GC(91) Phase 4: Move objects
[19.107s][info][gc,phases      ] GC(91) Phase 4: Move objects 8.381ms
[19.108s][info][gc,heap        ] GC(91) DefNew: 9216K->5767K(9216K)
[19.108s][info][gc,heap        ] GC(91) Tenured: 20480K->20479K(20480K)
[19.108s][info][gc,metaspace   ] GC(91) Metaspace: 52249K->52249K(1095680K)
[19.108s][info][gc             ] GC(91) Pause Full (Allocation Failure) 29M->25M(29M) 72.941ms
[19.108s][info][gc,cpu         ] GC(91) User=0.08s Sys=0.00s Real=0.07s
[19.140s][info][gc,start       ] GC(92) Pause Full (Allocation Failure)
[19.140s][info][gc,phases,start] GC(92) Phase 1: Mark live objects
[19.177s][info][gc,phases      ] GC(92) Phase 1: Mark live objects 37.241ms
[19.177s][info][gc,phases,start] GC(92) Phase 2: Compute new object addresses
[19.186s][info][gc,phases      ] GC(92) Phase 2: Compute new object addresses 8.375ms
[19.186s][info][gc,phases,start] GC(92) Phase 3: Adjust pointers
[19.206s][info][gc,phases      ] GC(92) Phase 3: Adjust pointers 19.703ms
[19.206s][info][gc,phases,start] GC(92) Phase 4: Move objects
[19.206s][info][gc,phases      ] GC(92) Phase 4: Move objects 0.519ms
[19.207s][info][gc,heap        ] GC(92) DefNew: 9196K->6075K(9216K)
[19.207s][info][gc,heap        ] GC(92) Tenured: 20479K->20479K(20480K)
[19.207s][info][gc,metaspace   ] GC(92) Metaspace: 52364K->52364K(1095680K)
[19.207s][info][gc             ] GC(92) Pause Full (Allocation Failure) 28M->25M(29M) 67.543ms
[19.207s][info][gc,cpu         ] GC(92) User=0.06s Sys=0.00s Real=0.07s
[19.222s][info][gc,start       ] GC(93) Pause Full (Allocation Failure)
[19.223s][info][gc,phases,start] GC(93) Phase 1: Mark live objects
[19.259s][info][gc,phases      ] GC(93) Phase 1: Mark live objects 36.059ms
[19.259s][info][gc,phases,start] GC(93) Phase 2: Compute new object addresses
[19.267s][info][gc,phases      ] GC(93) Phase 2: Compute new object addresses 7.854ms
[19.267s][info][gc,phases,start] GC(93) Phase 3: Adjust pointers
[19.286s][info][gc,phases      ] GC(93) Phase 3: Adjust pointers 19.041ms
[19.286s][info][gc,phases,start] GC(93) Phase 4: Move objects
[19.286s][info][gc,phases      ] GC(93) Phase 4: Move objects 0.245ms
[19.287s][info][gc,heap        ] GC(93) DefNew: 9215K->5985K(9216K)
[19.287s][info][gc,heap        ] GC(93) Tenured: 20479K->20479K(20480K)
[19.287s][info][gc,metaspace   ] GC(93) Metaspace: 52368K->52368K(1095680K)
[19.287s][info][gc             ] GC(93) Pause Full (Allocation Failure) 28M->25M(29M) 64.809ms
[19.287s][info][gc,cpu         ] GC(93) User=0.08s Sys=0.00s Real=0.06s
[19.302s][info][gc,start       ] GC(94) Pause Full (Allocation Failure)
[19.303s][info][gc,phases,start] GC(94) Phase 1: Mark live objects
[19.338s][info][gc,phases      ] GC(94) Phase 1: Mark live objects 34.836ms
[19.338s][info][gc,phases,start] GC(94) Phase 2: Compute new object addresses
[19.346s][info][gc,phases      ] GC(94) Phase 2: Compute new object addresses 7.541ms
[19.346s][info][gc,phases,start] GC(94) Phase 3: Adjust pointers
[19.366s][info][gc,phases      ] GC(94) Phase 3: Adjust pointers 19.943ms
[19.366s][info][gc,phases,start] GC(94) Phase 4: Move objects
[19.368s][info][gc,phases      ] GC(94) Phase 4: Move objects 2.102ms
[19.368s][info][gc,heap        ] GC(94) DefNew: 9215K->5972K(9216K)
[19.369s][info][gc,heap        ] GC(94) Tenured: 20479K->20479K(20480K)
[19.369s][info][gc,metaspace   ] GC(94) Metaspace: 52371K->52371K(1095680K)
[19.369s][info][gc             ] GC(94) Pause Full (Allocation Failure) 28M->25M(29M) 66.126ms
[19.369s][info][gc,cpu         ] GC(94) User=0.08s Sys=0.00s Real=0.07s
[19.384s][info][gc,start       ] GC(95) Pause Full (Allocation Failure)
[19.384s][info][gc,phases,start] GC(95) Phase 1: Mark live objects
[19.419s][info][gc,phases      ] GC(95) Phase 1: Mark live objects 34.897ms
[19.419s][info][gc,phases,start] GC(95) Phase 2: Compute new object addresses
[19.427s][info][gc,phases      ] GC(95) Phase 2: Compute new object addresses 7.747ms
[19.427s][info][gc,phases,start] GC(95) Phase 3: Adjust pointers
[19.449s][info][gc,phases      ] GC(95) Phase 3: Adjust pointers 21.996ms
[19.449s][info][gc,phases,start] GC(95) Phase 4: Move objects
[19.456s][info][gc,phases      ] GC(95) Phase 4: Move objects 7.221ms
[19.457s][info][gc,heap        ] GC(95) DefNew: 9190K->5979K(9216K)
[19.457s][info][gc,heap        ] GC(95) Tenured: 20479K->20479K(20480K)
[19.457s][info][gc,metaspace   ] GC(95) Metaspace: 52374K->52374K(1095680K)
[19.457s][info][gc             ] GC(95) Pause Full (Allocation Failure) 28M->25M(29M) 73.534ms
[19.457s][info][gc,cpu         ] GC(95) User=0.06s Sys=0.00s Real=0.07s
[19.473s][info][gc,start       ] GC(96) Pause Full (Allocation Failure)
[19.473s][info][gc,phases,start] GC(96) Phase 1: Mark live objects
[19.509s][info][gc,phases      ] GC(96) Phase 1: Mark live objects 36.000ms
[19.509s][info][gc,phases,start] GC(96) Phase 2: Compute new object addresses
[19.517s][info][gc,phases      ] GC(96) Phase 2: Compute new object addresses 8.047ms
[19.517s][info][gc,phases,start] GC(96) Phase 3: Adjust pointers
[19.537s][info][gc,phases      ] GC(96) Phase 3: Adjust pointers 19.739ms
[19.537s][info][gc,phases,start] GC(96) Phase 4: Move objects
[19.539s][info][gc,phases      ] GC(96) Phase 4: Move objects 1.937ms
[19.540s][info][gc,heap        ] GC(96) DefNew: 9216K->6029K(9216K)
[19.540s][info][gc,heap        ] GC(96) Tenured: 20479K->20479K(20480K)
[19.540s][info][gc,metaspace   ] GC(96) Metaspace: 52403K->52403K(1095680K)
[19.540s][info][gc             ] GC(96) Pause Full (Allocation Failure) 28M->25M(29M) 67.261ms
[19.540s][info][gc,cpu         ] GC(96) User=0.08s Sys=0.00s Real=0.07s
[19.564s][info][gc,start       ] GC(97) Pause Full (Allocation Failure)
[19.565s][info][gc,phases,start] GC(97) Phase 1: Mark live objects
[19.607s][info][gc,phases      ] GC(97) Phase 1: Mark live objects 42.337ms
[19.607s][info][gc,phases,start] GC(97) Phase 2: Compute new object addresses
[19.616s][info][gc,phases      ] GC(97) Phase 2: Compute new object addresses 8.119ms
[19.616s][info][gc,phases,start] GC(97) Phase 3: Adjust pointers
[19.635s][info][gc,phases      ] GC(97) Phase 3: Adjust pointers 19.570ms
[19.635s][info][gc,phases,start] GC(97) Phase 4: Move objects
[19.637s][info][gc,phases      ] GC(97) Phase 4: Move objects 1.224ms
[19.637s][info][gc,heap        ] GC(97) DefNew: 9191K->6221K(9216K)
[19.637s][info][gc,heap        ] GC(97) Tenured: 20479K->20479K(20480K)
[19.637s][info][gc,metaspace   ] GC(97) Metaspace: 52414K->52414K(1095680K)
[19.637s][info][gc             ] GC(97) Pause Full (Allocation Failure) 28M->26M(29M) 72.974ms
[19.637s][info][gc,cpu         ] GC(97) User=0.08s Sys=0.00s Real=0.07s
[19.650s][info][gc,start       ] GC(98) Pause Full (Allocation Failure)
[19.651s][info][gc,phases,start] GC(98) Phase 1: Mark live objects
[19.700s][info][gc,phases      ] GC(98) Phase 1: Mark live objects 49.477ms
[19.700s][info][gc,phases,start] GC(98) Phase 2: Compute new object addresses
[19.710s][info][gc,phases      ] GC(98) Phase 2: Compute new object addresses 9.622ms
[19.710s][info][gc,phases,start] GC(98) Phase 3: Adjust pointers
[19.730s][info][gc,phases      ] GC(98) Phase 3: Adjust pointers 20.415ms
[19.730s][info][gc,phases,start] GC(98) Phase 4: Move objects
[19.733s][info][gc,phases      ] GC(98) Phase 4: Move objects 2.219ms
[19.733s][info][gc,heap        ] GC(98) DefNew: 9215K->5922K(9216K)
[19.733s][info][gc,heap        ] GC(98) Tenured: 20480K->20480K(20480K)
[19.733s][info][gc,metaspace   ] GC(98) Metaspace: 52362K->52362K(1095680K)
[19.734s][info][gc             ] GC(98) Pause Full (Allocation Failure) 28M->25M(29M) 83.569ms
[19.734s][info][gc,cpu         ] GC(98) User=0.08s Sys=0.00s Real=0.08s
[19.746s][info][gc,start       ] GC(99) Pause Full (Allocation Failure)
[19.748s][info][gc,phases,start] GC(99) Phase 1: Mark live objects
[19.783s][info][gc,phases      ] GC(99) Phase 1: Mark live objects 34.824ms
[19.783s][info][gc,phases,start] GC(99) Phase 2: Compute new object addresses
[19.790s][info][gc,phases      ] GC(99) Phase 2: Compute new object addresses 7.578ms
[19.790s][info][gc,phases,start] GC(99) Phase 3: Adjust pointers
[19.811s][info][gc,phases      ] GC(99) Phase 3: Adjust pointers 21.122ms
[19.811s][info][gc,phases,start] GC(99) Phase 4: Move objects
[19.820s][info][gc,phases      ] GC(99) Phase 4: Move objects 8.080ms
[19.820s][info][gc,heap        ] GC(99) DefNew: 9206K->6011K(9216K)
[19.820s][info][gc,heap        ] GC(99) Tenured: 20480K->20479K(20480K)
[19.820s][info][gc,metaspace   ] GC(99) Metaspace: 52319K->52319K(1095680K)
[19.820s][info][gc             ] GC(99) Pause Full (Allocation Failure) 28M->25M(29M) 73.912ms
[19.820s][info][gc,cpu         ] GC(99) User=0.08s Sys=0.00s Real=0.07s
[19.833s][info][gc,start       ] GC(100) Pause Full (Allocation Failure)
[19.834s][info][gc,phases,start] GC(100) Phase 1: Mark live objects
[19.869s][info][gc,phases      ] GC(100) Phase 1: Mark live objects 35.374ms
[19.869s][info][gc,phases,start] GC(100) Phase 2: Compute new object addresses
[19.877s][info][gc,phases      ] GC(100) Phase 2: Compute new object addresses 7.521ms
[19.877s][info][gc,phases,start] GC(100) Phase 3: Adjust pointers
[19.896s][info][gc,phases      ] GC(100) Phase 3: Adjust pointers 19.068ms
[19.896s][info][gc,phases,start] GC(100) Phase 4: Move objects
[19.897s][info][gc,phases      ] GC(100) Phase 4: Move objects 0.419ms
[19.897s][info][gc,heap        ] GC(100) DefNew: 9215K->5905K(9216K)
[19.897s][info][gc,heap        ] GC(100) Tenured: 20479K->20479K(20480K)
[19.897s][info][gc,metaspace   ] GC(100) Metaspace: 52319K->52319K(1095680K)
[19.897s][info][gc             ] GC(100) Pause Full (Allocation Failure) 28M->25M(29M) 63.982ms
[19.897s][info][gc,cpu         ] GC(100) User=0.08s Sys=0.00s Real=0.06s
[19.914s][info][gc,start       ] GC(101) Pause Full (Allocation Failure)
[19.915s][info][gc,phases,start] GC(101) Phase 1: Mark live objects
[19.951s][info][gc,phases      ] GC(101) Phase 1: Mark live objects 36.250ms
[19.951s][info][gc,phases,start] GC(101) Phase 2: Compute new object addresses
[19.959s][info][gc,phases      ] GC(101) Phase 2: Compute new object addresses 7.778ms
[19.959s][info][gc,phases,start] GC(101) Phase 3: Adjust pointers
[19.979s][info][gc,phases      ] GC(101) Phase 3: Adjust pointers 20.318ms
[19.979s][info][gc,phases,start] GC(101) Phase 4: Move objects
[19.980s][info][gc,phases      ] GC(101) Phase 4: Move objects 1.254ms
[19.981s][info][gc,heap        ] GC(101) DefNew: 9215K->5984K(9216K)
[19.981s][info][gc,heap        ] GC(101) Tenured: 20479K->20479K(20480K)
[19.981s][info][gc,metaspace   ] GC(101) Metaspace: 52331K->52331K(1095680K)
[19.981s][info][gc             ] GC(101) Pause Full (Allocation Failure) 28M->25M(29M) 67.306ms
[19.981s][info][gc,cpu         ] GC(101) User=0.06s Sys=0.00s Real=0.07s
[19.999s][info][gc,start       ] GC(102) Pause Full (Allocation Failure)
[20.000s][info][gc,phases,start] GC(102) Phase 1: Mark live objects
[20.037s][info][gc,phases      ] GC(102) Phase 1: Mark live objects 36.754ms
[20.037s][info][gc,phases,start] GC(102) Phase 2: Compute new object addresses
[20.045s][info][gc,phases      ] GC(102) Phase 2: Compute new object addresses 8.087ms
[20.045s][info][gc,phases,start] GC(102) Phase 3: Adjust pointers
[20.065s][info][gc,phases      ] GC(102) Phase 3: Adjust pointers 19.834ms
[20.065s][info][gc,phases,start] GC(102) Phase 4: Move objects
[20.065s][info][gc,phases      ] GC(102) Phase 4: Move objects 0.435ms
[20.066s][info][gc,heap        ] GC(102) DefNew: 9205K->6094K(9216K)
[20.066s][info][gc,heap        ] GC(102) Tenured: 20479K->20479K(20480K)
[20.066s][info][gc,metaspace   ] GC(102) Metaspace: 52331K->52331K(1095680K)
[20.066s][info][gc             ] GC(102) Pause Full (Allocation Failure) 28M->25M(29M) 66.777ms
[20.066s][info][gc,cpu         ] GC(102) User=0.06s Sys=0.00s Real=0.07s
[20.077s][info][gc,start       ] GC(103) Pause Full (Allocation Failure)
[20.078s][info][gc,phases,start] GC(103) Phase 1: Mark live objects
[20.113s][info][gc,phases      ] GC(103) Phase 1: Mark live objects 35.186ms
[20.113s][info][gc,phases,start] GC(103) Phase 2: Compute new object addresses
[20.121s][info][gc,phases      ] GC(103) Phase 2: Compute new object addresses 7.744ms
[20.121s][info][gc,phases,start] GC(103) Phase 3: Adjust pointers
[20.141s][info][gc,phases      ] GC(103) Phase 3: Adjust pointers 20.121ms
[20.141s][info][gc,phases,start] GC(103) Phase 4: Move objects
[20.145s][info][gc,phases      ] GC(103) Phase 4: Move objects 3.755ms
[20.146s][info][gc,heap        ] GC(103) DefNew: 9215K->5988K(9216K)
[20.146s][info][gc,heap        ] GC(103) Tenured: 20479K->20479K(20480K)
[20.146s][info][gc,metaspace   ] GC(103) Metaspace: 52331K->52331K(1095680K)
[20.146s][info][gc             ] GC(103) Pause Full (Allocation Failure) 28M->25M(29M) 68.495ms
[20.146s][info][gc,cpu         ] GC(103) User=0.06s Sys=0.00s Real=0.07s
[20.159s][info][gc,start       ] GC(104) Pause Full (Allocation Failure)
[20.160s][info][gc,phases,start] GC(104) Phase 1: Mark live objects
[20.194s][info][gc,phases      ] GC(104) Phase 1: Mark live objects 34.673ms
[20.194s][info][gc,phases,start] GC(104) Phase 2: Compute new object addresses
[20.202s][info][gc,phases      ] GC(104) Phase 2: Compute new object addresses 7.992ms
[20.202s][info][gc,phases,start] GC(104) Phase 3: Adjust pointers
[20.222s][info][gc,phases      ] GC(104) Phase 3: Adjust pointers 19.412ms
[20.222s][info][gc,phases,start] GC(104) Phase 4: Move objects
[20.222s][info][gc,phases      ] GC(104) Phase 4: Move objects 0.445ms
[20.223s][info][gc,heap        ] GC(104) DefNew: 9211K->6001K(9216K)
[20.223s][info][gc,heap        ] GC(104) Tenured: 20479K->20479K(20480K)
[20.223s][info][gc,metaspace   ] GC(104) Metaspace: 52331K->52331K(1095680K)
[20.223s][info][gc             ] GC(104) Pause Full (Allocation Failure) 28M->25M(29M) 64.136ms
[20.223s][info][gc,cpu         ] GC(104) User=0.06s Sys=0.00s Real=0.06s
[20.235s][info][gc,start       ] GC(105) Pause Full (Allocation Failure)
[20.236s][info][gc,phases,start] GC(105) Phase 1: Mark live objects
[20.271s][info][gc,phases      ] GC(105) Phase 1: Mark live objects 35.618ms
[20.271s][info][gc,phases,start] GC(105) Phase 2: Compute new object addresses
[20.279s][info][gc,phases      ] GC(105) Phase 2: Compute new object addresses 7.745ms
[20.279s][info][gc,phases,start] GC(105) Phase 3: Adjust pointers
[20.299s][info][gc,phases      ] GC(105) Phase 3: Adjust pointers 19.893ms
[20.299s][info][gc,phases,start] GC(105) Phase 4: Move objects
[20.300s][info][gc,phases      ] GC(105) Phase 4: Move objects 0.445ms
[20.300s][info][gc,heap        ] GC(105) DefNew: 9215K->6014K(9216K)
[20.300s][info][gc,heap        ] GC(105) Tenured: 20479K->20479K(20480K)
[20.300s][info][gc,metaspace   ] GC(105) Metaspace: 52331K->52331K(1095680K)
[20.300s][info][gc             ] GC(105) Pause Full (Allocation Failure) 28M->25M(29M) 65.331ms
[20.300s][info][gc,cpu         ] GC(105) User=0.06s Sys=0.00s Real=0.07s
[20.318s][info][gc,start       ] GC(106) Pause Full (Allocation Failure)
[20.318s][info][gc,phases,start] GC(106) Phase 1: Mark live objects
[20.353s][info][gc,phases      ] GC(106) Phase 1: Mark live objects 35.137ms
[20.354s][info][gc,phases,start] GC(106) Phase 2: Compute new object addresses
[20.361s][info][gc,phases      ] GC(106) Phase 2: Compute new object addresses 7.820ms
[20.361s][info][gc,phases,start] GC(106) Phase 3: Adjust pointers
[20.381s][info][gc,phases      ] GC(106) Phase 3: Adjust pointers 19.889ms
[20.381s][info][gc,phases,start] GC(106) Phase 4: Move objects
[20.383s][info][gc,phases      ] GC(106) Phase 4: Move objects 1.607ms
[20.384s][info][gc,heap        ] GC(106) DefNew: 9215K->6162K(9216K)
[20.384s][info][gc,heap        ] GC(106) Tenured: 20479K->20479K(20480K)
[20.384s][info][gc,metaspace   ] GC(106) Metaspace: 52342K->52342K(1095680K)
[20.384s][info][gc             ] GC(106) Pause Full (Allocation Failure) 28M->26M(29M) 66.329ms
[20.384s][info][gc,cpu         ] GC(106) User=0.06s Sys=0.02s Real=0.07s
[20.404s][info][gc,start       ] GC(107) Pause Full (Allocation Failure)
[20.404s][info][gc,phases,start] GC(107) Phase 1: Mark live objects
[20.447s][info][gc,phases      ] GC(107) Phase 1: Mark live objects 42.774ms
[20.447s][info][gc,phases,start] GC(107) Phase 2: Compute new object addresses
[20.456s][info][gc,phases      ] GC(107) Phase 2: Compute new object addresses 9.157ms
[20.457s][info][gc,phases,start] GC(107) Phase 3: Adjust pointers
[20.477s][info][gc,phases      ] GC(107) Phase 3: Adjust pointers 20.417ms
[20.477s][info][gc,phases,start] GC(107) Phase 4: Move objects
[20.486s][info][gc,phases      ] GC(107) Phase 4: Move objects 9.174ms
[20.487s][info][gc,heap        ] GC(107) DefNew: 9208K->5853K(9216K)
[20.487s][info][gc,heap        ] GC(107) Tenured: 20479K->20479K(20480K)
[20.487s][info][gc,metaspace   ] GC(107) Metaspace: 52347K->52347K(1095680K)
[20.487s][info][gc             ] GC(107) Pause Full (Allocation Failure) 28M->25M(29M) 83.333ms
[20.487s][info][gc,cpu         ] GC(107) User=0.08s Sys=0.00s Real=0.08s
[20.502s][info][gc,start       ] GC(108) Pause Full (Allocation Failure)
[20.503s][info][gc,phases,start] GC(108) Phase 1: Mark live objects
[20.538s][info][gc,phases      ] GC(108) Phase 1: Mark live objects 35.087ms
[20.538s][info][gc,phases,start] GC(108) Phase 2: Compute new object addresses
[20.546s][info][gc,phases      ] GC(108) Phase 2: Compute new object addresses 7.706ms
[20.546s][info][gc,phases,start] GC(108) Phase 3: Adjust pointers
[20.565s][info][gc,phases      ] GC(108) Phase 3: Adjust pointers 19.771ms
[20.566s][info][gc,phases,start] GC(108) Phase 4: Move objects
[20.566s][info][gc,phases      ] GC(108) Phase 4: Move objects 0.374ms
[20.567s][info][gc,heap        ] GC(108) DefNew: 9211K->5715K(9216K)
[20.567s][info][gc,heap        ] GC(108) Tenured: 20479K->20479K(20480K)
[20.567s][info][gc,metaspace   ] GC(108) Metaspace: 52217K->52217K(1095680K)
[20.567s][info][gc             ] GC(108) Pause Full (Allocation Failure) 28M->25M(29M) 64.529ms
[20.567s][info][gc,cpu         ] GC(108) User=0.06s Sys=0.00s Real=0.06s
[20.580s][info][gc,start       ] GC(109) Pause Full (Allocation Failure)
[20.581s][info][gc,phases,start] GC(109) Phase 1: Mark live objects
[20.616s][info][gc,phases      ] GC(109) Phase 1: Mark live objects 35.130ms
[20.616s][info][gc,phases,start] GC(109) Phase 2: Compute new object addresses
[20.624s][info][gc,phases      ] GC(109) Phase 2: Compute new object addresses 7.753ms
[20.624s][info][gc,phases,start] GC(109) Phase 3: Adjust pointers
[20.643s][info][gc,phases      ] GC(109) Phase 3: Adjust pointers 19.339ms
[20.643s][info][gc,phases,start] GC(109) Phase 4: Move objects
[20.643s][info][gc,phases      ] GC(109) Phase 4: Move objects 0.440ms
[20.644s][info][gc,heap        ] GC(109) DefNew: 9215K->5724K(9216K)
[20.644s][info][gc,heap        ] GC(109) Tenured: 20480K->20480K(20480K)
[20.644s][info][gc,metaspace   ] GC(109) Metaspace: 52217K->52217K(1095680K)
[20.644s][info][gc             ] GC(109) Pause Full (Allocation Failure) 28M->25M(29M) 64.321ms
[20.644s][info][gc,cpu         ] GC(109) User=0.06s Sys=0.00s Real=0.07s
[20.657s][info][gc,start       ] GC(110) Pause Full (Allocation Failure)
[20.658s][info][gc,phases,start] GC(110) Phase 1: Mark live objects
[20.692s][info][gc,phases      ] GC(110) Phase 1: Mark live objects 34.414ms
[20.692s][info][gc,phases,start] GC(110) Phase 2: Compute new object addresses
[20.700s][info][gc,phases      ] GC(110) Phase 2: Compute new object addresses 7.877ms
[20.700s][info][gc,phases,start] GC(110) Phase 3: Adjust pointers
[20.719s][info][gc,phases      ] GC(110) Phase 3: Adjust pointers 19.174ms
[20.719s][info][gc,phases,start] GC(110) Phase 4: Move objects
[20.720s][info][gc,phases      ] GC(110) Phase 4: Move objects 0.474ms
[20.720s][info][gc,heap        ] GC(110) DefNew: 9200K->5769K(9216K)
[20.721s][info][gc,heap        ] GC(110) Tenured: 20480K->20480K(20480K)
[20.721s][info][gc,metaspace   ] GC(110) Metaspace: 52217K->52217K(1095680K)
[20.721s][info][gc             ] GC(110) Pause Full (Allocation Failure) 28M->25M(29M) 63.601ms
[20.721s][info][gc,cpu         ] GC(110) User=0.06s Sys=0.00s Real=0.07s
[20.740s][info][gc,start       ] GC(111) Pause Full (Allocation Failure)
[20.741s][info][gc,phases,start] GC(111) Phase 1: Mark live objects
[20.776s][info][gc,phases      ] GC(111) Phase 1: Mark live objects 35.360ms
[20.776s][info][gc,phases,start] GC(111) Phase 2: Compute new object addresses
[20.784s][info][gc,phases      ] GC(111) Phase 2: Compute new object addresses 8.026ms
[20.784s][info][gc,phases,start] GC(111) Phase 3: Adjust pointers
[20.805s][info][gc,phases      ] GC(111) Phase 3: Adjust pointers 20.227ms
[20.805s][info][gc,phases,start] GC(111) Phase 4: Move objects
[20.809s][info][gc,phases      ] GC(111) Phase 4: Move objects 4.026ms
[20.809s][info][gc,heap        ] GC(111) DefNew: 9216K->5898K(9216K)
[20.810s][info][gc,heap        ] GC(111) Tenured: 20480K->20479K(20480K)
[20.810s][info][gc,metaspace   ] GC(111) Metaspace: 52229K->52229K(1095680K)
[20.810s][info][gc             ] GC(111) Pause Full (Allocation Failure) 29M->25M(29M) 69.628ms
[20.810s][info][gc,cpu         ] GC(111) User=0.08s Sys=0.00s Real=0.07s
[21.005s][info][gc,start       ] GC(112) Pause Full (Allocation Failure)
[21.006s][info][gc,phases,start] GC(112) Phase 1: Mark live objects
[21.042s][info][gc,phases      ] GC(112) Phase 1: Mark live objects 36.531ms
[21.043s][info][gc,phases,start] GC(112) Phase 2: Compute new object addresses
[21.051s][info][gc,phases      ] GC(112) Phase 2: Compute new object addresses 8.244ms
[21.051s][info][gc,phases,start] GC(112) Phase 3: Adjust pointers
[21.071s][info][gc,phases      ] GC(112) Phase 3: Adjust pointers 19.747ms
[21.071s][info][gc,phases,start] GC(112) Phase 4: Move objects
[21.072s][info][gc,phases      ] GC(112) Phase 4: Move objects 1.813ms
[21.073s][info][gc,heap        ] GC(112) DefNew: 9215K->5888K(9216K)
[21.073s][info][gc,heap        ] GC(112) Tenured: 20480K->20480K(20480K)
[21.073s][info][gc,metaspace   ] GC(112) Metaspace: 52630K->52630K(1097728K)
[21.073s][info][gc             ] GC(112) Pause Full (Allocation Failure) 28M->25M(29M) 67.909ms
[21.073s][info][gc,cpu         ] GC(112) User=0.06s Sys=0.00s Real=0.07s
[21.090s][info][gc,start       ] GC(113) Pause Full (Allocation Failure)
[21.090s][info][gc,phases,start] GC(113) Phase 1: Mark live objects
[21.126s][info][gc,phases      ] GC(113) Phase 1: Mark live objects 35.308ms
[21.126s][info][gc,phases,start] GC(113) Phase 2: Compute new object addresses
[21.133s][info][gc,phases      ] GC(113) Phase 2: Compute new object addresses 7.775ms
[21.133s][info][gc,phases,start] GC(113) Phase 3: Adjust pointers
[21.154s][info][gc,phases      ] GC(113) Phase 3: Adjust pointers 20.772ms
[21.154s][info][gc,phases,start] GC(113) Phase 4: Move objects
[21.156s][info][gc,phases      ] GC(113) Phase 4: Move objects 1.620ms
[21.157s][info][gc,heap        ] GC(113) DefNew: 9215K->5988K(9216K)
[21.157s][info][gc,heap        ] GC(113) Tenured: 20480K->20480K(20480K)
[21.157s][info][gc,metaspace   ] GC(113) Metaspace: 52632K->52632K(1097728K)
[21.157s][info][gc             ] GC(113) Pause Full (Allocation Failure) 28M->25M(29M) 67.097ms
[21.157s][info][gc,cpu         ] GC(113) User=0.06s Sys=0.00s Real=0.07s
[21.171s][info][gc,start       ] GC(114) Pause Full (Allocation Failure)
[21.171s][info][gc,phases,start] GC(114) Phase 1: Mark live objects
[21.207s][info][gc,phases      ] GC(114) Phase 1: Mark live objects 35.355ms
[21.207s][info][gc,phases,start] GC(114) Phase 2: Compute new object addresses
[21.215s][info][gc,phases      ] GC(114) Phase 2: Compute new object addresses 7.726ms
[21.215s][info][gc,phases,start] GC(114) Phase 3: Adjust pointers
[21.234s][info][gc,phases      ] GC(114) Phase 3: Adjust pointers 19.585ms
[21.234s][info][gc,phases,start] GC(114) Phase 4: Move objects
[21.235s][info][gc,phases      ] GC(114) Phase 4: Move objects 0.688ms
[21.236s][info][gc,heap        ] GC(114) DefNew: 9214K->6031K(9216K)
[21.236s][info][gc,heap        ] GC(114) Tenured: 20480K->20480K(20480K)
[21.236s][info][gc,metaspace   ] GC(114) Metaspace: 52632K->52632K(1097728K)
[21.236s][info][gc             ] GC(114) Pause Full (Allocation Failure) 28M->25M(29M) 64.922ms
[21.236s][info][gc,cpu         ] GC(114) User=0.06s Sys=0.00s Real=0.07s
[21.247s][info][gc,start       ] GC(115) Pause Full (Allocation Failure)
[21.248s][info][gc,phases,start] GC(115) Phase 1: Mark live objects
[21.285s][info][gc,phases      ] GC(115) Phase 1: Mark live objects 37.155ms
[21.285s][info][gc,phases,start] GC(115) Phase 2: Compute new object addresses
[21.293s][info][gc,phases      ] GC(115) Phase 2: Compute new object addresses 7.678ms
[21.293s][info][gc,phases,start] GC(115) Phase 3: Adjust pointers
[21.314s][info][gc,phases      ] GC(115) Phase 3: Adjust pointers 21.565ms
[21.315s][info][gc,phases,start] GC(115) Phase 4: Move objects
[21.323s][info][gc,phases      ] GC(115) Phase 4: Move objects 8.535ms
[21.324s][info][gc,heap        ] GC(115) DefNew: 9215K->6003K(9216K)
[21.324s][info][gc,heap        ] GC(115) Tenured: 20480K->20479K(20480K)
[21.324s][info][gc,metaspace   ] GC(115) Metaspace: 52632K->52632K(1097728K)
[21.324s][info][gc             ] GC(115) Pause Full (Allocation Failure) 28M->25M(29M) 76.785ms
[21.324s][info][gc,cpu         ] GC(115) User=0.08s Sys=0.00s Real=0.08s
[21.337s][info][gc,start       ] GC(116) Pause Full (Allocation Failure)
[21.338s][info][gc,phases,start] GC(116) Phase 1: Mark live objects
[21.373s][info][gc,phases      ] GC(116) Phase 1: Mark live objects 35.569ms
[21.373s][info][gc,phases,start] GC(116) Phase 2: Compute new object addresses
[21.381s][info][gc,phases      ] GC(116) Phase 2: Compute new object addresses 7.692ms
[21.381s][info][gc,phases,start] GC(116) Phase 3: Adjust pointers
[21.402s][info][gc,phases      ] GC(116) Phase 3: Adjust pointers 20.740ms
[21.402s][info][gc,phases,start] GC(116) Phase 4: Move objects
[21.403s][info][gc,phases      ] GC(116) Phase 4: Move objects 0.748ms
[21.403s][info][gc,heap        ] GC(116) DefNew: 9207K->6074K(9216K)
[21.403s][info][gc,heap        ] GC(116) Tenured: 20479K->20479K(20480K)
[21.403s][info][gc,metaspace   ] GC(116) Metaspace: 52632K->52632K(1097728K)
[21.403s][info][gc             ] GC(116) Pause Full (Allocation Failure) 28M->25M(29M) 66.476ms
[21.403s][info][gc,cpu         ] GC(116) User=0.06s Sys=0.00s Real=0.07s
[21.425s][info][gc,start       ] GC(117) Pause Full (Allocation Failure)
[21.426s][info][gc,phases,start] GC(117) Phase 1: Mark live objects
[21.463s][info][gc,phases      ] GC(117) Phase 1: Mark live objects 36.908ms
[21.463s][info][gc,phases,start] GC(117) Phase 2: Compute new object addresses
[21.471s][info][gc,phases      ] GC(117) Phase 2: Compute new object addresses 8.416ms
[21.471s][info][gc,phases,start] GC(117) Phase 3: Adjust pointers
[21.492s][info][gc,phases      ] GC(117) Phase 3: Adjust pointers 20.119ms
[21.492s][info][gc,phases,start] GC(117) Phase 4: Move objects
[21.493s][info][gc,phases      ] GC(117) Phase 4: Move objects 1.358ms
[21.494s][info][gc,heap        ] GC(117) DefNew: 9215K->6061K(9216K)
[21.494s][info][gc,heap        ] GC(117) Tenured: 20479K->20479K(20480K)
[21.494s][info][gc,metaspace   ] GC(117) Metaspace: 52644K->52644K(1097728K)
[21.494s][info][gc             ] GC(117) Pause Full (Allocation Failure) 28M->25M(29M) 68.473ms
[21.494s][info][gc,cpu         ] GC(117) User=0.08s Sys=0.00s Real=0.07s
[21.506s][info][gc,start       ] GC(118) Pause Full (Allocation Failure)
[21.507s][info][gc,phases,start] GC(118) Phase 1: Mark live objects
[21.550s][info][gc,phases      ] GC(118) Phase 1: Mark live objects 42.612ms
[21.550s][info][gc,phases,start] GC(118) Phase 2: Compute new object addresses
[21.558s][info][gc,phases      ] GC(118) Phase 2: Compute new object addresses 7.965ms
[21.558s][info][gc,phases,start] GC(118) Phase 3: Adjust pointers
[21.578s][info][gc,phases      ] GC(118) Phase 3: Adjust pointers 20.210ms
[21.578s][info][gc,phases,start] GC(118) Phase 4: Move objects
[21.579s][info][gc,phases      ] GC(118) Phase 4: Move objects 0.881ms
[21.580s][info][gc,heap        ] GC(118) DefNew: 9215K->6083K(9216K)
[21.580s][info][gc,heap        ] GC(118) Tenured: 20479K->20479K(20480K)
[21.580s][info][gc,metaspace   ] GC(118) Metaspace: 52644K->52644K(1097728K)
[21.580s][info][gc             ] GC(118) Pause Full (Allocation Failure) 28M->25M(29M) 73.434ms
[21.580s][info][gc,cpu         ] GC(118) User=0.06s Sys=0.00s Real=0.07s
[21.590s][info][gc,start       ] GC(119) Pause Full (Allocation Failure)
[21.591s][info][gc,phases,start] GC(119) Phase 1: Mark live objects
[21.627s][info][gc,phases      ] GC(119) Phase 1: Mark live objects 35.572ms
[21.627s][info][gc,phases,start] GC(119) Phase 2: Compute new object addresses
[21.635s][info][gc,phases      ] GC(119) Phase 2: Compute new object addresses 7.674ms
[21.635s][info][gc,phases,start] GC(119) Phase 3: Adjust pointers
[21.656s][info][gc,phases      ] GC(119) Phase 3: Adjust pointers 21.638ms
[21.656s][info][gc,phases,start] GC(119) Phase 4: Move objects
[21.664s][info][gc,phases      ] GC(119) Phase 4: Move objects 7.939ms
[21.665s][info][gc,heap        ] GC(119) DefNew: 9215K->6106K(9216K)
[21.665s][info][gc,heap        ] GC(119) Tenured: 20479K->20479K(20480K)
[21.665s][info][gc,metaspace   ] GC(119) Metaspace: 52626K->52626K(1097728K)
[21.665s][info][gc             ] GC(119) Pause Full (Allocation Failure) 28M->25M(29M) 74.779ms
[21.665s][info][gc,cpu         ] GC(119) User=0.08s Sys=0.00s Real=0.08s
[21.677s][info][gc,start       ] GC(120) Pause Full (Allocation Failure)
[21.678s][info][gc,phases,start] GC(120) Phase 1: Mark live objects
[21.713s][info][gc,phases      ] GC(120) Phase 1: Mark live objects 35.045ms
[21.713s][info][gc,phases,start] GC(120) Phase 2: Compute new object addresses
[21.721s][info][gc,phases      ] GC(120) Phase 2: Compute new object addresses 7.996ms
[21.721s][info][gc,phases,start] GC(120) Phase 3: Adjust pointers
[21.740s][info][gc,phases      ] GC(120) Phase 3: Adjust pointers 19.419ms
[21.740s][info][gc,phases,start] GC(120) Phase 4: Move objects
[21.741s][info][gc,phases      ] GC(120) Phase 4: Move objects 0.936ms
[21.742s][info][gc,heap        ] GC(120) DefNew: 9215K->6112K(9216K)
[21.742s][info][gc,heap        ] GC(120) Tenured: 20479K->20479K(20480K)
[21.742s][info][gc,metaspace   ] GC(120) Metaspace: 52626K->52626K(1097728K)
[21.742s][info][gc             ] GC(120) Pause Full (Allocation Failure) 28M->25M(29M) 65.010ms
[21.742s][info][gc,cpu         ] GC(120) User=0.08s Sys=0.00s Real=0.07s
[21.752s][info][gc,start       ] GC(121) Pause Full (Allocation Failure)
[21.753s][info][gc,phases,start] GC(121) Phase 1: Mark live objects
[21.788s][info][gc,phases      ] GC(121) Phase 1: Mark live objects 34.764ms
[21.788s][info][gc,phases,start] GC(121) Phase 2: Compute new object addresses
[21.796s][info][gc,phases      ] GC(121) Phase 2: Compute new object addresses 7.815ms
[21.796s][info][gc,phases,start] GC(121) Phase 3: Adjust pointers
[21.816s][info][gc,phases      ] GC(121) Phase 3: Adjust pointers 19.857ms
[21.816s][info][gc,phases,start] GC(121) Phase 4: Move objects
[21.817s][info][gc,phases      ] GC(121) Phase 4: Move objects 0.942ms
[21.817s][info][gc,heap        ] GC(121) DefNew: 9210K->6172K(9216K)
[21.817s][info][gc,heap        ] GC(121) Tenured: 20479K->20479K(20480K)
[21.817s][info][gc,metaspace   ] GC(121) Metaspace: 52626K->52626K(1097728K)
[21.817s][info][gc             ] GC(121) Pause Full (Allocation Failure) 28M->26M(29M) 64.968ms
[21.817s][info][gc,cpu         ] GC(121) User=0.06s Sys=0.00s Real=0.07s
[21.839s][info][gc,start       ] GC(122) Pause Full (Allocation Failure)
[21.840s][info][gc,phases,start] GC(122) Phase 1: Mark live objects
[21.881s][info][gc,phases      ] GC(122) Phase 1: Mark live objects 41.487ms
[21.881s][info][gc,phases,start] GC(122) Phase 2: Compute new object addresses
[21.890s][info][gc,phases      ] GC(122) Phase 2: Compute new object addresses 8.317ms
[21.890s][info][gc,phases,start] GC(122) Phase 3: Adjust pointers
[21.910s][info][gc,phases      ] GC(122) Phase 3: Adjust pointers 20.073ms
[21.910s][info][gc,phases,start] GC(122) Phase 4: Move objects
[21.911s][info][gc,phases      ] GC(122) Phase 4: Move objects 1.482ms
[21.912s][info][gc,heap        ] GC(122) DefNew: 9215K->6132K(9216K)
[21.912s][info][gc,heap        ] GC(122) Tenured: 20479K->20479K(20480K)
[21.912s][info][gc,metaspace   ] GC(122) Metaspace: 52637K->52637K(1097728K)
[21.912s][info][gc             ] GC(122) Pause Full (Allocation Failure) 28M->25M(29M) 73.310ms
[21.912s][info][gc,cpu         ] GC(122) User=0.08s Sys=0.00s Real=0.07s
[21.923s][info][gc,start       ] GC(123) Pause Full (Allocation Failure)
[21.924s][info][gc,phases,start] GC(123) Phase 1: Mark live objects
[21.960s][info][gc,phases      ] GC(123) Phase 1: Mark live objects 36.269ms
[21.960s][info][gc,phases,start] GC(123) Phase 2: Compute new object addresses
[21.968s][info][gc,phases      ] GC(123) Phase 2: Compute new object addresses 8.248ms
[21.968s][info][gc,phases,start] GC(123) Phase 3: Adjust pointers
[21.989s][info][gc,phases      ] GC(123) Phase 3: Adjust pointers 20.369ms
[21.989s][info][gc,phases,start] GC(123) Phase 4: Move objects
[21.997s][info][gc,phases      ] GC(123) Phase 4: Move objects 8.462ms
[21.998s][info][gc,heap        ] GC(123) DefNew: 9215K->6156K(9216K)
[21.998s][info][gc,heap        ] GC(123) Tenured: 20479K->20479K(20480K)
[21.998s][info][gc,metaspace   ] GC(123) Metaspace: 52637K->52637K(1097728K)
[21.998s][info][gc             ] GC(123) Pause Full (Allocation Failure) 28M->26M(29M) 74.990ms
[21.998s][info][gc,cpu         ] GC(123) User=0.08s Sys=0.00s Real=0.08s
[22.009s][info][gc,start       ] GC(124) Pause Full (Allocation Failure)
[22.009s][info][gc,phases,start] GC(124) Phase 1: Mark live objects
[22.046s][info][gc,phases      ] GC(124) Phase 1: Mark live objects 36.959ms
[22.046s][info][gc,phases,start] GC(124) Phase 2: Compute new object addresses
[22.054s][info][gc,phases      ] GC(124) Phase 2: Compute new object addresses 7.871ms
[22.054s][info][gc,phases,start] GC(124) Phase 3: Adjust pointers
[22.074s][info][gc,phases      ] GC(124) Phase 3: Adjust pointers 19.648ms
[22.074s][info][gc,phases,start] GC(124) Phase 4: Move objects
[22.075s][info][gc,phases      ] GC(124) Phase 4: Move objects 0.985ms
[22.076s][info][gc,heap        ] GC(124) DefNew: 9216K->6185K(9216K)
[22.076s][info][gc,heap        ] GC(124) Tenured: 20479K->20479K(20480K)
[22.076s][info][gc,metaspace   ] GC(124) Metaspace: 52637K->52637K(1097728K)
[22.076s][info][gc             ] GC(124) Pause Full (Allocation Failure) 28M->26M(29M) 67.182ms
[22.076s][info][gc,cpu         ] GC(124) User=0.06s Sys=0.00s Real=0.07s
[22.085s][info][gc,start       ] GC(125) Pause Full (Allocation Failure)
[22.085s][info][gc,phases,start] GC(125) Phase 1: Mark live objects
[22.128s][info][gc,phases      ] GC(125) Phase 1: Mark live objects 42.860ms
[22.128s][info][gc,phases,start] GC(125) Phase 2: Compute new object addresses
[22.136s][info][gc,phases      ] GC(125) Phase 2: Compute new object addresses 7.737ms
[22.136s][info][gc,phases,start] GC(125) Phase 3: Adjust pointers
[22.156s][info][gc,phases      ] GC(125) Phase 3: Adjust pointers 19.896ms
[22.156s][info][gc,phases,start] GC(125) Phase 4: Move objects
[22.158s][info][gc,phases      ] GC(125) Phase 4: Move objects 1.504ms
[22.158s][info][gc,heap        ] GC(125) DefNew: 9215K->6239K(9216K)
[22.158s][info][gc,heap        ] GC(125) Tenured: 20479K->20479K(20480K)
[22.158s][info][gc,metaspace   ] GC(125) Metaspace: 52637K->52637K(1097728K)
[22.158s][info][gc             ] GC(125) Pause Full (Allocation Failure) 28M->26M(29M) 73.687ms
[22.158s][info][gc,cpu         ] GC(125) User=0.06s Sys=0.00s Real=0.07s
[22.168s][info][gc,start       ] GC(126) Pause Full (Allocation Failure)
[22.169s][info][gc,phases,start] GC(126) Phase 1: Mark live objects
[22.205s][info][gc,phases      ] GC(126) Phase 1: Mark live objects 35.660ms
[22.205s][info][gc,phases,start] GC(126) Phase 2: Compute new object addresses
[22.213s][info][gc,phases      ] GC(126) Phase 2: Compute new object addresses 7.917ms
[22.213s][info][gc,phases,start] GC(126) Phase 3: Adjust pointers
[22.232s][info][gc,phases      ] GC(126) Phase 3: Adjust pointers 19.644ms
[22.232s][info][gc,phases,start] GC(126) Phase 4: Move objects
[22.233s][info][gc,phases      ] GC(126) Phase 4: Move objects 1.100ms
[22.234s][info][gc,heap        ] GC(126) DefNew: 9215K->6228K(9216K)
[22.234s][info][gc,heap        ] GC(126) Tenured: 20479K->20479K(20480K)
[22.234s][info][gc,metaspace   ] GC(126) Metaspace: 52614K->52614K(1097728K)
[22.234s][info][gc             ] GC(126) Pause Full (Allocation Failure) 28M->26M(29M) 65.926ms
[22.234s][info][gc,cpu         ] GC(126) User=0.06s Sys=0.00s Real=0.07s
[22.253s][info][gc,start       ] GC(127) Pause Full (Allocation Failure)
[22.254s][info][gc,phases,start] GC(127) Phase 1: Mark live objects
[22.290s][info][gc,phases      ] GC(127) Phase 1: Mark live objects 36.046ms
[22.290s][info][gc,phases,start] GC(127) Phase 2: Compute new object addresses
[22.298s][info][gc,phases      ] GC(127) Phase 2: Compute new object addresses 8.084ms
[22.298s][info][gc,phases,start] GC(127) Phase 3: Adjust pointers
[22.319s][info][gc,phases      ] GC(127) Phase 3: Adjust pointers 20.850ms
[22.319s][info][gc,phases,start] GC(127) Phase 4: Move objects
[22.327s][info][gc,phases      ] GC(127) Phase 4: Move objects 8.543ms
[22.328s][info][gc,heap        ] GC(127) DefNew: 9215K->6207K(9216K)
[22.328s][info][gc,heap        ] GC(127) Tenured: 20479K->20479K(20480K)
[22.328s][info][gc,metaspace   ] GC(127) Metaspace: 52626K->52626K(1097728K)
[22.328s][info][gc             ] GC(127) Pause Full (Allocation Failure) 28M->26M(29M) 75.289ms
[22.328s][info][gc,cpu         ] GC(127) User=0.08s Sys=0.00s Real=0.08s
[22.344s][info][gc,start       ] GC(128) Pause Full (Allocation Failure)
[22.344s][info][gc,phases,start] GC(128) Phase 1: Mark live objects
[22.380s][info][gc,phases      ] GC(128) Phase 1: Mark live objects 35.181ms
[22.380s][info][gc,phases,start] GC(128) Phase 2: Compute new object addresses
[22.388s][info][gc,phases      ] GC(128) Phase 2: Compute new object addresses 7.956ms
[22.388s][info][gc,phases,start] GC(128) Phase 3: Adjust pointers
[22.408s][info][gc,phases      ] GC(128) Phase 3: Adjust pointers 20.099ms
[22.408s][info][gc,phases,start] GC(128) Phase 4: Move objects
[22.409s][info][gc,phases      ] GC(128) Phase 4: Move objects 0.995ms
[22.409s][info][gc,heap        ] GC(128) DefNew: 9215K->6167K(9216K)
[22.410s][info][gc,heap        ] GC(128) Tenured: 20479K->20479K(20480K)
[22.410s][info][gc,metaspace   ] GC(128) Metaspace: 52626K->52626K(1097728K)
[22.410s][info][gc             ] GC(128) Pause Full (Allocation Failure) 28M->26M(29M) 66.005ms
[22.410s][info][gc,cpu         ] GC(128) User=0.06s Sys=0.00s Real=0.07s
[22.422s][info][gc,start       ] GC(129) Pause Full (Allocation Failure)
[22.423s][info][gc,phases,start] GC(129) Phase 1: Mark live objects
[22.462s][info][gc,phases      ] GC(129) Phase 1: Mark live objects 39.221ms
[22.463s][info][gc,phases,start] GC(129) Phase 2: Compute new object addresses
[22.473s][info][gc,phases      ] GC(129) Phase 2: Compute new object addresses 10.620ms
[22.473s][info][gc,phases,start] GC(129) Phase 3: Adjust pointers
[22.497s][info][gc,phases      ] GC(129) Phase 3: Adjust pointers 23.318ms
[22.497s][info][gc,phases,start] GC(129) Phase 4: Move objects
[22.498s][info][gc,phases      ] GC(129) Phase 4: Move objects 0.966ms
[22.498s][info][gc,heap        ] GC(129) DefNew: 9216K->6180K(9216K)
[22.498s][info][gc,heap        ] GC(129) Tenured: 20479K->20479K(20480K)
[22.499s][info][gc,metaspace   ] GC(129) Metaspace: 52626K->52626K(1097728K)
[22.499s][info][gc             ] GC(129) Pause Full (Allocation Failure) 28M->26M(29M) 76.166ms
[22.499s][info][gc,cpu         ] GC(129) User=0.08s Sys=0.00s Real=0.08s
[22.511s][info][gc,start       ] GC(130) Pause Full (Allocation Failure)
[22.512s][info][gc,phases,start] GC(130) Phase 1: Mark live objects
[22.551s][info][gc,phases      ] GC(130) Phase 1: Mark live objects 38.338ms
[22.551s][info][gc,phases,start] GC(130) Phase 2: Compute new object addresses
[22.559s][info][gc,phases      ] GC(130) Phase 2: Compute new object addresses 8.095ms
[22.559s][info][gc,phases,start] GC(130) Phase 3: Adjust pointers
[22.580s][info][gc,phases      ] GC(130) Phase 3: Adjust pointers 21.214ms
[22.580s][info][gc,phases,start] GC(130) Phase 4: Move objects
[22.582s][info][gc,phases      ] GC(130) Phase 4: Move objects 1.783ms
[22.583s][info][gc,heap        ] GC(130) DefNew: 9215K->6146K(9216K)
[22.583s][info][gc,heap        ] GC(130) Tenured: 20479K->20479K(20480K)
[22.583s][info][gc,metaspace   ] GC(130) Metaspace: 52626K->52626K(1097728K)
[22.583s][info][gc             ] GC(130) Pause Full (Allocation Failure) 28M->26M(29M) 71.518ms
[22.583s][info][gc,cpu         ] GC(130) User=0.06s Sys=0.00s Real=0.07s
[22.597s][info][gc,start       ] GC(131) Pause Full (Allocation Failure)
[22.597s][info][gc,phases,start] GC(131) Phase 1: Mark live objects
[22.637s][info][gc,phases      ] GC(131) Phase 1: Mark live objects 39.472ms
[22.637s][info][gc,phases,start] GC(131) Phase 2: Compute new object addresses
[22.645s][info][gc,phases      ] GC(131) Phase 2: Compute new object addresses 8.071ms
[22.645s][info][gc,phases,start] GC(131) Phase 3: Adjust pointers
[22.669s][info][gc,phases      ] GC(131) Phase 3: Adjust pointers 23.866ms
[22.669s][info][gc,phases,start] GC(131) Phase 4: Move objects
[22.678s][info][gc,phases      ] GC(131) Phase 4: Move objects 8.616ms
[22.678s][info][gc,heap        ] GC(131) DefNew: 9200K->6182K(9216K)
[22.678s][info][gc,heap        ] GC(131) Tenured: 20479K->20479K(20480K)
[22.678s][info][gc,metaspace   ] GC(131) Metaspace: 52626K->52626K(1097728K)
[22.679s][info][gc             ] GC(131) Pause Full (Allocation Failure) 28M->26M(29M) 81.737ms
[22.679s][info][gc,cpu         ] GC(131) User=0.09s Sys=0.00s Real=0.08s
[22.700s][info][gc,start       ] GC(132) Pause Full (Allocation Failure)
[22.701s][info][gc,phases,start] GC(132) Phase 1: Mark live objects
[22.741s][info][gc,phases      ] GC(132) Phase 1: Mark live objects 40.367ms
[22.741s][info][gc,phases,start] GC(132) Phase 2: Compute new object addresses
[22.751s][info][gc,phases      ] GC(132) Phase 2: Compute new object addresses 9.323ms
[22.751s][info][gc,phases,start] GC(132) Phase 3: Adjust pointers
[22.773s][info][gc,phases      ] GC(132) Phase 3: Adjust pointers 22.222ms
[22.773s][info][gc,phases,start] GC(132) Phase 4: Move objects
[22.774s][info][gc,phases      ] GC(132) Phase 4: Move objects 0.849ms
[22.775s][info][gc,heap        ] GC(132) DefNew: 9215K->6304K(9216K)
[22.775s][info][gc,heap        ] GC(132) Tenured: 20479K->20479K(20480K)
[22.775s][info][gc,metaspace   ] GC(132) Metaspace: 52637K->52637K(1097728K)
[22.775s][info][gc             ] GC(132) Pause Full (Allocation Failure) 28M->26M(29M) 74.699ms
[22.775s][info][gc,cpu         ] GC(132) User=0.08s Sys=0.00s Real=0.08s
[22.793s][info][gc,start       ] GC(133) Pause Full (Allocation Failure)
[22.793s][info][gc,phases,start] GC(133) Phase 1: Mark live objects
[22.834s][info][gc,phases      ] GC(133) Phase 1: Mark live objects 40.241ms
[22.834s][info][gc,phases,start] GC(133) Phase 2: Compute new object addresses
[22.842s][info][gc,phases      ] GC(133) Phase 2: Compute new object addresses 8.579ms
[22.842s][info][gc,phases,start] GC(133) Phase 3: Adjust pointers
[22.863s][info][gc,phases      ] GC(133) Phase 3: Adjust pointers 20.503ms
[22.863s][info][gc,phases,start] GC(133) Phase 4: Move objects
[22.864s][info][gc,phases      ] GC(133) Phase 4: Move objects 1.052ms
[22.865s][info][gc,heap        ] GC(133) DefNew: 9208K->6268K(9216K)
[22.865s][info][gc,heap        ] GC(133) Tenured: 20479K->20479K(20480K)
[22.865s][info][gc,metaspace   ] GC(133) Metaspace: 52637K->52637K(1097728K)
[22.865s][info][gc             ] GC(133) Pause Full (Allocation Failure) 28M->26M(29M) 72.350ms
[22.865s][info][gc,cpu         ] GC(133) User=0.06s Sys=0.00s Real=0.07s
[22.874s][info][gc,start       ] GC(134) Pause Full (Allocation Failure)
[22.875s][info][gc,phases,start] GC(134) Phase 1: Mark live objects
[22.910s][info][gc,phases      ] GC(134) Phase 1: Mark live objects 35.177ms
[22.910s][info][gc,phases,start] GC(134) Phase 2: Compute new object addresses
[22.918s][info][gc,phases      ] GC(134) Phase 2: Compute new object addresses 7.731ms
[22.918s][info][gc,phases,start] GC(134) Phase 3: Adjust pointers
[22.937s][info][gc,phases      ] GC(134) Phase 3: Adjust pointers 19.353ms
[22.937s][info][gc,phases,start] GC(134) Phase 4: Move objects
[22.938s][info][gc,phases      ] GC(134) Phase 4: Move objects 0.858ms
[22.940s][info][gc,heap        ] GC(134) DefNew: 9199K->6319K(9216K)
[22.940s][info][gc,heap        ] GC(134) Tenured: 20479K->20479K(20480K)
[22.940s][info][gc,metaspace   ] GC(134) Metaspace: 52637K->52637K(1097728K)
[22.940s][info][gc             ] GC(134) Pause Full (Allocation Failure) 28M->26M(29M) 65.405ms
[22.940s][info][gc,cpu         ] GC(134) User=0.06s Sys=0.00s Real=0.07s
[22.949s][info][gc,start       ] GC(135) Pause Full (Allocation Failure)
[22.950s][info][gc,phases,start] GC(135) Phase 1: Mark live objects
[22.985s][info][gc,phases      ] GC(135) Phase 1: Mark live objects 35.491ms
[22.986s][info][gc,phases,start] GC(135) Phase 2: Compute new object addresses
[22.993s][info][gc,phases      ] GC(135) Phase 2: Compute new object addresses 7.815ms
[22.993s][info][gc,phases,start] GC(135) Phase 3: Adjust pointers
[23.015s][info][gc,phases      ] GC(135) Phase 3: Adjust pointers 21.207ms
[23.015s][info][gc,phases,start] GC(135) Phase 4: Move objects
[23.019s][info][gc,phases      ] GC(135) Phase 4: Move objects 4.090ms
[23.019s][info][gc,heap        ] GC(135) DefNew: 9215K->6268K(9216K)
[23.020s][info][gc,heap        ] GC(135) Tenured: 20479K->20479K(20480K)
[23.020s][info][gc,metaspace   ] GC(135) Metaspace: 52637K->52637K(1097728K)
[23.020s][info][gc             ] GC(135) Pause Full (Allocation Failure) 28M->26M(29M) 70.353ms
[23.020s][info][gc,cpu         ] GC(135) User=0.06s Sys=0.00s Real=0.07s
[23.030s][info][gc,start       ] GC(136) Pause Full (Allocation Failure)
[23.031s][info][gc,phases,start] GC(136) Phase 1: Mark live objects
[23.067s][info][gc,phases      ] GC(136) Phase 1: Mark live objects 36.087ms
[23.067s][info][gc,phases,start] GC(136) Phase 2: Compute new object addresses
[23.074s][info][gc,phases      ] GC(136) Phase 2: Compute new object addresses 7.660ms
[23.075s][info][gc,phases,start] GC(136) Phase 3: Adjust pointers
[23.094s][info][gc,phases      ] GC(136) Phase 3: Adjust pointers 19.567ms
[23.094s][info][gc,phases,start] GC(136) Phase 4: Move objects
[23.095s][info][gc,phases      ] GC(136) Phase 4: Move objects 1.041ms
[23.096s][info][gc,heap        ] GC(136) DefNew: 9216K->6272K(9216K)
[23.096s][info][gc,heap        ] GC(136) Tenured: 20479K->20479K(20480K)
[23.096s][info][gc,metaspace   ] GC(136) Metaspace: 52637K->52637K(1097728K)
[23.096s][info][gc             ] GC(136) Pause Full (Allocation Failure) 28M->26M(29M) 66.083ms
[23.096s][info][gc,cpu         ] GC(136) User=0.06s Sys=0.00s Real=0.07s
[23.106s][info][gc,start       ] GC(137) Pause Full (Allocation Failure)
[23.107s][info][gc,phases,start] GC(137) Phase 1: Mark live objects
[23.142s][info][gc,phases      ] GC(137) Phase 1: Mark live objects 34.829ms
[23.142s][info][gc,phases,start] GC(137) Phase 2: Compute new object addresses
[23.150s][info][gc,phases      ] GC(137) Phase 2: Compute new object addresses 7.770ms
[23.150s][info][gc,phases,start] GC(137) Phase 3: Adjust pointers
[23.170s][info][gc,phases      ] GC(137) Phase 3: Adjust pointers 19.593ms
[23.170s][info][gc,phases,start] GC(137) Phase 4: Move objects
[23.171s][info][gc,phases      ] GC(137) Phase 4: Move objects 0.955ms
[23.171s][info][gc,heap        ] GC(137) DefNew: 9205K->6345K(9216K)
[23.171s][info][gc,heap        ] GC(137) Tenured: 20479K->20479K(20480K)
[23.171s][info][gc,metaspace   ] GC(137) Metaspace: 52637K->52637K(1097728K)
[23.172s][info][gc             ] GC(137) Pause Full (Allocation Failure) 28M->26M(29M) 65.002ms
[23.172s][info][gc,cpu         ] GC(137) User=0.06s Sys=0.00s Real=0.06s
[23.182s][info][gc,start       ] GC(138) Pause Full (Allocation Failure)
[23.182s][info][gc,phases,start] GC(138) Phase 1: Mark live objects
[23.218s][info][gc,phases      ] GC(138) Phase 1: Mark live objects 35.414ms
[23.218s][info][gc,phases,start] GC(138) Phase 2: Compute new object addresses
[23.226s][info][gc,phases      ] GC(138) Phase 2: Compute new object addresses 7.678ms
[23.226s][info][gc,phases,start] GC(138) Phase 3: Adjust pointers
[23.245s][info][gc,phases      ] GC(138) Phase 3: Adjust pointers 19.490ms
[23.245s][info][gc,phases,start] GC(138) Phase 4: Move objects
[23.246s][info][gc,phases      ] GC(138) Phase 4: Move objects 0.838ms
[23.247s][info][gc,heap        ] GC(138) DefNew: 9190K->6329K(9216K)
[23.247s][info][gc,heap        ] GC(138) Tenured: 20479K->20479K(20480K)
[23.247s][info][gc,metaspace   ] GC(138) Metaspace: 52637K->52637K(1097728K)
[23.247s][info][gc             ] GC(138) Pause Full (Allocation Failure) 28M->26M(29M) 65.185ms
[23.247s][info][gc,cpu         ] GC(138) User=0.06s Sys=0.00s Real=0.07s
[23.257s][info][gc,start       ] GC(139) Pause Full (Allocation Failure)
[23.258s][info][gc,phases,start] GC(139) Phase 1: Mark live objects
[23.293s][info][gc,phases      ] GC(139) Phase 1: Mark live objects 35.062ms
[23.293s][info][gc,phases,start] GC(139) Phase 2: Compute new object addresses
[23.301s][info][gc,phases      ] GC(139) Phase 2: Compute new object addresses 8.089ms
[23.301s][info][gc,phases,start] GC(139) Phase 3: Adjust pointers
[23.321s][info][gc,phases      ] GC(139) Phase 3: Adjust pointers 19.829ms
[23.321s][info][gc,phases,start] GC(139) Phase 4: Move objects
[23.322s][info][gc,phases      ] GC(139) Phase 4: Move objects 0.891ms
[23.323s][info][gc,heap        ] GC(139) DefNew: 9190K->6349K(9216K)
[23.323s][info][gc,heap        ] GC(139) Tenured: 20479K->20479K(20480K)
[23.323s][info][gc,metaspace   ] GC(139) Metaspace: 52637K->52637K(1097728K)
[23.323s][info][gc             ] GC(139) Pause Full (Allocation Failure) 28M->26M(29M) 65.602ms
[23.323s][info][gc,cpu         ] GC(139) User=0.06s Sys=0.00s Real=0.07s
[23.332s][info][gc,start       ] GC(140) Pause Full (Allocation Failure)
[23.333s][info][gc,phases,start] GC(140) Phase 1: Mark live objects
[23.368s][info][gc,phases      ] GC(140) Phase 1: Mark live objects 35.206ms
[23.368s][info][gc,phases,start] GC(140) Phase 2: Compute new object addresses
[23.376s][info][gc,phases      ] GC(140) Phase 2: Compute new object addresses 7.884ms
[23.376s][info][gc,phases,start] GC(140) Phase 3: Adjust pointers
[23.396s][info][gc,phases      ] GC(140) Phase 3: Adjust pointers 20.050ms
[23.396s][info][gc,phases,start] GC(140) Phase 4: Move objects
[23.397s][info][gc,phases      ] GC(140) Phase 4: Move objects 0.892ms
[23.398s][info][gc,heap        ] GC(140) DefNew: 9216K->6331K(9216K)
[23.398s][info][gc,heap        ] GC(140) Tenured: 20479K->20479K(20480K)
[23.398s][info][gc,metaspace   ] GC(140) Metaspace: 52637K->52637K(1097728K)
[23.398s][info][gc             ] GC(140) Pause Full (Allocation Failure) 28M->26M(29M) 65.785ms
[23.398s][info][gc,cpu         ] GC(140) User=0.08s Sys=0.00s Real=0.07s
[23.407s][info][gc,start       ] GC(141) Pause Full (Allocation Failure)
[23.408s][info][gc,phases,start] GC(141) Phase 1: Mark live objects
[23.443s][info][gc,phases      ] GC(141) Phase 1: Mark live objects 35.249ms
[23.443s][info][gc,phases,start] GC(141) Phase 2: Compute new object addresses
[23.451s][info][gc,phases      ] GC(141) Phase 2: Compute new object addresses 8.045ms
[23.451s][info][gc,phases,start] GC(141) Phase 3: Adjust pointers
[23.472s][info][gc,phases      ] GC(141) Phase 3: Adjust pointers 20.587ms
[23.472s][info][gc,phases,start] GC(141) Phase 4: Move objects
[23.473s][info][gc,phases      ] GC(141) Phase 4: Move objects 1.070ms
[23.474s][info][gc,heap        ] GC(141) DefNew: 9208K->6340K(9216K)
[23.474s][info][gc,heap        ] GC(141) Tenured: 20479K->20479K(20480K)
[23.474s][info][gc,metaspace   ] GC(141) Metaspace: 52637K->52637K(1097728K)
[23.474s][info][gc             ] GC(141) Pause Full (Allocation Failure) 28M->26M(29M) 66.755ms
[23.474s][info][gc,cpu         ] GC(141) User=0.06s Sys=0.00s Real=0.07s
[23.490s][info][gc,start       ] GC(142) Pause Full (Allocation Failure)
[23.490s][info][gc,phases,start] GC(142) Phase 1: Mark live objects
[23.526s][info][gc,phases      ] GC(142) Phase 1: Mark live objects 35.673ms
[23.526s][info][gc,phases,start] GC(142) Phase 2: Compute new object addresses
[23.534s][info][gc,phases      ] GC(142) Phase 2: Compute new object addresses 8.193ms
[23.534s][info][gc,phases,start] GC(142) Phase 3: Adjust pointers
[23.556s][info][gc,phases      ] GC(142) Phase 3: Adjust pointers 22.021ms
[23.556s][info][gc,phases,start] GC(142) Phase 4: Move objects
[23.559s][info][gc,phases      ] GC(142) Phase 4: Move objects 2.711ms
[23.560s][info][gc,heap        ] GC(142) DefNew: 9216K->6473K(9216K)
[23.560s][info][gc,heap        ] GC(142) Tenured: 20479K->20479K(20480K)
[23.560s][info][gc,metaspace   ] GC(142) Metaspace: 52649K->52649K(1097728K)
[23.560s][info][gc             ] GC(142) Pause Full (Allocation Failure) 28M->26M(29M) 70.645ms
[23.560s][info][gc,cpu         ] GC(142) User=0.08s Sys=0.00s Real=0.07s
[23.610s][info][gc,start       ] GC(143) Pause Full (Allocation Failure)
[23.611s][info][gc,phases,start] GC(143) Phase 1: Mark live objects
[23.673s][info][gc,phases      ] GC(143) Phase 1: Mark live objects 62.378ms
[23.673s][info][gc,phases,start] GC(143) Phase 2: Compute new object addresses
[23.683s][info][gc,phases      ] GC(143) Phase 2: Compute new object addresses 10.186ms
[23.684s][info][gc,phases,start] GC(143) Phase 3: Adjust pointers
[23.706s][info][gc,phases      ] GC(143) Phase 3: Adjust pointers 22.064ms
[23.706s][info][gc,phases,start] GC(143) Phase 4: Move objects
[23.710s][info][gc,phases      ] GC(143) Phase 4: Move objects 4.317ms
[23.711s][info][gc,heap        ] GC(143) DefNew: 9215K->6626K(9216K)
[23.711s][info][gc,heap        ] GC(143) Tenured: 20479K->20480K(20480K)
[23.712s][info][gc,metaspace   ] GC(143) Metaspace: 52712K->52712K(1097728K)
[23.712s][info][gc             ] GC(143) Pause Full (Allocation Failure) 28M->26M(29M) 101.662ms
[23.712s][info][gc,cpu         ] GC(143) User=0.11s Sys=0.00s Real=0.10s
[23.742s][info][gc,start       ] GC(144) Pause Full (Allocation Failure)
[23.742s][info][gc,phases,start] GC(144) Phase 1: Mark live objects
[23.778s][info][gc,phases      ] GC(144) Phase 1: Mark live objects 35.373ms
[23.778s][info][gc,phases,start] GC(144) Phase 2: Compute new object addresses
[23.786s][info][gc,phases      ] GC(144) Phase 2: Compute new object addresses 8.293ms
[23.786s][info][gc,phases,start] GC(144) Phase 3: Adjust pointers
[23.806s][info][gc,phases      ] GC(144) Phase 3: Adjust pointers 20.096ms
[23.806s][info][gc,phases,start] GC(144) Phase 4: Move objects
[23.808s][info][gc,phases      ] GC(144) Phase 4: Move objects 1.737ms
[23.809s][info][gc,heap        ] GC(144) DefNew: 9216K->6613K(9216K)
[23.809s][info][gc,heap        ] GC(144) Tenured: 20480K->20480K(20480K)
[23.809s][info][gc,metaspace   ] GC(144) Metaspace: 52794K->52794K(1097728K)
[23.809s][info][gc             ] GC(144) Pause Full (Allocation Failure) 29M->26M(29M) 67.157ms
[23.809s][info][gc,cpu         ] GC(144) User=0.06s Sys=0.00s Real=0.07s
[23.839s][info][gc,start       ] GC(145) Pause Full (Allocation Failure)
[23.840s][info][gc,phases,start] GC(145) Phase 1: Mark live objects
[23.877s][info][gc,phases      ] GC(145) Phase 1: Mark live objects 37.040ms
[23.877s][info][gc,phases,start] GC(145) Phase 2: Compute new object addresses
[23.885s][info][gc,phases      ] GC(145) Phase 2: Compute new object addresses 8.117ms
[23.886s][info][gc,phases,start] GC(145) Phase 3: Adjust pointers
[23.906s][info][gc,phases      ] GC(145) Phase 3: Adjust pointers 20.373ms
[23.906s][info][gc,phases,start] GC(145) Phase 4: Move objects
[23.908s][info][gc,phases      ] GC(145) Phase 4: Move objects 1.771ms
[23.909s][info][gc,heap        ] GC(145) DefNew: 9215K->6761K(9216K)
[23.909s][info][gc,heap        ] GC(145) Tenured: 20480K->20480K(20480K)
[23.909s][info][gc,metaspace   ] GC(145) Metaspace: 52946K->52946K(1097728K)
[23.909s][info][gc             ] GC(145) Pause Full (Allocation Failure) 28M->26M(29M) 69.183ms
[23.909s][info][gc,cpu         ] GC(145) User=0.06s Sys=0.00s Real=0.07s
[23.926s][info][gc,start       ] GC(146) Pause Full (Allocation Failure)
[23.927s][info][gc,phases,start] GC(146) Phase 1: Mark live objects
[23.964s][info][gc,phases      ] GC(146) Phase 1: Mark live objects 36.783ms
[23.964s][info][gc,phases,start] GC(146) Phase 2: Compute new object addresses
[23.973s][info][gc,phases      ] GC(146) Phase 2: Compute new object addresses 8.675ms
[23.973s][info][gc,phases,start] GC(146) Phase 3: Adjust pointers
[23.994s][info][gc,phases      ] GC(146) Phase 3: Adjust pointers 21.132ms
[23.994s][info][gc,phases,start] GC(146) Phase 4: Move objects
[23.996s][info][gc,phases      ] GC(146) Phase 4: Move objects 2.121ms
[23.997s][info][gc,heap        ] GC(146) DefNew: 9215K->7216K(9216K)
[23.997s][info][gc,heap        ] GC(146) Tenured: 20480K->20480K(20480K)
[23.997s][info][gc,metaspace   ] GC(146) Metaspace: 52972K->52972K(1097728K)
[23.997s][info][gc             ] GC(146) Pause Full (Allocation Failure) 28M->27M(29M) 70.708ms
[23.997s][info][gc,cpu         ] GC(146) User=0.08s Sys=0.00s Real=0.07s
[24.009s][info][gc,start       ] GC(147) Pause Full (Allocation Failure)
[24.010s][info][gc,phases,start] GC(147) Phase 1: Mark live objects
[24.047s][info][gc,phases      ] GC(147) Phase 1: Mark live objects 36.828ms
[24.047s][info][gc,phases,start] GC(147) Phase 2: Compute new object addresses
[24.055s][info][gc,phases      ] GC(147) Phase 2: Compute new object addresses 8.048ms
[24.055s][info][gc,phases,start] GC(147) Phase 3: Adjust pointers
[24.087s][info][gc,phases      ] GC(147) Phase 3: Adjust pointers 31.963ms
[24.087s][info][gc,phases,start] GC(147) Phase 4: Move objects
[24.100s][info][gc,phases      ] GC(147) Phase 4: Move objects 13.338ms
[24.101s][info][gc,heap        ] GC(147) DefNew: 9216K->6919K(9216K)
[24.101s][info][gc,heap        ] GC(147) Tenured: 20480K->20479K(20480K)
[24.101s][info][gc,metaspace   ] GC(147) Metaspace: 52977K->52977K(1097728K)
[24.101s][info][gc             ] GC(147) Pause Full (Allocation Failure) 29M->26M(29M) 91.954ms
[24.101s][info][gc,cpu         ] GC(147) User=0.09s Sys=0.00s Real=0.09s
[24.127s][info][gc,start       ] GC(148) Pause Full (Allocation Failure)
[24.128s][info][gc,phases,start] GC(148) Phase 1: Mark live objects
[24.184s][info][gc,phases      ] GC(148) Phase 1: Mark live objects 56.415ms
[24.184s][info][gc,phases,start] GC(148) Phase 2: Compute new object addresses
[24.193s][info][gc,phases      ] GC(148) Phase 2: Compute new object addresses 8.940ms
[24.193s][info][gc,phases,start] GC(148) Phase 3: Adjust pointers
[24.216s][info][gc,phases      ] GC(148) Phase 3: Adjust pointers 22.282ms
[24.216s][info][gc,phases,start] GC(148) Phase 4: Move objects
[24.218s][info][gc,phases      ] GC(148) Phase 4: Move objects 1.787ms
[24.219s][info][gc,heap        ] GC(148) DefNew: 9215K->7035K(9216K)
[24.219s][info][gc,heap        ] GC(148) Tenured: 20479K->20479K(20480K)
[24.219s][info][gc,metaspace   ] GC(148) Metaspace: 53033K->53033K(1097728K)
[24.219s][info][gc             ] GC(148) Pause Full (Allocation Failure) 28M->26M(29M) 91.852ms
[24.219s][info][gc,cpu         ] GC(148) User=0.09s Sys=0.00s Real=0.09s
[24.236s][info][gc,start       ] GC(149) Pause Full (Allocation Failure)
[24.236s][info][gc,phases,start] GC(149) Phase 1: Mark live objects
[24.273s][info][gc,phases      ] GC(149) Phase 1: Mark live objects 36.059ms
[24.273s][info][gc,phases,start] GC(149) Phase 2: Compute new object addresses
[24.281s][info][gc,phases      ] GC(149) Phase 2: Compute new object addresses 8.167ms
[24.281s][info][gc,phases,start] GC(149) Phase 3: Adjust pointers
[24.302s][info][gc,phases      ] GC(149) Phase 3: Adjust pointers 21.055ms
[24.302s][info][gc,phases,start] GC(149) Phase 4: Move objects
[24.304s][info][gc,phases      ] GC(149) Phase 4: Move objects 1.718ms
[24.305s][info][gc,heap        ] GC(149) DefNew: 9215K->7028K(9216K)
[24.305s][info][gc,heap        ] GC(149) Tenured: 20479K->20479K(20480K)
[24.305s][info][gc,metaspace   ] GC(149) Metaspace: 53057K->53057K(1097728K)
[24.305s][info][gc             ] GC(149) Pause Full (Allocation Failure) 28M->26M(29M) 69.338ms
[24.305s][info][gc,cpu         ] GC(149) User=0.08s Sys=0.00s Real=0.07s
[24.313s][info][gc,start       ] GC(150) Pause Full (Allocation Failure)
[24.313s][info][gc,phases,start] GC(150) Phase 1: Mark live objects
[24.349s][info][gc,phases      ] GC(150) Phase 1: Mark live objects 35.788ms
[24.349s][info][gc,phases,start] GC(150) Phase 2: Compute new object addresses
[24.357s][info][gc,phases      ] GC(150) Phase 2: Compute new object addresses 7.842ms
[24.357s][info][gc,phases,start] GC(150) Phase 3: Adjust pointers
[24.377s][info][gc,phases      ] GC(150) Phase 3: Adjust pointers 20.138ms
[24.377s][info][gc,phases,start] GC(150) Phase 4: Move objects
[24.378s][info][gc,phases      ] GC(150) Phase 4: Move objects 1.259ms
[24.379s][info][gc,heap        ] GC(150) DefNew: 9215K->7019K(9216K)
[24.379s][info][gc,heap        ] GC(150) Tenured: 20479K->20479K(20480K)
[24.379s][info][gc,metaspace   ] GC(150) Metaspace: 53057K->53057K(1097728K)
[24.379s][info][gc             ] GC(150) Pause Full (Allocation Failure) 28M->26M(29M) 66.758ms
[24.379s][info][gc,cpu         ] GC(150) User=0.05s Sys=0.02s Real=0.07s
[24.387s][info][gc,start       ] GC(151) Pause Full (Allocation Failure)
[24.387s][info][gc,phases,start] GC(151) Phase 1: Mark live objects
[24.424s][info][gc,phases      ] GC(151) Phase 1: Mark live objects 36.438ms
[24.424s][info][gc,phases,start] GC(151) Phase 2: Compute new object addresses
[24.432s][info][gc,phases      ] GC(151) Phase 2: Compute new object addresses 8.116ms
[24.432s][info][gc,phases,start] GC(151) Phase 3: Adjust pointers
[24.454s][info][gc,phases      ] GC(151) Phase 3: Adjust pointers 22.106ms
[24.454s][info][gc,phases,start] GC(151) Phase 4: Move objects
[24.461s][info][gc,phases      ] GC(151) Phase 4: Move objects 7.104ms
[24.462s][info][gc,heap        ] GC(151) DefNew: 9214K->7150K(9216K)
[24.462s][info][gc,heap        ] GC(151) Tenured: 20479K->20479K(20480K)
[24.462s][info][gc,metaspace   ] GC(151) Metaspace: 53057K->53057K(1097728K)
[24.462s][info][gc             ] GC(151) Pause Full (Allocation Failure) 28M->26M(29M) 75.575ms
[24.462s][info][gc,cpu         ] GC(151) User=0.08s Sys=0.00s Real=0.08s
[24.472s][info][gc,start       ] GC(152) Pause Full (Allocation Failure)
[24.473s][info][gc,phases,start] GC(152) Phase 1: Mark live objects
[24.510s][info][gc,phases      ] GC(152) Phase 1: Mark live objects 37.462ms
[24.510s][info][gc,phases,start] GC(152) Phase 2: Compute new object addresses
[24.519s][info][gc,phases      ] GC(152) Phase 2: Compute new object addresses 8.304ms
[24.519s][info][gc,phases,start] GC(152) Phase 3: Adjust pointers
[24.540s][info][gc,phases      ] GC(152) Phase 3: Adjust pointers 20.831ms
[24.540s][info][gc,phases,start] GC(152) Phase 4: Move objects
[24.541s][info][gc,phases      ] GC(152) Phase 4: Move objects 1.234ms
[24.542s][info][gc,heap        ] GC(152) DefNew: 9214K->7073K(9216K)
[24.542s][info][gc,heap        ] GC(152) Tenured: 20479K->20479K(20480K)
[24.542s][info][gc,metaspace   ] GC(152) Metaspace: 53057K->53057K(1097728K)
[24.542s][info][gc             ] GC(152) Pause Full (Allocation Failure) 28M->26M(29M) 69.535ms
[24.542s][info][gc,cpu         ] GC(152) User=0.08s Sys=0.00s Real=0.07s
[24.550s][info][gc,start       ] GC(153) Pause Full (Allocation Failure)
[24.551s][info][gc,phases,start] GC(153) Phase 1: Mark live objects
[24.587s][info][gc,phases      ] GC(153) Phase 1: Mark live objects 36.424ms
[24.587s][info][gc,phases,start] GC(153) Phase 2: Compute new object addresses
[24.595s][info][gc,phases      ] GC(153) Phase 2: Compute new object addresses 7.816ms
[24.595s][info][gc,phases,start] GC(153) Phase 3: Adjust pointers
[24.616s][info][gc,phases      ] GC(153) Phase 3: Adjust pointers 20.456ms
[24.616s][info][gc,phases,start] GC(153) Phase 4: Move objects
[24.617s][info][gc,phases      ] GC(153) Phase 4: Move objects 1.282ms
[24.618s][info][gc,heap        ] GC(153) DefNew: 9216K->7051K(9216K)
[24.618s][info][gc,heap        ] GC(153) Tenured: 20479K->20479K(20480K)
[24.618s][info][gc,metaspace   ] GC(153) Metaspace: 53057K->53057K(1097728K)
[24.618s][info][gc             ] GC(153) Pause Full (Allocation Failure) 28M->26M(29M) 68.255ms
[24.618s][info][gc,cpu         ] GC(153) User=0.08s Sys=0.00s Real=0.07s
[24.629s][info][gc,start       ] GC(154) Pause Full (Allocation Failure)
[24.629s][info][gc,phases,start] GC(154) Phase 1: Mark live objects
[24.666s][info][gc,phases      ] GC(154) Phase 1: Mark live objects 36.467ms
[24.666s][info][gc,phases,start] GC(154) Phase 2: Compute new object addresses
[24.674s][info][gc,phases      ] GC(154) Phase 2: Compute new object addresses 7.911ms
[24.674s][info][gc,phases,start] GC(154) Phase 3: Adjust pointers
[24.695s][info][gc,phases      ] GC(154) Phase 3: Adjust pointers 20.544ms
[24.695s][info][gc,phases,start] GC(154) Phase 4: Move objects
[24.696s][info][gc,phases      ] GC(154) Phase 4: Move objects 1.284ms
[24.697s][info][gc,heap        ] GC(154) DefNew: 9206K->7232K(9216K)
[24.697s][info][gc,heap        ] GC(154) Tenured: 20479K->20479K(20480K)
[24.697s][info][gc,metaspace   ] GC(154) Metaspace: 53058K->53058K(1097728K)
[24.697s][info][gc             ] GC(154) Pause Full (Allocation Failure) 28M->27M(29M) 68.043ms
[24.697s][info][gc,cpu         ] GC(154) User=0.08s Sys=0.00s Real=0.07s
[24.710s][info][gc,start       ] GC(155) Pause Full (Allocation Failure)
[24.710s][info][gc,phases,start] GC(155) Phase 1: Mark live objects
[24.751s][info][gc,phases      ] GC(155) Phase 1: Mark live objects 40.881ms
[24.751s][info][gc,phases,start] GC(155) Phase 2: Compute new object addresses
[24.760s][info][gc,phases      ] GC(155) Phase 2: Compute new object addresses 8.384ms
[24.760s][info][gc,phases,start] GC(155) Phase 3: Adjust pointers
[24.781s][info][gc,phases      ] GC(155) Phase 3: Adjust pointers 21.280ms
[24.781s][info][gc,phases,start] GC(155) Phase 4: Move objects
[24.785s][info][gc,phases      ] GC(155) Phase 4: Move objects 4.381ms
[24.786s][info][gc,heap        ] GC(155) DefNew: 9216K->7038K(9216K)
[24.786s][info][gc,heap        ] GC(155) Tenured: 20479K->20479K(20480K)
[24.786s][info][gc,metaspace   ] GC(155) Metaspace: 53070K->53070K(1097728K)
[24.786s][info][gc             ] GC(155) Pause Full (Allocation Failure) 28M->26M(29M) 76.678ms
[24.786s][info][gc,cpu         ] GC(155) User=0.06s Sys=0.00s Real=0.08s
[24.800s][info][gc,start       ] GC(156) Pause Full (Allocation Failure)
[24.802s][info][gc,phases,start] GC(156) Phase 1: Mark live objects
[24.840s][info][gc,phases      ] GC(156) Phase 1: Mark live objects 37.644ms
[24.840s][info][gc,phases,start] GC(156) Phase 2: Compute new object addresses
[24.848s][info][gc,phases      ] GC(156) Phase 2: Compute new object addresses 8.351ms
[24.848s][info][gc,phases,start] GC(156) Phase 3: Adjust pointers
[24.869s][info][gc,phases      ] GC(156) Phase 3: Adjust pointers 20.412ms
[24.869s][info][gc,phases,start] GC(156) Phase 4: Move objects
[24.869s][info][gc,phases      ] GC(156) Phase 4: Move objects 0.541ms
[24.870s][info][gc,heap        ] GC(156) DefNew: 9206K->7046K(9216K)
[24.870s][info][gc,heap        ] GC(156) Tenured: 20479K->20479K(20480K)
[24.870s][info][gc,metaspace   ] GC(156) Metaspace: 53070K->53070K(1097728K)
[24.870s][info][gc             ] GC(156) Pause Full (Allocation Failure) 28M->26M(29M) 69.632ms
[24.870s][info][gc,cpu         ] GC(156) User=0.08s Sys=0.00s Real=0.07s
[24.884s][info][gc,start       ] GC(157) Pause Full (Allocation Failure)
[24.885s][info][gc,phases,start] GC(157) Phase 1: Mark live objects
[24.921s][info][gc,phases      ] GC(157) Phase 1: Mark live objects 35.886ms
[24.921s][info][gc,phases,start] GC(157) Phase 2: Compute new object addresses
[24.929s][info][gc,phases      ] GC(157) Phase 2: Compute new object addresses 8.094ms
[24.929s][info][gc,phases,start] GC(157) Phase 3: Adjust pointers
[24.950s][info][gc,phases      ] GC(157) Phase 3: Adjust pointers 20.596ms
[24.950s][info][gc,phases,start] GC(157) Phase 4: Move objects
[24.951s][info][gc,phases      ] GC(157) Phase 4: Move objects 1.382ms
[24.952s][info][gc,heap        ] GC(157) DefNew: 9215K->7096K(9216K)
[24.952s][info][gc,heap        ] GC(157) Tenured: 20479K->20479K(20480K)
[24.952s][info][gc,metaspace   ] GC(157) Metaspace: 53092K->53092K(1097728K)
[24.952s][info][gc             ] GC(157) Pause Full (Allocation Failure) 28M->26M(29M) 67.712ms
[24.952s][info][gc,cpu         ] GC(157) User=0.06s Sys=0.00s Real=0.07s
[24.961s][info][gc,start       ] GC(158) Pause Full (Allocation Failure)
[24.962s][info][gc,phases,start] GC(158) Phase 1: Mark live objects
[24.999s][info][gc,phases      ] GC(158) Phase 1: Mark live objects 37.193ms
[24.999s][info][gc,phases,start] GC(158) Phase 2: Compute new object addresses
[25.007s][info][gc,phases      ] GC(158) Phase 2: Compute new object addresses 7.978ms
[25.007s][info][gc,phases,start] GC(158) Phase 3: Adjust pointers
[25.028s][info][gc,phases      ] GC(158) Phase 3: Adjust pointers 20.813ms
[25.028s][info][gc,phases,start] GC(158) Phase 4: Move objects
[25.029s][info][gc,phases      ] GC(158) Phase 4: Move objects 1.314ms
[25.030s][info][gc,heap        ] GC(158) DefNew: 9208K->7200K(9216K)
[25.030s][info][gc,heap        ] GC(158) Tenured: 20479K->20479K(20480K)
[25.030s][info][gc,metaspace   ] GC(158) Metaspace: 53092K->53092K(1097728K)
[25.030s][info][gc             ] GC(158) Pause Full (Allocation Failure) 28M->27M(29M) 69.050ms
[25.030s][info][gc,cpu         ] GC(158) User=0.06s Sys=0.00s Real=0.07s
[25.038s][info][gc,start       ] GC(159) Pause Full (Allocation Failure)
[25.038s][info][gc,phases,start] GC(159) Phase 1: Mark live objects
[25.075s][info][gc,phases      ] GC(159) Phase 1: Mark live objects 36.415ms
[25.075s][info][gc,phases,start] GC(159) Phase 2: Compute new object addresses
[25.083s][info][gc,phases      ] GC(159) Phase 2: Compute new object addresses 7.929ms
[25.083s][info][gc,phases,start] GC(159) Phase 3: Adjust pointers
[25.105s][info][gc,phases      ] GC(159) Phase 3: Adjust pointers 21.837ms
[25.105s][info][gc,phases,start] GC(159) Phase 4: Move objects
[25.111s][info][gc,phases      ] GC(159) Phase 4: Move objects 6.238ms
[25.112s][info][gc,heap        ] GC(159) DefNew: 9215K->7119K(9216K)
[25.112s][info][gc,heap        ] GC(159) Tenured: 20479K->20479K(20480K)
[25.112s][info][gc,metaspace   ] GC(159) Metaspace: 53092K->53092K(1097728K)
[25.112s][info][gc             ] GC(159) Pause Full (Allocation Failure) 28M->26M(29M) 74.222ms
[25.112s][info][gc,cpu         ] GC(159) User=0.06s Sys=0.00s Real=0.07s
[25.122s][info][gc,start       ] GC(160) Pause Full (Allocation Failure)
[25.123s][info][gc,phases,start] GC(160) Phase 1: Mark live objects
[25.163s][info][gc,phases      ] GC(160) Phase 1: Mark live objects 39.789ms
[25.163s][info][gc,phases,start] GC(160) Phase 2: Compute new object addresses
[25.171s][info][gc,phases      ] GC(160) Phase 2: Compute new object addresses 8.228ms
[25.171s][info][gc,phases,start] GC(160) Phase 3: Adjust pointers
[25.192s][info][gc,phases      ] GC(160) Phase 3: Adjust pointers 20.477ms
[25.192s][info][gc,phases,start] GC(160) Phase 4: Move objects
[25.193s][info][gc,phases      ] GC(160) Phase 4: Move objects 1.251ms
[25.194s][info][gc,heap        ] GC(160) DefNew: 9207K->7183K(9216K)
[25.194s][info][gc,heap        ] GC(160) Tenured: 20479K->20479K(20480K)
[25.194s][info][gc,metaspace   ] GC(160) Metaspace: 53092K->53092K(1097728K)
[25.194s][info][gc             ] GC(160) Pause Full (Allocation Failure) 28M->27M(29M) 71.838ms
[25.194s][info][gc,cpu         ] GC(160) User=0.08s Sys=0.00s Real=0.07s
[25.202s][info][gc,start       ] GC(161) Pause Full (Allocation Failure)
[25.203s][info][gc,phases,start] GC(161) Phase 1: Mark live objects
[25.239s][info][gc,phases      ] GC(161) Phase 1: Mark live objects 36.376ms
[25.239s][info][gc,phases,start] GC(161) Phase 2: Compute new object addresses
[25.247s][info][gc,phases      ] GC(161) Phase 2: Compute new object addresses 7.983ms
[25.247s][info][gc,phases,start] GC(161) Phase 3: Adjust pointers
[25.268s][info][gc,phases      ] GC(161) Phase 3: Adjust pointers 20.789ms
[25.268s][info][gc,phases,start] GC(161) Phase 4: Move objects
[25.269s][info][gc,phases      ] GC(161) Phase 4: Move objects 1.346ms
[25.270s][info][gc,heap        ] GC(161) DefNew: 9215K->7132K(9216K)
[25.270s][info][gc,heap        ] GC(161) Tenured: 20479K->20479K(20480K)
[25.270s][info][gc,metaspace   ] GC(161) Metaspace: 53092K->53092K(1097728K)
[25.270s][info][gc             ] GC(161) Pause Full (Allocation Failure) 28M->26M(29M) 68.164ms
[25.270s][info][gc,cpu         ] GC(161) User=0.06s Sys=0.00s Real=0.07s
[25.277s][info][gc,start       ] GC(162) Pause Full (Allocation Failure)
[25.278s][info][gc,phases,start] GC(162) Phase 1: Mark live objects
[25.315s][info][gc,phases      ] GC(162) Phase 1: Mark live objects 37.626ms
[25.315s][info][gc,phases,start] GC(162) Phase 2: Compute new object addresses
[25.324s][info][gc,phases      ] GC(162) Phase 2: Compute new object addresses 8.073ms
[25.324s][info][gc,phases,start] GC(162) Phase 3: Adjust pointers
[25.344s][info][gc,phases      ] GC(162) Phase 3: Adjust pointers 20.600ms
[25.344s][info][gc,phases,start] GC(162) Phase 4: Move objects
[25.346s][info][gc,phases      ] GC(162) Phase 4: Move objects 1.331ms
[25.346s][info][gc,heap        ] GC(162) DefNew: 9215K->7262K(9216K)
[25.347s][info][gc,heap        ] GC(162) Tenured: 20479K->20479K(20480K)
[25.347s][info][gc,metaspace   ] GC(162) Metaspace: 53092K->53092K(1097728K)
[25.347s][info][gc             ] GC(162) Pause Full (Allocation Failure) 28M->27M(29M) 69.393ms
[25.347s][info][gc,cpu         ] GC(162) User=0.06s Sys=0.00s Real=0.07s
[25.359s][info][gc,start       ] GC(163) Pause Full (Allocation Failure)
[25.360s][info][gc,phases,start] GC(163) Phase 1: Mark live objects
[25.395s][info][gc,phases      ] GC(163) Phase 1: Mark live objects 35.547ms
[25.395s][info][gc,phases,start] GC(163) Phase 2: Compute new object addresses
[25.404s][info][gc,phases      ] GC(163) Phase 2: Compute new object addresses 8.407ms
[25.404s][info][gc,phases,start] GC(163) Phase 3: Adjust pointers
[25.425s][info][gc,phases      ] GC(163) Phase 3: Adjust pointers 21.517ms
[25.425s][info][gc,phases,start] GC(163) Phase 4: Move objects
[25.430s][info][gc,phases      ] GC(163) Phase 4: Move objects 4.557ms
[25.431s][info][gc,heap        ] GC(163) DefNew: 9215K->7278K(9216K)
[25.431s][info][gc,heap        ] GC(163) Tenured: 20479K->20479K(20480K)
[25.431s][info][gc,metaspace   ] GC(163) Metaspace: 53104K->53104K(1097728K)
[25.431s][info][gc             ] GC(163) Pause Full (Allocation Failure) 28M->27M(29M) 71.858ms
[25.431s][info][gc,cpu         ] GC(163) User=0.08s Sys=0.00s Real=0.07s
[25.448s][info][gc,start       ] GC(164) Pause Full (Allocation Failure)
[25.448s][info][gc,phases,start] GC(164) Phase 1: Mark live objects
[25.490s][info][gc,phases      ] GC(164) Phase 1: Mark live objects 41.939ms
[25.490s][info][gc,phases,start] GC(164) Phase 2: Compute new object addresses
[25.499s][info][gc,phases      ] GC(164) Phase 2: Compute new object addresses 8.599ms
[25.499s][info][gc,phases,start] GC(164) Phase 3: Adjust pointers
[25.520s][info][gc,phases      ] GC(164) Phase 3: Adjust pointers 20.716ms
[25.520s][info][gc,phases,start] GC(164) Phase 4: Move objects
[25.520s][info][gc,phases      ] GC(164) Phase 4: Move objects 0.549ms
[25.521s][info][gc,heap        ] GC(164) DefNew: 9215K->7285K(9216K)
[25.521s][info][gc,heap        ] GC(164) Tenured: 20479K->20479K(20480K)
[25.521s][info][gc,metaspace   ] GC(164) Metaspace: 53108K->53108K(1097728K)
[25.521s][info][gc             ] GC(164) Pause Full (Allocation Failure) 28M->27M(29M) 73.743ms
[25.521s][info][gc,cpu         ] GC(164) User=0.06s Sys=0.00s Real=0.07s
[25.539s][info][gc,start       ] GC(165) Pause Full (Allocation Failure)
[25.539s][info][gc,phases,start] GC(165) Phase 1: Mark live objects
[25.576s][info][gc,phases      ] GC(165) Phase 1: Mark live objects 36.627ms
[25.576s][info][gc,phases,start] GC(165) Phase 2: Compute new object addresses
[25.584s][info][gc,phases      ] GC(165) Phase 2: Compute new object addresses 8.413ms
[25.584s][info][gc,phases,start] GC(165) Phase 3: Adjust pointers
[25.605s][info][gc,phases      ] GC(165) Phase 3: Adjust pointers 20.787ms
[25.605s][info][gc,phases,start] GC(165) Phase 4: Move objects
[25.607s][info][gc,phases      ] GC(165) Phase 4: Move objects 1.970ms
[25.608s][info][gc,heap        ] GC(165) DefNew: 9215K->7244K(9216K)
[25.608s][info][gc,heap        ] GC(165) Tenured: 20479K->20479K(20480K)
[25.608s][info][gc,metaspace   ] GC(165) Metaspace: 53191K->53191K(1097728K)
[25.608s][info][gc             ] GC(165) Pause Full (Allocation Failure) 28M->27M(29M) 69.509ms
[25.608s][info][gc,cpu         ] GC(165) User=0.06s Sys=0.00s Real=0.07s
[25.639s][info][gc,start       ] GC(166) Pause Full (Allocation Failure)
[25.640s][info][gc,phases,start] GC(166) Phase 1: Mark live objects
[25.684s][info][gc,phases      ] GC(166) Phase 1: Mark live objects 43.987ms
[25.684s][info][gc,phases,start] GC(166) Phase 2: Compute new object addresses
[25.693s][info][gc,phases      ] GC(166) Phase 2: Compute new object addresses 8.217ms
[25.693s][info][gc,phases,start] GC(166) Phase 3: Adjust pointers
[25.714s][info][gc,phases      ] GC(166) Phase 3: Adjust pointers 21.170ms
[25.714s][info][gc,phases,start] GC(166) Phase 4: Move objects
[25.716s][info][gc,phases      ] GC(166) Phase 4: Move objects 2.145ms
[25.717s][info][gc,heap        ] GC(166) DefNew: 9216K->7343K(9216K)
[25.717s][info][gc,heap        ] GC(166) Tenured: 20479K->20479K(20480K)
[25.717s][info][gc,metaspace   ] GC(166) Metaspace: 53233K->53233K(1097728K)
[25.717s][info][gc             ] GC(166) Pause Full (Allocation Failure) 28M->27M(29M) 77.460ms
[25.717s][info][gc,cpu         ] GC(166) User=0.08s Sys=0.00s Real=0.08s
[25.745s][info][gc,start       ] GC(167) Pause Full (Allocation Failure)
[25.746s][info][gc,phases,start] GC(167) Phase 1: Mark live objects
[25.790s][info][gc,phases      ] GC(167) Phase 1: Mark live objects 44.258ms
[25.790s][info][gc,phases,start] GC(167) Phase 2: Compute new object addresses
[25.799s][info][gc,phases      ] GC(167) Phase 2: Compute new object addresses 8.346ms
[25.799s][info][gc,phases,start] GC(167) Phase 3: Adjust pointers
[25.821s][info][gc,phases      ] GC(167) Phase 3: Adjust pointers 21.920ms
[25.821s][info][gc,phases,start] GC(167) Phase 4: Move objects
[25.829s][info][gc,phases      ] GC(167) Phase 4: Move objects 8.630ms
[25.830s][info][gc,heap        ] GC(167) DefNew: 9215K->7369K(9216K)
[25.830s][info][gc,heap        ] GC(167) Tenured: 20479K->20479K(20480K)
[25.830s][info][gc,metaspace   ] GC(167) Metaspace: 53248K->53248K(1097728K)
[25.830s][info][gc             ] GC(167) Pause Full (Allocation Failure) 28M->27M(29M) 85.050ms
[25.830s][info][gc,cpu         ] GC(167) User=0.08s Sys=0.00s Real=0.09s
[25.845s][info][gc,start       ] GC(168) Pause Full (Allocation Failure)
[25.846s][info][gc,phases,start] GC(168) Phase 1: Mark live objects
[25.890s][info][gc,phases      ] GC(168) Phase 1: Mark live objects 44.285ms
[25.890s][info][gc,phases,start] GC(168) Phase 2: Compute new object addresses
[25.899s][info][gc,phases      ] GC(168) Phase 2: Compute new object addresses 8.348ms
[25.899s][info][gc,phases,start] GC(168) Phase 3: Adjust pointers
[25.920s][info][gc,phases      ] GC(168) Phase 3: Adjust pointers 21.376ms
[25.920s][info][gc,phases,start] GC(168) Phase 4: Move objects
[25.922s][info][gc,phases      ] GC(168) Phase 4: Move objects 1.975ms
[25.923s][info][gc,heap        ] GC(168) DefNew: 9215K->7469K(9216K)
[25.923s][info][gc,heap        ] GC(168) Tenured: 20479K->20479K(20480K)
[25.923s][info][gc,metaspace   ] GC(168) Metaspace: 53309K->53309K(1097728K)
[25.923s][info][gc             ] GC(168) Pause Full (Allocation Failure) 28M->27M(29M) 77.830ms
[25.923s][info][gc,cpu         ] GC(168) User=0.08s Sys=0.00s Real=0.08s
[25.944s][info][gc,start       ] GC(169) Pause Full (Allocation Failure)
[25.945s][info][gc,phases,start] GC(169) Phase 1: Mark live objects
[25.982s][info][gc,phases      ] GC(169) Phase 1: Mark live objects 37.333ms
[25.982s][info][gc,phases,start] GC(169) Phase 2: Compute new object addresses
[25.990s][info][gc,phases      ] GC(169) Phase 2: Compute new object addresses 8.455ms
[25.991s][info][gc,phases,start] GC(169) Phase 3: Adjust pointers
[26.012s][info][gc,phases      ] GC(169) Phase 3: Adjust pointers 21.555ms
[26.012s][info][gc,phases,start] GC(169) Phase 4: Move objects
[26.014s][info][gc,phases      ] GC(169) Phase 4: Move objects 2.314ms
[26.015s][info][gc,heap        ] GC(169) DefNew: 9215K->7634K(9216K)
[26.015s][info][gc,heap        ] GC(169) Tenured: 20479K->20479K(20480K)
[26.015s][info][gc,metaspace   ] GC(169) Metaspace: 53326K->53326K(1097728K)
[26.015s][info][gc             ] GC(169) Pause Full (Allocation Failure) 28M->27M(29M) 71.579ms
[26.015s][info][gc,cpu         ] GC(169) User=0.06s Sys=0.00s Real=0.07s
[26.033s][info][gc,start       ] GC(170) Pause Full (Allocation Failure)
[26.034s][info][gc,phases,start] GC(170) Phase 1: Mark live objects
[26.072s][info][gc,phases      ] GC(170) Phase 1: Mark live objects 38.019ms
[26.072s][info][gc,phases,start] GC(170) Phase 2: Compute new object addresses
[26.080s][info][gc,phases      ] GC(170) Phase 2: Compute new object addresses 8.183ms
[26.080s][info][gc,phases,start] GC(170) Phase 3: Adjust pointers
[26.102s][info][gc,phases      ] GC(170) Phase 3: Adjust pointers 21.691ms
[26.102s][info][gc,phases,start] GC(170) Phase 4: Move objects
[26.104s][info][gc,phases      ] GC(170) Phase 4: Move objects 1.892ms
[26.104s][info][gc,heap        ] GC(170) DefNew: 9214K->7714K(9216K)
[26.104s][info][gc,heap        ] GC(170) Tenured: 20479K->20479K(20480K)
[26.105s][info][gc,metaspace   ] GC(170) Metaspace: 53412K->53412K(1097728K)
[26.105s][info][gc             ] GC(170) Pause Full (Allocation Failure) 28M->27M(29M) 71.548ms
[26.105s][info][gc,cpu         ] GC(170) User=0.08s Sys=0.00s Real=0.07s
[26.123s][info][gc,start       ] GC(171) Pause Full (Allocation Failure)
[26.124s][info][gc,phases,start] GC(171) Phase 1: Mark live objects
[26.162s][info][gc,phases      ] GC(171) Phase 1: Mark live objects 37.635ms
[26.162s][info][gc,phases,start] GC(171) Phase 2: Compute new object addresses
[26.170s][info][gc,phases      ] GC(171) Phase 2: Compute new object addresses 8.527ms
[26.170s][info][gc,phases,start] GC(171) Phase 3: Adjust pointers
[26.192s][info][gc,phases      ] GC(171) Phase 3: Adjust pointers 21.998ms
[26.192s][info][gc,phases,start] GC(171) Phase 4: Move objects
[26.201s][info][gc,phases      ] GC(171) Phase 4: Move objects 9.072ms
[26.202s][info][gc,heap        ] GC(171) DefNew: 9215K->7795K(9216K)
[26.202s][info][gc,heap        ] GC(171) Tenured: 20479K->20480K(20480K)
[26.202s][info][gc,metaspace   ] GC(171) Metaspace: 53637K->53637K(1097728K)
[26.202s][info][gc             ] GC(171) Pause Full (Allocation Failure) 28M->27M(29M) 79.024ms
[26.202s][info][gc,cpu         ] GC(171) User=0.08s Sys=0.00s Real=0.08s
[26.211s][info][gc,start       ] GC(172) Pause Full (Allocation Failure)
[26.211s][info][gc,phases,start] GC(172) Phase 1: Mark live objects
[26.250s][info][gc,phases      ] GC(172) Phase 1: Mark live objects 38.106ms
[26.250s][info][gc,phases,start] GC(172) Phase 2: Compute new object addresses
[26.258s][info][gc,phases      ] GC(172) Phase 2: Compute new object addresses 8.224ms
[26.258s][info][gc,phases,start] GC(172) Phase 3: Adjust pointers
[26.280s][info][gc,phases      ] GC(172) Phase 3: Adjust pointers 21.675ms
[26.280s][info][gc,phases,start] GC(172) Phase 4: Move objects
[26.282s][info][gc,phases      ] GC(172) Phase 4: Move objects 2.231ms
[26.283s][info][gc,heap        ] GC(172) DefNew: 9215K->7849K(9216K)
[26.283s][info][gc,heap        ] GC(172) Tenured: 20480K->20480K(20480K)
[26.283s][info][gc,metaspace   ] GC(172) Metaspace: 53638K->53638K(1097728K)
[26.283s][info][gc             ] GC(172) Pause Full (Allocation Failure) 28M->27M(29M) 72.102ms
[26.283s][info][gc,cpu         ] GC(172) User=0.06s Sys=0.00s Real=0.07s
[26.294s][info][gc,start       ] GC(173) Pause Full (Allocation Failure)
[26.294s][info][gc,phases,start] GC(173) Phase 1: Mark live objects
[26.340s][info][gc,phases      ] GC(173) Phase 1: Mark live objects 45.906ms
[26.340s][info][gc,phases,start] GC(173) Phase 2: Compute new object addresses
[26.349s][info][gc,phases      ] GC(173) Phase 2: Compute new object addresses 8.353ms
[26.349s][info][gc,phases,start] GC(173) Phase 3: Adjust pointers
[26.370s][info][gc,phases      ] GC(173) Phase 3: Adjust pointers 21.426ms
[26.370s][info][gc,phases,start] GC(173) Phase 4: Move objects
[26.372s][info][gc,phases      ] GC(173) Phase 4: Move objects 2.172ms
[26.373s][info][gc,heap        ] GC(173) DefNew: 9215K->7910K(9216K)
[26.373s][info][gc,heap        ] GC(173) Tenured: 20480K->20480K(20480K)
[26.373s][info][gc,metaspace   ] GC(173) Metaspace: 53638K->53638K(1097728K)
[26.373s][info][gc             ] GC(173) Pause Full (Allocation Failure) 28M->27M(29M) 79.800ms
[26.373s][info][gc,cpu         ] GC(173) User=0.08s Sys=0.00s Real=0.08s
[26.386s][info][gc,start       ] GC(174) Pause Full (Allocation Failure)
[26.386s][info][gc,phases,start] GC(174) Phase 1: Mark live objects
[26.424s][info][gc,phases      ] GC(174) Phase 1: Mark live objects 37.515ms
[26.424s][info][gc,phases,start] GC(174) Phase 2: Compute new object addresses
[26.432s][info][gc,phases      ] GC(174) Phase 2: Compute new object addresses 8.183ms
[26.432s][info][gc,phases,start] GC(174) Phase 3: Adjust pointers
[26.453s][info][gc,phases      ] GC(174) Phase 3: Adjust pointers 20.976ms
[26.453s][info][gc,phases,start] GC(174) Phase 4: Move objects
[26.454s][info][gc,phases      ] GC(174) Phase 4: Move objects 0.536ms
[26.455s][info][gc,heap        ] GC(174) DefNew: 9215K->7939K(9216K)
[26.455s][info][gc,heap        ] GC(174) Tenured: 20480K->20480K(20480K)
[26.455s][info][gc,metaspace   ] GC(174) Metaspace: 53638K->53638K(1097728K)
[26.455s][info][gc             ] GC(174) Pause Full (Allocation Failure) 28M->27M(29M) 68.955ms
[26.455s][info][gc,cpu         ] GC(174) User=0.06s Sys=0.00s Real=0.07s
[26.468s][info][gc,start       ] GC(175) Pause Full (Allocation Failure)
[26.468s][info][gc,phases,start] GC(175) Phase 1: Mark live objects
[26.508s][info][gc,phases      ] GC(175) Phase 1: Mark live objects 39.383ms
[26.508s][info][gc,phases,start] GC(175) Phase 2: Compute new object addresses
[26.516s][info][gc,phases      ] GC(175) Phase 2: Compute new object addresses 8.362ms
[26.516s][info][gc,phases,start] GC(175) Phase 3: Adjust pointers
[26.539s][info][gc,phases      ] GC(175) Phase 3: Adjust pointers 22.492ms
[26.539s][info][gc,phases,start] GC(175) Phase 4: Move objects
[26.546s][info][gc,phases      ] GC(175) Phase 4: Move objects 7.449ms
[26.547s][info][gc,heap        ] GC(175) DefNew: 9215K->7935K(9216K)
[26.547s][info][gc,heap        ] GC(175) Tenured: 20480K->20479K(20480K)
[26.547s][info][gc,metaspace   ] GC(175) Metaspace: 53647K->53647K(1097728K)
[26.547s][info][gc             ] GC(175) Pause Full (Allocation Failure) 28M->27M(29M) 79.602ms
[26.547s][info][gc,cpu         ] GC(175) User=0.08s Sys=0.00s Real=0.08s
[26.559s][info][gc,start       ] GC(176) Pause Full (Allocation Failure)
[26.560s][info][gc,phases,start] GC(176) Phase 1: Mark live objects
[26.597s][info][gc,phases      ] GC(176) Phase 1: Mark live objects 37.680ms
[26.597s][info][gc,phases,start] GC(176) Phase 2: Compute new object addresses
[26.606s][info][gc,phases      ] GC(176) Phase 2: Compute new object addresses 8.422ms
[26.606s][info][gc,phases,start] GC(176) Phase 3: Adjust pointers
[26.628s][info][gc,phases      ] GC(176) Phase 3: Adjust pointers 21.981ms
[26.628s][info][gc,phases,start] GC(176) Phase 4: Move objects
[26.630s][info][gc,phases      ] GC(176) Phase 4: Move objects 2.303ms
[26.631s][info][gc,heap        ] GC(176) DefNew: 9215K->8008K(9216K)
[26.631s][info][gc,heap        ] GC(176) Tenured: 20479K->20479K(20480K)
[26.631s][info][gc,metaspace   ] GC(176) Metaspace: 53678K->53678K(1097728K)
[26.631s][info][gc             ] GC(176) Pause Full (Allocation Failure) 28M->27M(29M) 72.056ms
[26.631s][info][gc,cpu         ] GC(176) User=0.08s Sys=0.00s Real=0.07s
[26.650s][info][gc,start       ] GC(177) Pause Full (Allocation Failure)
[26.651s][info][gc,phases,start] GC(177) Phase 1: Mark live objects
[26.689s][info][gc,phases      ] GC(177) Phase 1: Mark live objects 37.682ms
[26.689s][info][gc,phases,start] GC(177) Phase 2: Compute new object addresses
[26.697s][info][gc,phases      ] GC(177) Phase 2: Compute new object addresses 8.259ms
[26.697s][info][gc,phases,start] GC(177) Phase 3: Adjust pointers
[26.719s][info][gc,phases      ] GC(177) Phase 3: Adjust pointers 21.676ms
[26.719s][info][gc,phases,start] GC(177) Phase 4: Move objects
[26.721s][info][gc,phases      ] GC(177) Phase 4: Move objects 2.138ms
[26.722s][info][gc,heap        ] GC(177) DefNew: 9215K->8021K(9216K)
[26.722s][info][gc,heap        ] GC(177) Tenured: 20479K->20479K(20480K)
[26.722s][info][gc,metaspace   ] GC(177) Metaspace: 53693K->53693K(1097728K)
[26.722s][info][gc             ] GC(177) Pause Full (Allocation Failure) 28M->27M(29M) 71.790ms
[26.722s][info][gc,cpu         ] GC(177) User=0.06s Sys=0.00s Real=0.07s
[26.733s][info][gc,start       ] GC(178) Pause Full (Allocation Failure)
[26.733s][info][gc,phases,start] GC(178) Phase 1: Mark live objects
[26.771s][info][gc,phases      ] GC(178) Phase 1: Mark live objects 37.845ms
[26.771s][info][gc,phases,start] GC(178) Phase 2: Compute new object addresses
[26.780s][info][gc,phases      ] GC(178) Phase 2: Compute new object addresses 8.378ms
[26.780s][info][gc,phases,start] GC(178) Phase 3: Adjust pointers
[26.802s][info][gc,phases      ] GC(178) Phase 3: Adjust pointers 21.753ms
[26.802s][info][gc,phases,start] GC(178) Phase 4: Move objects
[26.804s][info][gc,phases      ] GC(178) Phase 4: Move objects 2.307ms
[26.805s][info][gc,heap        ] GC(178) DefNew: 9212K->8060K(9216K)
[26.805s][info][gc,heap        ] GC(178) Tenured: 20479K->20479K(20480K)
[26.805s][info][gc,metaspace   ] GC(178) Metaspace: 53729K->53729K(1097728K)
[26.805s][info][gc             ] GC(178) Pause Full (Allocation Failure) 28M->27M(29M) 71.978ms
[26.805s][info][gc,cpu         ] GC(178) User=0.08s Sys=0.00s Real=0.07s
[26.820s][info][gc,start       ] GC(179) Pause Full (Allocation Failure)
[26.821s][info][gc,phases,start] GC(179) Phase 1: Mark live objects
[26.863s][info][gc,phases      ] GC(179) Phase 1: Mark live objects 41.578ms
[26.863s][info][gc,phases,start] GC(179) Phase 2: Compute new object addresses
[26.871s][info][gc,phases      ] GC(179) Phase 2: Compute new object addresses 8.429ms
[26.871s][info][gc,phases,start] GC(179) Phase 3: Adjust pointers
[26.894s][info][gc,phases      ] GC(179) Phase 3: Adjust pointers 22.442ms
[26.894s][info][gc,phases,start] GC(179) Phase 4: Move objects
[26.902s][info][gc,phases      ] GC(179) Phase 4: Move objects 8.552ms
[26.903s][info][gc,heap        ] GC(179) DefNew: 9215K->8102K(9216K)
[26.903s][info][gc,heap        ] GC(179) Tenured: 20479K->20480K(20480K)
[26.903s][info][gc,metaspace   ] GC(179) Metaspace: 53762K->53762K(1097728K)
[26.903s][info][gc             ] GC(179) Pause Full (Allocation Failure) 28M->27M(29M) 82.992ms
[26.903s][info][gc,cpu         ] GC(179) User=0.08s Sys=0.00s Real=0.08s
[26.912s][info][gc,start       ] GC(180) Pause Full (Allocation Failure)
[26.913s][info][gc,phases,start] GC(180) Phase 1: Mark live objects
[26.958s][info][gc,phases      ] GC(180) Phase 1: Mark live objects 45.087ms
[26.958s][info][gc,phases,start] GC(180) Phase 2: Compute new object addresses
[26.966s][info][gc,phases      ] GC(180) Phase 2: Compute new object addresses 8.359ms
[26.966s][info][gc,phases,start] GC(180) Phase 3: Adjust pointers
[26.989s][info][gc,phases      ] GC(180) Phase 3: Adjust pointers 22.180ms
[26.989s][info][gc,phases,start] GC(180) Phase 4: Move objects
[26.991s][info][gc,phases      ] GC(180) Phase 4: Move objects 1.929ms
[26.991s][info][gc,heap        ] GC(180) DefNew: 9215K->8188K(9216K)
[26.991s][info][gc,heap        ] GC(180) Tenured: 20480K->20480K(20480K)
[26.991s][info][gc,metaspace   ] GC(180) Metaspace: 53767K->53767K(1097728K)
[26.991s][info][gc             ] GC(180) Pause Full (Allocation Failure) 28M->27M(29M) 79.251ms
[26.991s][info][gc,cpu         ] GC(180) User=0.08s Sys=0.00s Real=0.08s
[27.002s][info][gc,start       ] GC(181) Pause Full (Allocation Failure)
[27.003s][info][gc,phases,start] GC(181) Phase 1: Mark live objects
[27.043s][info][gc,phases      ] GC(181) Phase 1: Mark live objects 40.108ms
[27.043s][info][gc,phases,start] GC(181) Phase 2: Compute new object addresses
[27.051s][info][gc,phases      ] GC(181) Phase 2: Compute new object addresses 8.307ms
[27.051s][info][gc,phases,start] GC(181) Phase 3: Adjust pointers
[27.073s][info][gc,phases      ] GC(181) Phase 3: Adjust pointers 21.865ms
[27.073s][info][gc,phases,start] GC(181) Phase 4: Move objects
[27.075s][info][gc,phases      ] GC(181) Phase 4: Move objects 1.922ms
[27.076s][info][gc,heap        ] GC(181) DefNew: 9215K->8113K(9216K)
[27.076s][info][gc,heap        ] GC(181) Tenured: 20480K->20480K(20480K)
[27.076s][info][gc,metaspace   ] GC(181) Metaspace: 53759K->53759K(1097728K)
[27.076s][info][gc             ] GC(181) Pause Full (Allocation Failure) 28M->27M(29M) 73.978ms
[27.076s][info][gc,cpu         ] GC(181) User=0.08s Sys=0.00s Real=0.07s
[27.094s][info][gc,start       ] GC(182) Pause Full (Allocation Failure)
[27.095s][info][gc,phases,start] GC(182) Phase 1: Mark live objects
[27.133s][info][gc,phases      ] GC(182) Phase 1: Mark live objects 38.010ms
[27.133s][info][gc,phases,start] GC(182) Phase 2: Compute new object addresses
[27.141s][info][gc,phases      ] GC(182) Phase 2: Compute new object addresses 8.457ms
[27.142s][info][gc,phases,start] GC(182) Phase 3: Adjust pointers
[27.163s][info][gc,phases      ] GC(182) Phase 3: Adjust pointers 21.841ms
[27.163s][info][gc,phases,start] GC(182) Phase 4: Move objects
[27.166s][info][gc,phases      ] GC(182) Phase 4: Move objects 2.289ms
[27.167s][info][gc,heap        ] GC(182) DefNew: 9216K->8161K(9216K)
[27.167s][info][gc,heap        ] GC(182) Tenured: 20480K->20480K(20480K)
[27.167s][info][gc,metaspace   ] GC(182) Metaspace: 53791K->53791K(1097728K)
[27.167s][info][gc             ] GC(182) Pause Full (Allocation Failure) 29M->27M(29M) 72.325ms
[27.167s][info][gc,cpu         ] GC(182) User=0.08s Sys=0.00s Real=0.07s
[27.175s][info][gc,start       ] GC(183) Pause Full (Allocation Failure)
[27.175s][info][gc,phases,start] GC(183) Phase 1: Mark live objects
[27.214s][info][gc,phases      ] GC(183) Phase 1: Mark live objects 38.257ms
[27.214s][info][gc,phases,start] GC(183) Phase 2: Compute new object addresses
[27.222s][info][gc,phases      ] GC(183) Phase 2: Compute new object addresses 8.246ms
[27.222s][info][gc,phases,start] GC(183) Phase 3: Adjust pointers
[27.245s][info][gc,phases      ] GC(183) Phase 3: Adjust pointers 23.210ms
[27.245s][info][gc,phases,start] GC(183) Phase 4: Move objects
[27.254s][info][gc,phases      ] GC(183) Phase 4: Move objects 9.048ms
[27.255s][info][gc,heap        ] GC(183) DefNew: 9215K->8218K(9216K)
[27.255s][info][gc,heap        ] GC(183) Tenured: 20480K->20479K(20480K)
[27.255s][info][gc,metaspace   ] GC(183) Metaspace: 53791K->53791K(1097728K)
[27.255s][info][gc             ] GC(183) Pause Full (Allocation Failure) 28M->28M(29M) 80.523ms
[27.255s][info][gc,cpu         ] GC(183) User=0.08s Sys=0.00s Real=0.08s
[27.262s][info][gc,start       ] GC(184) Pause Full (Allocation Failure)
[27.263s][info][gc,phases,start] GC(184) Phase 1: Mark live objects
[27.316s][info][gc,phases      ] GC(184) Phase 1: Mark live objects 53.450ms
[27.316s][info][gc,phases,start] GC(184) Phase 2: Compute new object addresses
[27.325s][info][gc,phases      ] GC(184) Phase 2: Compute new object addresses 8.317ms
[27.325s][info][gc,phases,start] GC(184) Phase 3: Adjust pointers
[27.350s][info][gc,phases      ] GC(184) Phase 3: Adjust pointers 25.876ms
[27.351s][info][gc,phases,start] GC(184) Phase 4: Move objects
[27.352s][info][gc,phases      ] GC(184) Phase 4: Move objects 1.699ms
[27.353s][info][gc,heap        ] GC(184) DefNew: 9215K->7822K(9216K)
[27.353s][info][gc,heap        ] GC(184) Tenured: 20479K->20479K(20480K)
[27.353s][info][gc,metaspace   ] GC(184) Metaspace: 53791K->53791K(1097728K)
[27.353s][info][gc             ] GC(184) Pause Full (Allocation Failure) 28M->27M(29M) 91.051ms
[27.353s][info][gc,cpu         ] GC(184) User=0.09s Sys=0.00s Real=0.09s
[27.361s][info][gc,start       ] GC(185) Pause Full (Allocation Failure)
[27.362s][info][gc,phases,start] GC(185) Phase 1: Mark live objects
[27.405s][info][gc,phases      ] GC(185) Phase 1: Mark live objects 43.811ms
[27.405s][info][gc,phases,start] GC(185) Phase 2: Compute new object addresses
[27.414s][info][gc,phases      ] GC(185) Phase 2: Compute new object addresses 8.131ms
[27.414s][info][gc,phases,start] GC(185) Phase 3: Adjust pointers
[27.435s][info][gc,phases      ] GC(185) Phase 3: Adjust pointers 21.566ms
[27.435s][info][gc,phases,start] GC(185) Phase 4: Move objects
[27.437s][info][gc,phases      ] GC(185) Phase 4: Move objects 1.410ms
[27.437s][info][gc,heap        ] GC(185) DefNew: 9216K->7826K(9216K)
[27.437s][info][gc,heap        ] GC(185) Tenured: 20479K->20479K(20480K)
[27.438s][info][gc,metaspace   ] GC(185) Metaspace: 53784K->53784K(1097728K)
[27.438s][info][gc             ] GC(185) Pause Full (Allocation Failure) 28M->27M(29M) 76.612ms
[27.438s][info][gc,cpu         ] GC(185) User=0.08s Sys=0.00s Real=0.08s
[27.444s][info][gc,start       ] GC(186) Pause Full (Allocation Failure)
[27.444s][info][gc,phases,start] GC(186) Phase 1: Mark live objects
[27.483s][info][gc,phases      ] GC(186) Phase 1: Mark live objects 38.814ms
[27.483s][info][gc,phases,start] GC(186) Phase 2: Compute new object addresses
[27.491s][info][gc,phases      ] GC(186) Phase 2: Compute new object addresses 8.100ms
[27.491s][info][gc,phases,start] GC(186) Phase 3: Adjust pointers
[27.514s][info][gc,phases      ] GC(186) Phase 3: Adjust pointers 22.946ms
[27.514s][info][gc,phases,start] GC(186) Phase 4: Move objects
[27.516s][info][gc,phases      ] GC(186) Phase 4: Move objects 1.780ms
[27.517s][info][gc,heap        ] GC(186) DefNew: 9210K->7906K(9216K)
[27.517s][info][gc,heap        ] GC(186) Tenured: 20479K->20479K(20480K)
[27.517s][info][gc,metaspace   ] GC(186) Metaspace: 53784K->53784K(1097728K)
[27.517s][info][gc             ] GC(186) Pause Full (Allocation Failure) 28M->27M(29M) 73.382ms
[27.517s][info][gc,cpu         ] GC(186) User=0.06s Sys=0.00s Real=0.07s
[27.522s][info][gc,start       ] GC(187) Pause Full (Allocation Failure)
[27.523s][info][gc,phases,start] GC(187) Phase 1: Mark live objects
[27.561s][info][gc,phases      ] GC(187) Phase 1: Mark live objects 38.376ms
[27.561s][info][gc,phases,start] GC(187) Phase 2: Compute new object addresses
[27.572s][info][gc,phases      ] GC(187) Phase 2: Compute new object addresses 10.746ms
[27.572s][info][gc,phases,start] GC(187) Phase 3: Adjust pointers
[27.598s][info][gc,phases      ] GC(187) Phase 3: Adjust pointers 25.821ms
[27.598s][info][gc,phases,start] GC(187) Phase 4: Move objects
[27.604s][info][gc,phases      ] GC(187) Phase 4: Move objects 6.001ms
[27.605s][info][gc,heap        ] GC(187) DefNew: 9215K->7846K(9216K)
[27.605s][info][gc,heap        ] GC(187) Tenured: 20479K->20480K(20480K)
[27.605s][info][gc,metaspace   ] GC(187) Metaspace: 53784K->53784K(1097728K)
[27.605s][info][gc             ] GC(187) Pause Full (Allocation Failure) 28M->27M(29M) 83.174ms
[27.605s][info][gc,cpu         ] GC(187) User=0.08s Sys=0.00s Real=0.08s
[27.615s][info][gc,start       ] GC(188) Pause Full (Allocation Failure)
[27.616s][info][gc,phases,start] GC(188) Phase 1: Mark live objects
[27.657s][info][gc,phases      ] GC(188) Phase 1: Mark live objects 41.096ms
[27.657s][info][gc,phases,start] GC(188) Phase 2: Compute new object addresses
[27.665s][info][gc,phases      ] GC(188) Phase 2: Compute new object addresses 8.198ms
[27.665s][info][gc,phases,start] GC(188) Phase 3: Adjust pointers
[27.691s][info][gc,phases      ] GC(188) Phase 3: Adjust pointers 25.956ms
[27.691s][info][gc,phases,start] GC(188) Phase 4: Move objects
[27.693s][info][gc,phases      ] GC(188) Phase 4: Move objects 2.035ms
[27.695s][info][gc,heap        ] GC(188) DefNew: 9209K->7868K(9216K)
[27.695s][info][gc,heap        ] GC(188) Tenured: 20480K->20480K(20480K)
[27.695s][info][gc,metaspace   ] GC(188) Metaspace: 53784K->53784K(1097728K)
[27.695s][info][gc             ] GC(188) Pause Full (Allocation Failure) 28M->27M(29M) 80.033ms
[27.695s][info][gc,cpu         ] GC(188) User=0.08s Sys=0.00s Real=0.08s
[27.701s][info][gc,start       ] GC(189) Pause Full (Allocation Failure)
[27.702s][info][gc,phases,start] GC(189) Phase 1: Mark live objects
[27.747s][info][gc,phases      ] GC(189) Phase 1: Mark live objects 45.910ms
[27.748s][info][gc,phases,start] GC(189) Phase 2: Compute new object addresses
[27.759s][info][gc,phases      ] GC(189) Phase 2: Compute new object addresses 11.550ms
[27.759s][info][gc,phases,start] GC(189) Phase 3: Adjust pointers
[27.787s][info][gc,phases      ] GC(189) Phase 3: Adjust pointers 27.606ms
[27.787s][info][gc,phases,start] GC(189) Phase 4: Move objects
[27.789s][info][gc,phases      ] GC(189) Phase 4: Move objects 2.004ms
[27.790s][info][gc,heap        ] GC(189) DefNew: 9214K->7966K(9216K)
[27.790s][info][gc,heap        ] GC(189) Tenured: 20480K->20480K(20480K)
[27.790s][info][gc,metaspace   ] GC(189) Metaspace: 53784K->53784K(1097728K)
[27.790s][info][gc             ] GC(189) Pause Full (Allocation Failure) 28M->27M(29M) 89.086ms
[27.790s][info][gc,cpu         ] GC(189) User=0.09s Sys=0.00s Real=0.09s
[27.796s][info][gc,start       ] GC(190) Pause Full (Allocation Failure)
[27.797s][info][gc,phases,start] GC(190) Phase 1: Mark live objects
[27.844s][info][gc,phases      ] GC(190) Phase 1: Mark live objects 47.524ms
[27.844s][info][gc,phases,start] GC(190) Phase 2: Compute new object addresses
[27.856s][info][gc,phases      ] GC(190) Phase 2: Compute new object addresses 12.156ms
[27.856s][info][gc,phases,start] GC(190) Phase 3: Adjust pointers
[27.888s][info][gc,phases      ] GC(190) Phase 3: Adjust pointers 31.762ms
[27.888s][info][gc,phases,start] GC(190) Phase 4: Move objects
[27.890s][info][gc,phases      ] GC(190) Phase 4: Move objects 2.018ms
[27.891s][info][gc,heap        ] GC(190) DefNew: 9205K->8022K(9216K)
[27.891s][info][gc,heap        ] GC(190) Tenured: 20480K->20480K(20480K)
[27.891s][info][gc,metaspace   ] GC(190) Metaspace: 53784K->53784K(1097728K)
[27.891s][info][gc             ] GC(190) Pause Full (Allocation Failure) 28M->27M(29M) 95.383ms
[27.891s][info][gc,cpu         ] GC(190) User=0.09s Sys=0.00s Real=0.10s
[27.896s][info][gc,start       ] GC(191) Pause Full (Allocation Failure)
[27.897s][info][gc,phases,start] GC(191) Phase 1: Mark live objects
[27.946s][info][gc,phases      ] GC(191) Phase 1: Mark live objects 48.401ms
[27.946s][info][gc,phases,start] GC(191) Phase 2: Compute new object addresses
[27.955s][info][gc,phases      ] GC(191) Phase 2: Compute new object addresses 9.043ms
[27.955s][info][gc,phases,start] GC(191) Phase 3: Adjust pointers
[27.981s][info][gc,phases      ] GC(191) Phase 3: Adjust pointers 25.886ms
[27.981s][info][gc,phases,start] GC(191) Phase 4: Move objects
[27.983s][info][gc,phases      ] GC(191) Phase 4: Move objects 1.881ms
[27.983s][info][gc,heap        ] GC(191) DefNew: 9205K->8041K(9216K)
[27.984s][info][gc,heap        ] GC(191) Tenured: 20480K->20480K(20480K)
[27.984s][info][gc,metaspace   ] GC(191) Metaspace: 53784K->53784K(1097728K)
[27.984s][info][gc             ] GC(191) Pause Full (Allocation Failure) 28M->27M(29M) 87.148ms
[27.984s][info][gc,cpu         ] GC(191) User=0.09s Sys=0.00s Real=0.09s
[27.991s][info][gc,start       ] GC(192) Pause Full (Allocation Failure)
[27.992s][info][gc,phases,start] GC(192) Phase 1: Mark live objects
[28.030s][info][gc,phases      ] GC(192) Phase 1: Mark live objects 38.098ms
[28.030s][info][gc,phases,start] GC(192) Phase 2: Compute new object addresses
[28.038s][info][gc,phases      ] GC(192) Phase 2: Compute new object addresses 8.098ms
[28.038s][info][gc,phases,start] GC(192) Phase 3: Adjust pointers
[28.059s][info][gc,phases      ] GC(192) Phase 3: Adjust pointers 21.236ms
[28.059s][info][gc,phases,start] GC(192) Phase 4: Move objects
[28.061s][info][gc,phases      ] GC(192) Phase 4: Move objects 1.425ms
[28.062s][info][gc,heap        ] GC(192) DefNew: 9186K->8044K(9216K)
[28.062s][info][gc,heap        ] GC(192) Tenured: 20480K->20480K(20480K)
[28.062s][info][gc,metaspace   ] GC(192) Metaspace: 53784K->53784K(1097728K)
[28.062s][info][gc             ] GC(192) Pause Full (Allocation Failure) 28M->27M(29M) 71.181ms
[28.062s][info][gc,cpu         ] GC(192) User=0.06s Sys=0.00s Real=0.07s
[28.070s][info][gc,start       ] GC(193) Pause Full (Allocation Failure)
[28.071s][info][gc,phases,start] GC(193) Phase 1: Mark live objects
[28.108s][info][gc,phases      ] GC(193) Phase 1: Mark live objects 36.988ms
[28.108s][info][gc,phases,start] GC(193) Phase 2: Compute new object addresses
[28.117s][info][gc,phases      ] GC(193) Phase 2: Compute new object addresses 8.322ms
[28.117s][info][gc,phases,start] GC(193) Phase 3: Adjust pointers
[28.140s][info][gc,phases      ] GC(193) Phase 3: Adjust pointers 23.823ms
[28.141s][info][gc,phases,start] GC(193) Phase 4: Move objects
[28.142s][info][gc,phases      ] GC(193) Phase 4: Move objects 1.680ms
[28.143s][info][gc,heap        ] GC(193) DefNew: 9215K->7915K(9216K)
[28.143s][info][gc,heap        ] GC(193) Tenured: 20480K->20480K(20480K)
[28.143s][info][gc,metaspace   ] GC(193) Metaspace: 53795K->53795K(1097728K)
[28.143s][info][gc             ] GC(193) Pause Full (Allocation Failure) 28M->27M(29M) 72.595ms
[28.143s][info][gc,cpu         ] GC(193) User=0.06s Sys=0.00s Real=0.07s
[28.154s][info][gc,start       ] GC(194) Pause Full (Allocation Failure)
[28.155s][info][gc,phases,start] GC(194) Phase 1: Mark live objects
[28.192s][info][gc,phases      ] GC(194) Phase 1: Mark live objects 37.913ms
[28.193s][info][gc,phases,start] GC(194) Phase 2: Compute new object addresses
[28.201s][info][gc,phases      ] GC(194) Phase 2: Compute new object addresses 8.408ms
[28.201s][info][gc,phases,start] GC(194) Phase 3: Adjust pointers
[28.225s][info][gc,phases      ] GC(194) Phase 3: Adjust pointers 24.116ms
[28.225s][info][gc,phases,start] GC(194) Phase 4: Move objects
[28.226s][info][gc,phases      ] GC(194) Phase 4: Move objects 0.641ms
[28.227s][info][gc,heap        ] GC(194) DefNew: 9215K->8050K(9216K)
[28.227s][info][gc,heap        ] GC(194) Tenured: 20480K->20480K(20480K)
[28.227s][info][gc,metaspace   ] GC(194) Metaspace: 53795K->53795K(1097728K)
[28.227s][info][gc             ] GC(194) Pause Full (Allocation Failure) 28M->27M(29M) 72.905ms
[28.227s][info][gc,cpu         ] GC(194) User=0.08s Sys=0.00s Real=0.07s
[28.239s][info][gc,start       ] GC(195) Pause Full (Allocation Failure)
[28.240s][info][gc,phases,start] GC(195) Phase 1: Mark live objects
[28.277s][info][gc,phases      ] GC(195) Phase 1: Mark live objects 37.494ms
[28.277s][info][gc,phases,start] GC(195) Phase 2: Compute new object addresses
[28.286s][info][gc,phases      ] GC(195) Phase 2: Compute new object addresses 8.529ms
[28.286s][info][gc,phases,start] GC(195) Phase 3: Adjust pointers
[28.309s][info][gc,phases      ] GC(195) Phase 3: Adjust pointers 22.781ms
[28.309s][info][gc,phases,start] GC(195) Phase 4: Move objects
[28.314s][info][gc,phases      ] GC(195) Phase 4: Move objects 5.586ms
[28.315s][info][gc,heap        ] GC(195) DefNew: 9215K->7987K(9216K)
[28.315s][info][gc,heap        ] GC(195) Tenured: 20480K->20479K(20480K)
[28.315s][info][gc,metaspace   ] GC(195) Metaspace: 53795K->53795K(1097728K)
[28.315s][info][gc             ] GC(195) Pause Full (Allocation Failure) 28M->27M(29M) 76.287ms
[28.315s][info][gc,cpu         ] GC(195) User=0.08s Sys=0.00s Real=0.08s
[28.327s][info][gc,start       ] GC(196) Pause Full (Allocation Failure)
[28.328s][info][gc,phases,start] GC(196) Phase 1: Mark live objects
[28.365s][info][gc,phases      ] GC(196) Phase 1: Mark live objects 37.586ms
[28.365s][info][gc,phases,start] GC(196) Phase 2: Compute new object addresses
[28.374s][info][gc,phases      ] GC(196) Phase 2: Compute new object addresses 8.218ms
[28.374s][info][gc,phases,start] GC(196) Phase 3: Adjust pointers
[28.395s][info][gc,phases      ] GC(196) Phase 3: Adjust pointers 21.133ms
[28.395s][info][gc,phases,start] GC(196) Phase 4: Move objects
[28.396s][info][gc,phases      ] GC(196) Phase 4: Move objects 0.797ms
[28.396s][info][gc,heap        ] GC(196) DefNew: 9215K->7958K(9216K)
[28.396s][info][gc,heap        ] GC(196) Tenured: 20479K->20479K(20480K)
[28.396s][info][gc,metaspace   ] GC(196) Metaspace: 53845K->53845K(1097728K)
[28.396s][info][gc             ] GC(196) Pause Full (Allocation Failure) 28M->27M(29M) 69.367ms
[28.396s][info][gc,cpu         ] GC(196) User=0.08s Sys=0.00s Real=0.07s
[28.409s][info][gc,start       ] GC(197) Pause Full (Allocation Failure)
[28.410s][info][gc,phases,start] GC(197) Phase 1: Mark live objects
[28.448s][info][gc,phases      ] GC(197) Phase 1: Mark live objects 37.908ms
[28.448s][info][gc,phases,start] GC(197) Phase 2: Compute new object addresses
[28.460s][info][gc,phases      ] GC(197) Phase 2: Compute new object addresses 11.655ms
[28.460s][info][gc,phases,start] GC(197) Phase 3: Adjust pointers
[28.488s][info][gc,phases      ] GC(197) Phase 3: Adjust pointers 27.941ms
[28.488s][info][gc,phases,start] GC(197) Phase 4: Move objects
[28.490s][info][gc,phases      ] GC(197) Phase 4: Move objects 2.156ms
[28.491s][info][gc,heap        ] GC(197) DefNew: 9208K->7963K(9216K)
[28.491s][info][gc,heap        ] GC(197) Tenured: 20479K->20479K(20480K)
[28.491s][info][gc,metaspace   ] GC(197) Metaspace: 53874K->53874K(1097728K)
[28.491s][info][gc             ] GC(197) Pause Full (Allocation Failure) 28M->27M(29M) 81.384ms
[28.491s][info][gc,cpu         ] GC(197) User=0.09s Sys=0.00s Real=0.08s
[28.514s][info][gc,start       ] GC(198) Pause Full (Allocation Failure)
[28.515s][info][gc,phases,start] GC(198) Phase 1: Mark live objects
[28.561s][info][gc,phases      ] GC(198) Phase 1: Mark live objects 46.713ms
[28.561s][info][gc,phases,start] GC(198) Phase 2: Compute new object addresses
[28.570s][info][gc,phases      ] GC(198) Phase 2: Compute new object addresses 8.948ms
[28.570s][info][gc,phases,start] GC(198) Phase 3: Adjust pointers
[28.603s][info][gc,phases      ] GC(198) Phase 3: Adjust pointers 32.721ms
[28.603s][info][gc,phases,start] GC(198) Phase 4: Move objects
[28.606s][info][gc,phases      ] GC(198) Phase 4: Move objects 2.517ms
[28.607s][info][gc,heap        ] GC(198) DefNew: 9215K->7987K(9216K)
[28.607s][info][gc,heap        ] GC(198) Tenured: 20479K->20479K(20480K)
[28.607s][info][gc,metaspace   ] GC(198) Metaspace: 53923K->53923K(1097728K)
[28.607s][info][gc             ] GC(198) Pause Full (Allocation Failure) 28M->27M(29M) 92.858ms
[28.607s][info][gc,cpu         ] GC(198) User=0.09s Sys=0.00s Real=0.09s
[28.612s][info][gc,start       ] GC(199) Pause Full (Allocation Failure)
[28.613s][info][gc,phases,start] GC(199) Phase 1: Mark live objects
[28.650s][info][gc,phases      ] GC(199) Phase 1: Mark live objects 37.065ms
[28.650s][info][gc,phases,start] GC(199) Phase 2: Compute new object addresses
[28.661s][info][gc,phases      ] GC(199) Phase 2: Compute new object addresses 11.031ms
[28.661s][info][gc,phases,start] GC(199) Phase 3: Adjust pointers
[28.690s][info][gc,phases      ] GC(199) Phase 3: Adjust pointers 29.285ms
[28.691s][info][gc,phases,start] GC(199) Phase 4: Move objects
[28.699s][info][gc,phases      ] GC(199) Phase 4: Move objects 8.537ms
[28.700s][info][gc,heap        ] GC(199) DefNew: 9215K->7992K(9216K)
[28.700s][info][gc,heap        ] GC(199) Tenured: 20479K->20479K(20480K)
[28.700s][info][gc,metaspace   ] GC(199) Metaspace: 53923K->53923K(1097728K)
[28.700s][info][gc             ] GC(199) Pause Full (Allocation Failure) 28M->27M(29M) 87.666ms
[28.700s][info][gc,cpu         ] GC(199) User=0.09s Sys=0.00s Real=0.09s
[28.708s][info][gc,start       ] GC(200) Pause Full (Allocation Failure)
[28.709s][info][gc,phases,start] GC(200) Phase 1: Mark live objects
[28.746s][info][gc,phases      ] GC(200) Phase 1: Mark live objects 37.280ms
[28.746s][info][gc,phases,start] GC(200) Phase 2: Compute new object addresses
[28.758s][info][gc,phases      ] GC(200) Phase 2: Compute new object addresses 11.255ms
[28.758s][info][gc,phases,start] GC(200) Phase 3: Adjust pointers
[28.786s][info][gc,phases      ] GC(200) Phase 3: Adjust pointers 28.319ms
[28.786s][info][gc,phases,start] GC(200) Phase 4: Move objects
[28.788s][info][gc,phases      ] GC(200) Phase 4: Move objects 1.557ms
[28.789s][info][gc,heap        ] GC(200) DefNew: 9210K->8013K(9216K)
[28.789s][info][gc,heap        ] GC(200) Tenured: 20479K->20479K(20480K)
[28.789s][info][gc,metaspace   ] GC(200) Metaspace: 53923K->53923K(1097728K)
[28.789s][info][gc             ] GC(200) Pause Full (Allocation Failure) 28M->27M(29M) 80.481ms
[28.789s][info][gc,cpu         ] GC(200) User=0.09s Sys=0.00s Real=0.08s
[28.794s][info][gc,start       ] GC(201) Pause Full (Allocation Failure)
[28.795s][info][gc,phases,start] GC(201) Phase 1: Mark live objects
[28.837s][info][gc,phases      ] GC(201) Phase 1: Mark live objects 42.246ms
[28.837s][info][gc,phases,start] GC(201) Phase 2: Compute new object addresses
[28.848s][info][gc,phases      ] GC(201) Phase 2: Compute new object addresses 11.236ms
[28.848s][info][gc,phases,start] GC(201) Phase 3: Adjust pointers
[28.873s][info][gc,phases      ] GC(201) Phase 3: Adjust pointers 24.198ms
[28.873s][info][gc,phases,start] GC(201) Phase 4: Move objects
[28.874s][info][gc,phases      ] GC(201) Phase 4: Move objects 1.792ms
[28.875s][info][gc,heap        ] GC(201) DefNew: 9205K->8031K(9216K)
[28.875s][info][gc,heap        ] GC(201) Tenured: 20479K->20479K(20480K)
[28.875s][info][gc,metaspace   ] GC(201) Metaspace: 53923K->53923K(1097728K)
[28.875s][info][gc             ] GC(201) Pause Full (Allocation Failure) 28M->27M(29M) 81.228ms
[28.875s][info][gc,cpu         ] GC(201) User=0.08s Sys=0.00s Real=0.08s
[28.881s][info][gc,start       ] GC(202) Pause Full (Allocation Failure)
[28.882s][info][gc,phases,start] GC(202) Phase 1: Mark live objects
[28.930s][info][gc,phases      ] GC(202) Phase 1: Mark live objects 48.134ms
[28.930s][info][gc,phases,start] GC(202) Phase 2: Compute new object addresses
[28.939s][info][gc,phases      ] GC(202) Phase 2: Compute new object addresses 8.220ms
[28.939s][info][gc,phases,start] GC(202) Phase 3: Adjust pointers
[28.963s][info][gc,phases      ] GC(202) Phase 3: Adjust pointers 24.075ms
[28.963s][info][gc,phases,start] GC(202) Phase 4: Move objects
[28.965s][info][gc,phases      ] GC(202) Phase 4: Move objects 2.328ms
[28.966s][info][gc,heap        ] GC(202) DefNew: 9189K->7994K(9216K)
[28.966s][info][gc,heap        ] GC(202) Tenured: 20479K->20479K(20480K)
[28.966s][info][gc,metaspace   ] GC(202) Metaspace: 53923K->53923K(1097728K)
[28.966s][info][gc             ] GC(202) Pause Full (Allocation Failure) 28M->27M(29M) 84.840ms
[28.966s][info][gc,cpu         ] GC(202) User=0.08s Sys=0.00s Real=0.09s
[28.972s][info][gc,start       ] GC(203) Pause Full (Allocation Failure)
[28.973s][info][gc,phases,start] GC(203) Phase 1: Mark live objects
[29.019s][info][gc,phases      ] GC(203) Phase 1: Mark live objects 45.567ms
[29.019s][info][gc,phases,start] GC(203) Phase 2: Compute new object addresses
[29.027s][info][gc,phases      ] GC(203) Phase 2: Compute new object addresses 8.601ms
[29.027s][info][gc,phases,start] GC(203) Phase 3: Adjust pointers
[29.051s][info][gc,phases      ] GC(203) Phase 3: Adjust pointers 23.316ms
[29.051s][info][gc,phases,start] GC(203) Phase 4: Move objects
[29.060s][info][gc,phases      ] GC(203) Phase 4: Move objects 9.225ms
[29.062s][info][gc,heap        ] GC(203) DefNew: 9216K->7917K(9216K)
[29.062s][info][gc,heap        ] GC(203) Tenured: 20479K->20479K(20480K)
[29.062s][info][gc,metaspace   ] GC(203) Metaspace: 53923K->53923K(1097728K)
[29.062s][info][gc             ] GC(203) Pause Full (Allocation Failure) 28M->27M(29M) 89.273ms
[29.062s][info][gc,cpu         ] GC(203) User=0.09s Sys=0.00s Real=0.09s
[29.067s][info][gc,start       ] GC(204) Pause Full (Allocation Failure)
[29.068s][info][gc,phases,start] GC(204) Phase 1: Mark live objects
[29.105s][info][gc,phases      ] GC(204) Phase 1: Mark live objects 36.932ms
[29.105s][info][gc,phases,start] GC(204) Phase 2: Compute new object addresses
[29.113s][info][gc,phases      ] GC(204) Phase 2: Compute new object addresses 8.504ms
[29.113s][info][gc,phases,start] GC(204) Phase 3: Adjust pointers
[29.135s][info][gc,phases      ] GC(204) Phase 3: Adjust pointers 21.186ms
[29.135s][info][gc,phases,start] GC(204) Phase 4: Move objects
[29.136s][info][gc,phases      ] GC(204) Phase 4: Move objects 1.550ms
[29.137s][info][gc,heap        ] GC(204) DefNew: 9215K->7872K(9216K)
[29.137s][info][gc,heap        ] GC(204) Tenured: 20479K->20479K(20480K)
[29.137s][info][gc,metaspace   ] GC(204) Metaspace: 53923K->53923K(1097728K)
[29.137s][info][gc             ] GC(204) Pause Full (Allocation Failure) 28M->27M(29M) 69.893ms
[29.137s][info][gc,cpu         ] GC(204) User=0.08s Sys=0.00s Real=0.07s
[29.142s][info][gc,start       ] GC(205) Pause Full (Allocation Failure)
[29.143s][info][gc,phases,start] GC(205) Phase 1: Mark live objects
[29.189s][info][gc,phases      ] GC(205) Phase 1: Mark live objects 45.699ms
[29.189s][info][gc,phases,start] GC(205) Phase 2: Compute new object addresses
[29.197s][info][gc,phases      ] GC(205) Phase 2: Compute new object addresses 8.137ms
[29.197s][info][gc,phases,start] GC(205) Phase 3: Adjust pointers
[29.218s][info][gc,phases      ] GC(205) Phase 3: Adjust pointers 21.464ms
[29.219s][info][gc,phases,start] GC(205) Phase 4: Move objects
[29.220s][info][gc,phases      ] GC(205) Phase 4: Move objects 1.415ms
[29.221s][info][gc,heap        ] GC(205) DefNew: 9215K->7794K(9216K)
[29.221s][info][gc,heap        ] GC(205) Tenured: 20479K->20479K(20480K)
[29.221s][info][gc,metaspace   ] GC(205) Metaspace: 53923K->53923K(1097728K)
[29.221s][info][gc             ] GC(205) Pause Full (Allocation Failure) 28M->27M(29M) 78.605ms
[29.221s][info][gc,cpu         ] GC(205) User=0.08s Sys=0.00s Real=0.08s
[29.227s][info][gc,start       ] GC(206) Pause Full (Allocation Failure)
[29.228s][info][gc,phases,start] GC(206) Phase 1: Mark live objects
[29.267s][info][gc,phases      ] GC(206) Phase 1: Mark live objects 38.847ms
[29.267s][info][gc,phases,start] GC(206) Phase 2: Compute new object addresses
[29.275s][info][gc,phases      ] GC(206) Phase 2: Compute new object addresses 8.100ms
[29.275s][info][gc,phases,start] GC(206) Phase 3: Adjust pointers
[29.296s][info][gc,phases      ] GC(206) Phase 3: Adjust pointers 21.148ms
[29.296s][info][gc,phases,start] GC(206) Phase 4: Move objects
[29.298s][info][gc,phases      ] GC(206) Phase 4: Move objects 1.518ms
[29.298s][info][gc,heap        ] GC(206) DefNew: 9189K->7808K(9216K)
[29.298s][info][gc,heap        ] GC(206) Tenured: 20479K->20479K(20480K)
[29.298s][info][gc,metaspace   ] GC(206) Metaspace: 53911K->53911K(1097728K)
[29.298s][info][gc             ] GC(206) Pause Full (Allocation Failure) 28M->27M(29M) 71.377ms
[29.299s][info][gc,cpu         ] GC(206) User=0.06s Sys=0.00s Real=0.07s
[29.303s][info][gc,start       ] GC(207) Pause Full (Allocation Failure)
[29.304s][info][gc,phases,start] GC(207) Phase 1: Mark live objects
[29.341s][info][gc,phases      ] GC(207) Phase 1: Mark live objects 37.128ms
[29.341s][info][gc,phases,start] GC(207) Phase 2: Compute new object addresses
[29.350s][info][gc,phases      ] GC(207) Phase 2: Compute new object addresses 8.240ms
[29.350s][info][gc,phases,start] GC(207) Phase 3: Adjust pointers
[29.378s][info][gc,phases      ] GC(207) Phase 3: Adjust pointers 28.325ms
[29.378s][info][gc,phases,start] GC(207) Phase 4: Move objects
[29.379s][info][gc,phases      ] GC(207) Phase 4: Move objects 1.426ms
[29.380s][info][gc,heap        ] GC(207) DefNew: 9215K->7920K(9216K)
[29.380s][info][gc,heap        ] GC(207) Tenured: 20479K->20479K(20480K)
[29.380s][info][gc,metaspace   ] GC(207) Metaspace: 53911K->53911K(1097728K)
[29.380s][info][gc             ] GC(207) Pause Full (Allocation Failure) 28M->27M(29M) 76.906ms
[29.380s][info][gc,cpu         ] GC(207) User=0.06s Sys=0.00s Real=0.08s
[29.390s][info][gc,start       ] GC(208) Pause Full (Allocation Failure)
[29.390s][info][gc,phases,start] GC(208) Phase 1: Mark live objects
[29.428s][info][gc,phases      ] GC(208) Phase 1: Mark live objects 37.290ms
[29.428s][info][gc,phases,start] GC(208) Phase 2: Compute new object addresses
[29.436s][info][gc,phases      ] GC(208) Phase 2: Compute new object addresses 8.271ms
[29.436s][info][gc,phases,start] GC(208) Phase 3: Adjust pointers
[29.457s][info][gc,phases      ] GC(208) Phase 3: Adjust pointers 21.192ms
[29.457s][info][gc,phases,start] GC(208) Phase 4: Move objects
[29.459s][info][gc,phases      ] GC(208) Phase 4: Move objects 1.651ms
[29.460s][info][gc,heap        ] GC(208) DefNew: 9215K->7786K(9216K)
[29.460s][info][gc,heap        ] GC(208) Tenured: 20479K->20479K(20480K)
[29.460s][info][gc,metaspace   ] GC(208) Metaspace: 53923K->53923K(1097728K)
[29.460s][info][gc             ] GC(208) Pause Full (Allocation Failure) 28M->27M(29M) 70.113ms
[29.460s][info][gc,cpu         ] GC(208) User=0.08s Sys=0.00s Real=0.07s
[29.472s][info][gc,start       ] GC(209) Pause Full (Allocation Failure)
[29.472s][info][gc,phases,start] GC(209) Phase 1: Mark live objects
[29.510s][info][gc,phases      ] GC(209) Phase 1: Mark live objects 38.001ms
[29.510s][info][gc,phases,start] GC(209) Phase 2: Compute new object addresses
[29.520s][info][gc,phases      ] GC(209) Phase 2: Compute new object addresses 9.358ms
[29.520s][info][gc,phases,start] GC(209) Phase 3: Adjust pointers
[29.541s][info][gc,phases      ] GC(209) Phase 3: Adjust pointers 21.062ms
[29.541s][info][gc,phases,start] GC(209) Phase 4: Move objects
[29.542s][info][gc,phases      ] GC(209) Phase 4: Move objects 0.660ms
[29.542s][info][gc,heap        ] GC(209) DefNew: 9215K->7729K(9216K)
[29.542s][info][gc,heap        ] GC(209) Tenured: 20479K->20479K(20480K)
[29.542s][info][gc,metaspace   ] GC(209) Metaspace: 53923K->53923K(1097728K)
[29.542s][info][gc             ] GC(209) Pause Full (Allocation Failure) 28M->27M(29M) 70.848ms
[29.543s][info][gc,cpu         ] GC(209) User=0.08s Sys=0.00s Real=0.07s
[29.556s][info][gc,start       ] GC(210) Pause Full (Allocation Failure)
[29.557s][info][gc,phases,start] GC(210) Phase 1: Mark live objects
[29.597s][info][gc,phases      ] GC(210) Phase 1: Mark live objects 40.269ms
[29.597s][info][gc,phases,start] GC(210) Phase 2: Compute new object addresses
[29.605s][info][gc,phases      ] GC(210) Phase 2: Compute new object addresses 8.431ms
[29.605s][info][gc,phases,start] GC(210) Phase 3: Adjust pointers
[29.626s][info][gc,phases      ] GC(210) Phase 3: Adjust pointers 20.568ms
[29.626s][info][gc,phases,start] GC(210) Phase 4: Move objects
[29.626s][info][gc,phases      ] GC(210) Phase 4: Move objects 0.155ms
[29.627s][info][gc,heap        ] GC(210) DefNew: 9208K->7917K(9216K)
[29.627s][info][gc,heap        ] GC(210) Tenured: 20479K->20479K(20480K)
[29.627s][info][gc,metaspace   ] GC(210) Metaspace: 53923K->53923K(1097728K)
[29.627s][info][gc             ] GC(210) Pause Full (Allocation Failure) 28M->27M(29M) 71.153ms
[29.627s][info][gc,cpu         ] GC(210) User=0.06s Sys=0.00s Real=0.07s
[29.642s][info][gc,start       ] GC(211) Pause Full (Allocation Failure)
[29.643s][info][gc,phases,start] GC(211) Phase 1: Mark live objects
[29.680s][info][gc,phases      ] GC(211) Phase 1: Mark live objects 37.169ms
[29.680s][info][gc,phases,start] GC(211) Phase 2: Compute new object addresses
[29.688s][info][gc,phases      ] GC(211) Phase 2: Compute new object addresses 8.322ms
[29.688s][info][gc,phases,start] GC(211) Phase 3: Adjust pointers
[29.711s][info][gc,phases      ] GC(211) Phase 3: Adjust pointers 22.155ms
[29.711s][info][gc,phases,start] GC(211) Phase 4: Move objects
[29.717s][info][gc,phases      ] GC(211) Phase 4: Move objects 6.524ms
[29.718s][info][gc,heap        ] GC(211) DefNew: 9215K->7922K(9216K)
[29.718s][info][gc,heap        ] GC(211) Tenured: 20479K->20479K(20480K)
[29.718s][info][gc,metaspace   ] GC(211) Metaspace: 53972K->53972K(1097728K)
[29.718s][info][gc             ] GC(211) Pause Full (Allocation Failure) 28M->27M(29M) 76.052ms
[29.718s][info][gc,cpu         ] GC(211) User=0.08s Sys=0.00s Real=0.08s
[29.731s][info][gc,start       ] GC(212) Pause Full (Allocation Failure)
[29.732s][info][gc,phases,start] GC(212) Phase 1: Mark live objects
[29.771s][info][gc,phases      ] GC(212) Phase 1: Mark live objects 38.874ms
[29.771s][info][gc,phases,start] GC(212) Phase 2: Compute new object addresses
[29.780s][info][gc,phases      ] GC(212) Phase 2: Compute new object addresses 9.134ms
[29.780s][info][gc,phases,start] GC(212) Phase 3: Adjust pointers
[29.806s][info][gc,phases      ] GC(212) Phase 3: Adjust pointers 26.115ms
[29.806s][info][gc,phases,start] GC(212) Phase 4: Move objects
[29.809s][info][gc,phases      ] GC(212) Phase 4: Move objects 2.176ms
[29.809s][info][gc,heap        ] GC(212) DefNew: 9215K->7881K(9216K)
[29.809s][info][gc,heap        ] GC(212) Tenured: 20479K->20479K(20480K)
[29.809s][info][gc,metaspace   ] GC(212) Metaspace: 54038K->54038K(1097728K)
[29.810s][info][gc             ] GC(212) Pause Full (Allocation Failure) 28M->27M(29M) 78.074ms
[29.810s][info][gc,cpu         ] GC(212) User=0.08s Sys=0.00s Real=0.08s
[29.828s][info][gc,start       ] GC(213) Pause Full (Allocation Failure)
[29.829s][info][gc,phases,start] GC(213) Phase 1: Mark live objects
[29.867s][info][gc,phases      ] GC(213) Phase 1: Mark live objects 37.399ms
[29.867s][info][gc,phases,start] GC(213) Phase 2: Compute new object addresses
[29.875s][info][gc,phases      ] GC(213) Phase 2: Compute new object addresses 8.281ms
[29.875s][info][gc,phases,start] GC(213) Phase 3: Adjust pointers
[29.896s][info][gc,phases      ] GC(213) Phase 3: Adjust pointers 21.180ms
[29.896s][info][gc,phases,start] GC(213) Phase 4: Move objects
[29.897s][info][gc,phases      ] GC(213) Phase 4: Move objects 1.276ms
[29.898s][info][gc,heap        ] GC(213) DefNew: 9216K->7954K(9216K)
[29.898s][info][gc,heap        ] GC(213) Tenured: 20479K->20479K(20480K)
[29.898s][info][gc,metaspace   ] GC(213) Metaspace: 54074K->54074K(1097728K)
[29.898s][info][gc             ] GC(213) Pause Full (Allocation Failure) 28M->27M(29M) 70.780ms
[29.898s][info][gc,cpu         ] GC(213) User=0.08s Sys=0.00s Real=0.07s
[29.908s][info][gc,start       ] GC(214) Pause Full (Allocation Failure)
[29.909s][info][gc,phases,start] GC(214) Phase 1: Mark live objects
[29.947s][info][gc,phases      ] GC(214) Phase 1: Mark live objects 38.002ms
[29.947s][info][gc,phases,start] GC(214) Phase 2: Compute new object addresses
[29.956s][info][gc,phases      ] GC(214) Phase 2: Compute new object addresses 8.346ms
[29.956s][info][gc,phases,start] GC(214) Phase 3: Adjust pointers
[29.977s][info][gc,phases      ] GC(214) Phase 3: Adjust pointers 21.407ms
[29.977s][info][gc,phases,start] GC(214) Phase 4: Move objects
[29.977s][info][gc,phases      ] GC(214) Phase 4: Move objects 0.235ms
[29.978s][info][gc,heap        ] GC(214) DefNew: 9215K->8021K(9216K)
[29.978s][info][gc,heap        ] GC(214) Tenured: 20479K->20479K(20480K)
[29.978s][info][gc,metaspace   ] GC(214) Metaspace: 54074K->54074K(1097728K)
[29.978s][info][gc             ] GC(214) Pause Full (Allocation Failure) 28M->27M(29M) 69.735ms
[29.978s][info][gc,cpu         ] GC(214) User=0.08s Sys=0.00s Real=0.07s
[29.990s][info][gc,start       ] GC(215) Pause Full (Allocation Failure)
[29.990s][info][gc,phases,start] GC(215) Phase 1: Mark live objects
[30.029s][info][gc,phases      ] GC(215) Phase 1: Mark live objects 38.962ms
[30.029s][info][gc,phases,start] GC(215) Phase 2: Compute new object addresses
[30.038s][info][gc,phases      ] GC(215) Phase 2: Compute new object addresses 8.431ms
[30.038s][info][gc,phases,start] GC(215) Phase 3: Adjust pointers
[30.061s][info][gc,phases      ] GC(215) Phase 3: Adjust pointers 23.010ms
[30.061s][info][gc,phases,start] GC(215) Phase 4: Move objects
[30.068s][info][gc,phases      ] GC(215) Phase 4: Move objects 6.953ms
[30.069s][info][gc,heap        ] GC(215) DefNew: 9216K->7954K(9216K)
[30.069s][info][gc,heap        ] GC(215) Tenured: 20479K->20480K(20480K)
[30.069s][info][gc,metaspace   ] GC(215) Metaspace: 54074K->54074K(1097728K)
[30.069s][info][gc             ] GC(215) Pause Full (Allocation Failure) 28M->27M(29M) 79.184ms
[30.069s][info][gc,cpu         ] GC(215) User=0.09s Sys=0.00s Real=0.08s
[30.081s][info][gc,start       ] GC(216) Pause Full (Allocation Failure)
[30.081s][info][gc,phases,start] GC(216) Phase 1: Mark live objects
[30.119s][info][gc,phases      ] GC(216) Phase 1: Mark live objects 37.955ms
[30.119s][info][gc,phases,start] GC(216) Phase 2: Compute new object addresses
[30.128s][info][gc,phases      ] GC(216) Phase 2: Compute new object addresses 8.187ms
[30.128s][info][gc,phases,start] GC(216) Phase 3: Adjust pointers
[30.149s][info][gc,phases      ] GC(216) Phase 3: Adjust pointers 21.216ms
[30.149s][info][gc,phases,start] GC(216) Phase 4: Move objects
[30.150s][info][gc,phases      ] GC(216) Phase 4: Move objects 0.844ms
[30.150s][info][gc,heap        ] GC(216) DefNew: 9215K->7929K(9216K)
[30.151s][info][gc,heap        ] GC(216) Tenured: 20480K->20480K(20480K)
[30.151s][info][gc,metaspace   ] GC(216) Metaspace: 54124K->54124K(1097728K)
[30.151s][info][gc             ] GC(216) Pause Full (Allocation Failure) 28M->27M(29M) 69.808ms
[30.151s][info][gc,cpu         ] GC(216) User=0.08s Sys=0.00s Real=0.07s
[30.166s][info][gc,start       ] GC(217) Pause Full (Allocation Failure)
[30.166s][info][gc,phases,start] GC(217) Phase 1: Mark live objects
[30.204s][info][gc,phases      ] GC(217) Phase 1: Mark live objects 37.709ms
[30.204s][info][gc,phases,start] GC(217) Phase 2: Compute new object addresses
[30.213s][info][gc,phases      ] GC(217) Phase 2: Compute new object addresses 8.513ms
[30.213s][info][gc,phases,start] GC(217) Phase 3: Adjust pointers
[30.235s][info][gc,phases      ] GC(217) Phase 3: Adjust pointers 21.820ms
[30.235s][info][gc,phases,start] GC(217) Phase 4: Move objects
[30.236s][info][gc,phases      ] GC(217) Phase 4: Move objects 1.210ms
[30.237s][info][gc,heap        ] GC(217) DefNew: 9215K->8074K(9216K)
[30.237s][info][gc,heap        ] GC(217) Tenured: 20480K->20480K(20480K)
[30.237s][info][gc,metaspace   ] GC(217) Metaspace: 54164K->54164K(1097728K)
[30.237s][info][gc             ] GC(217) Pause Full (Allocation Failure) 28M->27M(29M) 71.089ms
[30.237s][info][gc,cpu         ] GC(217) User=0.06s Sys=0.00s Real=0.07s
[30.253s][info][gc,start       ] GC(218) Pause Full (Allocation Failure)
[30.254s][info][gc,phases,start] GC(218) Phase 1: Mark live objects
[30.291s][info][gc,phases      ] GC(218) Phase 1: Mark live objects 37.840ms
[30.291s][info][gc,phases,start] GC(218) Phase 2: Compute new object addresses
[30.300s][info][gc,phases      ] GC(218) Phase 2: Compute new object addresses 8.535ms
[30.300s][info][gc,phases,start] GC(218) Phase 3: Adjust pointers
[30.322s][info][gc,phases      ] GC(218) Phase 3: Adjust pointers 21.593ms
[30.322s][info][gc,phases,start] GC(218) Phase 4: Move objects
[30.323s][info][gc,phases      ] GC(218) Phase 4: Move objects 1.278ms
[30.324s][info][gc,heap        ] GC(218) DefNew: 9215K->8039K(9216K)
[30.324s][info][gc,heap        ] GC(218) Tenured: 20480K->20480K(20480K)
[30.324s][info][gc,metaspace   ] GC(218) Metaspace: 54229K->54229K(1097728K)
[30.324s][info][gc             ] GC(218) Pause Full (Allocation Failure) 28M->27M(29M) 71.089ms
[30.324s][info][gc,cpu         ] GC(218) User=0.08s Sys=0.00s Real=0.07s
[30.335s][info][gc,start       ] GC(219) Pause Full (Allocation Failure)
[30.336s][info][gc,phases,start] GC(219) Phase 1: Mark live objects
[30.383s][info][gc,phases      ] GC(219) Phase 1: Mark live objects 46.653ms
[30.383s][info][gc,phases,start] GC(219) Phase 2: Compute new object addresses
[30.391s][info][gc,phases      ] GC(219) Phase 2: Compute new object addresses 8.197ms
[30.391s][info][gc,phases,start] GC(219) Phase 3: Adjust pointers
[30.414s][info][gc,phases      ] GC(219) Phase 3: Adjust pointers 23.036ms
[30.414s][info][gc,phases,start] GC(219) Phase 4: Move objects
[30.423s][info][gc,phases      ] GC(219) Phase 4: Move objects 8.717ms
[30.424s][info][gc,heap        ] GC(219) DefNew: 9215K->8215K(9216K)
[30.424s][info][gc,heap        ] GC(219) Tenured: 20480K->20479K(20480K)
[30.424s][info][gc,metaspace   ] GC(219) Metaspace: 54237K->54237K(1097728K)
[30.424s][info][gc             ] GC(219) Pause Full (Allocation Failure) 28M->28M(29M) 88.535ms
[30.424s][info][gc,cpu         ] GC(219) User=0.08s Sys=0.00s Real=0.09s
[30.435s][info][gc,start       ] GC(220) Pause Full (Allocation Failure)
[30.435s][info][gc,phases,start] GC(220) Phase 1: Mark live objects
[30.482s][info][gc,phases      ] GC(220) Phase 1: Mark live objects 46.962ms
[30.482s][info][gc,phases,start] GC(220) Phase 2: Compute new object addresses
[30.491s][info][gc,phases      ] GC(220) Phase 2: Compute new object addresses 8.275ms
[30.491s][info][gc,phases,start] GC(220) Phase 3: Adjust pointers
[30.512s][info][gc,phases      ] GC(220) Phase 3: Adjust pointers 21.623ms
[30.513s][info][gc,phases,start] GC(220) Phase 4: Move objects
[30.515s][info][gc,phases      ] GC(220) Phase 4: Move objects 2.258ms
[30.516s][info][gc,heap        ] GC(220) DefNew: 9216K->8078K(9216K)
[30.516s][info][gc,heap        ] GC(220) Tenured: 20479K->20479K(20480K)
[30.516s][info][gc,metaspace   ] GC(220) Metaspace: 54233K->54233K(1097728K)
[30.516s][info][gc             ] GC(220) Pause Full (Allocation Failure) 28M->27M(29M) 81.123ms
[30.516s][info][gc,cpu         ] GC(220) User=0.08s Sys=0.00s Real=0.08s
[30.533s][info][gc,start       ] GC(221) Pause Full (Allocation Failure)
[30.533s][info][gc,phases,start] GC(221) Phase 1: Mark live objects
[30.571s][info][gc,phases      ] GC(221) Phase 1: Mark live objects 38.203ms
[30.572s][info][gc,phases,start] GC(221) Phase 2: Compute new object addresses
[30.580s][info][gc,phases      ] GC(221) Phase 2: Compute new object addresses 8.212ms
[30.580s][info][gc,phases,start] GC(221) Phase 3: Adjust pointers
[30.602s][info][gc,phases      ] GC(221) Phase 3: Adjust pointers 21.877ms
[30.602s][info][gc,phases,start] GC(221) Phase 4: Move objects
[30.605s][info][gc,phases      ] GC(221) Phase 4: Move objects 2.953ms
[30.606s][info][gc,heap        ] GC(221) DefNew: 9215K->8120K(9216K)
[30.606s][info][gc,heap        ] GC(221) Tenured: 20479K->20479K(20480K)
[30.606s][info][gc,metaspace   ] GC(221) Metaspace: 54343K->54343K(1097728K)
[30.606s][info][gc             ] GC(221) Pause Full (Allocation Failure) 28M->27M(29M) 73.012ms
[30.606s][info][gc,cpu         ] GC(221) User=0.08s Sys=0.00s Real=0.07s
[30.622s][info][gc,start       ] GC(222) Pause Full (Allocation Failure)
[30.623s][info][gc,phases,start] GC(222) Phase 1: Mark live objects
[30.661s][info][gc,phases      ] GC(222) Phase 1: Mark live objects 38.336ms
[30.661s][info][gc,phases,start] GC(222) Phase 2: Compute new object addresses
[30.669s][info][gc,phases      ] GC(222) Phase 2: Compute new object addresses 8.256ms
[30.670s][info][gc,phases,start] GC(222) Phase 3: Adjust pointers
[30.691s][info][gc,phases      ] GC(222) Phase 3: Adjust pointers 21.943ms
[30.692s][info][gc,phases,start] GC(222) Phase 4: Move objects
[30.694s][info][gc,phases      ] GC(222) Phase 4: Move objects 2.738ms
[30.695s][info][gc,heap        ] GC(222) DefNew: 9216K->8172K(9216K)
[30.695s][info][gc,heap        ] GC(222) Tenured: 20479K->20479K(20480K)
[30.695s][info][gc,metaspace   ] GC(222) Metaspace: 54506K->54506K(1097728K)
[30.695s][info][gc             ] GC(222) Pause Full (Allocation Failure) 28M->27M(29M) 72.996ms
[30.695s][info][gc,cpu         ] GC(222) User=0.08s Sys=0.00s Real=0.07s
[30.709s][info][gc,start       ] GC(223) Pause Full (Allocation Failure)
[30.709s][info][gc,phases,start] GC(223) Phase 1: Mark live objects
[30.747s][info][gc,phases      ] GC(223) Phase 1: Mark live objects 38.026ms
[30.747s][info][gc,phases,start] GC(223) Phase 2: Compute new object addresses
[30.756s][info][gc,phases      ] GC(223) Phase 2: Compute new object addresses 8.200ms
[30.756s][info][gc,phases,start] GC(223) Phase 3: Adjust pointers
[30.778s][info][gc,phases      ] GC(223) Phase 3: Adjust pointers 22.371ms
[30.778s][info][gc,phases,start] GC(223) Phase 4: Move objects
[30.787s][info][gc,phases      ] GC(223) Phase 4: Move objects 9.072ms
[30.788s][info][gc,heap        ] GC(223) DefNew: 9208K->8259K(9216K)
[30.788s][info][gc,heap        ] GC(223) Tenured: 20479K->20479K(20480K)
[30.788s][info][gc,metaspace   ] GC(223) Metaspace: 54639K->54639K(1097728K)
[30.788s][info][gc             ] GC(223) Pause Full (Allocation Failure) 28M->28M(29M) 79.528ms
[30.788s][info][gc,cpu         ] GC(223) User=0.08s Sys=0.02s Real=0.08s
[30.805s][info][gc,start       ] GC(224) Pause Full (Allocation Failure)
[30.806s][info][gc,phases,start] GC(224) Phase 1: Mark live objects
[30.852s][info][gc,phases      ] GC(224) Phase 1: Mark live objects 46.561ms
[30.852s][info][gc,phases,start] GC(224) Phase 2: Compute new object addresses
[30.861s][info][gc,phases      ] GC(224) Phase 2: Compute new object addresses 8.343ms
[30.861s][info][gc,phases,start] GC(224) Phase 3: Adjust pointers
[30.883s][info][gc,phases      ] GC(224) Phase 3: Adjust pointers 22.422ms
[30.883s][info][gc,phases,start] GC(224) Phase 4: Move objects
[30.886s][info][gc,phases      ] GC(224) Phase 4: Move objects 3.012ms
[30.887s][info][gc,heap        ] GC(224) DefNew: 9215K->8312K(9216K)
[30.887s][info][gc,heap        ] GC(224) Tenured: 20479K->20479K(20480K)
[30.887s][info][gc,metaspace   ] GC(224) Metaspace: 54799K->54799K(1097728K)
[30.887s][info][gc             ] GC(224) Pause Full (Allocation Failure) 28M->28M(29M) 82.193ms
[30.887s][info][gc,cpu         ] GC(224) User=0.08s Sys=0.00s Real=0.08s
[30.902s][info][gc,start       ] GC(225) Pause Full (Allocation Failure)
[30.903s][info][gc,phases,start] GC(225) Phase 1: Mark live objects
[30.951s][info][gc,phases      ] GC(225) Phase 1: Mark live objects 48.611ms
[30.951s][info][gc,phases,start] GC(225) Phase 2: Compute new object addresses
[30.960s][info][gc,phases      ] GC(225) Phase 2: Compute new object addresses 8.999ms
[30.960s][info][gc,phases,start] GC(225) Phase 3: Adjust pointers
[30.984s][info][gc,phases      ] GC(225) Phase 3: Adjust pointers 23.598ms
[30.984s][info][gc,phases,start] GC(225) Phase 4: Move objects
[30.987s][info][gc,phases      ] GC(225) Phase 4: Move objects 3.055ms
[30.988s][info][gc,heap        ] GC(225) DefNew: 9215K->8324K(9216K)
[30.988s][info][gc,heap        ] GC(225) Tenured: 20479K->20479K(20480K)
[30.988s][info][gc,metaspace   ] GC(225) Metaspace: 54915K->54915K(1099776K)
[30.988s][info][gc             ] GC(225) Pause Full (Allocation Failure) 28M->28M(29M) 85.946ms
[30.988s][info][gc,cpu         ] GC(225) User=0.08s Sys=0.00s Real=0.09s
[30.997s][info][gc,start       ] GC(226) Pause Full (Allocation Failure)
[30.998s][info][gc,phases,start] GC(226) Phase 1: Mark live objects
[31.046s][info][gc,phases      ] GC(226) Phase 1: Mark live objects 48.247ms
[31.046s][info][gc,phases,start] GC(226) Phase 2: Compute new object addresses
[31.060s][info][gc,phases      ] GC(226) Phase 2: Compute new object addresses 14.224ms
[31.060s][info][gc,phases,start] GC(226) Phase 3: Adjust pointers
[31.093s][info][gc,phases      ] GC(226) Phase 3: Adjust pointers 32.904ms
[31.093s][info][gc,phases,start] GC(226) Phase 4: Move objects
[31.097s][info][gc,phases      ] GC(226) Phase 4: Move objects 3.419ms
[31.098s][info][gc,heap        ] GC(226) DefNew: 9215K->8345K(9216K)
[31.098s][info][gc,heap        ] GC(226) Tenured: 20479K->20479K(20480K)
[31.098s][info][gc,metaspace   ] GC(226) Metaspace: 54933K->54933K(1099776K)
[31.098s][info][gc             ] GC(226) Pause Full (Allocation Failure) 28M->28M(29M) 100.797ms
[31.098s][info][gc,cpu         ] GC(226) User=0.09s Sys=0.00s Real=0.10s
[31.112s][info][gc,start       ] GC(227) Pause Full (Allocation Failure)
[31.113s][info][gc,phases,start] GC(227) Phase 1: Mark live objects
[31.166s][info][gc,phases      ] GC(227) Phase 1: Mark live objects 52.854ms
[31.166s][info][gc,phases,start] GC(227) Phase 2: Compute new object addresses
[31.175s][info][gc,phases      ] GC(227) Phase 2: Compute new object addresses 9.050ms
[31.175s][info][gc,phases,start] GC(227) Phase 3: Adjust pointers
[31.203s][info][gc,phases      ] GC(227) Phase 3: Adjust pointers 27.529ms
[31.203s][info][gc,phases,start] GC(227) Phase 4: Move objects
[31.213s][info][gc,phases      ] GC(227) Phase 4: Move objects 10.762ms
[31.214s][info][gc,heap        ] GC(227) DefNew: 9215K->8429K(9216K)
[31.214s][info][gc,heap        ] GC(227) Tenured: 20479K->20479K(20480K)
[31.214s][info][gc,metaspace   ] GC(227) Metaspace: 54943K->54943K(1099776K)
[31.214s][info][gc             ] GC(227) Pause Full (Allocation Failure) 28M->28M(29M) 102.094ms
[31.214s][info][gc,cpu         ] GC(227) User=0.11s Sys=0.00s Real=0.10s
[31.227s][info][gc,start       ] GC(228) Pause Full (Allocation Failure)
[31.227s][info][gc,phases,start] GC(228) Phase 1: Mark live objects
[31.268s][info][gc,phases      ] GC(228) Phase 1: Mark live objects 40.881ms
[31.268s][info][gc,phases,start] GC(228) Phase 2: Compute new object addresses
[31.277s][info][gc,phases      ] GC(228) Phase 2: Compute new object addresses 8.340ms
[31.277s][info][gc,phases,start] GC(228) Phase 3: Adjust pointers
[31.299s][info][gc,phases      ] GC(228) Phase 3: Adjust pointers 21.813ms
[31.299s][info][gc,phases,start] GC(228) Phase 4: Move objects
[31.300s][info][gc,phases      ] GC(228) Phase 4: Move objects 1.102ms
[31.301s][info][gc,heap        ] GC(228) DefNew: 9215K->8379K(9216K)
[31.301s][info][gc,heap        ] GC(228) Tenured: 20479K->20479K(20480K)
[31.301s][info][gc,metaspace   ] GC(228) Metaspace: 55037K->55037K(1099776K)
[31.301s][info][gc             ] GC(228) Pause Full (Allocation Failure) 28M->28M(29M) 73.999ms
[31.301s][info][gc,cpu         ] GC(228) User=0.06s Sys=0.00s Real=0.07s
[31.316s][info][gc,start       ] GC(229) Pause Full (Allocation Failure)
[31.317s][info][gc,phases,start] GC(229) Phase 1: Mark live objects
[31.363s][info][gc,phases      ] GC(229) Phase 1: Mark live objects 45.714ms
[31.363s][info][gc,phases,start] GC(229) Phase 2: Compute new object addresses
[31.372s][info][gc,phases      ] GC(229) Phase 2: Compute new object addresses 8.841ms
[31.372s][info][gc,phases,start] GC(229) Phase 3: Adjust pointers
[31.394s][info][gc,phases      ] GC(229) Phase 3: Adjust pointers 22.721ms
[31.394s][info][gc,phases,start] GC(229) Phase 4: Move objects
[31.397s][info][gc,phases      ] GC(229) Phase 4: Move objects 2.123ms
[31.397s][info][gc,heap        ] GC(229) DefNew: 9215K->8390K(9216K)
[31.397s][info][gc,heap        ] GC(229) Tenured: 20479K->20479K(20480K)
[31.397s][info][gc,metaspace   ] GC(229) Metaspace: 55108K->55108K(1099776K)
[31.397s][info][gc             ] GC(229) Pause Full (Allocation Failure) 28M->28M(29M) 81.260ms
[31.398s][info][gc,cpu         ] GC(229) User=0.09s Sys=0.00s Real=0.08s
[31.411s][info][gc,start       ] GC(230) Pause Full (Allocation Failure)
[31.412s][info][gc,phases,start] GC(230) Phase 1: Mark live objects
[31.453s][info][gc,phases      ] GC(230) Phase 1: Mark live objects 41.116ms
[31.453s][info][gc,phases,start] GC(230) Phase 2: Compute new object addresses
[31.462s][info][gc,phases      ] GC(230) Phase 2: Compute new object addresses 8.705ms
[31.462s][info][gc,phases,start] GC(230) Phase 3: Adjust pointers
[31.485s][info][gc,phases      ] GC(230) Phase 3: Adjust pointers 22.914ms
[31.485s][info][gc,phases,start] GC(230) Phase 4: Move objects
[31.487s][info][gc,phases      ] GC(230) Phase 4: Move objects 2.198ms
[31.488s][info][gc,heap        ] GC(230) DefNew: 9215K->8398K(9216K)
[31.488s][info][gc,heap        ] GC(230) Tenured: 20479K->20479K(20480K)
[31.488s][info][gc,metaspace   ] GC(230) Metaspace: 55185K->55185K(1099776K)
[31.488s][info][gc             ] GC(230) Pause Full (Allocation Failure) 28M->28M(29M) 76.657ms
[31.488s][info][gc,cpu         ] GC(230) User=0.08s Sys=0.00s Real=0.08s
[31.507s][info][gc,start       ] GC(231) Pause Full (Allocation Failure)
[31.509s][info][gc,phases,start] GC(231) Phase 1: Mark live objects
[31.552s][info][gc,phases      ] GC(231) Phase 1: Mark live objects 42.952ms
[31.552s][info][gc,phases,start] GC(231) Phase 2: Compute new object addresses
[31.561s][info][gc,phases      ] GC(231) Phase 2: Compute new object addresses 8.666ms
[31.561s][info][gc,phases,start] GC(231) Phase 3: Adjust pointers
[31.585s][info][gc,phases      ] GC(231) Phase 3: Adjust pointers 24.169ms
[31.585s][info][gc,phases,start] GC(231) Phase 4: Move objects
[31.593s][info][gc,phases      ] GC(231) Phase 4: Move objects 7.730ms
[31.593s][info][gc,heap        ] GC(231) DefNew: 9215K->8417K(9216K)
[31.593s][info][gc,heap        ] GC(231) Tenured: 20479K->20479K(20480K)
[31.594s][info][gc,metaspace   ] GC(231) Metaspace: 55194K->55194K(1099776K)
[31.594s][info][gc             ] GC(231) Pause Full (Allocation Failure) 28M->28M(29M) 86.612ms
[31.594s][info][gc,cpu         ] GC(231) User=0.08s Sys=0.00s Real=0.09s
[31.604s][info][gc,start       ] GC(232) Pause Full (Allocation Failure)
[31.605s][info][gc,phases,start] GC(232) Phase 1: Mark live objects
[31.645s][info][gc,phases      ] GC(232) Phase 1: Mark live objects 40.329ms
[31.645s][info][gc,phases,start] GC(232) Phase 2: Compute new object addresses
[31.654s][info][gc,phases      ] GC(232) Phase 2: Compute new object addresses 8.764ms
[31.654s][info][gc,phases,start] GC(232) Phase 3: Adjust pointers
[31.676s][info][gc,phases      ] GC(232) Phase 3: Adjust pointers 22.126ms
[31.676s][info][gc,phases,start] GC(232) Phase 4: Move objects
[31.678s][info][gc,phases      ] GC(232) Phase 4: Move objects 1.594ms
[31.679s][info][gc,heap        ] GC(232) DefNew: 9214K->8446K(9216K)
[31.679s][info][gc,heap        ] GC(232) Tenured: 20479K->20479K(20480K)
[31.679s][info][gc,metaspace   ] GC(232) Metaspace: 55212K->55212K(1099776K)
[31.679s][info][gc             ] GC(232) Pause Full (Allocation Failure) 28M->28M(29M) 74.597ms
[31.679s][info][gc,cpu         ] GC(232) User=0.08s Sys=0.00s Real=0.08s
[31.688s][info][gc,start       ] GC(233) Pause Full (Allocation Failure)
[31.689s][info][gc,phases,start] GC(233) Phase 1: Mark live objects
[31.729s][info][gc,phases      ] GC(233) Phase 1: Mark live objects 39.895ms
[31.729s][info][gc,phases,start] GC(233) Phase 2: Compute new object addresses
[31.738s][info][gc,phases      ] GC(233) Phase 2: Compute new object addresses 8.931ms
[31.738s][info][gc,phases,start] GC(233) Phase 3: Adjust pointers
[31.763s][info][gc,phases      ] GC(233) Phase 3: Adjust pointers 25.322ms
[31.763s][info][gc,phases,start] GC(233) Phase 4: Move objects
[31.764s][info][gc,phases      ] GC(233) Phase 4: Move objects 0.637ms
[31.765s][info][gc,heap        ] GC(233) DefNew: 9215K->8454K(9216K)
[31.765s][info][gc,heap        ] GC(233) Tenured: 20479K->20479K(20480K)
[31.765s][info][gc,metaspace   ] GC(233) Metaspace: 55258K->55258K(1099776K)
[31.765s][info][gc             ] GC(233) Pause Full (Allocation Failure) 28M->28M(29M) 76.719ms
[31.765s][info][gc,cpu         ] GC(233) User=0.08s Sys=0.00s Real=0.08s
[31.778s][info][gc,start       ] GC(234) Pause Full (Allocation Failure)
[31.779s][info][gc,phases,start] GC(234) Phase 1: Mark live objects
[31.818s][info][gc,phases      ] GC(234) Phase 1: Mark live objects 39.095ms
[31.818s][info][gc,phases,start] GC(234) Phase 2: Compute new object addresses
[31.826s][info][gc,phases      ] GC(234) Phase 2: Compute new object addresses 8.501ms
[31.826s][info][gc,phases,start] GC(234) Phase 3: Adjust pointers
[31.851s][info][gc,phases      ] GC(234) Phase 3: Adjust pointers 24.339ms
[31.851s][info][gc,phases,start] GC(234) Phase 4: Move objects
[31.852s][info][gc,phases      ] GC(234) Phase 4: Move objects 1.278ms
[31.853s][info][gc,heap        ] GC(234) DefNew: 9215K->8466K(9216K)
[31.853s][info][gc,heap        ] GC(234) Tenured: 20479K->20479K(20480K)
[31.853s][info][gc,metaspace   ] GC(234) Metaspace: 55286K->55286K(1099776K)
[31.853s][info][gc             ] GC(234) Pause Full (Allocation Failure) 28M->28M(29M) 75.465ms
[31.853s][info][gc,cpu         ] GC(234) User=0.08s Sys=0.00s Real=0.08s
[31.875s][info][gc,start       ] GC(235) Pause Full (Allocation Failure)
[31.876s][info][gc,phases,start] GC(235) Phase 1: Mark live objects
[31.930s][info][gc,phases      ] GC(235) Phase 1: Mark live objects 54.070ms
[31.930s][info][gc,phases,start] GC(235) Phase 2: Compute new object addresses
[31.939s][info][gc,phases      ] GC(235) Phase 2: Compute new object addresses 9.213ms
[31.939s][info][gc,phases,start] GC(235) Phase 3: Adjust pointers
[31.971s][info][gc,phases      ] GC(235) Phase 3: Adjust pointers 32.008ms
[31.971s][info][gc,phases,start] GC(235) Phase 4: Move objects
[31.981s][info][gc,phases      ] GC(235) Phase 4: Move objects 9.766ms
[31.982s][info][gc,heap        ] GC(235) DefNew: 9215K->8514K(9216K)
[31.982s][info][gc,heap        ] GC(235) Tenured: 20479K->20479K(20480K)
[31.982s][info][gc,metaspace   ] GC(235) Metaspace: 55330K->55330K(1099776K)
[31.982s][info][gc             ] GC(235) Pause Full (Allocation Failure) 28M->28M(29M) 107.207ms
[31.982s][info][gc,cpu         ] GC(235) User=0.11s Sys=0.00s Real=0.11s
[31.992s][info][gc,start       ] GC(236) Pause Full (Allocation Failure)
[31.992s][info][gc,phases,start] GC(236) Phase 1: Mark live objects
[32.050s][info][gc,phases      ] GC(236) Phase 1: Mark live objects 58.117ms
[32.051s][info][gc,phases,start] GC(236) Phase 2: Compute new object addresses
[32.060s][info][gc,phases      ] GC(236) Phase 2: Compute new object addresses 9.869ms
[32.060s][info][gc,phases,start] GC(236) Phase 3: Adjust pointers
[32.090s][info][gc,phases      ] GC(236) Phase 3: Adjust pointers 29.780ms
[32.090s][info][gc,phases,start] GC(236) Phase 4: Move objects
[32.094s][info][gc,phases      ] GC(236) Phase 4: Move objects 3.184ms
[32.095s][info][gc,heap        ] GC(236) DefNew: 9215K->8516K(9216K)
[32.095s][info][gc,heap        ] GC(236) Tenured: 20479K->20479K(20480K)
[32.095s][info][gc,metaspace   ] GC(236) Metaspace: 55335K->55335K(1099776K)
[32.095s][info][gc             ] GC(236) Pause Full (Allocation Failure) 28M->28M(29M) 103.064ms
[32.095s][info][gc,cpu         ] GC(236) User=0.09s Sys=0.00s Real=0.10s
[32.105s][info][gc,start       ] GC(237) Pause Full (Allocation Failure)
[32.105s][info][gc,phases,start] GC(237) Phase 1: Mark live objects
[32.162s][info][gc,phases      ] GC(237) Phase 1: Mark live objects 56.970ms
[32.163s][info][gc,phases,start] GC(237) Phase 2: Compute new object addresses
[32.173s][info][gc,phases      ] GC(237) Phase 2: Compute new object addresses 10.900ms
[32.173s][info][gc,phases,start] GC(237) Phase 3: Adjust pointers
[32.202s][info][gc,phases      ] GC(237) Phase 3: Adjust pointers 28.486ms
[32.202s][info][gc,phases,start] GC(237) Phase 4: Move objects
[32.206s][info][gc,phases      ] GC(237) Phase 4: Move objects 3.615ms
[32.207s][info][gc,heap        ] GC(237) DefNew: 9215K->8487K(9216K)
[32.207s][info][gc,heap        ] GC(237) Tenured: 20479K->20479K(20480K)
[32.207s][info][gc,metaspace   ] GC(237) Metaspace: 55336K->55336K(1099776K)
[32.207s][info][gc             ] GC(237) Pause Full (Allocation Failure) 28M->28M(29M) 102.220ms
[32.207s][info][gc,cpu         ] GC(237) User=0.09s Sys=0.00s Real=0.10s
[32.219s][info][gc,start       ] GC(238) Pause Full (Allocation Failure)
[32.220s][info][gc,phases,start] GC(238) Phase 1: Mark live objects
[32.264s][info][gc,phases      ] GC(238) Phase 1: Mark live objects 43.718ms
[32.264s][info][gc,phases,start] GC(238) Phase 2: Compute new object addresses
[32.272s][info][gc,phases      ] GC(238) Phase 2: Compute new object addresses 8.646ms
[32.273s][info][gc,phases,start] GC(238) Phase 3: Adjust pointers
[32.295s][info][gc,phases      ] GC(238) Phase 3: Adjust pointers 22.859ms
[32.295s][info][gc,phases,start] GC(238) Phase 4: Move objects
[32.296s][info][gc,phases      ] GC(238) Phase 4: Move objects 0.848ms
[32.297s][info][gc,heap        ] GC(238) DefNew: 9215K->8514K(9216K)
[32.297s][info][gc,heap        ] GC(238) Tenured: 20479K->20479K(20480K)
[32.297s][info][gc,metaspace   ] GC(238) Metaspace: 55362K->55362K(1099776K)
[32.297s][info][gc             ] GC(238) Pause Full (Allocation Failure) 28M->28M(29M) 77.843ms
[32.297s][info][gc,cpu         ] GC(238) User=0.08s Sys=0.00s Real=0.08s
[32.306s][info][gc,start       ] GC(239) Pause Full (Allocation Failure)
[32.307s][info][gc,phases,start] GC(239) Phase 1: Mark live objects
[32.351s][info][gc,phases      ] GC(239) Phase 1: Mark live objects 43.950ms
[32.351s][info][gc,phases,start] GC(239) Phase 2: Compute new object addresses
[32.360s][info][gc,phases      ] GC(239) Phase 2: Compute new object addresses 8.335ms
[32.360s][info][gc,phases,start] GC(239) Phase 3: Adjust pointers
[32.383s][info][gc,phases      ] GC(239) Phase 3: Adjust pointers 23.630ms
[32.383s][info][gc,phases,start] GC(239) Phase 4: Move objects
[32.392s][info][gc,phases      ] GC(239) Phase 4: Move objects 8.999ms
[32.393s][info][gc,heap        ] GC(239) DefNew: 9215K->8466K(9216K)
[32.393s][info][gc,heap        ] GC(239) Tenured: 20479K->20479K(20480K)
[32.393s][info][gc,metaspace   ] GC(239) Metaspace: 55370K->55370K(1099776K)
[32.393s][info][gc             ] GC(239) Pause Full (Allocation Failure) 28M->28M(29M) 86.885ms
[32.393s][info][gc,cpu         ] GC(239) User=0.08s Sys=0.00s Real=0.09s
[32.408s][info][gc,start       ] GC(240) Pause Full (Allocation Failure)
[32.408s][info][gc,phases,start] GC(240) Phase 1: Mark live objects
[32.449s][info][gc,phases      ] GC(240) Phase 1: Mark live objects 40.983ms
[32.450s][info][gc,phases,start] GC(240) Phase 2: Compute new object addresses
[32.458s][info][gc,phases      ] GC(240) Phase 2: Compute new object addresses 8.491ms
[32.458s][info][gc,phases,start] GC(240) Phase 3: Adjust pointers
[32.482s][info][gc,phases      ] GC(240) Phase 3: Adjust pointers 23.669ms
[32.482s][info][gc,phases,start] GC(240) Phase 4: Move objects
[32.484s][info][gc,phases      ] GC(240) Phase 4: Move objects 2.368ms
[32.486s][info][gc,heap        ] GC(240) DefNew: 9215K->8482K(9216K)
[32.486s][info][gc,heap        ] GC(240) Tenured: 20479K->20479K(20480K)
[32.486s][info][gc,metaspace   ] GC(240) Metaspace: 55372K->55372K(1099776K)
[32.486s][info][gc             ] GC(240) Pause Full (Allocation Failure) 28M->28M(29M) 78.240ms
[32.486s][info][gc,cpu         ] GC(240) User=0.08s Sys=0.00s Real=0.08s
[32.498s][info][gc,start       ] GC(241) Pause Full (Allocation Failure)
[32.499s][info][gc,phases,start] GC(241) Phase 1: Mark live objects
[32.540s][info][gc,phases      ] GC(241) Phase 1: Mark live objects 40.611ms
[32.540s][info][gc,phases,start] GC(241) Phase 2: Compute new object addresses
[32.549s][info][gc,phases      ] GC(241) Phase 2: Compute new object addresses 8.833ms
[32.549s][info][gc,phases,start] GC(241) Phase 3: Adjust pointers
[32.571s][info][gc,phases      ] GC(241) Phase 3: Adjust pointers 21.844ms
[32.571s][info][gc,phases,start] GC(241) Phase 4: Move objects
[32.572s][info][gc,phases      ] GC(241) Phase 4: Move objects 0.918ms
[32.573s][info][gc,heap        ] GC(241) DefNew: 9215K->8507K(9216K)
[32.573s][info][gc,heap        ] GC(241) Tenured: 20479K->20479K(20480K)
[32.573s][info][gc,metaspace   ] GC(241) Metaspace: 55385K->55385K(1099776K)
[32.573s][info][gc             ] GC(241) Pause Full (Allocation Failure) 28M->28M(29M) 74.447ms
[32.573s][info][gc,cpu         ] GC(241) User=0.08s Sys=0.00s Real=0.07s
[32.581s][info][gc,start       ] GC(242) Pause Full (Allocation Failure)
[32.582s][info][gc,phases,start] GC(242) Phase 1: Mark live objects
[32.621s][info][gc,phases      ] GC(242) Phase 1: Mark live objects 38.428ms
[32.621s][info][gc,phases,start] GC(242) Phase 2: Compute new object addresses
[32.629s][info][gc,phases      ] GC(242) Phase 2: Compute new object addresses 8.224ms
[32.629s][info][gc,phases,start] GC(242) Phase 3: Adjust pointers
[32.651s][info][gc,phases      ] GC(242) Phase 3: Adjust pointers 21.564ms
[32.651s][info][gc,phases,start] GC(242) Phase 4: Move objects
[32.651s][info][gc,phases      ] GC(242) Phase 4: Move objects 0.371ms
[32.652s][info][gc,heap        ] GC(242) DefNew: 9214K->8521K(9216K)
[32.652s][info][gc,heap        ] GC(242) Tenured: 20479K->20479K(20480K)
[32.652s][info][gc,metaspace   ] GC(242) Metaspace: 55445K->55445K(1099776K)
[32.652s][info][gc             ] GC(242) Pause Full (Allocation Failure) 28M->28M(29M) 70.364ms
[32.652s][info][gc,cpu         ] GC(242) User=0.08s Sys=0.00s Real=0.07s
[32.660s][info][gc,start       ] GC(243) Pause Full (Allocation Failure)
[32.661s][info][gc,phases,start] GC(243) Phase 1: Mark live objects
[32.702s][info][gc,phases      ] GC(243) Phase 1: Mark live objects 41.072ms
[32.702s][info][gc,phases,start] GC(243) Phase 2: Compute new object addresses
[32.710s][info][gc,phases      ] GC(243) Phase 2: Compute new object addresses 8.331ms
[32.710s][info][gc,phases,start] GC(243) Phase 3: Adjust pointers
[32.734s][info][gc,phases      ] GC(243) Phase 3: Adjust pointers 23.658ms
[32.734s][info][gc,phases,start] GC(243) Phase 4: Move objects
[32.742s][info][gc,phases      ] GC(243) Phase 4: Move objects 7.892ms
[32.743s][info][gc,heap        ] GC(243) DefNew: 9215K->8487K(9216K)
[32.743s][info][gc,heap        ] GC(243) Tenured: 20479K->20479K(20480K)
[32.743s][info][gc,metaspace   ] GC(243) Metaspace: 55524K->55524K(1099776K)
[32.743s][info][gc             ] GC(243) Pause Full (Allocation Failure) 28M->28M(29M) 82.779ms
[32.743s][info][gc,cpu         ] GC(243) User=0.09s Sys=0.00s Real=0.08s
[32.751s][info][gc,start       ] GC(244) Pause Full (Allocation Failure)
[32.752s][info][gc,phases,start] GC(244) Phase 1: Mark live objects
[32.801s][info][gc,phases      ] GC(244) Phase 1: Mark live objects 48.921ms
[32.801s][info][gc,phases,start] GC(244) Phase 2: Compute new object addresses
[32.809s][info][gc,phases      ] GC(244) Phase 2: Compute new object addresses 8.242ms
[32.809s][info][gc,phases,start] GC(244) Phase 3: Adjust pointers
[32.832s][info][gc,phases      ] GC(244) Phase 3: Adjust pointers 22.602ms
[32.832s][info][gc,phases,start] GC(244) Phase 4: Move objects
[32.834s][info][gc,phases      ] GC(244) Phase 4: Move objects 1.726ms
[32.834s][info][gc,heap        ] GC(244) DefNew: 9215K->8478K(9216K)
[32.835s][info][gc,heap        ] GC(244) Tenured: 20479K->20479K(20480K)
[32.835s][info][gc,metaspace   ] GC(244) Metaspace: 55603K->55603K(1099776K)
[32.835s][info][gc             ] GC(244) Pause Full (Allocation Failure) 28M->28M(29M) 83.365ms
[32.835s][info][gc,cpu         ] GC(244) User=0.09s Sys=0.00s Real=0.08s
[32.849s][info][gc,start       ] GC(245) Pause Full (Allocation Failure)
[32.850s][info][gc,phases,start] GC(245) Phase 1: Mark live objects
[32.891s][info][gc,phases      ] GC(245) Phase 1: Mark live objects 40.671ms
[32.891s][info][gc,phases,start] GC(245) Phase 2: Compute new object addresses
[32.900s][info][gc,phases      ] GC(245) Phase 2: Compute new object addresses 8.916ms
[32.900s][info][gc,phases,start] GC(245) Phase 3: Adjust pointers
[32.922s][info][gc,phases      ] GC(245) Phase 3: Adjust pointers 22.409ms
[32.922s][info][gc,phases,start] GC(245) Phase 4: Move objects
[32.924s][info][gc,phases      ] GC(245) Phase 4: Move objects 1.555ms
[32.925s][info][gc,heap        ] GC(245) DefNew: 9205K->8512K(9216K)
[32.925s][info][gc,heap        ] GC(245) Tenured: 20479K->20479K(20480K)
[32.925s][info][gc,metaspace   ] GC(245) Metaspace: 55622K->55622K(1099776K)
[32.925s][info][gc             ] GC(245) Pause Full (Allocation Failure) 28M->28M(29M) 75.552ms
[32.925s][info][gc,cpu         ] GC(245) User=0.08s Sys=0.00s Real=0.08s
[32.940s][info][gc,start       ] GC(246) Pause Full (Allocation Failure)
[32.941s][info][gc,phases,start] GC(246) Phase 1: Mark live objects
[32.987s][info][gc,phases      ] GC(246) Phase 1: Mark live objects 45.741ms
[32.987s][info][gc,phases,start] GC(246) Phase 2: Compute new object addresses
[32.998s][info][gc,phases      ] GC(246) Phase 2: Compute new object addresses 11.210ms
[32.998s][info][gc,phases,start] GC(246) Phase 3: Adjust pointers
[33.027s][info][gc,phases      ] GC(246) Phase 3: Adjust pointers 28.585ms
[33.027s][info][gc,phases,start] GC(246) Phase 4: Move objects
[33.028s][info][gc,phases      ] GC(246) Phase 4: Move objects 1.228ms
[33.029s][info][gc,heap        ] GC(246) DefNew: 9216K->8513K(9216K)
[33.029s][info][gc,heap        ] GC(246) Tenured: 20480K->20480K(20480K)
[33.029s][info][gc,metaspace   ] GC(246) Metaspace: 55633K->55633K(1099776K)
[33.029s][info][gc             ] GC(246) Pause Full (Allocation Failure) 29M->28M(29M) 88.564ms
[33.029s][info][gc,cpu         ] GC(246) User=0.09s Sys=0.00s Real=0.09s
[33.044s][info][gc,start       ] GC(247) Pause Full (Allocation Failure)
[33.045s][info][gc,phases,start] GC(247) Phase 1: Mark live objects
[33.095s][info][gc,phases      ] GC(247) Phase 1: Mark live objects 50.233ms
[33.095s][info][gc,phases,start] GC(247) Phase 2: Compute new object addresses
[33.104s][info][gc,phases      ] GC(247) Phase 2: Compute new object addresses 9.350ms
[33.104s][info][gc,phases,start] GC(247) Phase 3: Adjust pointers
[33.129s][info][gc,phases      ] GC(247) Phase 3: Adjust pointers 25.007ms
[33.129s][info][gc,phases,start] GC(247) Phase 4: Move objects
[33.138s][info][gc,phases      ] GC(247) Phase 4: Move objects 8.693ms
[33.139s][info][gc,heap        ] GC(247) DefNew: 9215K->8530K(9216K)
[33.139s][info][gc,heap        ] GC(247) Tenured: 20480K->20479K(20480K)
[33.139s][info][gc,metaspace   ] GC(247) Metaspace: 55653K->55653K(1099776K)
[33.139s][info][gc             ] GC(247) Pause Full (Allocation Failure) 28M->28M(29M) 95.346ms
[33.139s][info][gc,cpu         ] GC(247) User=0.09s Sys=0.00s Real=0.10s
[33.143s][info][gc,start       ] GC(248) Pause Full (Allocation Failure)
[33.144s][info][gc,phases,start] GC(248) Phase 1: Mark live objects
[33.187s][info][gc,phases      ] GC(248) Phase 1: Mark live objects 42.748ms
[33.187s][info][gc,phases,start] GC(248) Phase 2: Compute new object addresses
[33.195s][info][gc,phases      ] GC(248) Phase 2: Compute new object addresses 8.639ms
[33.195s][info][gc,phases,start] GC(248) Phase 3: Adjust pointers
[33.219s][info][gc,phases      ] GC(248) Phase 3: Adjust pointers 23.362ms
[33.219s][info][gc,phases,start] GC(248) Phase 4: Move objects
[33.220s][info][gc,phases      ] GC(248) Phase 4: Move objects 1.551ms
[33.221s][info][gc,heap        ] GC(248) DefNew: 9215K->8536K(9216K)
[33.221s][info][gc,heap        ] GC(248) Tenured: 20479K->20479K(20480K)
[33.221s][info][gc,metaspace   ] GC(248) Metaspace: 55670K->55670K(1099776K)
[33.221s][info][gc             ] GC(248) Pause Full (Allocation Failure) 28M->28M(29M) 78.382ms
[33.221s][info][gc,cpu         ] GC(248) User=0.08s Sys=0.00s Real=0.08s
[33.232s][info][gc,start       ] GC(249) Pause Full (Allocation Failure)
[33.233s][info][gc,phases,start] GC(249) Phase 1: Mark live objects
[33.274s][info][gc,phases      ] GC(249) Phase 1: Mark live objects 40.943ms
[33.274s][info][gc,phases,start] GC(249) Phase 2: Compute new object addresses
[33.283s][info][gc,phases      ] GC(249) Phase 2: Compute new object addresses 9.605ms
[33.283s][info][gc,phases,start] GC(249) Phase 3: Adjust pointers
[33.325s][info][gc,phases      ] GC(249) Phase 3: Adjust pointers 41.433ms
[33.325s][info][gc,phases,start] GC(249) Phase 4: Move objects
[33.328s][info][gc,phases      ] GC(249) Phase 4: Move objects 2.841ms
[33.329s][info][gc,heap        ] GC(249) DefNew: 9215K->8545K(9216K)
[33.329s][info][gc,heap        ] GC(249) Tenured: 20479K->20479K(20480K)
[33.329s][info][gc,metaspace   ] GC(249) Metaspace: 55723K->55723K(1099776K)
[33.329s][info][gc             ] GC(249) Pause Full (Allocation Failure) 28M->28M(29M) 97.498ms
[33.329s][info][gc,cpu         ] GC(249) User=0.09s Sys=0.00s Real=0.10s
[33.363s][info][gc,start       ] GC(250) Pause Full (Allocation Failure)
[33.364s][info][gc,phases,start] GC(250) Phase 1: Mark live objects
[33.429s][info][gc,phases      ] GC(250) Phase 1: Mark live objects 65.118ms
[33.429s][info][gc,phases,start] GC(250) Phase 2: Compute new object addresses
[33.439s][info][gc,phases      ] GC(250) Phase 2: Compute new object addresses 10.327ms
[33.439s][info][gc,phases,start] GC(250) Phase 3: Adjust pointers
[33.469s][info][gc,phases      ] GC(250) Phase 3: Adjust pointers 29.128ms
[33.469s][info][gc,phases,start] GC(250) Phase 4: Move objects
[33.470s][info][gc,phases      ] GC(250) Phase 4: Move objects 0.899ms
[33.470s][info][gc,heap        ] GC(250) DefNew: 9215K->8545K(9216K)
[33.470s][info][gc,heap        ] GC(250) Tenured: 20480K->20480K(20480K)
[33.470s][info][gc,metaspace   ] GC(250) Metaspace: 55727K->55727K(1099776K)
[33.471s][info][gc             ] GC(250) Pause Full (Allocation Failure) 28M->28M(29M) 107.649ms
[33.471s][info][gc,cpu         ] GC(250) User=0.08s Sys=0.00s Real=0.11s
[33.487s][info][gc,start       ] GC(251) Pause Full (Allocation Failure)
[33.488s][info][gc,phases,start] GC(251) Phase 1: Mark live objects
[33.544s][info][gc,phases      ] GC(251) Phase 1: Mark live objects 55.895ms
[33.544s][info][gc,phases,start] GC(251) Phase 2: Compute new object addresses
[33.554s][info][gc,phases      ] GC(251) Phase 2: Compute new object addresses 9.531ms
[33.554s][info][gc,phases,start] GC(251) Phase 3: Adjust pointers
[33.580s][info][gc,phases      ] GC(251) Phase 3: Adjust pointers 26.433ms
[33.580s][info][gc,phases,start] GC(251) Phase 4: Move objects
[33.589s][info][gc,phases      ] GC(251) Phase 4: Move objects 8.561ms
[33.590s][info][gc,heap        ] GC(251) DefNew: 9215K->8558K(9216K)
[33.590s][info][gc,heap        ] GC(251) Tenured: 20480K->20480K(20480K)
[33.590s][info][gc,metaspace   ] GC(251) Metaspace: 55733K->55733K(1099776K)
[33.590s][info][gc             ] GC(251) Pause Full (Allocation Failure) 28M->28M(29M) 102.865ms
[33.590s][info][gc,cpu         ] GC(251) User=0.11s Sys=0.00s Real=0.10s
[33.601s][info][gc,start       ] GC(252) Pause Full (Allocation Failure)
[33.601s][info][gc,phases,start] GC(252) Phase 1: Mark live objects
[33.645s][info][gc,phases      ] GC(252) Phase 1: Mark live objects 43.367ms
[33.645s][info][gc,phases,start] GC(252) Phase 2: Compute new object addresses
[33.655s][info][gc,phases      ] GC(252) Phase 2: Compute new object addresses 10.552ms
[33.655s][info][gc,phases,start] GC(252) Phase 3: Adjust pointers
[33.686s][info][gc,phases      ] GC(252) Phase 3: Adjust pointers 30.334ms
[33.686s][info][gc,phases,start] GC(252) Phase 4: Move objects
[33.687s][info][gc,phases      ] GC(252) Phase 4: Move objects 0.934ms
[33.688s][info][gc,heap        ] GC(252) DefNew: 9215K->8581K(9216K)
[33.688s][info][gc,heap        ] GC(252) Tenured: 20480K->20480K(20480K)
[33.688s][info][gc,metaspace   ] GC(252) Metaspace: 55736K->55736K(1099776K)
[33.688s][info][gc             ] GC(252) Pause Full (Allocation Failure) 28M->28M(29M) 87.665ms
[33.688s][info][gc,cpu         ] GC(252) User=0.08s Sys=0.00s Real=0.09s
[33.697s][info][gc,start       ] GC(253) Pause Full (Allocation Failure)
[33.697s][info][gc,phases,start] GC(253) Phase 1: Mark live objects
[33.742s][info][gc,phases      ] GC(253) Phase 1: Mark live objects 44.426ms
[33.742s][info][gc,phases,start] GC(253) Phase 2: Compute new object addresses
[33.752s][info][gc,phases      ] GC(253) Phase 2: Compute new object addresses 10.012ms
[33.752s][info][gc,phases,start] GC(253) Phase 3: Adjust pointers
[33.779s][info][gc,phases      ] GC(253) Phase 3: Adjust pointers 26.861ms
[33.779s][info][gc,phases,start] GC(253) Phase 4: Move objects
[33.781s][info][gc,phases      ] GC(253) Phase 4: Move objects 2.272ms
[33.782s][info][gc,heap        ] GC(253) DefNew: 9215K->8604K(9216K)
[33.782s][info][gc,heap        ] GC(253) Tenured: 20480K->20480K(20480K)
[33.782s][info][gc,metaspace   ] GC(253) Metaspace: 55756K->55756K(1099776K)
[33.782s][info][gc             ] GC(253) Pause Full (Allocation Failure) 28M->28M(29M) 85.650ms
[33.782s][info][gc,cpu         ] GC(253) User=0.08s Sys=0.00s Real=0.09s
[33.791s][info][gc,start       ] GC(254) Pause Full (Allocation Failure)
[33.792s][info][gc,phases,start] GC(254) Phase 1: Mark live objects
[33.861s][info][gc,phases      ] GC(254) Phase 1: Mark live objects 69.463ms
[33.861s][info][gc,phases,start] GC(254) Phase 2: Compute new object addresses
[33.874s][info][gc,phases      ] GC(254) Phase 2: Compute new object addresses 12.490ms
[33.874s][info][gc,phases,start] GC(254) Phase 3: Adjust pointers
[33.905s][info][gc,phases      ] GC(254) Phase 3: Adjust pointers 31.085ms
[33.905s][info][gc,phases,start] GC(254) Phase 4: Move objects
[33.906s][info][gc,phases      ] GC(254) Phase 4: Move objects 1.288ms
[33.908s][info][gc,heap        ] GC(254) DefNew: 9215K->8632K(9216K)
[33.908s][info][gc,heap        ] GC(254) Tenured: 20480K->20480K(20480K)
[33.908s][info][gc,metaspace   ] GC(254) Metaspace: 55759K->55759K(1099776K)
[33.908s][info][gc             ] GC(254) Pause Full (Allocation Failure) 28M->28M(29M) 116.516ms
[33.908s][info][gc,cpu         ] GC(254) User=0.11s Sys=0.00s Real=0.12s
[33.920s][info][gc,start       ] GC(255) Pause Full (Allocation Failure)
[33.920s][info][gc,phases,start] GC(255) Phase 1: Mark live objects
[33.963s][info][gc,phases      ] GC(255) Phase 1: Mark live objects 42.654ms
[33.963s][info][gc,phases,start] GC(255) Phase 2: Compute new object addresses
[33.973s][info][gc,phases      ] GC(255) Phase 2: Compute new object addresses 9.280ms
[33.973s][info][gc,phases,start] GC(255) Phase 3: Adjust pointers
[33.998s][info][gc,phases      ] GC(255) Phase 3: Adjust pointers 25.287ms
[33.998s][info][gc,phases,start] GC(255) Phase 4: Move objects
[34.005s][info][gc,phases      ] GC(255) Phase 4: Move objects 6.801ms
[34.006s][info][gc,heap        ] GC(255) DefNew: 9215K->8647K(9216K)
[34.006s][info][gc,heap        ] GC(255) Tenured: 20480K->20479K(20480K)
[34.006s][info][gc,metaspace   ] GC(255) Metaspace: 55776K->55776K(1099776K)
[34.006s][info][gc             ] GC(255) Pause Full (Allocation Failure) 28M->28M(29M) 86.665ms
[34.006s][info][gc,cpu         ] GC(255) User=0.09s Sys=0.00s Real=0.09s
[34.015s][info][gc,start       ] GC(256) Pause Full (Allocation Failure)
[34.015s][info][gc,phases,start] GC(256) Phase 1: Mark live objects
[34.056s][info][gc,phases      ] GC(256) Phase 1: Mark live objects 40.598ms
[34.056s][info][gc,phases,start] GC(256) Phase 2: Compute new object addresses
[34.065s][info][gc,phases      ] GC(256) Phase 2: Compute new object addresses 8.528ms
[34.065s][info][gc,phases,start] GC(256) Phase 3: Adjust pointers
[34.087s][info][gc,phases      ] GC(256) Phase 3: Adjust pointers 22.333ms
[34.087s][info][gc,phases,start] GC(256) Phase 4: Move objects
[34.088s][info][gc,phases      ] GC(256) Phase 4: Move objects 0.921ms
[34.089s][info][gc,heap        ] GC(256) DefNew: 9215K->8673K(9216K)
[34.089s][info][gc,heap        ] GC(256) Tenured: 20479K->20479K(20480K)
[34.089s][info][gc,metaspace   ] GC(256) Metaspace: 55782K->55782K(1099776K)
[34.089s][info][gc             ] GC(256) Pause Full (Allocation Failure) 28M->28M(29M) 74.265ms
[34.089s][info][gc,cpu         ] GC(256) User=0.08s Sys=0.00s Real=0.07s
[34.096s][info][gc,start       ] GC(257) Pause Full (Allocation Failure)
[34.096s][info][gc,phases,start] GC(257) Phase 1: Mark live objects
[34.136s][info][gc,phases      ] GC(257) Phase 1: Mark live objects 39.441ms
[34.136s][info][gc,phases,start] GC(257) Phase 2: Compute new object addresses
[34.145s][info][gc,phases      ] GC(257) Phase 2: Compute new object addresses 9.163ms
[34.145s][info][gc,phases,start] GC(257) Phase 3: Adjust pointers
[34.168s][info][gc,phases      ] GC(257) Phase 3: Adjust pointers 22.744ms
[34.168s][info][gc,phases,start] GC(257) Phase 4: Move objects
[34.169s][info][gc,phases      ] GC(257) Phase 4: Move objects 0.961ms
[34.170s][info][gc,heap        ] GC(257) DefNew: 9216K->8690K(9216K)
[34.170s][info][gc,heap        ] GC(257) Tenured: 20479K->20479K(20480K)
[34.170s][info][gc,metaspace   ] GC(257) Metaspace: 55786K->55786K(1099776K)
[34.170s][info][gc             ] GC(257) Pause Full (Allocation Failure) 28M->28M(29M) 74.228ms
[34.170s][info][gc,cpu         ] GC(257) User=0.08s Sys=0.00s Real=0.07s
[34.180s][info][gc,start       ] GC(258) Pause Full (Allocation Failure)
[34.181s][info][gc,phases,start] GC(258) Phase 1: Mark live objects
[34.227s][info][gc,phases      ] GC(258) Phase 1: Mark live objects 46.230ms
[34.228s][info][gc,phases,start] GC(258) Phase 2: Compute new object addresses
[34.238s][info][gc,phases      ] GC(258) Phase 2: Compute new object addresses 10.129ms
[34.238s][info][gc,phases,start] GC(258) Phase 3: Adjust pointers
[34.262s][info][gc,phases      ] GC(258) Phase 3: Adjust pointers 24.634ms
[34.262s][info][gc,phases,start] GC(258) Phase 4: Move objects
[34.263s][info][gc,phases      ] GC(258) Phase 4: Move objects 0.934ms
[34.264s][info][gc,heap        ] GC(258) DefNew: 9215K->8706K(9216K)
[34.265s][info][gc,heap        ] GC(258) Tenured: 20479K->20479K(20480K)
[34.265s][info][gc,metaspace   ] GC(258) Metaspace: 55790K->55790K(1099776K)
[34.265s][info][gc             ] GC(258) Pause Full (Allocation Failure) 28M->28M(29M) 84.275ms
[34.265s][info][gc,cpu         ] GC(258) User=0.08s Sys=0.00s Real=0.09s
[34.273s][info][gc,start       ] GC(259) Pause Full (Allocation Failure)
[34.274s][info][gc,phases,start] GC(259) Phase 1: Mark live objects
[34.318s][info][gc,phases      ] GC(259) Phase 1: Mark live objects 44.515ms
[34.318s][info][gc,phases,start] GC(259) Phase 2: Compute new object addresses
[34.327s][info][gc,phases      ] GC(259) Phase 2: Compute new object addresses 8.946ms
[34.327s][info][gc,phases,start] GC(259) Phase 3: Adjust pointers
[34.352s][info][gc,phases      ] GC(259) Phase 3: Adjust pointers 24.953ms
[34.352s][info][gc,phases,start] GC(259) Phase 4: Move objects
[34.362s][info][gc,phases      ] GC(259) Phase 4: Move objects 9.540ms
[34.363s][info][gc,heap        ] GC(259) DefNew: 9216K->8719K(9216K)
[34.363s][info][gc,heap        ] GC(259) Tenured: 20479K->20480K(20480K)
[34.363s][info][gc,metaspace   ] GC(259) Metaspace: 55794K->55794K(1099776K)
[34.363s][info][gc             ] GC(259) Pause Full (Allocation Failure) 28M->28M(29M) 89.822ms
[34.363s][info][gc,cpu         ] GC(259) User=0.08s Sys=0.00s Real=0.09s
[34.372s][info][gc,start       ] GC(260) Pause Full (Allocation Failure)
[34.373s][info][gc,phases,start] GC(260) Phase 1: Mark live objects
[34.415s][info][gc,phases      ] GC(260) Phase 1: Mark live objects 42.340ms
[34.415s][info][gc,phases,start] GC(260) Phase 2: Compute new object addresses
[34.424s][info][gc,phases      ] GC(260) Phase 2: Compute new object addresses 8.694ms
[34.424s][info][gc,phases,start] GC(260) Phase 3: Adjust pointers
[34.448s][info][gc,phases      ] GC(260) Phase 3: Adjust pointers 23.804ms
[34.448s][info][gc,phases,start] GC(260) Phase 4: Move objects
[34.450s][info][gc,phases      ] GC(260) Phase 4: Move objects 2.512ms
[34.451s][info][gc,heap        ] GC(260) DefNew: 9215K->8727K(9216K)
[34.451s][info][gc,heap        ] GC(260) Tenured: 20480K->20480K(20480K)
[34.451s][info][gc,metaspace   ] GC(260) Metaspace: 55799K->55799K(1099776K)
[34.451s][info][gc             ] GC(260) Pause Full (Allocation Failure) 28M->28M(29M) 79.179ms
[34.451s][info][gc,cpu         ] GC(260) User=0.08s Sys=0.00s Real=0.08s
[34.459s][info][gc,start       ] GC(261) Pause Full (Allocation Failure)
[34.460s][info][gc,phases,start] GC(261) Phase 1: Mark live objects
[34.521s][info][gc,phases      ] GC(261) Phase 1: Mark live objects 61.480ms
[34.521s][info][gc,phases,start] GC(261) Phase 2: Compute new object addresses
[34.530s][info][gc,phases      ] GC(261) Phase 2: Compute new object addresses 8.559ms
[34.530s][info][gc,phases,start] GC(261) Phase 3: Adjust pointers
[34.554s][info][gc,phases      ] GC(261) Phase 3: Adjust pointers 23.718ms
[34.554s][info][gc,phases,start] GC(261) Phase 4: Move objects
[34.555s][info][gc,phases      ] GC(261) Phase 4: Move objects 1.170ms
[34.556s][info][gc,heap        ] GC(261) DefNew: 9215K->8786K(9216K)
[34.556s][info][gc,heap        ] GC(261) Tenured: 20480K->20480K(20480K)
[34.557s][info][gc,metaspace   ] GC(261) Metaspace: 55807K->55807K(1099776K)
[34.557s][info][gc             ] GC(261) Pause Full (Allocation Failure) 28M->28M(29M) 97.664ms
[34.557s][info][gc,cpu         ] GC(261) User=0.06s Sys=0.02s Real=0.10s
[34.567s][info][gc,start       ] GC(262) Pause Full (Allocation Failure)
[34.568s][info][gc,phases,start] GC(262) Phase 1: Mark live objects
[34.609s][info][gc,phases      ] GC(262) Phase 1: Mark live objects 41.489ms
[34.609s][info][gc,phases,start] GC(262) Phase 2: Compute new object addresses
[34.618s][info][gc,phases      ] GC(262) Phase 2: Compute new object addresses 8.745ms
[34.618s][info][gc,phases,start] GC(262) Phase 3: Adjust pointers
[34.641s][info][gc,phases      ] GC(262) Phase 3: Adjust pointers 23.216ms
[34.642s][info][gc,phases,start] GC(262) Phase 4: Move objects
[34.644s][info][gc,phases      ] GC(262) Phase 4: Move objects 2.441ms
[34.645s][info][gc,heap        ] GC(262) DefNew: 9215K->8801K(9216K)
[34.645s][info][gc,heap        ] GC(262) Tenured: 20480K->20480K(20480K)
[34.645s][info][gc,metaspace   ] GC(262) Metaspace: 55817K->55817K(1099776K)
[34.645s][info][gc             ] GC(262) Pause Full (Allocation Failure) 28M->28M(29M) 77.862ms
[34.645s][info][gc,cpu         ] GC(262) User=0.08s Sys=0.00s Real=0.08s
[34.649s][info][gc,start       ] GC(263) Pause Full (Allocation Failure)
[34.650s][info][gc,phases,start] GC(263) Phase 1: Mark live objects
[34.692s][info][gc,phases      ] GC(263) Phase 1: Mark live objects 41.586ms
[34.692s][info][gc,phases,start] GC(263) Phase 2: Compute new object addresses
[34.701s][info][gc,phases      ] GC(263) Phase 2: Compute new object addresses 8.898ms
[34.701s][info][gc,phases,start] GC(263) Phase 3: Adjust pointers
[34.726s][info][gc,phases      ] GC(263) Phase 3: Adjust pointers 25.222ms
[34.726s][info][gc,phases,start] GC(263) Phase 4: Move objects
[34.733s][info][gc,phases      ] GC(263) Phase 4: Move objects 6.966ms
[34.734s][info][gc,heap        ] GC(263) DefNew: 9215K->8804K(9216K)
[34.734s][info][gc,heap        ] GC(263) Tenured: 20480K->20479K(20480K)
[34.734s][info][gc,metaspace   ] GC(263) Metaspace: 55817K->55817K(1099776K)
[34.734s][info][gc             ] GC(263) Pause Full (Allocation Failure) 28M->28M(29M) 84.699ms
[34.734s][info][gc,cpu         ] GC(263) User=0.08s Sys=0.00s Real=0.08s
[34.737s][info][gc,start       ] GC(264) Pause Full (Allocation Failure)
[34.738s][info][gc,phases,start] GC(264) Phase 1: Mark live objects
[34.780s][info][gc,phases      ] GC(264) Phase 1: Mark live objects 42.016ms
[34.780s][info][gc,phases,start] GC(264) Phase 2: Compute new object addresses
[34.789s][info][gc,phases      ] GC(264) Phase 2: Compute new object addresses 8.544ms
[34.789s][info][gc,phases,start] GC(264) Phase 3: Adjust pointers
[34.814s][info][gc,phases      ] GC(264) Phase 3: Adjust pointers 25.206ms
[34.814s][info][gc,phases,start] GC(264) Phase 4: Move objects
[34.818s][info][gc,phases      ] GC(264) Phase 4: Move objects 3.429ms
[34.818s][info][gc,heap        ] GC(264) DefNew: 9215K->8809K(9216K)
[34.818s][info][gc,heap        ] GC(264) Tenured: 20479K->20479K(20480K)
[34.819s][info][gc,metaspace   ] GC(264) Metaspace: 55817K->55817K(1099776K)
[34.819s][info][gc             ] GC(264) Pause Full (Allocation Failure) 28M->28M(29M) 81.066ms
[34.819s][info][gc,cpu         ] GC(264) User=0.09s Sys=0.00s Real=0.08s
[34.823s][info][gc,start       ] GC(265) Pause Full (Allocation Failure)
[34.824s][info][gc,phases,start] GC(265) Phase 1: Mark live objects
[34.870s][info][gc,phases      ] GC(265) Phase 1: Mark live objects 46.093ms
[34.871s][info][gc,phases,start] GC(265) Phase 2: Compute new object addresses
[34.880s][info][gc,phases      ] GC(265) Phase 2: Compute new object addresses 9.164ms
[34.880s][info][gc,phases,start] GC(265) Phase 3: Adjust pointers
[34.903s][info][gc,phases      ] GC(265) Phase 3: Adjust pointers 23.249ms
[34.903s][info][gc,phases,start] GC(265) Phase 4: Move objects
[34.903s][info][gc,phases      ] GC(265) Phase 4: Move objects 0.431ms
[34.904s][info][gc,heap        ] GC(265) DefNew: 9215K->8803K(9216K)
[34.904s][info][gc,heap        ] GC(265) Tenured: 20479K->20479K(20480K)
[34.904s][info][gc,metaspace   ] GC(265) Metaspace: 55817K->55817K(1099776K)
[34.904s][info][gc             ] GC(265) Pause Full (Allocation Failure) 28M->28M(29M) 81.480ms
[34.904s][info][gc,cpu         ] GC(265) User=0.08s Sys=0.00s Real=0.08s
[34.914s][info][gc,start       ] GC(266) Pause Full (Allocation Failure)
[34.915s][info][gc,phases,start] GC(266) Phase 1: Mark live objects
[34.957s][info][gc,phases      ] GC(266) Phase 1: Mark live objects 41.951ms
[34.957s][info][gc,phases,start] GC(266) Phase 2: Compute new object addresses
[34.966s][info][gc,phases      ] GC(266) Phase 2: Compute new object addresses 8.923ms
[34.966s][info][gc,phases,start] GC(266) Phase 3: Adjust pointers
[34.989s][info][gc,phases      ] GC(266) Phase 3: Adjust pointers 23.244ms
[34.989s][info][gc,phases,start] GC(266) Phase 4: Move objects
[34.991s][info][gc,phases      ] GC(266) Phase 4: Move objects 1.399ms
[34.991s][info][gc,heap        ] GC(266) DefNew: 9215K->8833K(9216K)
[34.992s][info][gc,heap        ] GC(266) Tenured: 20479K->20479K(20480K)
[34.992s][info][gc,metaspace   ] GC(266) Metaspace: 55817K->55817K(1099776K)
[34.992s][info][gc             ] GC(266) Pause Full (Allocation Failure) 28M->28M(29M) 77.402ms
[34.992s][info][gc,cpu         ] GC(266) User=0.08s Sys=0.00s Real=0.08s
[34.998s][info][gc,start       ] GC(267) Pause Full (Allocation Failure)
[34.998s][info][gc,phases,start] GC(267) Phase 1: Mark live objects
[35.044s][info][gc,phases      ] GC(267) Phase 1: Mark live objects 45.661ms
[35.044s][info][gc,phases,start] GC(267) Phase 2: Compute new object addresses
[35.053s][info][gc,phases      ] GC(267) Phase 2: Compute new object addresses 8.452ms
[35.053s][info][gc,phases,start] GC(267) Phase 3: Adjust pointers
[35.076s][info][gc,phases      ] GC(267) Phase 3: Adjust pointers 23.372ms
[35.076s][info][gc,phases,start] GC(267) Phase 4: Move objects
[35.083s][info][gc,phases      ] GC(267) Phase 4: Move objects 6.611ms
[35.083s][info][gc,heap        ] GC(267) DefNew: 9215K->8891K(9216K)
[35.083s][info][gc,heap        ] GC(267) Tenured: 20479K->20479K(20480K)
[35.084s][info][gc,metaspace   ] GC(267) Metaspace: 55818K->55818K(1099776K)
[35.084s][info][gc             ] GC(267) Pause Full (Allocation Failure) 28M->28M(29M) 85.995ms
[35.084s][info][gc,cpu         ] GC(267) User=0.06s Sys=0.02s Real=0.09s
[35.087s][info][gc,start       ] GC(268) Pause Full (Allocation Failure)
[35.088s][info][gc,phases,start] GC(268) Phase 1: Mark live objects
[35.128s][info][gc,phases      ] GC(268) Phase 1: Mark live objects 40.036ms
[35.128s][info][gc,phases,start] GC(268) Phase 2: Compute new object addresses
[35.137s][info][gc,phases      ] GC(268) Phase 2: Compute new object addresses 9.059ms
[35.137s][info][gc,phases,start] GC(268) Phase 3: Adjust pointers
[35.160s][info][gc,phases      ] GC(268) Phase 3: Adjust pointers 23.038ms
[35.160s][info][gc,phases,start] GC(268) Phase 4: Move objects
[35.162s][info][gc,phases      ] GC(268) Phase 4: Move objects 1.283ms
[35.163s][info][gc,heap        ] GC(268) DefNew: 9215K->8915K(9216K)
[35.163s][info][gc,heap        ] GC(268) Tenured: 20479K->20479K(20480K)
[35.163s][info][gc,metaspace   ] GC(268) Metaspace: 55833K->55833K(1099776K)
[35.163s][info][gc             ] GC(268) Pause Full (Allocation Failure) 28M->28M(29M) 75.655ms
[35.163s][info][gc,cpu         ] GC(268) User=0.08s Sys=0.00s Real=0.08s
[35.167s][info][gc,start       ] GC(269) Pause Full (Allocation Failure)
[35.167s][info][gc,phases,start] GC(269) Phase 1: Mark live objects
[35.207s][info][gc,phases      ] GC(269) Phase 1: Mark live objects 39.494ms
[35.207s][info][gc,phases,start] GC(269) Phase 2: Compute new object addresses
[35.216s][info][gc,phases      ] GC(269) Phase 2: Compute new object addresses 8.529ms
[35.216s][info][gc,phases,start] GC(269) Phase 3: Adjust pointers
[35.238s][info][gc,phases      ] GC(269) Phase 3: Adjust pointers 22.210ms
[35.238s][info][gc,phases,start] GC(269) Phase 4: Move objects
[35.239s][info][gc,phases      ] GC(269) Phase 4: Move objects 1.243ms
[35.240s][info][gc,heap        ] GC(269) DefNew: 9216K->8863K(9216K)
[35.240s][info][gc,heap        ] GC(269) Tenured: 20479K->20479K(20480K)
[35.240s][info][gc,metaspace   ] GC(269) Metaspace: 55833K->55833K(1099776K)
[35.240s][info][gc             ] GC(269) Pause Full (Allocation Failure) 28M->28M(29M) 73.333ms
[35.240s][info][gc,cpu         ] GC(269) User=0.06s Sys=0.00s Real=0.07s
[35.246s][info][gc,start       ] GC(270) Pause Full (Allocation Failure)
[35.247s][info][gc,phases,start] GC(270) Phase 1: Mark live objects
[35.286s][info][gc,phases      ] GC(270) Phase 1: Mark live objects 39.577ms
[35.286s][info][gc,phases,start] GC(270) Phase 2: Compute new object addresses
[35.295s][info][gc,phases      ] GC(270) Phase 2: Compute new object addresses 8.630ms
[35.295s][info][gc,phases,start] GC(270) Phase 3: Adjust pointers
[35.318s][info][gc,phases      ] GC(270) Phase 3: Adjust pointers 22.850ms
[35.318s][info][gc,phases,start] GC(270) Phase 4: Move objects
[35.321s][info][gc,phases      ] GC(270) Phase 4: Move objects 2.580ms
[35.321s][info][gc,heap        ] GC(270) DefNew: 9215K->8878K(9216K)
[35.321s][info][gc,heap        ] GC(270) Tenured: 20479K->20479K(20480K)
[35.321s][info][gc,metaspace   ] GC(270) Metaspace: 55833K->55833K(1099776K)
[35.321s][info][gc             ] GC(270) Pause Full (Allocation Failure) 28M->28M(29M) 75.393ms
[35.322s][info][gc,cpu         ] GC(270) User=0.08s Sys=0.00s Real=0.08s
[35.328s][info][gc,start       ] GC(271) Pause Full (Allocation Failure)
[35.329s][info][gc,phases,start] GC(271) Phase 1: Mark live objects
[35.369s][info][gc,phases      ] GC(271) Phase 1: Mark live objects 39.534ms
[35.369s][info][gc,phases,start] GC(271) Phase 2: Compute new object addresses
[35.377s][info][gc,phases      ] GC(271) Phase 2: Compute new object addresses 8.438ms
[35.377s][info][gc,phases,start] GC(271) Phase 3: Adjust pointers
[35.401s][info][gc,phases      ] GC(271) Phase 3: Adjust pointers 23.860ms
[35.401s][info][gc,phases,start] GC(271) Phase 4: Move objects
[35.410s][info][gc,phases      ] GC(271) Phase 4: Move objects 9.389ms
[35.411s][info][gc,heap        ] GC(271) DefNew: 9215K->8911K(9216K)
[35.411s][info][gc,heap        ] GC(271) Tenured: 20479K->20479K(20480K)
[35.411s][info][gc,metaspace   ] GC(271) Metaspace: 55836K->55836K(1099776K)
[35.411s][info][gc             ] GC(271) Pause Full (Allocation Failure) 28M->28M(29M) 83.143ms
[35.412s][info][gc,cpu         ] GC(271) User=0.08s Sys=0.00s Real=0.08s
[35.416s][info][gc,start       ] GC(272) Pause Full (Allocation Failure)
[35.417s][info][gc,phases,start] GC(272) Phase 1: Mark live objects
[35.456s][info][gc,phases      ] GC(272) Phase 1: Mark live objects 39.027ms
[35.456s][info][gc,phases,start] GC(272) Phase 2: Compute new object addresses
[35.465s][info][gc,phases      ] GC(272) Phase 2: Compute new object addresses 8.579ms
[35.465s][info][gc,phases,start] GC(272) Phase 3: Adjust pointers
[35.488s][info][gc,phases      ] GC(272) Phase 3: Adjust pointers 23.554ms
[35.488s][info][gc,phases,start] GC(272) Phase 4: Move objects
[35.490s][info][gc,phases      ] GC(272) Phase 4: Move objects 1.352ms
[35.491s][info][gc,heap        ] GC(272) DefNew: 9215K->9000K(9216K)
[35.491s][info][gc,heap        ] GC(272) Tenured: 20479K->20479K(20480K)
[35.491s][info][gc,metaspace   ] GC(272) Metaspace: 55837K->55837K(1099776K)
[35.491s][info][gc             ] GC(272) Pause Full (Allocation Failure) 28M->28M(29M) 74.334ms
[35.491s][info][gc,cpu         ] GC(272) User=0.08s Sys=0.00s Real=0.07s
[35.494s][info][gc,start       ] GC(273) Pause Full (Allocation Failure)
[35.495s][info][gc,phases,start] GC(273) Phase 1: Mark live objects
[35.536s][info][gc,phases      ] GC(273) Phase 1: Mark live objects 41.186ms
[35.536s][info][gc,phases,start] GC(273) Phase 2: Compute new object addresses
[35.544s][info][gc,phases      ] GC(273) Phase 2: Compute new object addresses 8.500ms
[35.545s][info][gc,phases,start] GC(273) Phase 3: Adjust pointers
[35.569s][info][gc,phases      ] GC(273) Phase 3: Adjust pointers 24.812ms
[35.569s][info][gc,phases,start] GC(273) Phase 4: Move objects
[35.571s][info][gc,phases      ] GC(273) Phase 4: Move objects 1.296ms
[35.572s][info][gc,heap        ] GC(273) DefNew: 9215K->9010K(9216K)
[35.572s][info][gc,heap        ] GC(273) Tenured: 20479K->20479K(20480K)
[35.572s][info][gc,metaspace   ] GC(273) Metaspace: 55837K->55837K(1099776K)
[35.572s][info][gc             ] GC(273) Pause Full (Allocation Failure) 28M->28M(29M) 77.960ms
[35.572s][info][gc,cpu         ] GC(273) User=0.08s Sys=0.00s Real=0.08s
[35.574s][info][gc,start       ] GC(274) Pause Full (Allocation Failure)
[35.575s][info][gc,phases,start] GC(274) Phase 1: Mark live objects
[35.614s][info][gc,phases      ] GC(274) Phase 1: Mark live objects 39.879ms
[35.615s][info][gc,phases,start] GC(274) Phase 2: Compute new object addresses
[35.623s][info][gc,phases      ] GC(274) Phase 2: Compute new object addresses 8.387ms
[35.623s][info][gc,phases,start] GC(274) Phase 3: Adjust pointers
[35.645s][info][gc,phases      ] GC(274) Phase 3: Adjust pointers 22.124ms
[35.645s][info][gc,phases,start] GC(274) Phase 4: Move objects
[35.646s][info][gc,phases      ] GC(274) Phase 4: Move objects 0.349ms
[35.646s][info][gc,heap        ] GC(274) DefNew: 9215K->9036K(9216K)
[35.646s][info][gc,heap        ] GC(274) Tenured: 20479K->20479K(20480K)
[35.647s][info][gc,metaspace   ] GC(274) Metaspace: 55841K->55841K(1099776K)
[35.647s][info][gc             ] GC(274) Pause Full (Allocation Failure) 28M->28M(29M) 72.710ms
[35.647s][info][gc,cpu         ] GC(274) User=0.08s Sys=0.00s Real=0.07s
[35.649s][info][gc,start       ] GC(275) Pause Full (Allocation Failure)
[35.650s][info][gc,phases,start] GC(275) Phase 1: Mark live objects
[35.690s][info][gc,phases      ] GC(275) Phase 1: Mark live objects 40.538ms
[35.690s][info][gc,phases,start] GC(275) Phase 2: Compute new object addresses
[35.699s][info][gc,phases      ] GC(275) Phase 2: Compute new object addresses 8.584ms
[35.699s][info][gc,phases,start] GC(275) Phase 3: Adjust pointers
[35.722s][info][gc,phases      ] GC(275) Phase 3: Adjust pointers 23.206ms
[35.722s][info][gc,phases,start] GC(275) Phase 4: Move objects
[35.727s][info][gc,phases      ] GC(275) Phase 4: Move objects 5.222ms
[35.728s][info][gc,heap        ] GC(275) DefNew: 9215K->8989K(9216K)
[35.728s][info][gc,heap        ] GC(275) Tenured: 20479K->20479K(20480K)
[35.728s][info][gc,metaspace   ] GC(275) Metaspace: 55849K->55849K(1099776K)
[35.728s][info][gc             ] GC(275) Pause Full (Allocation Failure) 28M->28M(29M) 79.382ms
[35.728s][info][gc,cpu         ] GC(275) User=0.08s Sys=0.00s Real=0.08s
[35.731s][info][gc,start       ] GC(276) Pause Full (Allocation Failure)
[35.732s][info][gc,phases,start] GC(276) Phase 1: Mark live objects
[35.771s][info][gc,phases      ] GC(276) Phase 1: Mark live objects 38.631ms
[35.771s][info][gc,phases,start] GC(276) Phase 2: Compute new object addresses
[35.779s][info][gc,phases      ] GC(276) Phase 2: Compute new object addresses 8.386ms
[35.779s][info][gc,phases,start] GC(276) Phase 3: Adjust pointers
[35.801s][info][gc,phases      ] GC(276) Phase 3: Adjust pointers 21.894ms
[35.801s][info][gc,phases,start] GC(276) Phase 4: Move objects
[35.801s][info][gc,phases      ] GC(276) Phase 4: Move objects 0.162ms
[35.802s][info][gc,heap        ] GC(276) DefNew: 9215K->8988K(9216K)
[35.802s][info][gc,heap        ] GC(276) Tenured: 20479K->20479K(20480K)
[35.802s][info][gc,metaspace   ] GC(276) Metaspace: 55849K->55849K(1099776K)
[35.802s][info][gc             ] GC(276) Pause Full (Allocation Failure) 28M->28M(29M) 70.950ms
[35.802s][info][gc,cpu         ] GC(276) User=0.06s Sys=0.00s Real=0.07s
[35.806s][info][gc,start       ] GC(277) Pause Full (Allocation Failure)
[35.807s][info][gc,phases,start] GC(277) Phase 1: Mark live objects
[35.846s][info][gc,phases      ] GC(277) Phase 1: Mark live objects 39.253ms
[35.846s][info][gc,phases,start] GC(277) Phase 2: Compute new object addresses
[35.854s][info][gc,phases      ] GC(277) Phase 2: Compute new object addresses 8.479ms
[35.854s][info][gc,phases,start] GC(277) Phase 3: Adjust pointers
[35.877s][info][gc,phases      ] GC(277) Phase 3: Adjust pointers 22.967ms
[35.877s][info][gc,phases,start] GC(277) Phase 4: Move objects
[35.880s][info][gc,phases      ] GC(277) Phase 4: Move objects 2.673ms
[35.881s][info][gc,heap        ] GC(277) DefNew: 9215K->8995K(9216K)
[35.881s][info][gc,heap        ] GC(277) Tenured: 20479K->20479K(20480K)
[35.881s][info][gc,metaspace   ] GC(277) Metaspace: 55851K->55851K(1099776K)
[35.881s][info][gc             ] GC(277) Pause Full (Allocation Failure) 28M->28M(29M) 75.310ms
[35.881s][info][gc,cpu         ] GC(277) User=0.08s Sys=0.00s Real=0.08s
[35.886s][info][gc,start       ] GC(278) Pause Full (Allocation Failure)
[35.886s][info][gc,phases,start] GC(278) Phase 1: Mark live objects
[35.927s][info][gc,phases      ] GC(278) Phase 1: Mark live objects 40.265ms
[35.927s][info][gc,phases,start] GC(278) Phase 2: Compute new object addresses
[35.936s][info][gc,phases      ] GC(278) Phase 2: Compute new object addresses 8.890ms
[35.936s][info][gc,phases,start] GC(278) Phase 3: Adjust pointers
[35.959s][info][gc,phases      ] GC(278) Phase 3: Adjust pointers 23.837ms
[35.959s][info][gc,phases,start] GC(278) Phase 4: Move objects
[35.961s][info][gc,phases      ] GC(278) Phase 4: Move objects 1.187ms
[35.962s][info][gc,heap        ] GC(278) DefNew: 9215K->9002K(9216K)
[35.962s][info][gc,heap        ] GC(278) Tenured: 20479K->20479K(20480K)
[35.962s][info][gc,metaspace   ] GC(278) Metaspace: 55851K->55851K(1099776K)
[35.962s][info][gc             ] GC(278) Pause Full (Allocation Failure) 28M->28M(29M) 76.094ms
[35.962s][info][gc,cpu         ] GC(278) User=0.08s Sys=0.00s Real=0.08s
[35.964s][info][gc,start       ] GC(279) Pause Full (Allocation Failure)
[35.965s][info][gc,phases,start] GC(279) Phase 1: Mark live objects
[36.006s][info][gc,phases      ] GC(279) Phase 1: Mark live objects 41.554ms
[36.006s][info][gc,phases,start] GC(279) Phase 2: Compute new object addresses
[36.015s][info][gc,phases      ] GC(279) Phase 2: Compute new object addresses 8.620ms
[36.015s][info][gc,phases,start] GC(279) Phase 3: Adjust pointers
[36.040s][info][gc,phases      ] GC(279) Phase 3: Adjust pointers 24.863ms
[36.040s][info][gc,phases,start] GC(279) Phase 4: Move objects
[36.045s][info][gc,phases      ] GC(279) Phase 4: Move objects 5.195ms
[36.046s][info][gc,heap        ] GC(279) DefNew: 9216K->8980K(9216K)
[36.046s][info][gc,heap        ] GC(279) Tenured: 20479K->20479K(20480K)
[36.046s][info][gc,metaspace   ] GC(279) Metaspace: 55851K->55851K(1099776K)
[36.046s][info][gc             ] GC(279) Pause Full (Allocation Failure) 28M->28M(29M) 82.170ms
[36.046s][info][gc,cpu         ] GC(279) User=0.08s Sys=0.00s Real=0.08s
[36.049s][info][gc,start       ] GC(280) Pause Full (Allocation Failure)
[36.050s][info][gc,phases,start] GC(280) Phase 1: Mark live objects
[36.093s][info][gc,phases      ] GC(280) Phase 1: Mark live objects 43.608ms
[36.093s][info][gc,phases,start] GC(280) Phase 2: Compute new object addresses
[36.103s][info][gc,phases      ] GC(280) Phase 2: Compute new object addresses 9.686ms
[36.103s][info][gc,phases,start] GC(280) Phase 3: Adjust pointers
[36.126s][info][gc,phases      ] GC(280) Phase 3: Adjust pointers 22.915ms
[36.126s][info][gc,phases,start] GC(280) Phase 4: Move objects
[36.126s][info][gc,phases      ] GC(280) Phase 4: Move objects 0.223ms
[36.127s][info][gc,heap        ] GC(280) DefNew: 9215K->9010K(9216K)
[36.127s][info][gc,heap        ] GC(280) Tenured: 20479K->20479K(20480K)
[36.127s][info][gc,metaspace   ] GC(280) Metaspace: 55862K->55862K(1099776K)
[36.127s][info][gc             ] GC(280) Pause Full (Allocation Failure) 28M->28M(29M) 78.252ms
[36.127s][info][gc,cpu         ] GC(280) User=0.08s Sys=0.00s Real=0.08s
[36.129s][info][gc,start       ] GC(281) Pause Full (Allocation Failure)
[36.130s][info][gc,phases,start] GC(281) Phase 1: Mark live objects
[36.176s][info][gc,phases      ] GC(281) Phase 1: Mark live objects 46.155ms
[36.176s][info][gc,phases,start] GC(281) Phase 2: Compute new object addresses
[36.186s][info][gc,phases      ] GC(281) Phase 2: Compute new object addresses 9.417ms
[36.186s][info][gc,phases,start] GC(281) Phase 3: Adjust pointers
[36.212s][info][gc,phases      ] GC(281) Phase 3: Adjust pointers 25.725ms
[36.212s][info][gc,phases,start] GC(281) Phase 4: Move objects
[36.212s][info][gc,phases      ] GC(281) Phase 4: Move objects 0.163ms
[36.213s][info][gc,heap        ] GC(281) DefNew: 9215K->8991K(9216K)
[36.213s][info][gc,heap        ] GC(281) Tenured: 20479K->20479K(20480K)
[36.213s][info][gc,metaspace   ] GC(281) Metaspace: 55862K->55862K(1099776K)
[36.213s][info][gc             ] GC(281) Pause Full (Allocation Failure) 28M->28M(29M) 83.352ms
[36.213s][info][gc,cpu         ] GC(281) User=0.09s Sys=0.00s Real=0.08s
[36.217s][info][gc,start       ] GC(282) Pause Full (Allocation Failure)
[36.218s][info][gc,phases,start] GC(282) Phase 1: Mark live objects
[36.276s][info][gc,phases      ] GC(282) Phase 1: Mark live objects 57.785ms
[36.276s][info][gc,phases,start] GC(282) Phase 2: Compute new object addresses
[36.287s][info][gc,phases      ] GC(282) Phase 2: Compute new object addresses 11.711ms
[36.288s][info][gc,phases,start] GC(282) Phase 3: Adjust pointers
[36.319s][info][gc,phases      ] GC(282) Phase 3: Adjust pointers 31.620ms
[36.319s][info][gc,phases,start] GC(282) Phase 4: Move objects
[36.320s][info][gc,phases      ] GC(282) Phase 4: Move objects 0.376ms
[36.321s][info][gc,heap        ] GC(282) DefNew: 9215K->8961K(9216K)
[36.321s][info][gc,heap        ] GC(282) Tenured: 20479K->20479K(20480K)
[36.321s][info][gc,metaspace   ] GC(282) Metaspace: 55862K->55862K(1099776K)
[36.321s][info][gc             ] GC(282) Pause Full (Allocation Failure) 28M->28M(29M) 103.802ms
[36.321s][info][gc,cpu         ] GC(282) User=0.11s Sys=0.00s Real=0.10s
[36.325s][info][gc,start       ] GC(283) Pause Full (Allocation Failure)
[36.326s][info][gc,phases,start] GC(283) Phase 1: Mark live objects
[36.390s][info][gc,phases      ] GC(283) Phase 1: Mark live objects 63.984ms
[36.390s][info][gc,phases,start] GC(283) Phase 2: Compute new object addresses
[36.403s][info][gc,phases      ] GC(283) Phase 2: Compute new object addresses 13.145ms
[36.404s][info][gc,phases,start] GC(283) Phase 3: Adjust pointers
[36.437s][info][gc,phases      ] GC(283) Phase 3: Adjust pointers 33.449ms
[36.437s][info][gc,phases,start] GC(283) Phase 4: Move objects
[36.448s][info][gc,phases      ] GC(283) Phase 4: Move objects 11.258ms
[36.450s][info][gc,heap        ] GC(283) DefNew: 9215K->9014K(9216K)
[36.450s][info][gc,heap        ] GC(283) Tenured: 20479K->20479K(20480K)
[36.450s][info][gc,metaspace   ] GC(283) Metaspace: 55862K->55862K(1099776K)
[36.450s][info][gc             ] GC(283) Pause Full (Allocation Failure) 28M->28M(29M) 124.794ms
[36.450s][info][gc,cpu         ] GC(283) User=0.11s Sys=0.00s Real=0.13s
[36.453s][info][gc,start       ] GC(284) Pause Full (Allocation Failure)
[36.454s][info][gc,phases,start] GC(284) Phase 1: Mark live objects
[36.531s][info][gc,phases      ] GC(284) Phase 1: Mark live objects 76.774ms
[36.531s][info][gc,phases,start] GC(284) Phase 2: Compute new object addresses
[36.545s][info][gc,phases      ] GC(284) Phase 2: Compute new object addresses 14.151ms
[36.545s][info][gc,phases,start] GC(284) Phase 3: Adjust pointers
[36.593s][info][gc,phases      ] GC(284) Phase 3: Adjust pointers 48.122ms
[36.593s][info][gc,phases,start] GC(284) Phase 4: Move objects
[36.599s][info][gc,phases      ] GC(284) Phase 4: Move objects 5.529ms
[36.602s][info][gc,heap        ] GC(284) DefNew: 9215K->9061K(9216K)
[36.602s][info][gc,heap        ] GC(284) Tenured: 20480K->20480K(20480K)
[36.602s][info][gc,metaspace   ] GC(284) Metaspace: 55862K->55862K(1099776K)
[36.602s][info][gc             ] GC(284) Pause Full (Allocation Failure) 28M->28M(29M) 148.644ms
[36.602s][info][gc,cpu         ] GC(284) User=0.16s Sys=0.00s Real=0.15s
[36.605s][info][gc,start       ] GC(285) Pause Full (Allocation Failure)
[36.606s][info][gc,phases,start] GC(285) Phase 1: Mark live objects
[36.698s][info][gc,phases      ] GC(285) Phase 1: Mark live objects 91.598ms
[36.698s][info][gc,phases,start] GC(285) Phase 2: Compute new object addresses
[36.713s][info][gc,phases      ] GC(285) Phase 2: Compute new object addresses 15.657ms
[36.714s][info][gc,phases,start] GC(285) Phase 3: Adjust pointers
[36.749s][info][gc,phases      ] GC(285) Phase 3: Adjust pointers 35.668ms
[36.749s][info][gc,phases,start] GC(285) Phase 4: Move objects
[36.752s][info][gc,phases      ] GC(285) Phase 4: Move objects 3.036ms
[36.753s][info][gc,heap        ] GC(285) DefNew: 9215K->8987K(9216K)
[36.753s][info][gc,heap        ] GC(285) Tenured: 20480K->20480K(20480K)
[36.753s][info][gc,metaspace   ] GC(285) Metaspace: 55862K->55862K(1099776K)
[36.753s][info][gc             ] GC(285) Pause Full (Allocation Failure) 28M->28M(29M) 148.834ms
[36.753s][info][gc,cpu         ] GC(285) User=0.14s Sys=0.00s Real=0.15s
[36.757s][info][gc,start       ] GC(286) Pause Full (Allocation Failure)
[36.758s][info][gc,phases,start] GC(286) Phase 1: Mark live objects
[36.809s][info][gc,phases      ] GC(286) Phase 1: Mark live objects 51.124ms
[36.809s][info][gc,phases,start] GC(286) Phase 2: Compute new object addresses
[36.818s][info][gc,phases      ] GC(286) Phase 2: Compute new object addresses 9.123ms
[36.818s][info][gc,phases,start] GC(286) Phase 3: Adjust pointers
[36.843s][info][gc,phases      ] GC(286) Phase 3: Adjust pointers 24.788ms
[36.843s][info][gc,phases,start] GC(286) Phase 4: Move objects
[36.843s][info][gc,phases      ] GC(286) Phase 4: Move objects 0.373ms
[36.844s][info][gc,heap        ] GC(286) DefNew: 9215K->8993K(9216K)
[36.845s][info][gc,heap        ] GC(286) Tenured: 20480K->20480K(20480K)
[36.845s][info][gc,metaspace   ] GC(286) Metaspace: 55862K->55862K(1099776K)
[36.845s][info][gc             ] GC(286) Pause Full (Allocation Failure) 28M->28M(29M) 87.807ms
[36.845s][info][gc,cpu         ] GC(286) User=0.08s Sys=0.00s Real=0.09s
[36.847s][info][gc,start       ] GC(287) Pause Full (Allocation Failure)
[36.848s][info][gc,phases,start] GC(287) Phase 1: Mark live objects
[36.901s][info][gc,phases      ] GC(287) Phase 1: Mark live objects 53.482ms
[36.901s][info][gc,phases,start] GC(287) Phase 2: Compute new object addresses
[36.910s][info][gc,phases      ] GC(287) Phase 2: Compute new object addresses 8.685ms
[36.910s][info][gc,phases,start] GC(287) Phase 3: Adjust pointers
[36.934s][info][gc,phases      ] GC(287) Phase 3: Adjust pointers 24.068ms
[36.934s][info][gc,phases,start] GC(287) Phase 4: Move objects
[36.944s][info][gc,phases      ] GC(287) Phase 4: Move objects 9.285ms
[36.945s][info][gc,heap        ] GC(287) DefNew: 9215K->8814K(9216K)
[36.945s][info][gc,heap        ] GC(287) Tenured: 20480K->20478K(20480K)
[36.945s][info][gc,metaspace   ] GC(287) Metaspace: 55862K->55862K(1099776K)
[36.945s][info][gc             ] GC(287) Pause Full (Allocation Failure) 28M->28M(29M) 98.054ms
[36.945s][info][gc,cpu         ] GC(287) User=0.11s Sys=0.00s Real=0.10s
[36.950s][info][gc,start       ] GC(288) Pause Full (Allocation Failure)
[36.951s][info][gc,phases,start] GC(288) Phase 1: Mark live objects
[36.993s][info][gc,phases      ] GC(288) Phase 1: Mark live objects 42.336ms
[36.993s][info][gc,phases,start] GC(288) Phase 2: Compute new object addresses
[37.002s][info][gc,phases      ] GC(288) Phase 2: Compute new object addresses 8.692ms
[37.002s][info][gc,phases,start] GC(288) Phase 3: Adjust pointers
[37.026s][info][gc,phases      ] GC(288) Phase 3: Adjust pointers 23.504ms
[37.026s][info][gc,phases,start] GC(288) Phase 4: Move objects
[37.028s][info][gc,phases      ] GC(288) Phase 4: Move objects 2.596ms
[37.029s][info][gc,heap        ] GC(288) DefNew: 9216K->8765K(9216K)
[37.029s][info][gc,heap        ] GC(288) Tenured: 20479K->20479K(20480K)
[37.029s][info][gc,metaspace   ] GC(288) Metaspace: 55867K->55867K(1099776K)
[37.029s][info][gc             ] GC(288) Pause Full (Allocation Failure) 28M->28M(29M) 79.013ms
[37.029s][info][gc,cpu         ] GC(288) User=0.08s Sys=0.00s Real=0.08s
[37.033s][info][gc,start       ] GC(289) Pause Full (Allocation Failure)
[37.034s][info][gc,phases,start] GC(289) Phase 1: Mark live objects
[37.076s][info][gc,phases      ] GC(289) Phase 1: Mark live objects 42.589ms
[37.076s][info][gc,phases,start] GC(289) Phase 2: Compute new object addresses
[37.085s][info][gc,phases      ] GC(289) Phase 2: Compute new object addresses 8.732ms
[37.085s][info][gc,phases,start] GC(289) Phase 3: Adjust pointers
[37.109s][info][gc,phases      ] GC(289) Phase 3: Adjust pointers 23.895ms
[37.109s][info][gc,phases,start] GC(289) Phase 4: Move objects
[37.109s][info][gc,phases      ] GC(289) Phase 4: Move objects 0.065ms
[37.110s][info][gc,heap        ] GC(289) DefNew: 9215K->8760K(9216K)
[37.110s][info][gc,heap        ] GC(289) Tenured: 20479K->20479K(20480K)
[37.110s][info][gc,metaspace   ] GC(289) Metaspace: 55876K->55876K(1099776K)
[37.110s][info][gc             ] GC(289) Pause Full (Allocation Failure) 28M->28M(29M) 76.939ms
[37.110s][info][gc,cpu         ] GC(289) User=0.08s Sys=0.00s Real=0.08s
[37.113s][info][gc,start       ] GC(290) Pause Full (Allocation Failure)
[37.114s][info][gc,phases,start] GC(290) Phase 1: Mark live objects
[37.157s][info][gc,phases      ] GC(290) Phase 1: Mark live objects 43.613ms
[37.157s][info][gc,phases,start] GC(290) Phase 2: Compute new object addresses
[37.166s][info][gc,phases      ] GC(290) Phase 2: Compute new object addresses 9.041ms
[37.166s][info][gc,phases,start] GC(290) Phase 3: Adjust pointers
[37.190s][info][gc,phases      ] GC(290) Phase 3: Adjust pointers 23.439ms
[37.190s][info][gc,phases,start] GC(290) Phase 4: Move objects
[37.190s][info][gc,phases      ] GC(290) Phase 4: Move objects 0.081ms
[37.191s][info][gc,heap        ] GC(290) DefNew: 9215K->8935K(9216K)
[37.191s][info][gc,heap        ] GC(290) Tenured: 20479K->20479K(20480K)
[37.191s][info][gc,metaspace   ] GC(290) Metaspace: 55876K->55876K(1099776K)
[37.191s][info][gc             ] GC(290) Pause Full (Allocation Failure) 28M->28M(29M) 78.061ms
[37.191s][info][gc,cpu         ] GC(290) User=0.08s Sys=0.00s Real=0.08s
[37.194s][info][gc,start       ] GC(291) Pause Full (Allocation Failure)
[37.195s][info][gc,phases,start] GC(291) Phase 1: Mark live objects
[37.236s][info][gc,phases      ] GC(291) Phase 1: Mark live objects 41.316ms
[37.236s][info][gc,phases,start] GC(291) Phase 2: Compute new object addresses
[37.245s][info][gc,phases      ] GC(291) Phase 2: Compute new object addresses 8.416ms
[37.245s][info][gc,phases,start] GC(291) Phase 3: Adjust pointers
[37.269s][info][gc,phases      ] GC(291) Phase 3: Adjust pointers 24.192ms
[37.269s][info][gc,phases,start] GC(291) Phase 4: Move objects
[37.274s][info][gc,phases      ] GC(291) Phase 4: Move objects 5.279ms
[37.275s][info][gc,heap        ] GC(291) DefNew: 9216K->8755K(9216K)
[37.275s][info][gc,heap        ] GC(291) Tenured: 20479K->20478K(20480K)
[37.275s][info][gc,metaspace   ] GC(291) Metaspace: 55908K->55908K(1099776K)
[37.275s][info][gc             ] GC(291) Pause Full (Allocation Failure) 28M->28M(29M) 81.154ms
[37.275s][info][gc,cpu         ] GC(291) User=0.08s Sys=0.00s Real=0.08s
[37.284s][info][gc,start       ] GC(292) Pause Full (Allocation Failure)
[37.284s][info][gc,phases,start] GC(292) Phase 1: Mark live objects
[37.326s][info][gc,phases      ] GC(292) Phase 1: Mark live objects 41.527ms
[37.326s][info][gc,phases,start] GC(292) Phase 2: Compute new object addresses
[37.335s][info][gc,phases      ] GC(292) Phase 2: Compute new object addresses 8.678ms
[37.335s][info][gc,phases,start] GC(292) Phase 3: Adjust pointers
[37.358s][info][gc,phases      ] GC(292) Phase 3: Adjust pointers 22.986ms
[37.358s][info][gc,phases,start] GC(292) Phase 4: Move objects
[37.360s][info][gc,phases      ] GC(292) Phase 4: Move objects 2.719ms
[37.361s][info][gc,heap        ] GC(292) DefNew: 9215K->8771K(9216K)
[37.361s][info][gc,heap        ] GC(292) Tenured: 20480K->20480K(20480K)
[37.361s][info][gc,metaspace   ] GC(292) Metaspace: 55945K->55945K(1099776K)
[37.361s][info][gc             ] GC(292) Pause Full (Allocation Failure) 28M->28M(29M) 77.735ms
[37.361s][info][gc,cpu         ] GC(292) User=0.08s Sys=0.00s Real=0.08s
[37.368s][info][gc,start       ] GC(293) Pause Full (Allocation Failure)
[37.368s][info][gc,phases,start] GC(293) Phase 1: Mark live objects
[37.411s][info][gc,phases      ] GC(293) Phase 1: Mark live objects 42.199ms
[37.411s][info][gc,phases,start] GC(293) Phase 2: Compute new object addresses
[37.420s][info][gc,phases      ] GC(293) Phase 2: Compute new object addresses 9.153ms
[37.420s][info][gc,phases,start] GC(293) Phase 3: Adjust pointers
[37.443s][info][gc,phases      ] GC(293) Phase 3: Adjust pointers 23.107ms
[37.443s][info][gc,phases,start] GC(293) Phase 4: Move objects
[37.446s][info][gc,phases      ] GC(293) Phase 4: Move objects 2.656ms
[37.447s][info][gc,heap        ] GC(293) DefNew: 9215K->8817K(9216K)
[37.447s][info][gc,heap        ] GC(293) Tenured: 20480K->20480K(20480K)
[37.447s][info][gc,metaspace   ] GC(293) Metaspace: 55964K->55964K(1099776K)
[37.447s][info][gc             ] GC(293) Pause Full (Allocation Failure) 28M->28M(29M) 78.929ms
[37.447s][info][gc,cpu         ] GC(293) User=0.08s Sys=0.00s Real=0.08s
[37.456s][info][gc,start       ] GC(294) Pause Full (Allocation Failure)
[37.457s][info][gc,phases,start] GC(294) Phase 1: Mark live objects
[37.499s][info][gc,phases      ] GC(294) Phase 1: Mark live objects 41.621ms
[37.499s][info][gc,phases,start] GC(294) Phase 2: Compute new object addresses
[37.507s][info][gc,phases      ] GC(294) Phase 2: Compute new object addresses 8.780ms
[37.508s][info][gc,phases,start] GC(294) Phase 3: Adjust pointers
[37.531s][info][gc,phases      ] GC(294) Phase 3: Adjust pointers 23.394ms
[37.531s][info][gc,phases,start] GC(294) Phase 4: Move objects
[37.532s][info][gc,phases      ] GC(294) Phase 4: Move objects 1.092ms
[37.533s][info][gc,heap        ] GC(294) DefNew: 9215K->8829K(9216K)
[37.533s][info][gc,heap        ] GC(294) Tenured: 20480K->20480K(20480K)
[37.533s][info][gc,metaspace   ] GC(294) Metaspace: 55992K->55992K(1099776K)
[37.533s][info][gc             ] GC(294) Pause Full (Allocation Failure) 28M->28M(29M) 76.710ms
[37.533s][info][gc,cpu         ] GC(294) User=0.08s Sys=0.00s Real=0.08s
[37.540s][info][gc,start       ] GC(295) Pause Full (Allocation Failure)
[37.541s][info][gc,phases,start] GC(295) Phase 1: Mark live objects
[37.584s][info][gc,phases      ] GC(295) Phase 1: Mark live objects 42.580ms
[37.584s][info][gc,phases,start] GC(295) Phase 2: Compute new object addresses
[37.593s][info][gc,phases      ] GC(295) Phase 2: Compute new object addresses 8.827ms
[37.593s][info][gc,phases,start] GC(295) Phase 3: Adjust pointers
[37.617s][info][gc,phases      ] GC(295) Phase 3: Adjust pointers 24.602ms
[37.617s][info][gc,phases,start] GC(295) Phase 4: Move objects
[37.623s][info][gc,phases      ] GC(295) Phase 4: Move objects 6.045ms
[37.624s][info][gc,heap        ] GC(295) DefNew: 9215K->8834K(9216K)
[37.624s][info][gc,heap        ] GC(295) Tenured: 20480K->20476K(20480K)
[37.624s][info][gc,metaspace   ] GC(295) Metaspace: 56022K->56022K(1099776K)
[37.624s][info][gc             ] GC(295) Pause Full (Allocation Failure) 28M->28M(29M) 83.806ms
[37.624s][info][gc,cpu         ] GC(295) User=0.08s Sys=0.00s Real=0.08s
[37.629s][info][gc,start       ] GC(296) Pause Full (Allocation Failure)
[37.630s][info][gc,phases,start] GC(296) Phase 1: Mark live objects
[37.671s][info][gc,phases      ] GC(296) Phase 1: Mark live objects 40.794ms
[37.671s][info][gc,phases,start] GC(296) Phase 2: Compute new object addresses
[37.679s][info][gc,phases      ] GC(296) Phase 2: Compute new object addresses 8.474ms
[37.679s][info][gc,phases,start] GC(296) Phase 3: Adjust pointers
[37.703s][info][gc,phases      ] GC(296) Phase 3: Adjust pointers 23.288ms
[37.703s][info][gc,phases,start] GC(296) Phase 4: Move objects
[37.703s][info][gc,phases      ] GC(296) Phase 4: Move objects 0.512ms
[37.704s][info][gc,heap        ] GC(296) DefNew: 9215K->8875K(9216K)
[37.704s][info][gc,heap        ] GC(296) Tenured: 20479K->20479K(20480K)
[37.704s][info][gc,metaspace   ] GC(296) Metaspace: 56030K->56030K(1099776K)
[37.704s][info][gc             ] GC(296) Pause Full (Allocation Failure) 28M->28M(29M) 75.093ms
[37.704s][info][gc,cpu         ] GC(296) User=0.08s Sys=0.00s Real=0.07s
[37.708s][info][gc,start       ] GC(297) Pause Full (Allocation Failure)
[37.708s][info][gc,phases,start] GC(297) Phase 1: Mark live objects
[37.748s][info][gc,phases      ] GC(297) Phase 1: Mark live objects 40.065ms
[37.748s][info][gc,phases,start] GC(297) Phase 2: Compute new object addresses
[37.758s][info][gc,phases      ] GC(297) Phase 2: Compute new object addresses 9.930ms
[37.758s][info][gc,phases,start] GC(297) Phase 3: Adjust pointers
[37.782s][info][gc,phases      ] GC(297) Phase 3: Adjust pointers 23.375ms
[37.782s][info][gc,phases,start] GC(297) Phase 4: Move objects
[37.782s][info][gc,phases      ] GC(297) Phase 4: Move objects 0.428ms
[37.783s][info][gc,heap        ] GC(297) DefNew: 9215K->8910K(9216K)
[37.783s][info][gc,heap        ] GC(297) Tenured: 20479K->20479K(20480K)
[37.783s][info][gc,metaspace   ] GC(297) Metaspace: 56030K->56030K(1099776K)
[37.783s][info][gc             ] GC(297) Pause Full (Allocation Failure) 28M->28M(29M) 75.695ms
[37.783s][info][gc,cpu         ] GC(297) User=0.08s Sys=0.00s Real=0.08s
[37.786s][info][gc,start       ] GC(298) Pause Full (Allocation Failure)
[37.787s][info][gc,phases,start] GC(298) Phase 1: Mark live objects
[37.827s][info][gc,phases      ] GC(298) Phase 1: Mark live objects 40.292ms
[37.827s][info][gc,phases,start] GC(298) Phase 2: Compute new object addresses
[37.835s][info][gc,phases      ] GC(298) Phase 2: Compute new object addresses 8.392ms
[37.835s][info][gc,phases,start] GC(298) Phase 3: Adjust pointers
[37.858s][info][gc,phases      ] GC(298) Phase 3: Adjust pointers 22.080ms
[37.858s][info][gc,phases,start] GC(298) Phase 4: Move objects
[37.858s][info][gc,phases      ] GC(298) Phase 4: Move objects 0.049ms
[37.858s][info][gc,heap        ] GC(298) DefNew: 9215K->8920K(9216K)
[37.858s][info][gc,heap        ] GC(298) Tenured: 20479K->20479K(20480K)
[37.858s][info][gc,metaspace   ] GC(298) Metaspace: 56030K->56030K(1099776K)
[37.859s][info][gc             ] GC(298) Pause Full (Allocation Failure) 28M->28M(29M) 72.567ms
[37.859s][info][gc,cpu         ] GC(298) User=0.08s Sys=0.00s Real=0.07s
[37.863s][info][gc,start       ] GC(299) Pause Full (Allocation Failure)
[37.864s][info][gc,phases,start] GC(299) Phase 1: Mark live objects
[37.904s][info][gc,phases      ] GC(299) Phase 1: Mark live objects 39.762ms
[37.904s][info][gc,phases,start] GC(299) Phase 2: Compute new object addresses
[37.912s][info][gc,phases      ] GC(299) Phase 2: Compute new object addresses 8.442ms
[37.912s][info][gc,phases,start] GC(299) Phase 3: Adjust pointers
[37.936s][info][gc,phases      ] GC(299) Phase 3: Adjust pointers 24.275ms
[37.936s][info][gc,phases,start] GC(299) Phase 4: Move objects
[37.943s][info][gc,phases      ] GC(299) Phase 4: Move objects 6.944ms
[37.944s][info][gc,heap        ] GC(299) DefNew: 9215K->8904K(9216K)
[37.944s][info][gc,heap        ] GC(299) Tenured: 20479K->20476K(20480K)
[37.944s][info][gc,metaspace   ] GC(299) Metaspace: 56032K->56032K(1099776K)
[37.944s][info][gc             ] GC(299) Pause Full (Allocation Failure) 28M->28M(29M) 81.294ms
[37.944s][info][gc,cpu         ] GC(299) User=0.09s Sys=0.00s Real=0.08s
[37.946s][info][gc,start       ] GC(300) Pause Full (Allocation Failure)
[37.947s][info][gc,phases,start] GC(300) Phase 1: Mark live objects
[37.989s][info][gc,phases      ] GC(300) Phase 1: Mark live objects 41.330ms
[37.989s][info][gc,phases,start] GC(300) Phase 2: Compute new object addresses
[37.997s][info][gc,phases      ] GC(300) Phase 2: Compute new object addresses 8.691ms
[37.997s][info][gc,phases,start] GC(300) Phase 3: Adjust pointers
[38.023s][info][gc,phases      ] GC(300) Phase 3: Adjust pointers 25.721ms
[38.023s][info][gc,phases,start] GC(300) Phase 4: Move objects
[38.023s][info][gc,phases      ] GC(300) Phase 4: Move objects 0.360ms
[38.024s][info][gc,heap        ] GC(300) DefNew: 9216K->9039K(9216K)
[38.025s][info][gc,heap        ] GC(300) Tenured: 20479K->20479K(20480K)
[38.025s][info][gc,metaspace   ] GC(300) Metaspace: 56032K->56032K(1099776K)
[38.025s][info][gc             ] GC(300) Pause Full (Allocation Failure) 28M->28M(29M) 78.198ms
[38.025s][info][gc,cpu         ] GC(300) User=0.08s Sys=0.00s Real=0.08s
[38.027s][info][gc,start       ] GC(301) Pause Full (Allocation Failure)
[38.028s][info][gc,phases,start] GC(301) Phase 1: Mark live objects
[38.081s][info][gc,phases      ] GC(301) Phase 1: Mark live objects 53.551ms
[38.081s][info][gc,phases,start] GC(301) Phase 2: Compute new object addresses
[38.092s][info][gc,phases      ] GC(301) Phase 2: Compute new object addresses 10.141ms
[38.092s][info][gc,phases,start] GC(301) Phase 3: Adjust pointers
[38.119s][info][gc,phases      ] GC(301) Phase 3: Adjust pointers 27.460ms
[38.119s][info][gc,phases,start] GC(301) Phase 4: Move objects
[38.119s][info][gc,phases      ] GC(301) Phase 4: Move objects 0.078ms
[38.120s][info][gc,heap        ] GC(301) DefNew: 9215K->9062K(9216K)
[38.120s][info][gc,heap        ] GC(301) Tenured: 20479K->20479K(20480K)
[38.120s][info][gc,metaspace   ] GC(301) Metaspace: 56032K->56032K(1099776K)
[38.120s][info][gc             ] GC(301) Pause Full (Allocation Failure) 28M->28M(29M) 93.150ms
[38.120s][info][gc,cpu         ] GC(301) User=0.09s Sys=0.00s Real=0.09s
[38.121s][info][gc,start       ] GC(302) Pause Full (Allocation Failure)
[38.122s][info][gc,phases,start] GC(302) Phase 1: Mark live objects
[38.164s][info][gc,phases      ] GC(302) Phase 1: Mark live objects 41.439ms
[38.164s][info][gc,phases,start] GC(302) Phase 2: Compute new object addresses
[38.173s][info][gc,phases      ] GC(302) Phase 2: Compute new object addresses 8.937ms
[38.173s][info][gc,phases,start] GC(302) Phase 3: Adjust pointers
[38.197s][info][gc,phases      ] GC(302) Phase 3: Adjust pointers 24.370ms
[38.197s][info][gc,phases,start] GC(302) Phase 4: Move objects
[38.198s][info][gc,phases      ] GC(302) Phase 4: Move objects 0.395ms
[38.199s][info][gc,heap        ] GC(302) DefNew: 9215K->9107K(9216K)
[38.199s][info][gc,heap        ] GC(302) Tenured: 20479K->20479K(20480K)
[38.199s][info][gc,metaspace   ] GC(302) Metaspace: 56032K->56032K(1099776K)
[38.199s][info][gc             ] GC(302) Pause Full (Allocation Failure) 28M->28M(29M) 77.264ms
[38.199s][info][gc,cpu         ] GC(302) User=0.08s Sys=0.00s Real=0.08s
[38.201s][info][gc,start       ] GC(303) Pause Full (Allocation Failure)
[38.202s][info][gc,phases,start] GC(303) Phase 1: Mark live objects
[38.246s][info][gc,phases      ] GC(303) Phase 1: Mark live objects 44.808ms
[38.246s][info][gc,phases,start] GC(303) Phase 2: Compute new object addresses
[38.255s][info][gc,phases      ] GC(303) Phase 2: Compute new object addresses 8.632ms
[38.255s][info][gc,phases,start] GC(303) Phase 3: Adjust pointers
[38.286s][info][gc,phases      ] GC(303) Phase 3: Adjust pointers 30.999ms
[38.286s][info][gc,phases,start] GC(303) Phase 4: Move objects
[38.293s][info][gc,phases      ] GC(303) Phase 4: Move objects 6.610ms
[38.294s][info][gc,heap        ] GC(303) DefNew: 9215K->8884K(9216K)
[38.294s][info][gc,heap        ] GC(303) Tenured: 20479K->20476K(20480K)
[38.294s][info][gc,metaspace   ] GC(303) Metaspace: 56048K->56048K(1099776K)
[38.294s][info][gc             ] GC(303) Pause Full (Allocation Failure) 28M->28M(29M) 93.254ms
[38.294s][info][gc,cpu         ] GC(303) User=0.09s Sys=0.00s Real=0.09s
[38.302s][info][gc,start       ] GC(304) Pause Full (Allocation Failure)
[38.303s][info][gc,phases,start] GC(304) Phase 1: Mark live objects
[38.361s][info][gc,phases      ] GC(304) Phase 1: Mark live objects 57.915ms
[38.361s][info][gc,phases,start] GC(304) Phase 2: Compute new object addresses
[38.371s][info][gc,phases      ] GC(304) Phase 2: Compute new object addresses 10.132ms
[38.371s][info][gc,phases,start] GC(304) Phase 3: Adjust pointers
[38.404s][info][gc,phases      ] GC(304) Phase 3: Adjust pointers 32.802ms
[38.404s][info][gc,phases,start] GC(304) Phase 4: Move objects
[38.405s][info][gc,phases      ] GC(304) Phase 4: Move objects 1.096ms
[38.406s][info][gc,heap        ] GC(304) DefNew: 9213K->8888K(9216K)
[38.406s][info][gc,heap        ] GC(304) Tenured: 20479K->20479K(20480K)
[38.406s][info][gc,metaspace   ] GC(304) Metaspace: 56076K->56076K(1099776K)
[38.406s][info][gc             ] GC(304) Pause Full (Allocation Failure) 28M->28M(29M) 103.796ms
[38.406s][info][gc,cpu         ] GC(304) User=0.11s Sys=0.00s Real=0.11s
[38.413s][info][gc,start       ] GC(305) Pause Full (Allocation Failure)
[38.414s][info][gc,phases,start] GC(305) Phase 1: Mark live objects
[38.470s][info][gc,phases      ] GC(305) Phase 1: Mark live objects 56.306ms
[38.470s][info][gc,phases,start] GC(305) Phase 2: Compute new object addresses
[38.481s][info][gc,phases      ] GC(305) Phase 2: Compute new object addresses 10.467ms
[38.481s][info][gc,phases,start] GC(305) Phase 3: Adjust pointers
[38.510s][info][gc,phases      ] GC(305) Phase 3: Adjust pointers 29.277ms
[38.510s][info][gc,phases,start] GC(305) Phase 4: Move objects
[38.514s][info][gc,phases      ] GC(305) Phase 4: Move objects 3.622ms
[38.515s][info][gc,heap        ] GC(305) DefNew: 9215K->8901K(9216K)
[38.515s][info][gc,heap        ] GC(305) Tenured: 20479K->20479K(20480K)
[38.515s][info][gc,metaspace   ] GC(305) Metaspace: 56096K->56096K(1099776K)
[38.515s][info][gc             ] GC(305) Pause Full (Allocation Failure) 28M->28M(29M) 101.710ms
[38.515s][info][gc,cpu         ] GC(305) User=0.09s Sys=0.00s Real=0.10s
[38.520s][info][gc,start       ] GC(306) Pause Full (Allocation Failure)
[38.520s][info][gc,phases,start] GC(306) Phase 1: Mark live objects
[38.563s][info][gc,phases      ] GC(306) Phase 1: Mark live objects 42.173ms
[38.563s][info][gc,phases,start] GC(306) Phase 2: Compute new object addresses
[38.571s][info][gc,phases      ] GC(306) Phase 2: Compute new object addresses 8.673ms
[38.571s][info][gc,phases,start] GC(306) Phase 3: Adjust pointers
[38.595s][info][gc,phases      ] GC(306) Phase 3: Adjust pointers 23.179ms
[38.595s][info][gc,phases,start] GC(306) Phase 4: Move objects
[38.595s][info][gc,phases      ] GC(306) Phase 4: Move objects 0.733ms
[38.596s][info][gc,heap        ] GC(306) DefNew: 9215K->8956K(9216K)
[38.596s][info][gc,heap        ] GC(306) Tenured: 20479K->20479K(20480K)
[38.596s][info][gc,metaspace   ] GC(306) Metaspace: 56116K->56116K(1099776K)
[38.596s][info][gc             ] GC(306) Pause Full (Allocation Failure) 28M->28M(29M) 76.531ms
[38.596s][info][gc,cpu         ] GC(306) User=0.08s Sys=0.00s Real=0.08s
[38.605s][info][gc,start       ] GC(307) Pause Full (Allocation Failure)
[38.606s][info][gc,phases,start] GC(307) Phase 1: Mark live objects
[38.646s][info][gc,phases      ] GC(307) Phase 1: Mark live objects 40.347ms
[38.646s][info][gc,phases,start] GC(307) Phase 2: Compute new object addresses
[38.655s][info][gc,phases      ] GC(307) Phase 2: Compute new object addresses 8.891ms
[38.655s][info][gc,phases,start] GC(307) Phase 3: Adjust pointers
[38.679s][info][gc,phases      ] GC(307) Phase 3: Adjust pointers 24.221ms
[38.679s][info][gc,phases,start] GC(307) Phase 4: Move objects
[38.689s][info][gc,phases      ] GC(307) Phase 4: Move objects 9.481ms
[38.690s][info][gc,heap        ] GC(307) DefNew: 9215K->8971K(9216K)
[38.690s][info][gc,heap        ] GC(307) Tenured: 20479K->20477K(20480K)
[38.690s][info][gc,metaspace   ] GC(307) Metaspace: 56119K->56119K(1099776K)
[38.690s][info][gc             ] GC(307) Pause Full (Allocation Failure) 28M->28M(29M) 84.858ms
[38.690s][info][gc,cpu         ] GC(307) User=0.08s Sys=0.00s Real=0.09s
[38.694s][info][gc,start       ] GC(308) Pause Full (Allocation Failure)
[38.695s][info][gc,phases,start] GC(308) Phase 1: Mark live objects
[38.742s][info][gc,phases      ] GC(308) Phase 1: Mark live objects 46.877ms
[38.742s][info][gc,phases,start] GC(308) Phase 2: Compute new object addresses
[38.751s][info][gc,phases      ] GC(308) Phase 2: Compute new object addresses 9.574ms
[38.752s][info][gc,phases,start] GC(308) Phase 3: Adjust pointers
[38.779s][info][gc,phases      ] GC(308) Phase 3: Adjust pointers 27.172ms
[38.779s][info][gc,phases,start] GC(308) Phase 4: Move objects
[38.782s][info][gc,phases      ] GC(308) Phase 4: Move objects 2.932ms
[38.783s][info][gc,heap        ] GC(308) DefNew: 9215K->8990K(9216K)
[38.783s][info][gc,heap        ] GC(308) Tenured: 20479K->20479K(20480K)
[38.783s][info][gc,metaspace   ] GC(308) Metaspace: 56146K->56146K(1099776K)
[38.783s][info][gc             ] GC(308) Pause Full (Allocation Failure) 28M->28M(29M) 88.573ms
[38.783s][info][gc,cpu         ] GC(308) User=0.08s Sys=0.00s Real=0.09s
[38.787s][info][gc,start       ] GC(309) Pause Full (Allocation Failure)
[38.787s][info][gc,phases,start] GC(309) Phase 1: Mark live objects
[38.842s][info][gc,phases      ] GC(309) Phase 1: Mark live objects 54.436ms
[38.842s][info][gc,phases,start] GC(309) Phase 2: Compute new object addresses
[38.854s][info][gc,phases      ] GC(309) Phase 2: Compute new object addresses 12.097ms
[38.854s][info][gc,phases,start] GC(309) Phase 3: Adjust pointers
[38.880s][info][gc,phases      ] GC(309) Phase 3: Adjust pointers 25.492ms
[38.880s][info][gc,phases,start] GC(309) Phase 4: Move objects
[38.880s][info][gc,phases      ] GC(309) Phase 4: Move objects 0.475ms
[38.881s][info][gc,heap        ] GC(309) DefNew: 9216K->8995K(9216K)
[38.881s][info][gc,heap        ] GC(309) Tenured: 20479K->20479K(20480K)
[38.881s][info][gc,metaspace   ] GC(309) Metaspace: 56179K->56179K(1099776K)
[38.881s][info][gc             ] GC(309) Pause Full (Allocation Failure) 28M->28M(29M) 94.336ms
[38.881s][info][gc,cpu         ] GC(309) User=0.09s Sys=0.00s Real=0.09s
[38.885s][info][gc,start       ] GC(310) Pause Full (Allocation Failure)
[38.886s][info][gc,phases,start] GC(310) Phase 1: Mark live objects
[38.931s][info][gc,phases      ] GC(310) Phase 1: Mark live objects 45.225ms
[38.931s][info][gc,phases,start] GC(310) Phase 2: Compute new object addresses
[38.941s][info][gc,phases      ] GC(310) Phase 2: Compute new object addresses 10.514ms
[38.941s][info][gc,phases,start] GC(310) Phase 3: Adjust pointers
[38.971s][info][gc,phases      ] GC(310) Phase 3: Adjust pointers 29.361ms
[38.971s][info][gc,phases,start] GC(310) Phase 4: Move objects
[38.971s][info][gc,phases      ] GC(310) Phase 4: Move objects 0.226ms
[38.972s][info][gc,heap        ] GC(310) DefNew: 9215K->8992K(9216K)
[38.972s][info][gc,heap        ] GC(310) Tenured: 20479K->20479K(20480K)
[38.972s][info][gc,metaspace   ] GC(310) Metaspace: 56214K->56214K(1099776K)
[38.972s][info][gc             ] GC(310) Pause Full (Allocation Failure) 28M->28M(29M) 86.963ms
[38.972s][info][gc,cpu         ] GC(310) User=0.08s Sys=0.00s Real=0.09s
[38.976s][info][gc,start       ] GC(311) Pause Full (Allocation Failure)
[38.977s][info][gc,phases,start] GC(311) Phase 1: Mark live objects
[39.023s][info][gc,phases      ] GC(311) Phase 1: Mark live objects 46.129ms
[39.023s][info][gc,phases,start] GC(311) Phase 2: Compute new object addresses
[39.035s][info][gc,phases      ] GC(311) Phase 2: Compute new object addresses 11.804ms
[39.035s][info][gc,phases,start] GC(311) Phase 3: Adjust pointers
[39.066s][info][gc,phases      ] GC(311) Phase 3: Adjust pointers 31.427ms
[39.066s][info][gc,phases,start] GC(311) Phase 4: Move objects
[39.073s][info][gc,phases      ] GC(311) Phase 4: Move objects 6.432ms
[39.074s][info][gc,heap        ] GC(311) DefNew: 9215K->9007K(9216K)
[39.074s][info][gc,heap        ] GC(311) Tenured: 20479K->20476K(20480K)
[39.074s][info][gc,metaspace   ] GC(311) Metaspace: 56229K->56229K(1099776K)
[39.074s][info][gc             ] GC(311) Pause Full (Allocation Failure) 28M->28M(29M) 97.802ms
[39.074s][info][gc,cpu         ] GC(311) User=0.09s Sys=0.00s Real=0.10s
[39.081s][info][gc,start       ] GC(312) Pause Full (Allocation Failure)
[39.082s][info][gc,phases,start] GC(312) Phase 1: Mark live objects
[39.146s][info][gc,phases      ] GC(312) Phase 1: Mark live objects 64.417ms
[39.146s][info][gc,phases,start] GC(312) Phase 2: Compute new object addresses
[39.158s][info][gc,phases      ] GC(312) Phase 2: Compute new object addresses 11.484ms
[39.158s][info][gc,phases,start] GC(312) Phase 3: Adjust pointers
[39.191s][info][gc,phases      ] GC(312) Phase 3: Adjust pointers 33.526ms
[39.191s][info][gc,phases,start] GC(312) Phase 4: Move objects
[39.193s][info][gc,phases      ] GC(312) Phase 4: Move objects 1.635ms
[39.194s][info][gc,heap        ] GC(312) DefNew: 9215K->9023K(9216K)
[39.194s][info][gc,heap        ] GC(312) Tenured: 20479K->20479K(20480K)
[39.194s][info][gc,metaspace   ] GC(312) Metaspace: 56247K->56247K(1099776K)
[39.194s][info][gc             ] GC(312) Pause Full (Allocation Failure) 28M->28M(29M) 113.050ms
[39.194s][info][gc,cpu         ] GC(312) User=0.13s Sys=0.00s Real=0.11s
[39.201s][info][gc,start       ] GC(313) Pause Full (Allocation Failure)
[39.202s][info][gc,phases,start] GC(313) Phase 1: Mark live objects
[39.258s][info][gc,phases      ] GC(313) Phase 1: Mark live objects 56.492ms
[39.258s][info][gc,phases,start] GC(313) Phase 2: Compute new object addresses
[39.270s][info][gc,phases      ] GC(313) Phase 2: Compute new object addresses 11.596ms
[39.270s][info][gc,phases,start] GC(313) Phase 3: Adjust pointers
[39.298s][info][gc,phases      ] GC(313) Phase 3: Adjust pointers 27.749ms
[39.298s][info][gc,phases,start] GC(313) Phase 4: Move objects
[39.301s][info][gc,phases      ] GC(313) Phase 4: Move objects 2.840ms
[39.302s][info][gc,heap        ] GC(313) DefNew: 9215K->9042K(9216K)
[39.302s][info][gc,heap        ] GC(313) Tenured: 20479K->20479K(20480K)
[39.302s][info][gc,metaspace   ] GC(313) Metaspace: 56258K->56258K(1099776K)
[39.302s][info][gc             ] GC(313) Pause Full (Allocation Failure) 28M->28M(29M) 100.581ms
[39.302s][info][gc,cpu         ] GC(313) User=0.09s Sys=0.00s Real=0.10s
[39.307s][info][gc,start       ] GC(314) Pause Full (Allocation Failure)
[39.308s][info][gc,phases,start] GC(314) Phase 1: Mark live objects
[39.357s][info][gc,phases      ] GC(314) Phase 1: Mark live objects 48.825ms
[39.357s][info][gc,phases,start] GC(314) Phase 2: Compute new object addresses
[39.368s][info][gc,phases      ] GC(314) Phase 2: Compute new object addresses 11.655ms
[39.368s][info][gc,phases,start] GC(314) Phase 3: Adjust pointers
[39.396s][info][gc,phases      ] GC(314) Phase 3: Adjust pointers 27.265ms
[39.396s][info][gc,phases,start] GC(314) Phase 4: Move objects
[39.397s][info][gc,phases      ] GC(314) Phase 4: Move objects 1.180ms
[39.398s][info][gc,heap        ] GC(314) DefNew: 9216K->9043K(9216K)
[39.398s][info][gc,heap        ] GC(314) Tenured: 20480K->20480K(20480K)
[39.398s][info][gc,metaspace   ] GC(314) Metaspace: 56262K->56262K(1099776K)
[39.398s][info][gc             ] GC(314) Pause Full (Allocation Failure) 29M->28M(29M) 90.758ms
[39.398s][info][gc,cpu         ] GC(314) User=0.09s Sys=0.00s Real=0.09s
[39.403s][info][gc,start       ] GC(315) Pause Full (Allocation Failure)
[39.403s][info][gc,phases,start] GC(315) Phase 1: Mark live objects
[39.468s][info][gc,phases      ] GC(315) Phase 1: Mark live objects 64.265ms
[39.468s][info][gc,phases,start] GC(315) Phase 2: Compute new object addresses
[39.476s][info][gc,phases      ] GC(315) Phase 2: Compute new object addresses 8.504ms
[39.476s][info][gc,phases,start] GC(315) Phase 3: Adjust pointers
[39.507s][info][gc,phases      ] GC(315) Phase 3: Adjust pointers 30.353ms
[39.507s][info][gc,phases,start] GC(315) Phase 4: Move objects
[39.517s][info][gc,phases      ] GC(315) Phase 4: Move objects 10.599ms
[39.518s][info][gc,heap        ] GC(315) DefNew: 9216K->9054K(9216K)
[39.518s][info][gc,heap        ] GC(315) Tenured: 20480K->20479K(20480K)
[39.518s][info][gc,metaspace   ] GC(315) Metaspace: 56290K->56290K(1099776K)
[39.518s][info][gc             ] GC(315) Pause Full (Allocation Failure) 29M->28M(29M) 115.736ms
[39.518s][info][gc,cpu         ] GC(315) User=0.11s Sys=0.00s Real=0.12s
[39.523s][info][gc,start       ] GC(316) Pause Full (Allocation Failure)
[39.524s][info][gc,phases,start] GC(316) Phase 1: Mark live objects
[39.573s][info][gc,phases      ] GC(316) Phase 1: Mark live objects 48.877ms
[39.573s][info][gc,phases,start] GC(316) Phase 2: Compute new object addresses
[39.586s][info][gc,phases      ] GC(316) Phase 2: Compute new object addresses 12.996ms
[39.586s][info][gc,phases,start] GC(316) Phase 3: Adjust pointers
[39.610s][info][gc,phases      ] GC(316) Phase 3: Adjust pointers 24.274ms
[39.610s][info][gc,phases,start] GC(316) Phase 4: Move objects
[39.611s][info][gc,phases      ] GC(316) Phase 4: Move objects 1.204ms
[39.612s][info][gc,heap        ] GC(316) DefNew: 9215K->9070K(9216K)
[39.612s][info][gc,heap        ] GC(316) Tenured: 20479K->20479K(20480K)
[39.612s][info][gc,metaspace   ] GC(316) Metaspace: 56286K->56286K(1099776K)
[39.612s][info][gc             ] GC(316) Pause Full (Allocation Failure) 28M->28M(29M) 89.230ms
[39.612s][info][gc,cpu         ] GC(316) User=0.08s Sys=0.00s Real=0.09s
[39.618s][info][gc,start       ] GC(317) Pause Full (Allocation Failure)
[39.619s][info][gc,phases,start] GC(317) Phase 1: Mark live objects
[39.671s][info][gc,phases      ] GC(317) Phase 1: Mark live objects 52.658ms
[39.671s][info][gc,phases,start] GC(317) Phase 2: Compute new object addresses
[39.681s][info][gc,phases      ] GC(317) Phase 2: Compute new object addresses 9.705ms
[39.681s][info][gc,phases,start] GC(317) Phase 3: Adjust pointers
[39.706s][info][gc,phases      ] GC(317) Phase 3: Adjust pointers 24.656ms
[39.706s][info][gc,phases,start] GC(317) Phase 4: Move objects
[39.707s][info][gc,phases      ] GC(317) Phase 4: Move objects 1.412ms
[39.708s][info][gc,heap        ] GC(317) DefNew: 9215K->9023K(9216K)
[39.708s][info][gc,heap        ] GC(317) Tenured: 20479K->20479K(20480K)
[39.708s][info][gc,metaspace   ] GC(317) Metaspace: 56286K->56286K(1099776K)
[39.708s][info][gc             ] GC(317) Pause Full (Allocation Failure) 28M->28M(29M) 90.950ms
[39.709s][info][gc,cpu         ] GC(317) User=0.08s Sys=0.00s Real=0.09s
[39.712s][info][gc,start       ] GC(318) Pause Full (Allocation Failure)
[39.713s][info][gc,phases,start] GC(318) Phase 1: Mark live objects
[39.753s][info][gc,phases      ] GC(318) Phase 1: Mark live objects 39.740ms
[39.753s][info][gc,phases,start] GC(318) Phase 2: Compute new object addresses
[39.761s][info][gc,phases      ] GC(318) Phase 2: Compute new object addresses 8.428ms
[39.761s][info][gc,phases,start] GC(318) Phase 3: Adjust pointers
[39.783s][info][gc,phases      ] GC(318) Phase 3: Adjust pointers 22.216ms
[39.783s][info][gc,phases,start] GC(318) Phase 4: Move objects
[39.783s][info][gc,phases      ] GC(318) Phase 4: Move objects 0.097ms
[39.784s][info][gc,heap        ] GC(318) DefNew: 9215K->9044K(9216K)
[39.784s][info][gc,heap        ] GC(318) Tenured: 20479K->20479K(20480K)
[39.784s][info][gc,metaspace   ] GC(318) Metaspace: 56314K->56314K(1099776K)
[39.784s][info][gc             ] GC(318) Pause Full (Allocation Failure) 28M->28M(29M) 72.128ms
[39.784s][info][gc,cpu         ] GC(318) User=0.06s Sys=0.00s Real=0.07s
[39.788s][info][gc,start       ] GC(319) Pause Full (Allocation Failure)
[39.790s][info][gc,phases,start] GC(319) Phase 1: Mark live objects
[39.831s][info][gc,phases      ] GC(319) Phase 1: Mark live objects 41.272ms
[39.831s][info][gc,phases,start] GC(319) Phase 2: Compute new object addresses
[39.840s][info][gc,phases      ] GC(319) Phase 2: Compute new object addresses 8.901ms
[39.840s][info][gc,phases,start] GC(319) Phase 3: Adjust pointers
[39.864s][info][gc,phases      ] GC(319) Phase 3: Adjust pointers 23.623ms
[39.864s][info][gc,phases,start] GC(319) Phase 4: Move objects
[39.866s][info][gc,phases      ] GC(319) Phase 4: Move objects 2.419ms
[39.867s][info][gc,heap        ] GC(319) DefNew: 9215K->9066K(9216K)
[39.867s][info][gc,heap        ] GC(319) Tenured: 20479K->20479K(20480K)
[39.867s][info][gc,metaspace   ] GC(319) Metaspace: 56323K->56323K(1099776K)
[39.867s][info][gc             ] GC(319) Pause Full (Allocation Failure) 28M->28M(29M) 78.963ms
[39.867s][info][gc,cpu         ] GC(319) User=0.08s Sys=0.00s Real=0.08s
[39.871s][info][gc,start       ] GC(320) Pause Full (Allocation Failure)
[39.871s][info][gc,phases,start] GC(320) Phase 1: Mark live objects
[39.911s][info][gc,phases      ] GC(320) Phase 1: Mark live objects 39.880ms
[39.911s][info][gc,phases,start] GC(320) Phase 2: Compute new object addresses
[39.920s][info][gc,phases      ] GC(320) Phase 2: Compute new object addresses 8.815ms
[39.920s][info][gc,phases,start] GC(320) Phase 3: Adjust pointers
[39.942s][info][gc,phases      ] GC(320) Phase 3: Adjust pointers 22.288ms
[39.943s][info][gc,phases,start] GC(320) Phase 4: Move objects
[39.943s][info][gc,phases      ] GC(320) Phase 4: Move objects 0.101ms
[39.943s][info][gc,heap        ] GC(320) DefNew: 9215K->9082K(9216K)
[39.943s][info][gc,heap        ] GC(320) Tenured: 20479K->20479K(20480K)
[39.943s][info][gc,metaspace   ] GC(320) Metaspace: 56345K->56345K(1099776K)
[39.944s][info][gc             ] GC(320) Pause Full (Allocation Failure) 28M->28M(29M) 72.842ms
[39.944s][info][gc,cpu         ] GC(320) User=0.06s Sys=0.02s Real=0.07s
[39.947s][info][gc,start       ] GC(321) Pause Full (Allocation Failure)
[39.947s][info][gc,phases,start] GC(321) Phase 1: Mark live objects
[39.989s][info][gc,phases      ] GC(321) Phase 1: Mark live objects 41.814ms
[39.989s][info][gc,phases,start] GC(321) Phase 2: Compute new object addresses
[39.998s][info][gc,phases      ] GC(321) Phase 2: Compute new object addresses 8.893ms
[39.998s][info][gc,phases,start] GC(321) Phase 3: Adjust pointers
[40.021s][info][gc,phases      ] GC(321) Phase 3: Adjust pointers 22.962ms
[40.021s][info][gc,phases,start] GC(321) Phase 4: Move objects
[40.022s][info][gc,phases      ] GC(321) Phase 4: Move objects 0.819ms
[40.023s][info][gc,heap        ] GC(321) DefNew: 9215K->9102K(9216K)
[40.023s][info][gc,heap        ] GC(321) Tenured: 20479K->20479K(20480K)
[40.023s][info][gc,metaspace   ] GC(321) Metaspace: 56345K->56345K(1099776K)
[40.023s][info][gc             ] GC(321) Pause Full (Allocation Failure) 28M->28M(29M) 76.252ms
[40.023s][info][gc,cpu         ] GC(321) User=0.08s Sys=0.00s Real=0.08s
[40.027s][info][gc,start       ] GC(322) Pause Full (Allocation Failure)
[40.027s][info][gc,phases,start] GC(322) Phase 1: Mark live objects
[40.068s][info][gc,phases      ] GC(322) Phase 1: Mark live objects 40.947ms
[40.068s][info][gc,phases,start] GC(322) Phase 2: Compute new object addresses
[40.077s][info][gc,phases      ] GC(322) Phase 2: Compute new object addresses 8.708ms
[40.077s][info][gc,phases,start] GC(322) Phase 3: Adjust pointers
[40.100s][info][gc,phases      ] GC(322) Phase 3: Adjust pointers 22.722ms
[40.100s][info][gc,phases,start] GC(322) Phase 4: Move objects
[40.101s][info][gc,phases      ] GC(322) Phase 4: Move objects 0.804ms
[40.102s][info][gc,heap        ] GC(322) DefNew: 9215K->9118K(9216K)
[40.102s][info][gc,heap        ] GC(322) Tenured: 20479K->20479K(20480K)
[40.102s][info][gc,metaspace   ] GC(322) Metaspace: 56345K->56345K(1099776K)
[40.102s][info][gc             ] GC(322) Pause Full (Allocation Failure) 28M->28M(29M) 75.018ms
[40.102s][info][gc,cpu         ] GC(322) User=0.08s Sys=0.00s Real=0.08s
[40.104s][info][gc,start       ] GC(323) Pause Full (Allocation Failure)
[40.105s][info][gc,phases,start] GC(323) Phase 1: Mark live objects
[40.146s][info][gc,phases      ] GC(323) Phase 1: Mark live objects 41.306ms
[40.146s][info][gc,phases,start] GC(323) Phase 2: Compute new object addresses
[40.155s][info][gc,phases      ] GC(323) Phase 2: Compute new object addresses 8.739ms
[40.155s][info][gc,phases,start] GC(323) Phase 3: Adjust pointers
[40.180s][info][gc,phases      ] GC(323) Phase 3: Adjust pointers 24.615ms
[40.180s][info][gc,phases,start] GC(323) Phase 4: Move objects
[40.185s][info][gc,phases      ] GC(323) Phase 4: Move objects 5.169ms
[40.186s][info][gc,heap        ] GC(323) DefNew: 9215K->9103K(9216K)
[40.186s][info][gc,heap        ] GC(323) Tenured: 20479K->20480K(20480K)
[40.186s][info][gc,metaspace   ] GC(323) Metaspace: 56345K->56345K(1099776K)
[40.186s][info][gc             ] GC(323) Pause Full (Allocation Failure) 28M->28M(29M) 81.721ms
[40.186s][info][gc,cpu         ] GC(323) User=0.08s Sys=0.00s Real=0.08s
[40.204s][info][gc,start       ] GC(324) Pause Full (Allocation Failure)
[40.205s][info][gc,phases,start] GC(324) Phase 1: Mark live objects
[40.246s][info][gc,phases      ] GC(324) Phase 1: Mark live objects 41.484ms
[40.246s][info][gc,phases,start] GC(324) Phase 2: Compute new object addresses
[40.255s][info][gc,phases      ] GC(324) Phase 2: Compute new object addresses 8.604ms
[40.255s][info][gc,phases,start] GC(324) Phase 3: Adjust pointers
[40.278s][info][gc,phases      ] GC(324) Phase 3: Adjust pointers 23.141ms
[40.278s][info][gc,phases,start] GC(324) Phase 4: Move objects
[40.279s][info][gc,phases      ] GC(324) Phase 4: Move objects 0.835ms
[40.280s][info][gc,heap        ] GC(324) DefNew: 9216K->9113K(9216K)
[40.280s][info][gc,heap        ] GC(324) Tenured: 20480K->20480K(20480K)
[40.280s][info][gc,metaspace   ] GC(324) Metaspace: 56345K->56345K(1099776K)
[40.280s][info][gc             ] GC(324) Pause Full (Allocation Failure) 29M->28M(29M) 75.861ms
[40.280s][info][gc,cpu         ] GC(324) User=0.08s Sys=0.00s Real=0.08s
[40.282s][info][gc,start       ] GC(325) Pause Full (Allocation Failure)
[40.283s][info][gc,phases,start] GC(325) Phase 1: Mark live objects
[40.324s][info][gc,phases      ] GC(325) Phase 1: Mark live objects 41.597ms
[40.325s][info][gc,phases,start] GC(325) Phase 2: Compute new object addresses
[40.333s][info][gc,phases      ] GC(325) Phase 2: Compute new object addresses 8.875ms
[40.333s][info][gc,phases,start] GC(325) Phase 3: Adjust pointers
[40.357s][info][gc,phases      ] GC(325) Phase 3: Adjust pointers 23.437ms
[40.357s][info][gc,phases,start] GC(325) Phase 4: Move objects
[40.358s][info][gc,phases      ] GC(325) Phase 4: Move objects 1.314ms
[40.359s][info][gc,heap        ] GC(325) DefNew: 9216K->9125K(9216K)
[40.359s][info][gc,heap        ] GC(325) Tenured: 20480K->20480K(20480K)
[40.359s][info][gc,metaspace   ] GC(325) Metaspace: 56345K->56345K(1099776K)
[40.359s][info][gc             ] GC(325) Pause Full (Allocation Failure) 29M->28M(29M) 77.085ms
[40.359s][info][gc,cpu         ] GC(325) User=0.08s Sys=0.00s Real=0.08s
[40.361s][info][gc,start       ] GC(326) Pause Full (Allocation Failure)
[40.361s][info][gc,phases,start] GC(326) Phase 1: Mark live objects
[40.404s][info][gc,phases      ] GC(326) Phase 1: Mark live objects 42.723ms
[40.404s][info][gc,phases,start] GC(326) Phase 2: Compute new object addresses
[40.413s][info][gc,phases      ] GC(326) Phase 2: Compute new object addresses 9.183ms
[40.413s][info][gc,phases,start] GC(326) Phase 3: Adjust pointers
[40.437s][info][gc,phases      ] GC(326) Phase 3: Adjust pointers 23.817ms
[40.437s][info][gc,phases,start] GC(326) Phase 4: Move objects
[40.439s][info][gc,phases      ] GC(326) Phase 4: Move objects 1.504ms
[40.439s][info][gc,heap        ] GC(326) DefNew: 9215K->9152K(9216K)
[40.439s][info][gc,heap        ] GC(326) Tenured: 20480K->20480K(20480K)
[40.439s][info][gc,metaspace   ] GC(326) Metaspace: 56345K->56345K(1099776K)
[40.440s][info][gc             ] GC(326) Pause Full (Allocation Failure) 28M->28M(29M) 79.016ms
[40.440s][info][gc,cpu         ] GC(326) User=0.08s Sys=0.00s Real=0.08s
[40.441s][info][gc,start       ] GC(327) Pause Full (Allocation Failure)
[40.441s][info][gc,phases,start] GC(327) Phase 1: Mark live objects
[40.485s][info][gc,phases      ] GC(327) Phase 1: Mark live objects 43.281ms
[40.485s][info][gc,phases,start] GC(327) Phase 2: Compute new object addresses
[40.493s][info][gc,phases      ] GC(327) Phase 2: Compute new object addresses 8.612ms
[40.493s][info][gc,phases,start] GC(327) Phase 3: Adjust pointers
[40.518s][info][gc,phases      ] GC(327) Phase 3: Adjust pointers 24.497ms
[40.518s][info][gc,phases,start] GC(327) Phase 4: Move objects
[40.523s][info][gc,phases      ] GC(327) Phase 4: Move objects 5.158ms
[40.524s][info][gc,heap        ] GC(327) DefNew: 9215K->9180K(9216K)
[40.524s][info][gc,heap        ] GC(327) Tenured: 20480K->20479K(20480K)
[40.524s][info][gc,metaspace   ] GC(327) Metaspace: 56345K->56345K(1099776K)
[40.524s][info][gc             ] GC(327) Pause Full (Allocation Failure) 28M->28M(29M) 83.515ms
[40.524s][info][gc,cpu         ] GC(327) User=0.09s Sys=0.00s Real=0.08s
[40.525s][info][gc,start       ] GC(328) Pause Full (Allocation Failure)
[40.525s][info][gc,phases,start] GC(328) Phase 1: Mark live objects
[40.566s][info][gc,phases      ] GC(328) Phase 1: Mark live objects 40.468ms
[40.566s][info][gc,phases,start] GC(328) Phase 2: Compute new object addresses
[40.575s][info][gc,phases      ] GC(328) Phase 2: Compute new object addresses 8.867ms
[40.575s][info][gc,phases,start] GC(328) Phase 3: Adjust pointers
[40.598s][info][gc,phases      ] GC(328) Phase 3: Adjust pointers 23.532ms
[40.599s][info][gc,phases,start] GC(328) Phase 4: Move objects
[40.599s][info][gc,phases      ] GC(328) Phase 4: Move objects 0.203ms
[40.600s][info][gc,heap        ] GC(328) DefNew: 9215K->9166K(9216K)
[40.600s][info][gc,heap        ] GC(328) Tenured: 20479K->20479K(20480K)
[40.600s][info][gc,metaspace   ] GC(328) Metaspace: 56345K->56345K(1099776K)
[40.600s][info][gc             ] GC(328) Pause Full (Allocation Failure) 28M->28M(29M) 74.992ms
[40.600s][info][gc,cpu         ] GC(328) User=0.08s Sys=0.00s Real=0.07s
[40.601s][info][gc,start       ] GC(329) Pause Full (Allocation Failure)
[40.602s][info][gc,phases,start] GC(329) Phase 1: Mark live objects
[40.644s][info][gc,phases      ] GC(329) Phase 1: Mark live objects 42.768ms
[40.644s][info][gc,phases,start] GC(329) Phase 2: Compute new object addresses
[40.653s][info][gc,phases      ] GC(329) Phase 2: Compute new object addresses 8.829ms
[40.653s][info][gc,phases,start] GC(329) Phase 3: Adjust pointers
[40.676s][info][gc,phases      ] GC(329) Phase 3: Adjust pointers 22.757ms
[40.676s][info][gc,phases,start] GC(329) Phase 4: Move objects
[40.676s][info][gc,phases      ] GC(329) Phase 4: Move objects 0.053ms
[40.677s][info][gc,heap        ] GC(329) DefNew: 9215K->9185K(9216K)
[40.677s][info][gc,heap        ] GC(329) Tenured: 20479K->20479K(20480K)
[40.677s][info][gc,metaspace   ] GC(329) Metaspace: 56345K->56345K(1099776K)
[40.677s][info][gc             ] GC(329) Pause Full (Allocation Failure) 28M->28M(29M) 76.420ms
[40.677s][info][gc,cpu         ] GC(329) User=0.06s Sys=0.00s Real=0.08s
[40.678s][info][gc,start       ] GC(330) Pause Full (Allocation Failure)
[40.678s][info][gc,phases,start] GC(330) Phase 1: Mark live objects
[40.720s][info][gc,phases      ] GC(330) Phase 1: Mark live objects 42.187ms
[40.721s][info][gc,phases,start] GC(330) Phase 2: Compute new object addresses
[40.729s][info][gc,phases      ] GC(330) Phase 2: Compute new object addresses 8.631ms
[40.729s][info][gc,phases,start] GC(330) Phase 3: Adjust pointers
[40.753s][info][gc,phases      ] GC(330) Phase 3: Adjust pointers 23.422ms
[40.753s][info][gc,phases,start] GC(330) Phase 4: Move objects
[40.753s][info][gc,phases      ] GC(330) Phase 4: Move objects 0.126ms
[40.754s][info][gc,heap        ] GC(330) DefNew: 9216K->9183K(9216K)
[40.754s][info][gc,heap        ] GC(330) Tenured: 20479K->20479K(20480K)
[40.754s][info][gc,metaspace   ] GC(330) Metaspace: 56345K->56345K(1099776K)
[40.754s][info][gc             ] GC(330) Pause Full (Allocation Failure) 28M->28M(29M) 76.404ms
[40.754s][info][gc,cpu         ] GC(330) User=0.06s Sys=0.00s Real=0.08s
[40.755s][info][gc,start       ] GC(331) Pause Full (Allocation Failure)
[40.755s][info][gc,phases,start] GC(331) Phase 1: Mark live objects
[40.798s][info][gc,phases      ] GC(331) Phase 1: Mark live objects 43.219ms
[40.798s][info][gc,phases,start] GC(331) Phase 2: Compute new object addresses
[40.807s][info][gc,phases      ] GC(331) Phase 2: Compute new object addresses 8.695ms
[40.807s][info][gc,phases,start] GC(331) Phase 3: Adjust pointers
[40.830s][info][gc,phases      ] GC(331) Phase 3: Adjust pointers 23.159ms
[40.830s][info][gc,phases,start] GC(331) Phase 4: Move objects
[40.831s][info][gc,phases      ] GC(331) Phase 4: Move objects 0.668ms
[40.832s][info][gc,heap        ] GC(331) DefNew: 9215K->9197K(9216K)
[40.832s][info][gc,heap        ] GC(331) Tenured: 20479K->20479K(20480K)
[40.832s][info][gc,metaspace   ] GC(331) Metaspace: 56345K->56345K(1099776K)
[40.832s][info][gc             ] GC(331) Pause Full (Allocation Failure) 28M->28M(29M) 77.534ms
[40.832s][info][gc,cpu         ] GC(331) User=0.08s Sys=0.00s Real=0.08s
[40.832s][info][gc,start       ] GC(332) Pause Full (Allocation Failure)
[40.833s][info][gc,phases,start] GC(332) Phase 1: Mark live objects
[40.874s][info][gc,phases      ] GC(332) Phase 1: Mark live objects 41.306ms
[40.875s][info][gc,phases,start] GC(332) Phase 2: Compute new object addresses
[40.883s][info][gc,phases      ] GC(332) Phase 2: Compute new object addresses 8.813ms
[40.883s][info][gc,phases,start] GC(332) Phase 3: Adjust pointers
[40.906s][info][gc,phases      ] GC(332) Phase 3: Adjust pointers 22.987ms
[40.906s][info][gc,phases,start] GC(332) Phase 4: Move objects
[40.907s][info][gc,phases      ] GC(332) Phase 4: Move objects 0.151ms
[40.908s][info][gc,heap        ] GC(332) DefNew: 9215K->9203K(9216K)
[40.908s][info][gc,heap        ] GC(332) Tenured: 20479K->20479K(20480K)
[40.908s][info][gc,metaspace   ] GC(332) Metaspace: 56345K->56345K(1099776K)
[40.908s][info][gc             ] GC(332) Pause Full (Allocation Failure) 28M->28M(29M) 75.411ms
[40.908s][info][gc,cpu         ] GC(332) User=0.08s Sys=0.00s Real=0.08s
[40.908s][info][gc,start       ] GC(333) Pause Full (Allocation Failure)
[40.909s][info][gc,phases,start] GC(333) Phase 1: Mark live objects
[40.950s][info][gc,phases      ] GC(333) Phase 1: Mark live objects 41.428ms
[40.950s][info][gc,phases,start] GC(333) Phase 2: Compute new object addresses
[40.959s][info][gc,phases      ] GC(333) Phase 2: Compute new object addresses 8.465ms
[40.959s][info][gc,phases,start] GC(333) Phase 3: Adjust pointers
[40.984s][info][gc,phases      ] GC(333) Phase 3: Adjust pointers 25.383ms
[40.984s][info][gc,phases,start] GC(333) Phase 4: Move objects
[40.984s][info][gc,phases      ] GC(333) Phase 4: Move objects 0.105ms
[40.985s][info][gc,heap        ] GC(333) DefNew: 9215K->9207K(9216K)
[40.985s][info][gc,heap        ] GC(333) Tenured: 20479K->20479K(20480K)
[40.985s][info][gc,metaspace   ] GC(333) Metaspace: 56345K->56345K(1099776K)
[40.985s][info][gc             ] GC(333) Pause Full (Allocation Failure) 28M->28M(29M) 77.187ms
[40.985s][info][gc,cpu         ] GC(333) User=0.08s Sys=0.00s Real=0.08s
[40.986s][info][gc,start       ] GC(334) Pause Full (Allocation Failure)
[40.986s][info][gc,phases,start] GC(334) Phase 1: Mark live objects
[41.026s][info][gc,phases      ] GC(334) Phase 1: Mark live objects 40.016ms
[41.027s][info][gc,phases,start] GC(334) Phase 2: Compute new object addresses
[41.035s][info][gc,phases      ] GC(334) Phase 2: Compute new object addresses 8.555ms
[41.035s][info][gc,phases,start] GC(334) Phase 3: Adjust pointers
[41.058s][info][gc,phases      ] GC(334) Phase 3: Adjust pointers 22.573ms
[41.058s][info][gc,phases,start] GC(334) Phase 4: Move objects
[41.058s][info][gc,phases      ] GC(334) Phase 4: Move objects 0.141ms
[41.059s][info][gc,heap        ] GC(334) DefNew: 9215K->9208K(9216K)
[41.059s][info][gc,heap        ] GC(334) Tenured: 20479K->20479K(20480K)
[41.059s][info][gc,metaspace   ] GC(334) Metaspace: 56345K->56345K(1099776K)
[41.059s][info][gc             ] GC(334) Pause Full (Allocation Failure) 28M->28M(29M) 73.050ms
[41.059s][info][gc,cpu         ] GC(334) User=0.08s Sys=0.00s Real=0.07s
[41.059s][info][gc,start       ] GC(335) Pause Full (Allocation Failure)
[41.060s][info][gc,phases,start] GC(335) Phase 1: Mark live objects
[41.102s][info][gc,phases      ] GC(335) Phase 1: Mark live objects 42.480ms
[41.102s][info][gc,phases,start] GC(335) Phase 2: Compute new object addresses
[41.113s][info][gc,phases      ] GC(335) Phase 2: Compute new object addresses 10.817ms
[41.113s][info][gc,phases,start] GC(335) Phase 3: Adjust pointers
[41.138s][info][gc,phases      ] GC(335) Phase 3: Adjust pointers 24.847ms
[41.138s][info][gc,phases,start] GC(335) Phase 4: Move objects
[41.139s][info][gc,phases      ] GC(335) Phase 4: Move objects 0.662ms
[41.140s][info][gc,heap        ] GC(335) DefNew: 9215K->9209K(9216K)
[41.140s][info][gc,heap        ] GC(335) Tenured: 20479K->20479K(20480K)
[41.140s][info][gc,metaspace   ] GC(335) Metaspace: 56345K->56345K(1099776K)
[41.140s][info][gc             ] GC(335) Pause Full (Allocation Failure) 28M->28M(29M) 80.722ms
[41.140s][info][gc,cpu         ] GC(335) User=0.08s Sys=0.00s Real=0.08s
[41.141s][info][gc,start       ] GC(336) Pause Full (Allocation Failure)
[41.141s][info][gc,phases,start] GC(336) Phase 1: Mark live objects
[41.193s][info][gc,phases      ] GC(336) Phase 1: Mark live objects 52.294ms
[41.194s][info][gc,phases,start] GC(336) Phase 2: Compute new object addresses
[41.203s][info][gc,phases      ] GC(336) Phase 2: Compute new object addresses 9.007ms
[41.203s][info][gc,phases,start] GC(336) Phase 3: Adjust pointers
[41.226s][info][gc,phases      ] GC(336) Phase 3: Adjust pointers 23.194ms
[41.226s][info][gc,phases,start] GC(336) Phase 4: Move objects
[41.226s][info][gc,phases      ] GC(336) Phase 4: Move objects 0.152ms
[41.227s][info][gc,heap        ] GC(336) DefNew: 9216K->9192K(9216K)
[41.227s][info][gc,heap        ] GC(336) Tenured: 20479K->20479K(20480K)
[41.227s][info][gc,metaspace   ] GC(336) Metaspace: 56345K->56345K(1099776K)
[41.227s][info][gc             ] GC(336) Pause Full (Allocation Failure) 28M->28M(29M) 86.440ms
[41.227s][info][gc,cpu         ] GC(336) User=0.09s Sys=0.00s Real=0.09s
[41.228s][info][gc,start       ] GC(337) Pause Full (Allocation Failure)
[41.228s][info][gc,phases,start] GC(337) Phase 1: Mark live objects
[41.272s][info][gc,phases      ] GC(337) Phase 1: Mark live objects 43.491ms
[41.272s][info][gc,phases,start] GC(337) Phase 2: Compute new object addresses
[41.281s][info][gc,phases      ] GC(337) Phase 2: Compute new object addresses 8.801ms
[41.281s][info][gc,phases,start] GC(337) Phase 3: Adjust pointers
[41.304s][info][gc,phases      ] GC(337) Phase 3: Adjust pointers 23.366ms
[41.304s][info][gc,phases,start] GC(337) Phase 4: Move objects
[41.304s][info][gc,phases      ] GC(337) Phase 4: Move objects 0.157ms
[41.305s][info][gc,heap        ] GC(337) DefNew: 9216K->9197K(9216K)
[41.305s][info][gc,heap        ] GC(337) Tenured: 20480K->20480K(20480K)
[41.305s][info][gc,metaspace   ] GC(337) Metaspace: 56340K->56340K(1099776K)
[41.305s][info][gc             ] GC(337) Pause Full (Allocation Failure) 29M->28M(29M) 77.604ms
[41.305s][info][gc,cpu         ] GC(337) User=0.08s Sys=0.00s Real=0.08s
[41.306s][info][gc,start       ] GC(338) Pause Full (Allocation Failure)
[41.307s][info][gc,phases,start] GC(338) Phase 1: Mark live objects
[41.357s][info][gc,phases      ] GC(338) Phase 1: Mark live objects 50.167ms
[41.357s][info][gc,phases,start] GC(338) Phase 2: Compute new object addresses
[41.366s][info][gc,phases      ] GC(338) Phase 2: Compute new object addresses 8.582ms
[41.366s][info][gc,phases,start] GC(338) Phase 3: Adjust pointers
[41.389s][info][gc,phases      ] GC(338) Phase 3: Adjust pointers 22.879ms
[41.389s][info][gc,phases,start] GC(338) Phase 4: Move objects
[41.389s][info][gc,phases      ] GC(338) Phase 4: Move objects 0.308ms
[41.390s][info][gc,heap        ] GC(338) DefNew: 9215K->9167K(9216K)
[41.390s][info][gc,heap        ] GC(338) Tenured: 20480K->20480K(20480K)
[41.390s][info][gc,metaspace   ] GC(338) Metaspace: 56340K->56340K(1099776K)
[41.390s][info][gc             ] GC(338) Pause Full (Allocation Failure) 28M->28M(29M) 83.901ms
[41.390s][info][gc,cpu         ] GC(338) User=0.08s Sys=0.00s Real=0.08s
[41.391s][info][gc,start       ] GC(339) Pause Full (Allocation Failure)
[41.392s][info][gc,phases,start] GC(339) Phase 1: Mark live objects
[41.441s][info][gc,phases      ] GC(339) Phase 1: Mark live objects 49.344ms
[41.441s][info][gc,phases,start] GC(339) Phase 2: Compute new object addresses
[41.452s][info][gc,phases      ] GC(339) Phase 2: Compute new object addresses 10.788ms
[41.452s][info][gc,phases,start] GC(339) Phase 3: Adjust pointers
[41.477s][info][gc,phases      ] GC(339) Phase 3: Adjust pointers 25.074ms
[41.477s][info][gc,phases,start] GC(339) Phase 4: Move objects
[41.487s][info][gc,phases      ] GC(339) Phase 4: Move objects 9.829ms
[41.488s][info][gc,heap        ] GC(339) DefNew: 9215K->9135K(9216K)
[41.488s][info][gc,heap        ] GC(339) Tenured: 20480K->20480K(20480K)
[41.488s][info][gc,metaspace   ] GC(339) Metaspace: 56322K->56322K(1099776K)
[41.488s][info][gc             ] GC(339) Pause Full (Allocation Failure) 28M->28M(29M) 97.423ms
[41.488s][info][gc,cpu         ] GC(339) User=0.09s Sys=0.00s Real=0.10s
[41.490s][info][gc,start       ] GC(340) Pause Full (Allocation Failure)
[41.491s][info][gc,phases,start] GC(340) Phase 1: Mark live objects
[41.531s][info][gc,phases      ] GC(340) Phase 1: Mark live objects 40.054ms
[41.531s][info][gc,phases,start] GC(340) Phase 2: Compute new object addresses
[41.540s][info][gc,phases      ] GC(340) Phase 2: Compute new object addresses 8.769ms
[41.540s][info][gc,phases,start] GC(340) Phase 3: Adjust pointers
[41.564s][info][gc,phases      ] GC(340) Phase 3: Adjust pointers 24.152ms
[41.564s][info][gc,phases,start] GC(340) Phase 4: Move objects
[41.565s][info][gc,phases      ] GC(340) Phase 4: Move objects 1.265ms
[41.566s][info][gc,heap        ] GC(340) DefNew: 9215K->9095K(9216K)
[41.566s][info][gc,heap        ] GC(340) Tenured: 20480K->20480K(20480K)
[41.566s][info][gc,metaspace   ] GC(340) Metaspace: 56306K->56306K(1099776K)
[41.566s][info][gc             ] GC(340) Pause Full (Allocation Failure) 28M->28M(29M) 76.498ms
[41.567s][info][gc,cpu         ] GC(340) User=0.06s Sys=0.02s Real=0.08s
[41.568s][info][gc,start       ] GC(341) Pause Full (Allocation Failure)
[41.569s][info][gc,phases,start] GC(341) Phase 1: Mark live objects
[41.617s][info][gc,phases      ] GC(341) Phase 1: Mark live objects 48.311ms
[41.617s][info][gc,phases,start] GC(341) Phase 2: Compute new object addresses
[41.627s][info][gc,phases      ] GC(341) Phase 2: Compute new object addresses 10.121ms
[41.627s][info][gc,phases,start] GC(341) Phase 3: Adjust pointers
[41.658s][info][gc,phases      ] GC(341) Phase 3: Adjust pointers 31.220ms
[41.658s][info][gc,phases,start] GC(341) Phase 4: Move objects
[41.660s][info][gc,phases      ] GC(341) Phase 4: Move objects 1.364ms
[41.661s][info][gc,heap        ] GC(341) DefNew: 9215K->9109K(9216K)
[41.661s][info][gc,heap        ] GC(341) Tenured: 20480K->20480K(20480K)
[41.661s][info][gc,metaspace   ] GC(341) Metaspace: 56306K->56306K(1099776K)
[41.661s][info][gc             ] GC(341) Pause Full (Allocation Failure) 28M->28M(29M) 92.995ms
[41.661s][info][gc,cpu         ] GC(341) User=0.09s Sys=0.00s Real=0.09s
[41.663s][info][gc,start       ] GC(342) Pause Full (Allocation Failure)
[41.664s][info][gc,phases,start] GC(342) Phase 1: Mark live objects
[41.708s][info][gc,phases      ] GC(342) Phase 1: Mark live objects 43.296ms
[41.708s][info][gc,phases,start] GC(342) Phase 2: Compute new object addresses
[41.716s][info][gc,phases      ] GC(342) Phase 2: Compute new object addresses 8.783ms
[41.716s][info][gc,phases,start] GC(342) Phase 3: Adjust pointers
[41.740s][info][gc,phases      ] GC(342) Phase 3: Adjust pointers 23.950ms
[41.740s][info][gc,phases,start] GC(342) Phase 4: Move objects
[41.742s][info][gc,phases      ] GC(342) Phase 4: Move objects 1.123ms
[41.742s][info][gc,heap        ] GC(342) DefNew: 9216K->9115K(9216K)
[41.743s][info][gc,heap        ] GC(342) Tenured: 20480K->20480K(20480K)
[41.743s][info][gc,metaspace   ] GC(342) Metaspace: 56306K->56306K(1099776K)
[41.743s][info][gc             ] GC(342) Pause Full (Allocation Failure) 29M->28M(29M) 79.387ms
[41.743s][info][gc,cpu         ] GC(342) User=0.08s Sys=0.00s Real=0.08s
[41.744s][info][gc,start       ] GC(343) Pause Full (Allocation Failure)
[41.745s][info][gc,phases,start] GC(343) Phase 1: Mark live objects
[41.786s][info][gc,phases      ] GC(343) Phase 1: Mark live objects 40.758ms
[41.786s][info][gc,phases,start] GC(343) Phase 2: Compute new object addresses
[41.794s][info][gc,phases      ] GC(343) Phase 2: Compute new object addresses 8.475ms
[41.794s][info][gc,phases,start] GC(343) Phase 3: Adjust pointers
[41.818s][info][gc,phases      ] GC(343) Phase 3: Adjust pointers 23.874ms
[41.818s][info][gc,phases,start] GC(343) Phase 4: Move objects
[41.828s][info][gc,phases      ] GC(343) Phase 4: Move objects 9.708ms
[41.829s][info][gc,heap        ] GC(343) DefNew: 9216K->9125K(9216K)
[41.829s][info][gc,heap        ] GC(343) Tenured: 20480K->20480K(20480K)
[41.829s][info][gc,metaspace   ] GC(343) Metaspace: 56306K->56306K(1099776K)
[41.829s][info][gc             ] GC(343) Pause Full (Allocation Failure) 29M->28M(29M) 84.647ms
[41.829s][info][gc,cpu         ] GC(343) User=0.08s Sys=0.00s Real=0.08s
[41.830s][info][gc,start       ] GC(344) Pause Full (Allocation Failure)
[41.831s][info][gc,phases,start] GC(344) Phase 1: Mark live objects
[41.875s][info][gc,phases      ] GC(344) Phase 1: Mark live objects 43.562ms
[41.875s][info][gc,phases,start] GC(344) Phase 2: Compute new object addresses
[41.884s][info][gc,phases      ] GC(344) Phase 2: Compute new object addresses 8.735ms
[41.884s][info][gc,phases,start] GC(344) Phase 3: Adjust pointers
[41.907s][info][gc,phases      ] GC(344) Phase 3: Adjust pointers 23.680ms
[41.907s][info][gc,phases,start] GC(344) Phase 4: Move objects
[41.909s][info][gc,phases      ] GC(344) Phase 4: Move objects 1.421ms
[41.910s][info][gc,heap        ] GC(344) DefNew: 9215K->9116K(9216K)
[41.910s][info][gc,heap        ] GC(344) Tenured: 20480K->20480K(20480K)
[41.910s][info][gc,metaspace   ] GC(344) Metaspace: 56306K->56306K(1099776K)
[41.910s][info][gc             ] GC(344) Pause Full (Allocation Failure) 28M->28M(29M) 79.736ms
[41.910s][info][gc,cpu         ] GC(344) User=0.08s Sys=0.00s Real=0.08s
[41.911s][info][gc,start       ] GC(345) Pause Full (Allocation Failure)
[41.912s][info][gc,phases,start] GC(345) Phase 1: Mark live objects
[41.952s][info][gc,phases      ] GC(345) Phase 1: Mark live objects 39.687ms
[41.952s][info][gc,phases,start] GC(345) Phase 2: Compute new object addresses
[41.960s][info][gc,phases      ] GC(345) Phase 2: Compute new object addresses 8.371ms
[41.960s][info][gc,phases,start] GC(345) Phase 3: Adjust pointers
[41.984s][info][gc,phases      ] GC(345) Phase 3: Adjust pointers 23.788ms
[41.984s][info][gc,phases,start] GC(345) Phase 4: Move objects
[41.985s][info][gc,phases      ] GC(345) Phase 4: Move objects 1.209ms
[41.986s][info][gc,heap        ] GC(345) DefNew: 9215K->9112K(9216K)
[41.986s][info][gc,heap        ] GC(345) Tenured: 20480K->20480K(20480K)
[41.986s][info][gc,metaspace   ] GC(345) Metaspace: 56306K->56306K(1099776K)
[41.986s][info][gc             ] GC(345) Pause Full (Allocation Failure) 28M->28M(29M) 74.970ms
[41.986s][info][gc,cpu         ] GC(345) User=0.08s Sys=0.00s Real=0.08s
[41.988s][info][gc,start       ] GC(346) Pause Full (Allocation Failure)
[41.988s][info][gc,phases,start] GC(346) Phase 1: Mark live objects
[42.030s][info][gc,phases      ] GC(346) Phase 1: Mark live objects 41.591ms
[42.030s][info][gc,phases,start] GC(346) Phase 2: Compute new object addresses
[42.038s][info][gc,phases      ] GC(346) Phase 2: Compute new object addresses 8.577ms
[42.038s][info][gc,phases,start] GC(346) Phase 3: Adjust pointers
[42.062s][info][gc,phases      ] GC(346) Phase 3: Adjust pointers 23.793ms
[42.062s][info][gc,phases,start] GC(346) Phase 4: Move objects
[42.064s][info][gc,phases      ] GC(346) Phase 4: Move objects 1.222ms
[42.065s][info][gc,heap        ] GC(346) DefNew: 9215K->9123K(9216K)
[42.065s][info][gc,heap        ] GC(346) Tenured: 20480K->20480K(20480K)
[42.065s][info][gc,metaspace   ] GC(346) Metaspace: 56306K->56306K(1099776K)
[42.065s][info][gc             ] GC(346) Pause Full (Allocation Failure) 28M->28M(29M) 77.110ms
[42.065s][info][gc,cpu         ] GC(346) User=0.08s Sys=0.00s Real=0.08s
[42.066s][info][gc,start       ] GC(347) Pause Full (Allocation Failure)
[42.067s][info][gc,phases,start] GC(347) Phase 1: Mark live objects
[42.107s][info][gc,phases      ] GC(347) Phase 1: Mark live objects 40.909ms
[42.108s][info][gc,phases,start] GC(347) Phase 2: Compute new object addresses
[42.116s][info][gc,phases      ] GC(347) Phase 2: Compute new object addresses 8.754ms
[42.116s][info][gc,phases,start] GC(347) Phase 3: Adjust pointers
[42.139s][info][gc,phases      ] GC(347) Phase 3: Adjust pointers 22.983ms
[42.139s][info][gc,phases,start] GC(347) Phase 4: Move objects
[42.141s][info][gc,phases      ] GC(347) Phase 4: Move objects 1.133ms
[42.142s][info][gc,heap        ] GC(347) DefNew: 9215K->9154K(9216K)
[42.142s][info][gc,heap        ] GC(347) Tenured: 20480K->20480K(20480K)
[42.142s][info][gc,metaspace   ] GC(347) Metaspace: 56308K->56308K(1099776K)
[42.142s][info][gc             ] GC(347) Pause Full (Allocation Failure) 28M->28M(29M) 75.720ms
[42.142s][info][gc,cpu         ] GC(347) User=0.08s Sys=0.00s Real=0.08s
[42.142s][info][gc,start       ] GC(348) Pause Full (Allocation Failure)
[42.143s][info][gc,phases,start] GC(348) Phase 1: Mark live objects
[42.183s][info][gc,phases      ] GC(348) Phase 1: Mark live objects 40.393ms
[42.183s][info][gc,phases,start] GC(348) Phase 2: Compute new object addresses
[42.192s][info][gc,phases      ] GC(348) Phase 2: Compute new object addresses 8.766ms
[42.192s][info][gc,phases,start] GC(348) Phase 3: Adjust pointers
[42.215s][info][gc,phases      ] GC(348) Phase 3: Adjust pointers 22.663ms
[42.215s][info][gc,phases,start] GC(348) Phase 4: Move objects
[42.215s][info][gc,phases      ] GC(348) Phase 4: Move objects 0.083ms
[42.216s][info][gc,heap        ] GC(348) DefNew: 9216K->9181K(9216K)
[42.216s][info][gc,heap        ] GC(348) Tenured: 20480K->20480K(20480K)
[42.216s][info][gc,metaspace   ] GC(348) Metaspace: 56308K->56308K(1099776K)
[42.216s][info][gc             ] GC(348) Pause Full (Allocation Failure) 29M->28M(29M) 73.699ms
[42.216s][info][gc,cpu         ] GC(348) User=0.08s Sys=0.00s Real=0.07s
[42.217s][info][gc,start       ] GC(349) Pause Full (Allocation Failure)
[42.217s][info][gc,phases,start] GC(349) Phase 1: Mark live objects
[42.258s][info][gc,phases      ] GC(349) Phase 1: Mark live objects 40.692ms
[42.258s][info][gc,phases,start] GC(349) Phase 2: Compute new object addresses
[42.267s][info][gc,phases      ] GC(349) Phase 2: Compute new object addresses 8.637ms
[42.267s][info][gc,phases,start] GC(349) Phase 3: Adjust pointers
[42.289s][info][gc,phases      ] GC(349) Phase 3: Adjust pointers 22.210ms
[42.289s][info][gc,phases,start] GC(349) Phase 4: Move objects
[42.289s][info][gc,phases      ] GC(349) Phase 4: Move objects 0.038ms
[42.290s][info][gc,heap        ] GC(349) DefNew: 9215K->9183K(9216K)
[42.290s][info][gc,heap        ] GC(349) Tenured: 20480K->20480K(20480K)
[42.290s][info][gc,metaspace   ] GC(349) Metaspace: 56308K->56308K(1099776K)
[42.290s][info][gc             ] GC(349) Pause Full (Allocation Failure) 28M->28M(29M) 73.329ms
[42.290s][info][gc,cpu         ] GC(349) User=0.08s Sys=0.00s Real=0.07s
[42.290s][info][gc,start       ] GC(350) Pause Full (Allocation Failure)
[42.291s][info][gc,phases,start] GC(350) Phase 1: Mark live objects
[42.333s][info][gc,phases      ] GC(350) Phase 1: Mark live objects 41.722ms
[42.333s][info][gc,phases,start] GC(350) Phase 2: Compute new object addresses
[42.342s][info][gc,phases      ] GC(350) Phase 2: Compute new object addresses 8.597ms
[42.342s][info][gc,phases,start] GC(350) Phase 3: Adjust pointers
[42.365s][info][gc,phases      ] GC(350) Phase 3: Adjust pointers 23.742ms
[42.365s][info][gc,phases,start] GC(350) Phase 4: Move objects
[42.366s][info][gc,phases      ] GC(350) Phase 4: Move objects 0.192ms
[42.367s][info][gc,heap        ] GC(350) DefNew: 9215K->9195K(9216K)
[42.367s][info][gc,heap        ] GC(350) Tenured: 20480K->20480K(20480K)
[42.367s][info][gc,metaspace   ] GC(350) Metaspace: 56308K->56308K(1099776K)
[42.367s][info][gc             ] GC(350) Pause Full (Allocation Failure) 28M->28M(29M) 76.280ms
[42.367s][info][gc,cpu         ] GC(350) User=0.08s Sys=0.00s Real=0.08s
[42.367s][info][gc,start       ] GC(351) Pause Full (Allocation Failure)
[42.368s][info][gc,phases,start] GC(351) Phase 1: Mark live objects
[42.408s][info][gc,phases      ] GC(351) Phase 1: Mark live objects 40.180ms
[42.408s][info][gc,phases,start] GC(351) Phase 2: Compute new object addresses
[42.417s][info][gc,phases      ] GC(351) Phase 2: Compute new object addresses 8.809ms
[42.417s][info][gc,phases,start] GC(351) Phase 3: Adjust pointers
[42.439s][info][gc,phases      ] GC(351) Phase 3: Adjust pointers 22.153ms
[42.439s][info][gc,phases,start] GC(351) Phase 4: Move objects
[42.440s][info][gc,phases      ] GC(351) Phase 4: Move objects 0.166ms
[42.440s][info][gc,heap        ] GC(351) DefNew: 9215K->9202K(9216K)
[42.440s][info][gc,heap        ] GC(351) Tenured: 20480K->20480K(20480K)
[42.440s][info][gc,metaspace   ] GC(351) Metaspace: 56308K->56308K(1099776K)
[42.440s][info][gc             ] GC(351) Pause Full (Allocation Failure) 28M->28M(29M) 73.097ms
[42.440s][info][gc,cpu         ] GC(351) User=0.06s Sys=0.00s Real=0.07s
[42.441s][info][gc,start       ] GC(352) Pause Full (Allocation Failure)
[42.442s][info][gc,phases,start] GC(352) Phase 1: Mark live objects
[42.482s][info][gc,phases      ] GC(352) Phase 1: Mark live objects 40.768ms
[42.482s][info][gc,phases,start] GC(352) Phase 2: Compute new object addresses
[42.491s][info][gc,phases      ] GC(352) Phase 2: Compute new object addresses 8.691ms
[42.491s][info][gc,phases,start] GC(352) Phase 3: Adjust pointers
[42.514s][info][gc,phases      ] GC(352) Phase 3: Adjust pointers 22.478ms
[42.514s][info][gc,phases,start] GC(352) Phase 4: Move objects
[42.514s][info][gc,phases      ] GC(352) Phase 4: Move objects 0.169ms
[42.515s][info][gc,heap        ] GC(352) DefNew: 9216K->9205K(9216K)
[42.515s][info][gc,heap        ] GC(352) Tenured: 20480K->20480K(20480K)
[42.515s][info][gc,metaspace   ] GC(352) Metaspace: 56308K->56308K(1099776K)
[42.515s][info][gc             ] GC(352) Pause Full (Allocation Failure) 29M->28M(29M) 74.069ms
[42.515s][info][gc,cpu         ] GC(352) User=0.08s Sys=0.00s Real=0.07s
[42.515s][info][gc,start       ] GC(353) Pause Full (Allocation Failure)
[42.516s][info][gc,phases,start] GC(353) Phase 1: Mark live objects
[42.557s][info][gc,phases      ] GC(353) Phase 1: Mark live objects 40.392ms
[42.557s][info][gc,phases,start] GC(353) Phase 2: Compute new object addresses
[42.565s][info][gc,phases      ] GC(353) Phase 2: Compute new object addresses 8.605ms
[42.565s][info][gc,phases,start] GC(353) Phase 3: Adjust pointers
[42.587s][info][gc,phases      ] GC(353) Phase 3: Adjust pointers 21.930ms
[42.587s][info][gc,phases,start] GC(353) Phase 4: Move objects
[42.587s][info][gc,phases      ] GC(353) Phase 4: Move objects 0.083ms
[42.589s][info][gc,heap        ] GC(353) DefNew: 9215K->9192K(9216K)
[42.589s][info][gc,heap        ] GC(353) Tenured: 20480K->20480K(20480K)
[42.589s][info][gc,metaspace   ] GC(353) Metaspace: 56308K->56308K(1099776K)
[42.589s][info][gc             ] GC(353) Pause Full (Allocation Failure) 28M->28M(29M) 73.595ms
[42.589s][info][gc,cpu         ] GC(353) User=0.08s Sys=0.00s Real=0.07s
[42.589s][info][gc,start       ] GC(354) Pause Full (Allocation Failure)
[42.590s][info][gc,phases,start] GC(354) Phase 1: Mark live objects
[42.632s][info][gc,phases      ] GC(354) Phase 1: Mark live objects 41.574ms
[42.632s][info][gc,phases,start] GC(354) Phase 2: Compute new object addresses
[42.641s][info][gc,phases      ] GC(354) Phase 2: Compute new object addresses 8.823ms
[42.641s][info][gc,phases,start] GC(354) Phase 3: Adjust pointers
[42.664s][info][gc,phases      ] GC(354) Phase 3: Adjust pointers 23.552ms
[42.664s][info][gc,phases,start] GC(354) Phase 4: Move objects
[42.664s][info][gc,phases      ] GC(354) Phase 4: Move objects 0.084ms
[42.665s][info][gc,heap        ] GC(354) DefNew: 9215K->9198K(9216K)
[42.665s][info][gc,heap        ] GC(354) Tenured: 20480K->20480K(20480K)
[42.665s][info][gc,metaspace   ] GC(354) Metaspace: 56308K->56308K(1099776K)
[42.665s][info][gc             ] GC(354) Pause Full (Allocation Failure) 28M->28M(29M) 76.009ms
[42.666s][info][gc,cpu         ] GC(354) User=0.08s Sys=0.00s Real=0.08s
[42.666s][info][gc,start       ] GC(355) Pause Full (Allocation Failure)
[42.667s][info][gc,phases,start] GC(355) Phase 1: Mark live objects
[42.708s][info][gc,phases      ] GC(355) Phase 1: Mark live objects 41.885ms
[42.708s][info][gc,phases,start] GC(355) Phase 2: Compute new object addresses
[42.717s][info][gc,phases      ] GC(355) Phase 2: Compute new object addresses 8.830ms
[42.717s][info][gc,phases,start] GC(355) Phase 3: Adjust pointers
[42.741s][info][gc,phases      ] GC(355) Phase 3: Adjust pointers 23.780ms
[42.741s][info][gc,phases,start] GC(355) Phase 4: Move objects
[42.744s][info][gc,phases      ] GC(355) Phase 4: Move objects 2.826ms
[42.745s][info][gc,heap        ] GC(355) DefNew: 9215K->9203K(9216K)
[42.745s][info][gc,heap        ] GC(355) Tenured: 20480K->20479K(20480K)
[42.745s][info][gc,metaspace   ] GC(355) Metaspace: 56308K->56308K(1099776K)
[42.745s][info][gc             ] GC(355) Pause Full (Allocation Failure) 28M->28M(29M) 79.109ms
[42.745s][info][gc,cpu         ] GC(355) User=0.08s Sys=0.00s Real=0.08s
[42.745s][info][gc,start       ] GC(356) Pause Full (Allocation Failure)
[42.746s][info][gc,phases,start] GC(356) Phase 1: Mark live objects
[42.787s][info][gc,phases      ] GC(356) Phase 1: Mark live objects 40.894ms
[42.787s][info][gc,phases,start] GC(356) Phase 2: Compute new object addresses
[42.796s][info][gc,phases      ] GC(356) Phase 2: Compute new object addresses 8.568ms
[42.796s][info][gc,phases,start] GC(356) Phase 3: Adjust pointers
[42.818s][info][gc,phases      ] GC(356) Phase 3: Adjust pointers 22.723ms
[42.819s][info][gc,phases,start] GC(356) Phase 4: Move objects
[42.819s][info][gc,phases      ] GC(356) Phase 4: Move objects 0.081ms
[42.819s][info][gc,heap        ] GC(356) DefNew: 9215K->9202K(9216K)
[42.819s][info][gc,heap        ] GC(356) Tenured: 20480K->20480K(20480K)
[42.819s][info][gc,metaspace   ] GC(356) Metaspace: 56308K->56308K(1099776K)
[42.820s][info][gc             ] GC(356) Pause Full (Allocation Failure) 28M->28M(29M) 74.088ms
[42.820s][info][gc,cpu         ] GC(356) User=0.08s Sys=0.00s Real=0.07s
[42.820s][info][gc,start       ] GC(357) Pause Full (Allocation Failure)
[42.821s][info][gc,phases,start] GC(357) Phase 1: Mark live objects
[42.864s][info][gc,phases      ] GC(357) Phase 1: Mark live objects 42.915ms
[42.864s][info][gc,phases,start] GC(357) Phase 2: Compute new object addresses
[42.875s][info][gc,phases      ] GC(357) Phase 2: Compute new object addresses 11.656ms
[42.875s][info][gc,phases,start] GC(357) Phase 3: Adjust pointers
[42.905s][info][gc,phases      ] GC(357) Phase 3: Adjust pointers 29.502ms
[42.905s][info][gc,phases,start] GC(357) Phase 4: Move objects
[42.905s][info][gc,phases      ] GC(357) Phase 4: Move objects 0.038ms
[42.906s][info][gc,heap        ] GC(357) DefNew: 9216K->9208K(9216K)
[42.906s][info][gc,heap        ] GC(357) Tenured: 20480K->20480K(20480K)
[42.906s][info][gc,metaspace   ] GC(357) Metaspace: 56308K->56308K(1099776K)
[42.906s][info][gc             ] GC(357) Pause Full (Allocation Failure) 29M->28M(29M) 85.876ms
[42.906s][info][gc,cpu         ] GC(357) User=0.08s Sys=0.00s Real=0.08s
[42.906s][info][gc,start       ] GC(358) Pause Full (Allocation Failure)
[42.907s][info][gc,phases,start] GC(358) Phase 1: Mark live objects
[42.948s][info][gc,phases      ] GC(358) Phase 1: Mark live objects 41.596ms
[42.949s][info][gc,phases,start] GC(358) Phase 2: Compute new object addresses
[42.957s][info][gc,phases      ] GC(358) Phase 2: Compute new object addresses 8.532ms
[42.957s][info][gc,phases,start] GC(358) Phase 3: Adjust pointers
[42.979s][info][gc,phases      ] GC(358) Phase 3: Adjust pointers 22.252ms
[42.979s][info][gc,phases,start] GC(358) Phase 4: Move objects
[42.980s][info][gc,phases      ] GC(358) Phase 4: Move objects 0.090ms
[42.980s][info][gc,heap        ] GC(358) DefNew: 9215K->9209K(9216K)
[42.980s][info][gc,heap        ] GC(358) Tenured: 20480K->20480K(20480K)
[42.980s][info][gc,metaspace   ] GC(358) Metaspace: 56308K->56308K(1099776K)
[42.980s][info][gc             ] GC(358) Pause Full (Allocation Failure) 28M->28M(29M) 74.092ms
[42.980s][info][gc,cpu         ] GC(358) User=0.08s Sys=0.00s Real=0.07s
[42.981s][info][gc,start       ] GC(359) Pause Full (Allocation Failure)
[42.982s][info][gc,phases,start] GC(359) Phase 1: Mark live objects
[43.025s][info][gc,phases      ] GC(359) Phase 1: Mark live objects 43.313ms
[43.025s][info][gc,phases,start] GC(359) Phase 2: Compute new object addresses
[43.034s][info][gc,phases      ] GC(359) Phase 2: Compute new object addresses 8.739ms
[43.034s][info][gc,phases,start] GC(359) Phase 3: Adjust pointers
[43.057s][info][gc,phases      ] GC(359) Phase 3: Adjust pointers 22.892ms
[43.057s][info][gc,phases,start] GC(359) Phase 4: Move objects
[43.057s][info][gc,phases      ] GC(359) Phase 4: Move objects 0.067ms
[43.058s][info][gc,heap        ] GC(359) DefNew: 9215K->9187K(9216K)
[43.058s][info][gc,heap        ] GC(359) Tenured: 20480K->20479K(20480K)
[43.058s][info][gc,metaspace   ] GC(359) Metaspace: 56308K->56308K(1099776K)
[43.058s][info][gc             ] GC(359) Pause Full (Allocation Failure) 28M->28M(29M) 76.842ms
[43.058s][info][gc,cpu         ] GC(359) User=0.08s Sys=0.00s Real=0.08s
[43.059s][info][gc,start       ] GC(360) Pause Full (Allocation Failure)
[43.059s][info][gc,phases,start] GC(360) Phase 1: Mark live objects
[43.099s][info][gc,phases      ] GC(360) Phase 1: Mark live objects 40.116ms
[43.099s][info][gc,phases,start] GC(360) Phase 2: Compute new object addresses
[43.108s][info][gc,phases      ] GC(360) Phase 2: Compute new object addresses 8.598ms
[43.108s][info][gc,phases,start] GC(360) Phase 3: Adjust pointers
[43.131s][info][gc,phases      ] GC(360) Phase 3: Adjust pointers 23.117ms
[43.131s][info][gc,phases,start] GC(360) Phase 4: Move objects
[43.132s][info][gc,phases      ] GC(360) Phase 4: Move objects 0.384ms
[43.133s][info][gc,heap        ] GC(360) DefNew: 9216K->9186K(9216K)
[43.133s][info][gc,heap        ] GC(360) Tenured: 20479K->20479K(20480K)
[43.133s][info][gc,metaspace   ] GC(360) Metaspace: 56308K->56308K(1099776K)
[43.133s][info][gc             ] GC(360) Pause Full (Allocation Failure) 28M->28M(29M) 74.220ms
[43.133s][info][gc,cpu         ] GC(360) User=0.08s Sys=0.00s Real=0.08s
[43.133s][info][gc,start       ] GC(361) Pause Full (Allocation Failure)
[43.134s][info][gc,phases,start] GC(361) Phase 1: Mark live objects
[43.174s][info][gc,phases      ] GC(361) Phase 1: Mark live objects 40.084ms
[43.174s][info][gc,phases,start] GC(361) Phase 2: Compute new object addresses
[43.183s][info][gc,phases      ] GC(361) Phase 2: Compute new object addresses 8.892ms
[43.183s][info][gc,phases,start] GC(361) Phase 3: Adjust pointers
[43.207s][info][gc,phases      ] GC(361) Phase 3: Adjust pointers 24.003ms
[43.207s][info][gc,phases,start] GC(361) Phase 4: Move objects
[43.209s][info][gc,phases      ] GC(361) Phase 4: Move objects 1.519ms
[43.210s][info][gc,heap        ] GC(361) DefNew: 9215K->9182K(9216K)
[43.210s][info][gc,heap        ] GC(361) Tenured: 20479K->20479K(20480K)
[43.210s][info][gc,metaspace   ] GC(361) Metaspace: 56308K->56308K(1099776K)
[43.210s][info][gc             ] GC(361) Pause Full (Allocation Failure) 28M->28M(29M) 76.477ms
[43.210s][info][gc,cpu         ] GC(361) User=0.06s Sys=0.02s Real=0.08s
[43.211s][info][gc,start       ] GC(362) Pause Full (Allocation Failure)
[43.212s][info][gc,phases,start] GC(362) Phase 1: Mark live objects
[43.252s][info][gc,phases      ] GC(362) Phase 1: Mark live objects 40.432ms
[43.252s][info][gc,phases,start] GC(362) Phase 2: Compute new object addresses
[43.265s][info][gc,phases      ] GC(362) Phase 2: Compute new object addresses 13.141ms
[43.265s][info][gc,phases,start] GC(362) Phase 3: Adjust pointers
[43.302s][info][gc,phases      ] GC(362) Phase 3: Adjust pointers 36.980ms
[43.303s][info][gc,phases,start] GC(362) Phase 4: Move objects
[43.303s][info][gc,phases      ] GC(362) Phase 4: Move objects 0.140ms
[43.303s][info][gc,heap        ] GC(362) DefNew: 9216K->9178K(9216K)
[43.303s][info][gc,heap        ] GC(362) Tenured: 20479K->20479K(20480K)
[43.303s][info][gc,metaspace   ] GC(362) Metaspace: 56308K->56308K(1099776K)
[43.304s][info][gc             ] GC(362) Pause Full (Allocation Failure) 28M->28M(29M) 92.463ms
[43.304s][info][gc,cpu         ] GC(362) User=0.09s Sys=0.00s Real=0.09s
[43.304s][info][gc,start       ] GC(363) Pause Full (Allocation Failure)
[43.305s][info][gc,phases,start] GC(363) Phase 1: Mark live objects
[43.354s][info][gc,phases      ] GC(363) Phase 1: Mark live objects 49.266ms
[43.354s][info][gc,phases,start] GC(363) Phase 2: Compute new object addresses
[43.363s][info][gc,phases      ] GC(363) Phase 2: Compute new object addresses 8.558ms
[43.363s][info][gc,phases,start] GC(363) Phase 3: Adjust pointers
[43.386s][info][gc,phases      ] GC(363) Phase 3: Adjust pointers 22.903ms
[43.386s][info][gc,phases,start] GC(363) Phase 4: Move objects
[43.386s][info][gc,phases      ] GC(363) Phase 4: Move objects 0.081ms
[43.387s][info][gc,heap        ] GC(363) DefNew: 9215K->9177K(9216K)
[43.387s][info][gc,heap        ] GC(363) Tenured: 20479K->20479K(20480K)
[43.387s][info][gc,metaspace   ] GC(363) Metaspace: 56308K->56308K(1099776K)
[43.387s][info][gc             ] GC(363) Pause Full (Allocation Failure) 28M->28M(29M) 82.984ms
[43.387s][info][gc,cpu         ] GC(363) User=0.08s Sys=0.00s Real=0.08s
[43.388s][info][gc,start       ] GC(364) Pause Full (Allocation Failure)
[43.389s][info][gc,phases,start] GC(364) Phase 1: Mark live objects
[43.429s][info][gc,phases      ] GC(364) Phase 1: Mark live objects 39.971ms
[43.429s][info][gc,phases,start] GC(364) Phase 2: Compute new object addresses
[43.438s][info][gc,phases      ] GC(364) Phase 2: Compute new object addresses 8.605ms
[43.438s][info][gc,phases,start] GC(364) Phase 3: Adjust pointers
[43.460s][info][gc,phases      ] GC(364) Phase 3: Adjust pointers 22.610ms
[43.460s][info][gc,phases,start] GC(364) Phase 4: Move objects
[43.462s][info][gc,phases      ] GC(364) Phase 4: Move objects 1.210ms
[43.462s][info][gc,heap        ] GC(364) DefNew: 9215K->9175K(9216K)
[43.462s][info][gc,heap        ] GC(364) Tenured: 20479K->20479K(20480K)
[43.462s][info][gc,metaspace   ] GC(364) Metaspace: 56308K->56308K(1099776K)
[43.462s][info][gc             ] GC(364) Pause Full (Allocation Failure) 28M->28M(29M) 74.120ms
[43.462s][info][gc,cpu         ] GC(364) User=0.08s Sys=0.00s Real=0.07s
[43.463s][info][gc,start       ] GC(365) Pause Full (Allocation Failure)
[43.464s][info][gc,phases,start] GC(365) Phase 1: Mark live objects
[43.504s][info][gc,phases      ] GC(365) Phase 1: Mark live objects 40.382ms
[43.504s][info][gc,phases,start] GC(365) Phase 2: Compute new object addresses
[43.513s][info][gc,phases      ] GC(365) Phase 2: Compute new object addresses 8.616ms
[43.513s][info][gc,phases,start] GC(365) Phase 3: Adjust pointers
[43.536s][info][gc,phases      ] GC(365) Phase 3: Adjust pointers 23.290ms
[43.536s][info][gc,phases,start] GC(365) Phase 4: Move objects
[43.538s][info][gc,phases      ] GC(365) Phase 4: Move objects 1.148ms
[43.538s][info][gc,heap        ] GC(365) DefNew: 9215K->9186K(9216K)
[43.538s][info][gc,heap        ] GC(365) Tenured: 20479K->20479K(20480K)
[43.538s][info][gc,metaspace   ] GC(365) Metaspace: 56308K->56308K(1099776K)
[43.538s][info][gc             ] GC(365) Pause Full (Allocation Failure) 28M->28M(29M) 75.259ms
[43.539s][info][gc,cpu         ] GC(365) User=0.08s Sys=0.00s Real=0.08s
[43.539s][info][gc,start       ] GC(366) Pause Full (Allocation Failure)
[43.540s][info][gc,phases,start] GC(366) Phase 1: Mark live objects
[43.581s][info][gc,phases      ] GC(366) Phase 1: Mark live objects 40.579ms
[43.581s][info][gc,phases,start] GC(366) Phase 2: Compute new object addresses
[43.591s][info][gc,phases      ] GC(366) Phase 2: Compute new object addresses 10.102ms
[43.591s][info][gc,phases,start] GC(366) Phase 3: Adjust pointers
[43.616s][info][gc,phases      ] GC(366) Phase 3: Adjust pointers 25.160ms
[43.616s][info][gc,phases,start] GC(366) Phase 4: Move objects
[43.617s][info][gc,phases      ] GC(366) Phase 4: Move objects 1.240ms
[43.618s][info][gc,heap        ] GC(366) DefNew: 9215K->9181K(9216K)
[43.618s][info][gc,heap        ] GC(366) Tenured: 20480K->20480K(20480K)
[43.618s][info][gc,metaspace   ] GC(366) Metaspace: 56308K->56308K(1099776K)
[43.618s][info][gc             ] GC(366) Pause Full (Allocation Failure) 28M->28M(29M) 78.932ms
[43.618s][info][gc,cpu         ] GC(366) User=0.08s Sys=0.00s Real=0.08s
[43.619s][info][gc,start       ] GC(367) Pause Full (Allocation Failure)
[43.620s][info][gc,phases,start] GC(367) Phase 1: Mark live objects
[43.665s][info][gc,phases      ] GC(367) Phase 1: Mark live objects 45.617ms
[43.665s][info][gc,phases,start] GC(367) Phase 2: Compute new object addresses
[43.674s][info][gc,phases      ] GC(367) Phase 2: Compute new object addresses 8.627ms
[43.674s][info][gc,phases,start] GC(367) Phase 3: Adjust pointers
[43.697s][info][gc,phases      ] GC(367) Phase 3: Adjust pointers 23.200ms
[43.697s][info][gc,phases,start] GC(367) Phase 4: Move objects
[43.699s][info][gc,phases      ] GC(367) Phase 4: Move objects 1.166ms
[43.699s][info][gc,heap        ] GC(367) DefNew: 9215K->9195K(9216K)
[43.699s][info][gc,heap        ] GC(367) Tenured: 20480K->20479K(20480K)
[43.699s][info][gc,metaspace   ] GC(367) Metaspace: 56308K->56308K(1099776K)
[43.700s][info][gc             ] GC(367) Pause Full (Allocation Failure) 28M->28M(29M) 80.471ms
[43.700s][info][gc,cpu         ] GC(367) User=0.08s Sys=0.00s Real=0.08s
[43.700s][info][gc,start       ] GC(368) Pause Full (Allocation Failure)
[43.701s][info][gc,phases,start] GC(368) Phase 1: Mark live objects
[43.740s][info][gc,phases      ] GC(368) Phase 1: Mark live objects 39.382ms
[43.740s][info][gc,phases,start] GC(368) Phase 2: Compute new object addresses
[43.749s][info][gc,phases      ] GC(368) Phase 2: Compute new object addresses 8.593ms
[43.749s][info][gc,phases,start] GC(368) Phase 3: Adjust pointers
[43.772s][info][gc,phases      ] GC(368) Phase 3: Adjust pointers 22.828ms
[43.772s][info][gc,phases,start] GC(368) Phase 4: Move objects
[43.773s][info][gc,phases      ] GC(368) Phase 4: Move objects 1.131ms
[43.774s][info][gc,heap        ] GC(368) DefNew: 9215K->9190K(9216K)
[43.774s][info][gc,heap        ] GC(368) Tenured: 20479K->20479K(20480K)
[43.774s][info][gc,metaspace   ] GC(368) Metaspace: 56308K->56308K(1099776K)
[43.774s][info][gc             ] GC(368) Pause Full (Allocation Failure) 28M->28M(29M) 73.754ms
[43.774s][info][gc,cpu         ] GC(368) User=0.08s Sys=0.00s Real=0.08s
[43.775s][info][gc,start       ] GC(369) Pause Full (Allocation Failure)
[43.775s][info][gc,phases,start] GC(369) Phase 1: Mark live objects
[43.815s][info][gc,phases      ] GC(369) Phase 1: Mark live objects 39.948ms
[43.815s][info][gc,phases,start] GC(369) Phase 2: Compute new object addresses
[43.824s][info][gc,phases      ] GC(369) Phase 2: Compute new object addresses 8.724ms
[43.824s][info][gc,phases,start] GC(369) Phase 3: Adjust pointers
[43.847s][info][gc,phases      ] GC(369) Phase 3: Adjust pointers 22.797ms
[43.847s][info][gc,phases,start] GC(369) Phase 4: Move objects
[43.848s][info][gc,phases      ] GC(369) Phase 4: Move objects 1.149ms
[43.849s][info][gc,heap        ] GC(369) DefNew: 9215K->9186K(9216K)
[43.849s][info][gc,heap        ] GC(369) Tenured: 20479K->20479K(20480K)
[43.849s][info][gc,metaspace   ] GC(369) Metaspace: 56308K->56308K(1099776K)
[43.849s][info][gc             ] GC(369) Pause Full (Allocation Failure) 28M->28M(29M) 74.315ms
[43.849s][info][gc,cpu         ] GC(369) User=0.06s Sys=0.00s Real=0.07s
[43.850s][info][gc,start       ] GC(370) Pause Full (Allocation Failure)
[43.850s][info][gc,phases,start] GC(370) Phase 1: Mark live objects
[43.891s][info][gc,phases      ] GC(370) Phase 1: Mark live objects 40.378ms
[43.891s][info][gc,phases,start] GC(370) Phase 2: Compute new object addresses
[43.899s][info][gc,phases      ] GC(370) Phase 2: Compute new object addresses 8.688ms
[43.899s][info][gc,phases,start] GC(370) Phase 3: Adjust pointers
[43.922s][info][gc,phases      ] GC(370) Phase 3: Adjust pointers 22.952ms
[43.922s][info][gc,phases,start] GC(370) Phase 4: Move objects
[43.924s][info][gc,phases      ] GC(370) Phase 4: Move objects 1.120ms
[43.924s][info][gc,heap        ] GC(370) DefNew: 9215K->9198K(9216K)
[43.925s][info][gc,heap        ] GC(370) Tenured: 20479K->20479K(20480K)
[43.925s][info][gc,metaspace   ] GC(370) Metaspace: 56308K->56308K(1099776K)
[43.925s][info][gc             ] GC(370) Pause Full (Allocation Failure) 28M->28M(29M) 75.019ms
[43.925s][info][gc,cpu         ] GC(370) User=0.08s Sys=0.00s Real=0.08s
[43.925s][info][gc,start       ] GC(371) Pause Full (Allocation Failure)
[43.926s][info][gc,phases,start] GC(371) Phase 1: Mark live objects
[43.971s][info][gc,phases      ] GC(371) Phase 1: Mark live objects 45.155ms
[43.971s][info][gc,phases,start] GC(371) Phase 2: Compute new object addresses
[43.983s][info][gc,phases      ] GC(371) Phase 2: Compute new object addresses 12.209ms
[43.984s][info][gc,phases,start] GC(371) Phase 3: Adjust pointers
[44.019s][info][gc,phases      ] GC(371) Phase 3: Adjust pointers 35.017ms
[44.019s][info][gc,phases,start] GC(371) Phase 4: Move objects
[44.020s][info][gc,phases      ] GC(371) Phase 4: Move objects 1.623ms
[44.022s][info][gc,heap        ] GC(371) DefNew: 9215K->9192K(9216K)
[44.022s][info][gc,heap        ] GC(371) Tenured: 20479K->20479K(20480K)
[44.022s][info][gc,metaspace   ] GC(371) Metaspace: 56308K->56308K(1099776K)
[44.022s][info][gc             ] GC(371) Pause Full (Allocation Failure) 28M->28M(29M) 96.799ms
[44.022s][info][gc,cpu         ] GC(371) User=0.11s Sys=0.00s Real=0.10s
[44.023s][info][gc,start       ] GC(372) Pause Full (Allocation Failure)
[44.024s][info][gc,phases,start] GC(372) Phase 1: Mark live objects
[44.103s][info][gc,phases      ] GC(372) Phase 1: Mark live objects 78.875ms
[44.103s][info][gc,phases,start] GC(372) Phase 2: Compute new object addresses
[44.118s][info][gc,phases      ] GC(372) Phase 2: Compute new object addresses 15.342ms
[44.118s][info][gc,phases,start] GC(372) Phase 3: Adjust pointers
[44.154s][info][gc,phases      ] GC(372) Phase 3: Adjust pointers 35.219ms
[44.154s][info][gc,phases,start] GC(372) Phase 4: Move objects
[44.156s][info][gc,phases      ] GC(372) Phase 4: Move objects 1.953ms
[44.157s][info][gc,heap        ] GC(372) DefNew: 9215K->9200K(9216K)
[44.157s][info][gc,heap        ] GC(372) Tenured: 20479K->20479K(20480K)
[44.157s][info][gc,metaspace   ] GC(372) Metaspace: 56308K->56308K(1099776K)
[44.157s][info][gc             ] GC(372) Pause Full (Allocation Failure) 28M->28M(29M) 134.551ms
[44.158s][info][gc,cpu         ] GC(372) User=0.13s Sys=0.00s Real=0.14s
[44.160s][info][gc,start       ] GC(373) Pause Full (Allocation Failure)
[44.161s][info][gc,phases,start] GC(373) Phase 1: Mark live objects
[44.231s][info][gc,phases      ] GC(373) Phase 1: Mark live objects 70.517ms
[44.231s][info][gc,phases,start] GC(373) Phase 2: Compute new object addresses
[44.243s][info][gc,phases      ] GC(373) Phase 2: Compute new object addresses 11.559ms
[44.243s][info][gc,phases,start] GC(373) Phase 3: Adjust pointers
[44.279s][info][gc,phases      ] GC(373) Phase 3: Adjust pointers 35.770ms
[44.279s][info][gc,phases,start] GC(373) Phase 4: Move objects
[44.281s][info][gc,phases      ] GC(373) Phase 4: Move objects 1.914ms
[44.283s][info][gc,heap        ] GC(373) DefNew: 9215K->9205K(9216K)
[44.283s][info][gc,heap        ] GC(373) Tenured: 20479K->20479K(20480K)
[44.283s][info][gc,metaspace   ] GC(373) Metaspace: 56308K->56308K(1099776K)
[44.283s][info][gc             ] GC(373) Pause Full (Allocation Failure) 28M->28M(29M) 123.855ms
[44.283s][info][gc,cpu         ] GC(373) User=0.13s Sys=0.00s Real=0.12s
[44.285s][info][gc,start       ] GC(374) Pause Full (Allocation Failure)
[44.285s][info][gc,phases,start] GC(374) Phase 1: Mark live objects
[44.355s][info][gc,phases      ] GC(374) Phase 1: Mark live objects 69.568ms
[44.355s][info][gc,phases,start] GC(374) Phase 2: Compute new object addresses
[44.368s][info][gc,phases      ] GC(374) Phase 2: Compute new object addresses 12.420ms
[44.368s][info][gc,phases,start] GC(374) Phase 3: Adjust pointers
[44.392s][info][gc,phases      ] GC(374) Phase 3: Adjust pointers 24.254ms
[44.392s][info][gc,phases,start] GC(374) Phase 4: Move objects
[44.393s][info][gc,phases      ] GC(374) Phase 4: Move objects 1.107ms
[44.394s][info][gc,heap        ] GC(374) DefNew: 9215K->9096K(9216K)
[44.394s][info][gc,heap        ] GC(374) Tenured: 20479K->20479K(20480K)
[44.394s][info][gc,metaspace   ] GC(374) Metaspace: 56308K->56308K(1099776K)
[44.394s][info][gc             ] GC(374) Pause Full (Allocation Failure) 28M->28M(29M) 109.718ms
[44.394s][info][gc,cpu         ] GC(374) User=0.11s Sys=0.00s Real=0.11s
[44.396s][info][gc,start       ] GC(375) Pause Full (Allocation Failure)
[44.397s][info][gc,phases,start] GC(375) Phase 1: Mark live objects
[44.458s][info][gc,phases      ] GC(375) Phase 1: Mark live objects 61.358ms
[44.458s][info][gc,phases,start] GC(375) Phase 2: Compute new object addresses
[44.471s][info][gc,phases      ] GC(375) Phase 2: Compute new object addresses 12.532ms
[44.471s][info][gc,phases,start] GC(375) Phase 3: Adjust pointers
[44.498s][info][gc,phases      ] GC(375) Phase 3: Adjust pointers 26.641ms
[44.498s][info][gc,phases,start] GC(375) Phase 4: Move objects
[44.499s][info][gc,phases      ] GC(375) Phase 4: Move objects 1.692ms
[44.501s][info][gc,heap        ] GC(375) DefNew: 9215K->9110K(9216K)
[44.501s][info][gc,heap        ] GC(375) Tenured: 20479K->20479K(20480K)
[44.501s][info][gc,metaspace   ] GC(375) Metaspace: 56308K->56308K(1099776K)
[44.501s][info][gc             ] GC(375) Pause Full (Allocation Failure) 28M->28M(29M) 104.808ms
[44.501s][info][gc,cpu         ] GC(375) User=0.09s Sys=0.00s Real=0.11s
[44.502s][info][gc,start       ] GC(376) Pause Full (Allocation Failure)
[44.503s][info][gc,phases,start] GC(376) Phase 1: Mark live objects
[44.545s][info][gc,phases      ] GC(376) Phase 1: Mark live objects 41.840ms
[44.545s][info][gc,phases,start] GC(376) Phase 2: Compute new object addresses
[44.554s][info][gc,phases      ] GC(376) Phase 2: Compute new object addresses 8.624ms
[44.554s][info][gc,phases,start] GC(376) Phase 3: Adjust pointers
[44.577s][info][gc,phases      ] GC(376) Phase 3: Adjust pointers 23.724ms
[44.577s][info][gc,phases,start] GC(376) Phase 4: Move objects
[44.579s][info][gc,phases      ] GC(376) Phase 4: Move objects 1.144ms
[44.579s][info][gc,heap        ] GC(376) DefNew: 9216K->9118K(9216K)
[44.579s][info][gc,heap        ] GC(376) Tenured: 20479K->20479K(20480K)
[44.579s][info][gc,metaspace   ] GC(376) Metaspace: 56308K->56308K(1099776K)
[44.579s][info][gc             ] GC(376) Pause Full (Allocation Failure) 28M->28M(29M) 77.109ms
[44.579s][info][gc,cpu         ] GC(376) User=0.08s Sys=0.00s Real=0.08s
[44.581s][info][gc,start       ] GC(377) Pause Full (Allocation Failure)
[44.581s][info][gc,phases,start] GC(377) Phase 1: Mark live objects
[44.622s][info][gc,phases      ] GC(377) Phase 1: Mark live objects 40.407ms
[44.622s][info][gc,phases,start] GC(377) Phase 2: Compute new object addresses
[44.631s][info][gc,phases      ] GC(377) Phase 2: Compute new object addresses 8.594ms
[44.631s][info][gc,phases,start] GC(377) Phase 3: Adjust pointers
[44.656s][info][gc,phases      ] GC(377) Phase 3: Adjust pointers 25.112ms
[44.656s][info][gc,phases,start] GC(377) Phase 4: Move objects
[44.657s][info][gc,phases      ] GC(377) Phase 4: Move objects 1.167ms
[44.658s][info][gc,heap        ] GC(377) DefNew: 9215K->9119K(9216K)
[44.658s][info][gc,heap        ] GC(377) Tenured: 20479K->20479K(20480K)
[44.658s][info][gc,metaspace   ] GC(377) Metaspace: 56308K->56308K(1099776K)
[44.658s][info][gc             ] GC(377) Pause Full (Allocation Failure) 28M->28M(29M) 77.030ms
[44.658s][info][gc,cpu         ] GC(377) User=0.08s Sys=0.00s Real=0.08s
[44.660s][info][gc,start       ] GC(378) Pause Full (Allocation Failure)
[44.661s][info][gc,phases,start] GC(378) Phase 1: Mark live objects
[44.703s][info][gc,phases      ] GC(378) Phase 1: Mark live objects 41.880ms
[44.703s][info][gc,phases,start] GC(378) Phase 2: Compute new object addresses
[44.711s][info][gc,phases      ] GC(378) Phase 2: Compute new object addresses 8.565ms
[44.711s][info][gc,phases,start] GC(378) Phase 3: Adjust pointers
[44.737s][info][gc,phases      ] GC(378) Phase 3: Adjust pointers 25.428ms
[44.737s][info][gc,phases,start] GC(378) Phase 4: Move objects
[44.739s][info][gc,phases      ] GC(378) Phase 4: Move objects 1.766ms
[44.740s][info][gc,heap        ] GC(378) DefNew: 9215K->9126K(9216K)
[44.740s][info][gc,heap        ] GC(378) Tenured: 20479K->20479K(20480K)
[44.740s][info][gc,metaspace   ] GC(378) Metaspace: 56308K->56308K(1099776K)
[44.740s][info][gc             ] GC(378) Pause Full (Allocation Failure) 28M->28M(29M) 79.793ms
[44.740s][info][gc,cpu         ] GC(378) User=0.08s Sys=0.00s Real=0.08s
[44.742s][info][gc,start       ] GC(379) Pause Full (Allocation Failure)
[44.743s][info][gc,phases,start] GC(379) Phase 1: Mark live objects
[44.812s][info][gc,phases      ] GC(379) Phase 1: Mark live objects 69.401ms
[44.812s][info][gc,phases,start] GC(379) Phase 2: Compute new object addresses
[44.827s][info][gc,phases      ] GC(379) Phase 2: Compute new object addresses 14.361ms
[44.827s][info][gc,phases,start] GC(379) Phase 3: Adjust pointers
[44.874s][info][gc,phases      ] GC(379) Phase 3: Adjust pointers 47.387ms
[44.874s][info][gc,phases,start] GC(379) Phase 4: Move objects
[44.877s][info][gc,phases      ] GC(379) Phase 4: Move objects 2.607ms
[44.878s][info][gc,heap        ] GC(379) DefNew: 9215K->9134K(9216K)
[44.878s][info][gc,heap        ] GC(379) Tenured: 20479K->20479K(20480K)
[44.878s][info][gc,metaspace   ] GC(379) Metaspace: 56308K->56308K(1099776K)
[44.878s][info][gc             ] GC(379) Pause Full (Allocation Failure) 28M->28M(29M) 136.292ms
[44.878s][info][gc,cpu         ] GC(379) User=0.11s Sys=0.00s Real=0.14s
[44.885s][info][gc,start       ] GC(380) Pause Full (Allocation Failure)
[44.888s][info][gc,phases,start] GC(380) Phase 1: Mark live objects
[44.978s][info][gc,phases      ] GC(380) Phase 1: Mark live objects 89.265ms
[44.978s][info][gc,phases,start] GC(380) Phase 2: Compute new object addresses
[44.994s][info][gc,phases      ] GC(380) Phase 2: Compute new object addresses 16.082ms
[44.994s][info][gc,phases,start] GC(380) Phase 3: Adjust pointers
[45.029s][info][gc,phases      ] GC(380) Phase 3: Adjust pointers 35.046ms
[45.029s][info][gc,phases,start] GC(380) Phase 4: Move objects
[45.029s][info][gc,phases      ] GC(380) Phase 4: Move objects 0.079ms
[45.030s][info][gc,heap        ] GC(380) DefNew: 9215K->9139K(9216K)
[45.030s][info][gc,heap        ] GC(380) Tenured: 20480K->20480K(20480K)
[45.030s][info][gc,metaspace   ] GC(380) Metaspace: 56308K->56308K(1099776K)
[45.030s][info][gc             ] GC(380) Pause Full (Allocation Failure) 28M->28M(29M) 144.835ms
[45.030s][info][gc,cpu         ] GC(380) User=0.14s Sys=0.00s Real=0.14s
[45.032s][info][gc,start       ] GC(381) Pause Full (Allocation Failure)
[45.033s][info][gc,phases,start] GC(381) Phase 1: Mark live objects
[45.088s][info][gc,phases      ] GC(381) Phase 1: Mark live objects 55.386ms
[45.088s][info][gc,phases,start] GC(381) Phase 2: Compute new object addresses
[45.100s][info][gc,phases      ] GC(381) Phase 2: Compute new object addresses 12.093ms
[45.100s][info][gc,phases,start] GC(381) Phase 3: Adjust pointers
[45.131s][info][gc,phases      ] GC(381) Phase 3: Adjust pointers 30.896ms
[45.131s][info][gc,phases,start] GC(381) Phase 4: Move objects
[45.134s][info][gc,phases      ] GC(381) Phase 4: Move objects 2.327ms
[45.135s][info][gc,heap        ] GC(381) DefNew: 9215K->9139K(9216K)
[45.135s][info][gc,heap        ] GC(381) Tenured: 20480K->20480K(20480K)
[45.135s][info][gc,metaspace   ] GC(381) Metaspace: 56308K->56308K(1099776K)
[45.135s][info][gc             ] GC(381) Pause Full (Allocation Failure) 28M->28M(29M) 102.903ms
[45.135s][info][gc,cpu         ] GC(381) User=0.09s Sys=0.00s Real=0.10s
[45.136s][info][gc,start       ] GC(382) Pause Full (Allocation Failure)
[45.136s][info][gc,phases,start] GC(382) Phase 1: Mark live objects
[45.192s][info][gc,phases      ] GC(382) Phase 1: Mark live objects 55.070ms
[45.192s][info][gc,phases,start] GC(382) Phase 2: Compute new object addresses
[45.203s][info][gc,phases      ] GC(382) Phase 2: Compute new object addresses 11.715ms
[45.203s][info][gc,phases,start] GC(382) Phase 3: Adjust pointers
[45.233s][info][gc,phases      ] GC(382) Phase 3: Adjust pointers 29.455ms
[45.233s][info][gc,phases,start] GC(382) Phase 4: Move objects
[45.235s][info][gc,phases      ] GC(382) Phase 4: Move objects 1.969ms
[45.236s][info][gc,heap        ] GC(382) DefNew: 9215K->9155K(9216K)
[45.236s][info][gc,heap        ] GC(382) Tenured: 20480K->20480K(20480K)
[45.236s][info][gc,metaspace   ] GC(382) Metaspace: 56308K->56308K(1099776K)
[45.236s][info][gc             ] GC(382) Pause Full (Allocation Failure) 28M->28M(29M) 100.055ms
[45.236s][info][gc,cpu         ] GC(382) User=0.09s Sys=0.00s Real=0.10s
[45.237s][info][gc,start       ] GC(383) Pause Full (Allocation Failure)
[45.238s][info][gc,phases,start] GC(383) Phase 1: Mark live objects
[45.287s][info][gc,phases      ] GC(383) Phase 1: Mark live objects 49.352ms
[45.287s][info][gc,phases,start] GC(383) Phase 2: Compute new object addresses
[45.299s][info][gc,phases      ] GC(383) Phase 2: Compute new object addresses 11.908ms
[45.299s][info][gc,phases,start] GC(383) Phase 3: Adjust pointers
[45.335s][info][gc,phases      ] GC(383) Phase 3: Adjust pointers 36.105ms
[45.335s][info][gc,phases,start] GC(383) Phase 4: Move objects
[45.337s][info][gc,phases      ] GC(383) Phase 4: Move objects 1.663ms
[45.338s][info][gc,heap        ] GC(383) DefNew: 9215K->9151K(9216K)
[45.338s][info][gc,heap        ] GC(383) Tenured: 20480K->20479K(20480K)
[45.338s][info][gc,metaspace   ] GC(383) Metaspace: 56308K->56308K(1099776K)
[45.338s][info][gc             ] GC(383) Pause Full (Allocation Failure) 28M->28M(29M) 101.261ms
[45.338s][info][gc,cpu         ] GC(383) User=0.09s Sys=0.00s Real=0.10s
[45.340s][info][gc,start       ] GC(384) Pause Full (Allocation Failure)
[45.340s][info][gc,phases,start] GC(384) Phase 1: Mark live objects
[45.396s][info][gc,phases      ] GC(384) Phase 1: Mark live objects 55.744ms
[45.396s][info][gc,phases,start] GC(384) Phase 2: Compute new object addresses
[45.406s][info][gc,phases      ] GC(384) Phase 2: Compute new object addresses 9.870ms
[45.406s][info][gc,phases,start] GC(384) Phase 3: Adjust pointers
[45.431s][info][gc,phases      ] GC(384) Phase 3: Adjust pointers 24.896ms
[45.431s][info][gc,phases,start] GC(384) Phase 4: Move objects
[45.433s][info][gc,phases      ] GC(384) Phase 4: Move objects 1.373ms
[45.434s][info][gc,heap        ] GC(384) DefNew: 9216K->9160K(9216K)
[45.434s][info][gc,heap        ] GC(384) Tenured: 20479K->20479K(20480K)
[45.434s][info][gc,metaspace   ] GC(384) Metaspace: 56308K->56308K(1099776K)
[45.434s][info][gc             ] GC(384) Pause Full (Allocation Failure) 28M->28M(29M) 94.314ms
[45.434s][info][gc,cpu         ] GC(384) User=0.09s Sys=0.00s Real=0.09s
[45.435s][info][gc,start       ] GC(385) Pause Full (Allocation Failure)
[45.436s][info][gc,phases,start] GC(385) Phase 1: Mark live objects
[45.493s][info][gc,phases      ] GC(385) Phase 1: Mark live objects 57.393ms
[45.494s][info][gc,phases,start] GC(385) Phase 2: Compute new object addresses
[45.506s][info][gc,phases      ] GC(385) Phase 2: Compute new object addresses 12.323ms
[45.506s][info][gc,phases,start] GC(385) Phase 3: Adjust pointers
[45.541s][info][gc,phases      ] GC(385) Phase 3: Adjust pointers 35.015ms
[45.541s][info][gc,phases,start] GC(385) Phase 4: Move objects
[45.543s][info][gc,phases      ] GC(385) Phase 4: Move objects 1.647ms
[45.544s][info][gc,heap        ] GC(385) DefNew: 9215K->9167K(9216K)
[45.544s][info][gc,heap        ] GC(385) Tenured: 20479K->20479K(20480K)
[45.544s][info][gc,metaspace   ] GC(385) Metaspace: 56308K->56308K(1099776K)
[45.544s][info][gc             ] GC(385) Pause Full (Allocation Failure) 28M->28M(29M) 108.800ms
[45.544s][info][gc,cpu         ] GC(385) User=0.11s Sys=0.00s Real=0.11s
[45.546s][info][gc,start       ] GC(386) Pause Full (Allocation Failure)
[45.547s][info][gc,phases,start] GC(386) Phase 1: Mark live objects
[45.603s][info][gc,phases      ] GC(386) Phase 1: Mark live objects 56.472ms
[45.603s][info][gc,phases,start] GC(386) Phase 2: Compute new object addresses
[45.615s][info][gc,phases      ] GC(386) Phase 2: Compute new object addresses 12.004ms
[45.615s][info][gc,phases,start] GC(386) Phase 3: Adjust pointers
[45.644s][info][gc,phases      ] GC(386) Phase 3: Adjust pointers 28.993ms
[45.644s][info][gc,phases,start] GC(386) Phase 4: Move objects
[45.644s][info][gc,phases      ] GC(386) Phase 4: Move objects 0.215ms
[45.645s][info][gc,heap        ] GC(386) DefNew: 9216K->9183K(9216K)
[45.645s][info][gc,heap        ] GC(386) Tenured: 20479K->20479K(20480K)
[45.645s][info][gc,metaspace   ] GC(386) Metaspace: 56308K->56308K(1099776K)
[45.645s][info][gc             ] GC(386) Pause Full (Allocation Failure) 28M->28M(29M) 99.520ms
[45.645s][info][gc,cpu         ] GC(386) User=0.09s Sys=0.00s Real=0.10s
[45.646s][info][gc,start       ] GC(387) Pause Full (Allocation Failure)
[45.647s][info][gc,phases,start] GC(387) Phase 1: Mark live objects
[45.690s][info][gc,phases      ] GC(387) Phase 1: Mark live objects 42.827ms
[45.690s][info][gc,phases,start] GC(387) Phase 2: Compute new object addresses
[45.698s][info][gc,phases      ] GC(387) Phase 2: Compute new object addresses 8.490ms
[45.698s][info][gc,phases,start] GC(387) Phase 3: Adjust pointers
[45.726s][info][gc,phases      ] GC(387) Phase 3: Adjust pointers 27.946ms
[45.726s][info][gc,phases,start] GC(387) Phase 4: Move objects
[45.727s][info][gc,phases      ] GC(387) Phase 4: Move objects 0.311ms
[45.728s][info][gc,heap        ] GC(387) DefNew: 9216K->9187K(9216K)
[45.728s][info][gc,heap        ] GC(387) Tenured: 20479K->20479K(20480K)
[45.728s][info][gc,metaspace   ] GC(387) Metaspace: 56308K->56308K(1099776K)
[45.728s][info][gc             ] GC(387) Pause Full (Allocation Failure) 28M->28M(29M) 82.250ms
[45.728s][info][gc,cpu         ] GC(387) User=0.08s Sys=0.02s Real=0.08s
[45.729s][info][gc,start       ] GC(388) Pause Full (Allocation Failure)
[45.730s][info][gc,phases,start] GC(388) Phase 1: Mark live objects
[45.773s][info][gc,phases      ] GC(388) Phase 1: Mark live objects 43.514ms
[45.774s][info][gc,phases,start] GC(388) Phase 2: Compute new object addresses
[45.783s][info][gc,phases      ] GC(388) Phase 2: Compute new object addresses 9.688ms
[45.783s][info][gc,phases,start] GC(388) Phase 3: Adjust pointers
[45.811s][info][gc,phases      ] GC(388) Phase 3: Adjust pointers 27.793ms
[45.811s][info][gc,phases,start] GC(388) Phase 4: Move objects
[45.811s][info][gc,phases      ] GC(388) Phase 4: Move objects 0.187ms
[45.812s][info][gc,heap        ] GC(388) DefNew: 9216K->9177K(9216K)
[45.812s][info][gc,heap        ] GC(388) Tenured: 20480K->20480K(20480K)
[45.812s][info][gc,metaspace   ] GC(388) Metaspace: 56308K->56308K(1099776K)
[45.812s][info][gc             ] GC(388) Pause Full (Allocation Failure) 29M->28M(29M) 83.314ms
[45.812s][info][gc,cpu         ] GC(388) User=0.08s Sys=0.00s Real=0.08s
[45.813s][info][gc,start       ] GC(389) Pause Full (Allocation Failure)
[45.814s][info][gc,phases,start] GC(389) Phase 1: Mark live objects
