Java HotSpot(TM) 64-Bit Server VM (25.91-b14) for windows-amd64 JRE (1.8.0_91-b14), built on Apr  1 2016 00:58:32 by "java_re" with MS VC++ 10.0 (VS2010)
Memory: 4k page, physical 8266332k(3103556k free), swap 16532664k(10105088k free)
CommandLine flags: -XX:-BytecodeVerificationLocal -XX:-BytecodeVerificationRemote -XX:InitialHeapSize=52428800 -XX:+ManagementServer -XX:MaxHeapSize=52428800 -XX:+PrintGC -XX:+PrintGCCause -XX:+PrintGCDateStamps -XX:+PrintGCDetails -XX:+PrintGCTimeStamps -XX:TieredStopAtLevel=1 -XX:+UseCompressedClassPointers -XX:+UseCompressedOops -XX:-UseLargePagesIndividualAllocation -XX:+UseParallelGC 
2021-04-14T20:21:52.479+0800: 3.748: [GC (Allocation Failure) [PSYoungGen: 12800K->2029K(14848K)] 12800K->2466K(49152K), 0.0105545 secs] [Times: user=0.03 sys=0.00, real=0.01 secs] 
2021-04-14T20:21:52.922+0800: 4.180: [GC (Allocation Failure) [PSYoungGen: 14829K->2045K(14848K)] 15266K->3670K(49152K), 0.0055957 secs] [Times: user=0.03 sys=0.01, real=0.01 secs] 
2021-04-14T20:21:53.319+0800: 4.576: [GC (Allocation Failure) [PSYoungGen: 14845K->2029K(14848K)] 16470K->4841K(49152K), 0.0034743 secs] [Times: user=0.00 sys=0.00, real=0.00 secs] 
2021-04-14T20:21:53.501+0800: 4.759: [GC (Allocation Failure) [PSYoungGen: 14829K->2045K(14848K)] 17641K->5800K(49152K), 0.0034679 secs] [Times: user=0.06 sys=0.00, real=0.00 secs] 
2021-04-14T20:21:53.603+0800: 4.860: [GC (Allocation Failure) [PSYoungGen: 14845K->2029K(14848K)] 18600K->6774K(49152K), 0.0037508 secs] [Times: user=0.00 sys=0.00, real=0.00 secs] 
2021-04-14T20:21:53.687+0800: 4.944: [GC (Allocation Failure) [PSYoungGen: 14829K->2029K(11776K)] 19574K->7598K(46080K), 0.0038946 secs] [Times: user=0.00 sys=0.02, real=0.00 secs] 
2021-04-14T20:21:53.751+0800: 5.009: [GC (Allocation Failure) [PSYoungGen: 11757K->1427K(11264K)] 17326K->8094K(45568K), 0.0039002 secs] [Times: user=0.03 sys=0.03, real=0.00 secs] 
2021-04-14T20:21:53.804+0800: 5.061: [GC (Allocation Failure) [PSYoungGen: 11155K->1152K(12800K)] 17822K->8259K(47104K), 0.0021922 secs] [Times: user=0.00 sys=0.00, real=0.00 secs] 
2021-04-14T20:21:53.852+0800: 5.109: [GC (Allocation Failure) [PSYoungGen: 9856K->1069K(12800K)] 16963K->8685K(47104K), 0.0016832 secs] [Times: user=0.00 sys=0.00, real=0.00 secs] 
2021-04-14T20:21:53.911+0800: 5.169: [GC (Allocation Failure) [PSYoungGen: 9773K->1084K(12800K)] 17389K->9044K(47104K), 0.0017749 secs] [Times: user=0.00 sys=0.00, real=0.00 secs] 
2021-04-14T20:21:53.964+0800: 5.222: [GC (Allocation Failure) [PSYoungGen: 9788K->912K(12800K)] 17748K->9185K(47104K), 0.0015002 secs] [Times: user=0.00 sys=0.00, real=0.00 secs] 
2021-04-14T20:21:54.040+0800: 5.296: [GC (GCLocker Initiated GC) [PSYoungGen: 9616K->947K(11776K)] 17890K->9440K(46080K), 0.0028058 secs] [Times: user=0.00 sys=0.00, real=0.00 secs] 
2021-04-14T20:21:54.114+0800: 5.371: [GC (Allocation Failure) [PSYoungGen: 8627K->685K(12288K)] 17132K->9439K(46592K), 0.0023565 secs] [Times: user=0.00 sys=0.00, real=0.00 secs] 
2021-04-14T20:21:54.169+0800: 5.426: [GC (Allocation Failure) [PSYoungGen: 8365K->975K(12800K)] 17119K->9865K(47104K), 0.0016674 secs] [Times: user=0.00 sys=0.00, real=0.00 secs] 
2021-04-14T20:21:54.220+0800: 5.477: [GC (Allocation Failure) [PSYoungGen: 9167K->843K(12288K)] 18057K->9849K(46592K), 0.0012442 secs] [Times: user=0.00 sys=0.00, real=0.00 secs] 
2021-04-14T20:21:54.287+0800: 5.544: [GC (Allocation Failure) [PSYoungGen: 9035K->718K(12800K)] 18041K->9916K(47104K), 0.0014788 secs] [Times: user=0.00 sys=0.00, real=0.00 secs] 
2021-04-14T20:21:54.438+0800: 5.695: [GC (Metadata GC Threshold) [PSYoungGen: 8744K->783K(12800K)] 17942K->10378K(47104K), 0.0023087 secs] [Times: user=0.02 sys=0.00, real=0.00 secs] 
2021-04-14T20:21:54.440+0800: 5.697: [Full GC (Metadata GC Threshold) [PSYoungGen: 783K->0K(12800K)] [ParOldGen: 9594K->6082K(34304K)] 10378K->6082K(47104K), [Metaspace: 20544K->20542K(1067008K)], 0.0487838 secs] [Times: user=0.11 sys=0.00, real=0.05 secs] 
2021-04-14T20:21:54.689+0800: 5.946: [GC (Allocation Failure) [PSYoungGen: 8704K->1002K(12800K)] 14786K->7093K(47104K), 0.0028373 secs] [Times: user=0.06 sys=0.00, real=0.00 secs] 
2021-04-14T20:21:54.997+0800: 6.254: [GC (Allocation Failure) [PSYoungGen: 9700K->768K(12800K)] 15791K->7618K(47104K), 0.0019477 secs] [Times: user=0.00 sys=0.00, real=0.00 secs] 
2021-04-14T20:21:55.076+0800: 6.333: [GC (Allocation Failure) [PSYoungGen: 9472K->256K(13312K)] 16322K->7533K(47616K), 0.0015744 secs] [Times: user=0.00 sys=0.00, real=0.00 secs] 
2021-04-14T20:21:55.296+0800: 6.553: [GC (Allocation Failure) [PSYoungGen: 9984K->1024K(13312K)] 17261K->8405K(47616K), 0.0013581 secs] [Times: user=0.00 sys=0.00, real=0.00 secs] 
2021-04-14T20:21:55.502+0800: 6.759: [GC (Allocation Failure) [PSYoungGen: 10752K->983K(13312K)] 18133K->8676K(47616K), 0.0035836 secs] [Times: user=0.02 sys=0.00, real=0.00 secs] 
2021-04-14T20:21:55.703+0800: 6.961: [GC (Allocation Failure) [PSYoungGen: 10711K->992K(13312K)] 18404K->8988K(47616K), 0.0016273 secs] [Times: user=0.02 sys=0.00, real=0.00 secs] 
2021-04-14T20:21:56.034+0800: 7.291: [GC (Allocation Failure) [PSYoungGen: 10720K->1333K(13824K)] 18716K->9682K(48128K), 0.0096350 secs] [Times: user=0.00 sys=0.00, real=0.01 secs] 
2021-04-14T20:21:56.161+0800: 7.418: [GC (Allocation Failure) [PSYoungGen: 12085K->568K(13824K)] 20434K->9984K(48128K), 0.0022199 secs] [Times: user=0.00 sys=0.00, real=0.00 secs] 
2021-04-14T20:21:56.293+0800: 7.550: [GC (Allocation Failure) [PSYoungGen: 11320K->751K(13824K)] 20736K->10272K(48128K), 0.0015787 secs] [Times: user=0.00 sys=0.00, real=0.00 secs] 
2021-04-14T20:21:56.453+0800: 7.710: [GC (Allocation Failure) [PSYoungGen: 11503K->796K(13824K)] 21024K->10666K(48128K), 0.0019511 secs] [Times: user=0.00 sys=0.00, real=0.00 secs] 
2021-04-14T20:21:56.550+0800: 7.807: [GC (Allocation Failure) [PSYoungGen: 11548K->759K(14336K)] 21418K->10861K(48640K), 0.0027264 secs] [Times: user=0.00 sys=0.00, real=0.00 secs] 
2021-04-14T20:21:56.646+0800: 7.904: [GC (Allocation Failure) [PSYoungGen: 12023K->880K(13824K)] 22125K->11310K(48128K), 0.0022524 secs] [Times: user=0.00 sys=0.00, real=0.00 secs] 
2021-04-14T20:21:56.771+0800: 8.028: [GC (Allocation Failure) [PSYoungGen: 12144K->1046K(14336K)] 22574K->11904K(48640K), 0.0020369 secs] [Times: user=0.00 sys=0.00, real=0.00 secs] 
2021-04-14T20:21:56.873+0800: 8.130: [GC (Allocation Failure) [PSYoungGen: 12822K->1248K(14336K)] 23680K->12486K(48640K), 0.0023347 secs] [Times: user=0.00 sys=0.00, real=0.00 secs] 
2021-04-14T20:21:56.938+0800: 8.195: [GC (Allocation Failure) [PSYoungGen: 13024K->889K(14336K)] 24262K->12888K(48640K), 0.0023108 secs] [Times: user=0.06 sys=0.00, real=0.00 secs] 
2021-04-14T20:21:57.042+0800: 8.299: [GC (Allocation Failure) [PSYoungGen: 12665K->923K(14336K)] 24664K->13430K(48640K), 0.0022438 secs] [Times: user=0.00 sys=0.00, real=0.00 secs] 
2021-04-14T20:21:57.255+0800: 8.512: [GC (Allocation Failure) [PSYoungGen: 12699K->1198K(14848K)] 25206K->14126K(49152K), 0.0050172 secs] [Times: user=0.00 sys=0.00, real=0.00 secs] 
2021-04-14T20:21:57.432+0800: 8.689: [GC (Allocation Failure) [PSYoungGen: 13482K->1207K(14336K)] 26410K->14699K(48640K), 0.0019669 secs] [Times: user=0.00 sys=0.00, real=0.00 secs] 
2021-04-14T20:21:57.631+0800: 8.888: [GC (Allocation Failure) [PSYoungGen: 13495K->1114K(14848K)] 26987K->15012K(49152K), 0.0027482 secs] [Times: user=0.00 sys=0.00, real=0.00 secs] 
2021-04-14T20:21:57.809+0800: 9.066: [GC (Allocation Failure) [PSYoungGen: 13914K->1016K(14848K)] 27812K->15386K(49152K), 0.0031283 secs] [Times: user=0.00 sys=0.00, real=0.00 secs] 
2021-04-14T20:21:57.948+0800: 9.205: [GC (Allocation Failure) [PSYoungGen: 13816K->532K(14848K)] 28186K->15271K(49152K), 0.0023266 secs] [Times: user=0.00 sys=0.00, real=0.00 secs] 
2021-04-14T20:21:58.081+0800: 9.338: [GC (Allocation Failure) [PSYoungGen: 13332K->1024K(14848K)] 28071K->15955K(49152K), 0.0016887 secs] [Times: user=0.00 sys=0.00, real=0.00 secs] 
2021-04-14T20:21:58.238+0800: 9.495: [GC (Allocation Failure) [PSYoungGen: 13824K->1082K(14848K)] 28755K->16429K(49152K), 0.0026671 secs] [Times: user=0.00 sys=0.00, real=0.00 secs] 
2021-04-14T20:21:58.357+0800: 9.614: [GC (Allocation Failure) [PSYoungGen: 13882K->768K(14848K)] 29229K->16442K(49152K), 0.0023091 secs] [Times: user=0.00 sys=0.00, real=0.00 secs] 
2021-04-14T20:21:58.503+0800: 9.760: [GC (Allocation Failure) [PSYoungGen: 13568K->960K(14848K)] 29242K->17170K(49152K), 0.0022387 secs] [Times: user=0.00 sys=0.00, real=0.00 secs] 
2021-04-14T20:21:58.630+0800: 9.887: [GC (Allocation Failure) [PSYoungGen: 13760K->843K(14848K)] 29970K->17934K(49152K), 0.0027759 secs] [Times: user=0.00 sys=0.00, real=0.00 secs] 
2021-04-14T20:21:58.770+0800: 10.027: [GC (Allocation Failure) [PSYoungGen: 13643K->1063K(14848K)] 30734K->18482K(49152K), 0.0028250 secs] [Times: user=0.00 sys=0.00, real=0.00 secs] 
2021-04-14T20:21:58.885+0800: 10.143: [GC (Allocation Failure) [PSYoungGen: 13863K->1279K(14848K)] 31282K->19447K(49152K), 0.0024009 secs] [Times: user=0.00 sys=0.00, real=0.00 secs] 
2021-04-14T20:21:59.064+0800: 10.322: [GC (Allocation Failure) [PSYoungGen: 14079K->1060K(14848K)] 32247K->19467K(49152K), 0.0028224 secs] [Times: user=0.03 sys=0.00, real=0.00 secs] 
2021-04-14T20:21:59.228+0800: 10.485: [GC (Allocation Failure) [PSYoungGen: 13860K->913K(14848K)] 32267K->19840K(49152K), 0.0025293 secs] [Times: user=0.00 sys=0.00, real=0.00 secs] 
2021-04-14T20:21:59.384+0800: 10.641: [GC (Allocation Failure) [PSYoungGen: 13713K->731K(15360K)] 32640K->20266K(49664K), 0.0046374 secs] [Times: user=0.00 sys=0.00, real=0.00 secs] 
2021-04-14T20:21:59.561+0800: 10.818: [GC (Allocation Failure) [PSYoungGen: 14555K->1198K(15360K)] 34090K->21149K(49664K), 0.0021982 secs] [Times: user=0.00 sys=0.00, real=0.00 secs] 
2021-04-14T20:21:59.771+0800: 11.028: [GC (Allocation Failure) [PSYoungGen: 15022K->1092K(15360K)] 34973K->21459K(49664K), 0.0036066 secs] [Times: user=0.00 sys=0.00, real=0.00 secs] 
2021-04-14T20:21:59.968+0800: 11.225: [GC (Allocation Failure) [PSYoungGen: 14916K->326K(14336K)] 35283K->21239K(48640K), 0.0018231 secs] [Times: user=0.00 sys=0.00, real=0.00 secs] 
2021-04-14T20:22:00.112+0800: 11.370: [GC (Metadata GC Threshold) [PSYoungGen: 7021K->648K(14848K)] 27934K->21673K(49152K), 0.0020646 secs] [Times: user=0.00 sys=0.00, real=0.00 secs] 
2021-04-14T20:22:00.115+0800: 11.372: [Full GC (Metadata GC Threshold) [PSYoungGen: 648K->0K(14848K)] [ParOldGen: 21024K->19532K(34304K)] 21673K->19532K(49152K), [Metaspace: 33801K->33801K(1079296K)], 0.1409365 secs] [Times: user=0.38 sys=0.00, real=0.14 secs] 
2021-04-14T20:22:00.431+0800: 11.689: [GC (Allocation Failure) [PSYoungGen: 12800K->838K(14848K)] 32332K->20379K(49152K), 0.0022319 secs] [Times: user=0.00 sys=0.00, real=0.00 secs] 
2021-04-14T20:22:00.587+0800: 11.844: [GC (Allocation Failure) [PSYoungGen: 13638K->1130K(14336K)] 33179K->20679K(48640K), 0.0031313 secs] [Times: user=0.00 sys=0.00, real=0.00 secs] 
2021-04-14T20:22:00.718+0800: 11.975: [GC (Allocation Failure) [PSYoungGen: 13930K->1529K(14848K)] 33479K->21078K(49152K), 0.0026146 secs] [Times: user=0.00 sys=0.00, real=0.00 secs] 
2021-04-14T20:22:00.867+0800: 12.124: [GC (Allocation Failure) [PSYoungGen: 14329K->2033K(13824K)] 33878K->22030K(48128K), 0.0031351 secs] [Times: user=0.00 sys=0.00, real=0.00 secs] 
2021-04-14T20:22:01.084+0800: 12.341: [GC (Allocation Failure) [PSYoungGen: 13809K->1948K(14336K)] 33806K->22822K(48640K), 0.0033946 secs] [Times: user=0.00 sys=0.00, real=0.00 secs] 
2021-04-14T20:22:01.329+0800: 12.586: [GC (Allocation Failure) [PSYoungGen: 13724K->2377K(13312K)] 34598K->24007K(47616K), 0.0037760 secs] [Times: user=0.05 sys=0.00, real=0.00 secs] 
2021-04-14T20:22:01.841+0800: 13.098: [GC (Allocation Failure) [PSYoungGen: 13129K->2395K(13824K)] 34759K->24605K(48128K), 0.0033749 secs] [Times: user=0.00 sys=0.00, real=0.00 secs] 
2021-04-14T20:22:02.210+0800: 13.467: [GC (Allocation Failure) [PSYoungGen: 13147K->2515K(12800K)] 35357K->24733K(47104K), 0.0055364 secs] [Times: user=0.00 sys=0.00, real=0.01 secs] 
2021-04-14T20:22:02.387+0800: 13.644: [GC (Allocation Failure) [PSYoungGen: 12243K->2744K(13312K)] 34461K->24970K(47616K), 0.0035123 secs] [Times: user=0.00 sys=0.00, real=0.00 secs] 
2021-04-14T20:22:02.466+0800: 13.723: [GC (Allocation Failure) [PSYoungGen: 12472K->1738K(13312K)] 34698K->25107K(47616K), 0.0043601 secs] [Times: user=0.02 sys=0.00, real=0.00 secs] 
2021-04-14T20:22:02.572+0800: 13.829: [GC (Allocation Failure) [PSYoungGen: 11466K->1416K(13312K)] 34835K->25304K(47616K), 0.0048094 secs] [Times: user=0.00 sys=0.00, real=0.00 secs] 
2021-04-14T20:22:02.720+0800: 13.978: [GC (Allocation Failure) [PSYoungGen: 11144K->768K(13312K)] 35032K->25608K(47616K), 0.0070417 secs] [Times: user=0.00 sys=0.01, real=0.01 secs] 
2021-04-14T20:22:02.994+0800: 14.251: [GC (Allocation Failure) [PSYoungGen: 10496K->808K(13312K)] 35336K->26329K(47616K), 0.0052642 secs] [Times: user=0.00 sys=0.00, real=0.01 secs] 
2021-04-14T20:22:04.401+0800: 15.658: [GC (Allocation Failure) [PSYoungGen: 10536K->741K(13312K)] 36057K->26598K(47616K), 0.0028314 secs] [Times: user=0.00 sys=0.00, real=0.00 secs] 
2021-04-14T20:22:04.497+0800: 15.754: [GC (Allocation Failure) [PSYoungGen: 10469K->763K(13312K)] 36326K->26843K(47616K), 0.0026897 secs] [Times: user=0.00 sys=0.00, real=0.00 secs] 
2021-04-14T20:22:04.789+0800: 16.047: [GC (Allocation Failure) [PSYoungGen: 10491K->737K(13824K)] 36571K->27074K(48128K), 0.0032064 secs] [Times: user=0.00 sys=0.00, real=0.00 secs] 
2021-04-14T20:22:04.881+0800: 16.138: [GC (Allocation Failure) [PSYoungGen: 11489K->638K(13824K)] 37826K->27466K(48128K), 0.0025387 secs] [Times: user=0.00 sys=0.00, real=0.00 secs] 
2021-04-14T20:22:04.959+0800: 16.217: [GC (Allocation Failure) [PSYoungGen: 11369K->706K(13824K)] 38197K->27798K(48128K), 0.0038652 secs] [Times: user=0.00 sys=0.00, real=0.00 secs] 
2021-04-14T20:22:05.018+0800: 16.275: [GC (Allocation Failure) [PSYoungGen: 11458K->256K(13824K)] 38550K->27564K(48128K), 0.0022455 secs] [Times: user=0.00 sys=0.00, real=0.00 secs] 
2021-04-14T20:22:05.119+0800: 16.376: [GC (Allocation Failure) [PSYoungGen: 11008K->496K(13824K)] 38316K->27980K(48128K), 0.0024730 secs] [Times: user=0.00 sys=0.00, real=0.00 secs] 
2021-04-14T20:22:05.181+0800: 16.438: [GC (Allocation Failure) [PSYoungGen: 11248K->304K(13824K)] 38732K->28052K(48128K), 0.0021013 secs] [Times: user=0.00 sys=0.00, real=0.00 secs] 
2021-04-14T20:22:05.273+0800: 16.530: [GC (Allocation Failure) [PSYoungGen: 11056K->596K(13824K)] 38804K->28536K(48128K), 0.0076002 secs] [Times: user=0.00 sys=0.00, real=0.01 secs] 
2021-04-14T20:22:05.339+0800: 16.597: [GC (Allocation Failure) [PSYoungGen: 11348K->160K(13824K)] 39288K->28500K(48128K), 0.0043405 secs] [Times: user=0.00 sys=0.00, real=0.01 secs] 
2021-04-14T20:22:05.407+0800: 16.664: [GC (Allocation Failure) [PSYoungGen: 10912K->288K(14336K)] 39252K->28732K(48640K), 0.0037914 secs] [Times: user=0.02 sys=0.00, real=0.00 secs] 
2021-04-14T20:22:05.459+0800: 16.716: [GC (Allocation Failure) [PSYoungGen: 12064K->288K(14336K)] 40508K->28892K(48640K), 0.0039134 secs] [Times: user=0.00 sys=0.00, real=0.00 secs] 
2021-04-14T20:22:05.508+0800: 16.765: [GC (Allocation Failure) [PSYoungGen: 12035K->336K(14336K)] 40639K->29204K(48640K), 0.0029564 secs] [Times: user=0.00 sys=0.00, real=0.00 secs] 
2021-04-14T20:22:05.558+0800: 16.815: [GC (Allocation Failure) [PSYoungGen: 12112K->352K(14336K)] 40980K->29316K(48640K), 0.0027644 secs] [Times: user=0.00 sys=0.00, real=0.00 secs] 
2021-04-14T20:22:05.601+0800: 16.859: [GC (Allocation Failure) [PSYoungGen: 12128K->160K(14336K)] 41092K->29292K(48640K), 0.0021521 secs] [Times: user=0.00 sys=0.00, real=0.00 secs] 
2021-04-14T20:22:05.883+0800: 17.140: [GC (Allocation Failure) [PSYoungGen: 11921K->496K(14336K)] 41053K->29724K(48640K), 0.0021069 secs] [Times: user=0.00 sys=0.00, real=0.00 secs] 
2021-04-14T20:22:05.915+0800: 17.172: [GC (Allocation Failure) [PSYoungGen: 12272K->320K(14848K)] 41500K->29812K(49152K), 0.0020190 secs] [Times: user=0.00 sys=0.00, real=0.00 secs] 
2021-04-14T20:22:05.954+0800: 17.212: [GC (Allocation Failure) [PSYoungGen: 13120K->224K(14848K)] 42612K->29804K(49152K), 0.0017886 secs] [Times: user=0.06 sys=0.00, real=0.00 secs] 
2021-04-14T20:22:05.997+0800: 17.254: [GC (Allocation Failure) [PSYoungGen: 13024K->160K(14848K)] 42604K->29868K(49152K), 0.0018641 secs] [Times: user=0.00 sys=0.00, real=0.00 secs] 
2021-04-14T20:22:06.031+0800: 17.288: [GC (Allocation Failure) [PSYoungGen: 12960K->192K(14848K)] 42668K->30028K(49152K), 0.0017873 secs] [Times: user=0.00 sys=0.00, real=0.00 secs] 
2021-04-14T20:22:06.068+0800: 17.325: [GC (Allocation Failure) [PSYoungGen: 12992K->256K(14848K)] 42828K->30180K(49152K), 0.0020548 secs] [Times: user=0.00 sys=0.00, real=0.00 secs] 
2021-04-14T20:22:06.117+0800: 17.374: [GC (Allocation Failure) [PSYoungGen: 13056K->224K(14848K)] 42980K->30316K(49152K), 0.0020599 secs] [Times: user=0.00 sys=0.00, real=0.00 secs] 
2021-04-14T20:22:06.147+0800: 17.405: [GC (Allocation Failure) [PSYoungGen: 13024K->192K(15360K)] 43116K->30436K(49664K), 0.0017993 secs] [Times: user=0.00 sys=0.00, real=0.00 secs] 
2021-04-14T20:22:06.182+0800: 17.439: [GC (Allocation Failure) [PSYoungGen: 14016K->160K(15360K)] 44260K->30508K(49664K), 0.0020352 secs] [Times: user=0.00 sys=0.00, real=0.00 secs] 
2021-04-14T20:22:06.270+0800: 17.528: [GC (Allocation Failure) [PSYoungGen: 13984K->512K(15360K)] 44332K->30956K(49664K), 0.0023031 secs] [Times: user=0.00 sys=0.00, real=0.00 secs] 
2021-04-14T20:22:06.337+0800: 17.595: [GC (Allocation Failure) [PSYoungGen: 14336K->576K(15360K)] 44780K->31388K(49664K), 0.0028087 secs] [Times: user=0.00 sys=0.00, real=0.00 secs] 
2021-04-14T20:22:06.383+0800: 17.640: [GC (Allocation Failure) [PSYoungGen: 14400K->160K(15360K)] 45212K->31396K(49664K), 0.0024043 secs] [Times: user=0.00 sys=0.00, real=0.00 secs] 
2021-04-14T20:22:06.437+0800: 17.694: [GC (Allocation Failure) [PSYoungGen: 13984K->224K(15360K)] 45220K->31580K(49664K), 0.0020348 secs] [Times: user=0.00 sys=0.00, real=0.00 secs] 
2021-04-14T20:22:06.538+0800: 17.795: [GC (Allocation Failure) [PSYoungGen: 14048K->352K(15360K)] 45404K->31852K(49664K), 0.0026547 secs] [Times: user=0.00 sys=0.00, real=0.00 secs] 
2021-04-14T20:22:06.650+0800: 17.907: [GC (Allocation Failure) [PSYoungGen: 14176K->925K(15360K)] 45676K->32714K(49664K), 0.0034722 secs] [Times: user=0.00 sys=0.00, real=0.00 secs] 
2021-04-14T20:22:06.738+0800: 17.995: [GC (Allocation Failure) [PSYoungGen: 14749K->688K(15360K)] 46538K->33028K(49664K), 0.0030421 secs] [Times: user=0.00 sys=0.00, real=0.00 secs] 
2021-04-14T20:22:06.769+0800: 18.026: [GC (Allocation Failure) [PSYoungGen: 14512K->352K(15360K)] 46852K->33228K(49664K), 0.0022784 secs] [Times: user=0.00 sys=0.00, real=0.00 secs] 
2021-04-14T20:22:06.823+0800: 18.080: [GC (Allocation Failure) [PSYoungGen: 14176K->288K(15360K)] 47052K->33276K(49664K), 0.0021393 secs] [Times: user=0.00 sys=0.00, real=0.00 secs] 
2021-04-14T20:22:06.871+0800: 18.129: [GC (Allocation Failure) [PSYoungGen: 14112K->224K(15360K)] 47100K->33420K(49664K), 0.0019584 secs] [Times: user=0.00 sys=0.00, real=0.00 secs] 
2021-04-14T20:22:06.969+0800: 18.227: [GC (Allocation Failure) [PSYoungGen: 14048K->672K(15360K)] 47244K->34012K(49664K), 0.0026214 secs] [Times: user=0.05 sys=0.02, real=0.00 secs] 
2021-04-14T20:22:07.131+0800: 18.388: [GC (Allocation Failure) [PSYoungGen: 14496K->1444K(15360K)] 47836K->35256K(49664K), 0.0030020 secs] [Times: user=0.00 sys=0.00, real=0.00 secs] 
2021-04-14T20:22:07.134+0800: 18.391: [Full GC (Ergonomics) [PSYoungGen: 1444K->0K(15360K)] [ParOldGen: 33812K->32327K(34304K)] 35256K->32327K(49664K), [Metaspace: 49540K->49536K(1093632K)], 0.4046268 secs] [Times: user=1.13 sys=0.00, real=0.40 secs] 
2021-04-14T20:22:07.642+0800: 18.900: [GC (Allocation Failure) [PSYoungGen: 13824K->692K(15360K)] 46151K->33028K(49664K), 0.0023501 secs] [Times: user=0.06 sys=0.00, real=0.00 secs] 
2021-04-14T20:22:07.768+0800: 19.026: [GC (Allocation Failure) [PSYoungGen: 14516K->1243K(15360K)] 46852K->33579K(49664K), 0.0029705 secs] [Times: user=0.00 sys=0.00, real=0.00 secs] 
2021-04-14T20:22:07.858+0800: 19.115: [GC (Allocation Failure) [PSYoungGen: 15067K->1312K(14336K)] 47403K->33647K(48640K), 0.0030396 secs] [Times: user=0.00 sys=0.00, real=0.00 secs] 
2021-04-14T20:22:07.978+0800: 19.235: [GC (Allocation Failure) [PSYoungGen: 14112K->1664K(14848K)] 46447K->34327K(49152K), 0.0034756 secs] [Times: user=0.00 sys=0.00, real=0.00 secs] 
2021-04-14T20:22:08.111+0800: 19.368: [GC (Allocation Failure) [PSYoungGen: 14464K->1479K(13824K)] 47127K->34623K(48128K), 0.0038217 secs] [Times: user=0.06 sys=0.00, real=0.00 secs] 
2021-04-14T20:22:08.201+0800: 19.459: [GC (Allocation Failure) [PSYoungGen: 13255K->1632K(14336K)] 46399K->35095K(48640K), 0.0038801 secs] [Times: user=0.02 sys=0.00, real=0.00 secs] 
2021-04-14T20:22:08.308+0800: 19.565: [GC (Allocation Failure) [PSYoungGen: 13408K->1594K(14336K)] 46871K->35642K(48640K), 0.0042701 secs] [Times: user=0.00 sys=0.00, real=0.00 secs] 
2021-04-14T20:22:08.312+0800: 19.570: [Full GC (Ergonomics) [PSYoungGen: 1594K->0K(14336K)] [ParOldGen: 34047K->34191K(34304K)] 35642K->34191K(48640K), [Metaspace: 51639K->51624K(1097728K)], 0.2791411 secs] [Times: user=0.89 sys=0.00, real=0.28 secs] 
2021-04-14T20:22:08.697+0800: 19.955: [Full GC (Ergonomics) [PSYoungGen: 11776K->119K(14336K)] [ParOldGen: 34191K->34292K(34304K)] 45967K->34412K(48640K), [Metaspace: 52112K->52112K(1097728K)], 0.4204715 secs] [Times: user=1.09 sys=0.00, real=0.42 secs] 
2021-04-14T20:22:09.209+0800: 20.466: [Full GC (Ergonomics) [PSYoungGen: 11776K->375K(14336K)] [ParOldGen: 34292K->34295K(34304K)] 46068K->34670K(48640K), [Metaspace: 52463K->52458K(1097728K)], 0.4239168 secs] [Times: user=1.28 sys=0.05, real=0.42 secs] 
2021-04-14T20:22:09.749+0800: 21.006: [Full GC (Ergonomics) [PSYoungGen: 11776K->670K(14336K)] [ParOldGen: 34295K->34299K(34304K)] 46071K->34970K(48640K), [Metaspace: 52837K->52837K(1097728K)], 0.3495484 secs] [Times: user=1.17 sys=0.02, real=0.35 secs] 
2021-04-14T20:22:10.186+0800: 21.443: [Full GC (Ergonomics) [PSYoungGen: 11776K->763K(14336K)] [ParOldGen: 34299K->34279K(34304K)] 46075K->35042K(48640K), [Metaspace: 52986K->52976K(1097728K)], 0.4611657 secs] [Times: user=1.45 sys=0.00, real=0.46 secs] 
2021-04-14T20:22:10.744+0800: 22.001: [Full GC (Ergonomics) [PSYoungGen: 11776K->1277K(14336K)] [ParOldGen: 34279K->34270K(34304K)] 46055K->35548K(48640K), [Metaspace: 53508K->53508K(1097728K)], 0.3079787 secs] [Times: user=1.08 sys=0.00, real=0.31 secs] 
2021-04-14T20:22:11.127+0800: 22.384: [Full GC (Ergonomics) [PSYoungGen: 11776K->1377K(14336K)] [ParOldGen: 34270K->34193K(34304K)] 46046K->35570K(48640K), [Metaspace: 53742K->53737K(1097728K)], 0.3547994 secs] [Times: user=1.14 sys=0.05, real=0.36 secs] 
2021-04-14T20:22:11.567+0800: 22.824: [Full GC (Ergonomics) [PSYoungGen: 11776K->1627K(14336K)] [ParOldGen: 34193K->34172K(34304K)] 45969K->35800K(48640K), [Metaspace: 53981K->53981K(1099776K)], 0.3414315 secs] [Times: user=1.06 sys=0.00, real=0.34 secs] 
2021-04-14T20:22:12.061+0800: 23.319: [Full GC (Ergonomics) [PSYoungGen: 11776K->2078K(14336K)] [ParOldGen: 34172K->33969K(34304K)] 45948K->36047K(48640K), [Metaspace: 54239K->54239K(1099776K)], 0.3018300 secs] [Times: user=0.95 sys=0.00, real=0.30 secs] 
2021-04-14T20:22:12.412+0800: 23.669: [Full GC (Ergonomics) [PSYoungGen: 11776K->495K(14336K)] [ParOldGen: 33969K->34264K(34304K)] 45745K->34759K(48640K), [Metaspace: 54412K->54382K(1099776K)], 0.2609037 secs] [Times: user=0.75 sys=0.00, real=0.26 secs] 
2021-04-14T20:22:12.726+0800: 23.983: [Full GC (Ergonomics) [PSYoungGen: 11776K->714K(14336K)] [ParOldGen: 34264K->34246K(34304K)] 46040K->34960K(48640K), [Metaspace: 54516K->54516K(1099776K)], 0.2551492 secs] [Times: user=0.86 sys=0.00, real=0.25 secs] 
2021-04-14T20:22:13.055+0800: 24.312: [Full GC (Ergonomics) [PSYoungGen: 11776K->1129K(14336K)] [ParOldGen: 34246K->34212K(34304K)] 46022K->35342K(48640K), [Metaspace: 54655K->54655K(1099776K)], 0.3044480 secs] [Times: user=0.97 sys=0.00, real=0.30 secs] 
2021-04-14T20:22:13.442+0800: 24.700: [Full GC (Ergonomics) [PSYoungGen: 11776K->526K(14336K)] [ParOldGen: 34212K->34280K(34304K)] 45988K->34806K(48640K), [Metaspace: 54791K->54791K(1099776K)], 0.2577114 secs] [Times: user=0.83 sys=0.01, real=0.26 secs] 
2021-04-14T20:22:13.798+0800: 25.055: [Full GC (Ergonomics) [PSYoungGen: 11776K->77K(14336K)] [ParOldGen: 34280K->34276K(34304K)] 46056K->34354K(48640K), [Metaspace: 55374K->55374K(1099776K)], 0.4233732 secs] [Times: user=1.30 sys=0.00, real=0.42 secs] 
2021-04-14T20:22:14.443+0800: 25.700: [Full GC (Ergonomics) [PSYoungGen: 11776K->216K(14336K)] [ParOldGen: 34276K->34285K(34304K)] 46052K->34502K(48640K), [Metaspace: 55988K->55988K(1099776K)], 0.2749389 secs] [Times: user=0.86 sys=0.00, real=0.27 secs] 
2021-04-14T20:22:14.832+0800: 26.089: [Full GC (Ergonomics) [PSYoungGen: 11776K->91K(14336K)] [ParOldGen: 34285K->34300K(34304K)] 46061K->34391K(48640K), [Metaspace: 56319K->56319K(1101824K)], 0.3018940 secs] [Times: user=0.91 sys=0.02, real=0.30 secs] 
2021-04-14T20:22:15.239+0800: 26.497: [Full GC (Ergonomics) [PSYoungGen: 11776K->46K(14336K)] [ParOldGen: 34300K->34293K(34304K)] 46076K->34340K(48640K), [Metaspace: 56320K->56271K(1101824K)], 0.2604941 secs] [Times: user=0.81 sys=0.01, real=0.26 secs] 
